micro-baseline: il rapporto phpr/oracle PER CATEGORIA (la spina dorsale, S-97.0)
grade=VERDICT  # R=3 ripetizioni per lato, mediana E spread pubblicati; l'effetto misurato
  e' di ordine 10x, cioe' tre ordini di grandezza sopra la risoluzione del cronometro
formato=ascii-nudo
oracle=8.5.7 jit=disable
phpr=d5ce86e3342f3926
ripetizioni=3
metodo=user CPU di /usr/bin/time -p, AL NETTO del pavimento di avvio misurato
  sullo stesso binario con uno script vuoto (i due pavimenti sono DIVERSI)
pavimento_oracle_s=0.05
pavimento_phpr_s=0.02

arith_oracle_netto_s=0.43
arith_phpr_netto_s=7.95
rapporto_arith=18.5  [derivata: companion 7.95/0.43]
arith_spread_oracle_s=0.00  arith_spread_phpr_s=0.04
prop_oracle_netto_s=0.42
prop_phpr_netto_s=6.41
rapporto_prop=15.3  [derivata: companion 6.41/0.42]
prop_spread_oracle_s=0.00  prop_spread_phpr_s=0.03
calls_oracle_netto_s=0.43
calls_phpr_netto_s=4.08
rapporto_calls=9.5  [derivata: companion 4.08/0.43]
calls_spread_oracle_s=0.01  calls_spread_phpr_s=0.05
str_oracle_netto_s=0.16
str_phpr_netto_s=1.11
rapporto_str=6.9  [derivata: companion 1.11/0.16]
str_spread_oracle_s=0.01  str_spread_phpr_s=0.01
arr_oracle_netto_s=0.29
arr_phpr_netto_s=1.51
rapporto_arr=5.2  [derivata: companion 1.51/0.29]
arr_spread_oracle_s=0.00  arr_spread_phpr_s=0.03
re_oracle_netto_s=0.36
re_phpr_netto_s=1.36
rapporto_re=3.8  [derivata: companion 1.36/0.36]
re_spread_oracle_s=0.01  re_spread_phpr_s=0.02
