== s139 rimisura dbal+ORM (pin s138 fa17dabd vs oracle 8.5.7; criterio s139-criterio-rimisura.md) ==
floor_user_med3 orm: oracle=0.06 phpr=0.07 · dbal: oracle=0.06 phpr=0.19 (phpunit --version, pavimento PARZIALE dichiarato)
rimisura-s139 (user CPU; pavimenti PARZIALI phpunit --version: orm o=0.060 p=0.070 · dbal o=0.060 p=0.190)
grade=VERDICT  # derivazione meccanica dai .time
orm_leg1: oracle_user=5.00 (sys=0.48) phpr_user=42.52 (sys=1.46) ratio_raw=8.504 ratio_net=8.593
orm_leg2: oracle_user=4.94 (sys=0.49) phpr_user=42.57 (sys=1.43) ratio_raw=8.617 ratio_net=8.709
orm_ictx_abs: oracle1=1284 phpr1=13225 oracle2=614 phpr2=6843
orm_ictx/s (gate emenda S-127): oracle1=233.0 phpr1=298.1 oracle2=112.2 phpr2=154.5  SEGNALATE(>1,5x med): ['phpr1']
dbal_leg1: oracle_user=1.18 (sys=0.22) phpr_user=9.32 (sys=0.38) ratio_raw=7.898 ratio_net=8.152
dbal_leg2: oracle_user=1.17 (sys=0.23) phpr_user=9.32 (sys=0.41) ratio_raw=7.966 ratio_net=8.225
dbal_ictx_abs: oracle1=675 phpr1=478 oracle2=1102 phpr2=794
dbal_ictx/s (gate emenda S-127): oracle1=453.0 phpr1=49.2 oracle2=734.7 phpr2=80.8  SEGNALATE(>1,5x med): ['oracle1', 'oracle2']
dbal_parita': phpr_failset_stabile=True |phpr_fail|=10 |diff_vs_oracle|=10
dbal_diff_nomi: Doctrine\DBAL\Tests\Functional\PortabilityTest::testCaseConversion with data set "lower" (Doctrine\DBAL\ColumnCase Enum (LOWER), ['test_int', 'test_string', 'test_null']) | Doctrine\DBAL\Tests\Functional\PortabilityTest::testCaseConversion with data set "upper" (Doctrine\DBAL\ColumnCase Enum (UPPER), ['TEST_INT', 'TEST_STRING', 'TEST_NULL']) | Doctrine\DBAL\Tests\Functional\PortabilityTest::testCaseConversionColumnName with data set "lower" (Doctrine\DBAL\ColumnCase Enum (LOWER), ['test_int', 'test_string', 'test_null']) | Doctrine\DBAL\Tests\Functional\PortabilityTest::testCaseConversionColumnName with data set "upper" (Doctrine\DBAL\ColumnCase Enum (UPPER), ['TEST_INT', 'TEST_STRING', 'TEST_NULL']) | Doctrine\DBAL\Tests\Functional\PortabilityTest::testFetchAllNullColumn | Doctrine\DBAL\Tests\Functional\PortabilityTest::testFetchColumn with data set "int" ('Test_Int', [1, 2]) | Doctrine\DBAL\Tests\Functional\PortabilityTest::testFetchColumn with data set "string" ('Test_String', ['foo', 'foo']) | Doctrine\DBAL\Tests\Functional\PortabilityTest::testFullFetchMode | Doctrine\DBAL\Tests\Functional\PortabilityTest::testGetDatabaseName | Doctrine\DBAL\Tests\Schema\Name\Parser\GenericNameParserTest::testValidInput with data set #11 ('schéma."übermäßigkeit".`àçcên...ràctér', [Doctrine\DBAL\Schema\Name\Identifier Object (...), Doctrine\DBAL\Schema\Name\Identifier Object (...), Doctrine\DBAL\Schema\Name\Identifier Object (...), Doctrine\DBAL\Schema\Name\Identifier Object (...), Doctrine\DBAL\Schema\Name\Identifier Object (...)])
parita': orm phpr per NOME vs baseline 16 · dbal fail-set stabile tra gambe — rc=0 (0=tutte valide)
orm  oracle1: Tests: 3484, Assertions: 12003, Skipped: 59, Incomplete: 2.
orm  phpr1:   Tests: 3484, Assertions: 11989, Errors: 3, Failures: 13, Skipped: 59, Incomplete: 2.
dbal oracle1: Tests: 3929, Assertions: 5706, Skipped: 594, Incomplete: 13.
dbal phpr1:   
orm  oracle2: Tests: 3484, Assertions: 12003, Skipped: 59, Incomplete: 2.
orm  phpr2:   Tests: 3484, Assertions: 11989, Errors: 3, Failures: 13, Skipped: 59, Incomplete: 2.
dbal oracle2: Tests: 3929, Assertions: 5706, Skipped: 594, Incomplete: 13.
dbal phpr2:   
