== s139 coppia WP full+media sul pin s138 tentativo=t1 (criterio s132-criterio-pair.md RIUSATO + s139-criterio-pair.md) ==
grade=VERDICT  # derivazione meccanica dai .time; rc autoritativo = pair-out/pair139-t1.done
# full: cpu=user+sys (etichettato); media: CANONICA=user-only + companion (az.rev. S-128 #3)
# az.rev. S-131 #3: riferimento PER CONFIGURAZIONE, ON-ONLY = canonico; firma per gamba
# az.rev. S-136 #2: lettura firma PRE-REGISTRATA: >150% med MOTORE = SPORCA (esclusa); 120-150% = ELEVATA (nel canone, annotata); <=120% pulita
quiescenza warmup: rc=0 (file: pair-out/quiesce-t1-warmup.rc)
quiescenza leg1-on: rc=0 (file: pair-out/quiesce-t1-leg1-on.rc)
quiescenza leg2-on: rc=0 (file: pair-out/quiesce-t1-leg2-on.rc)
quiescenza leg3-on: rc=0 (file: pair-out/quiesce-t1-leg3-on.rc)
quiescenza leg4-on: rc=0 (file: pair-out/quiesce-t1-leg4-on.rc)
quiescenza leg5-on: rc=0 (file: pair-out/quiesce-t1-leg5-on.rc)
quiescenza leg6-on: rc=0 (file: pair-out/quiesce-t1-leg6-on.rc)
leg1-on: ictx/s oracle=1235 phpr=130  contesa ok
  firma leg1-on: ictx%med oracle=102% phpr=102% rank_cpu_oracle=5/6 (1=piu' veloce)
leg2-on: ictx/s oracle=1341 phpr=136  contesa ok
  firma leg2-on: ictx%med oracle=110% phpr=106% rank_cpu_oracle=6/6 (1=piu' veloce)
leg3-on: ictx/s oracle=1212 phpr=126  contesa ok
  firma leg3-on: ictx%med oracle=100% phpr=98% rank_cpu_oracle=1/6 (1=piu' veloce)
leg4-on: ictx/s oracle=1174 phpr=116  contesa ok
  firma leg4-on: ictx%med oracle=97% phpr=91% rank_cpu_oracle=4/6 (1=piu' veloce)
leg5-on: ictx/s oracle=1175 phpr=123  contesa ok
  firma leg5-on: ictx%med oracle=97% phpr=96% rank_cpu_oracle=3/6 (1=piu' veloce)
leg6-on: ictx/s oracle=1216 phpr=341  SEGNALATA(>1,5x med MOTORE)
  firma leg6-on: ictx%med oracle=100% phpr=267% rank_cpu_oracle=2/6 (1=piu' veloce)
ictx_s_mediana_oracle=1214 ictx_s_mediana_phpr=128  # PER MOTORE
gambe pulite: ['leg1-on', 'leg2-on', 'leg3-on', 'leg4-on', 'leg5-on']
leg1-on: full_oracle_cpu=442.44 full_phpr_cpu=782.02 proprio=1.768 peak_phpr_MiB=1849.4
leg2-on: full_oracle_cpu=447.02 full_phpr_cpu=783.05 proprio=1.752 peak_phpr_MiB=1831.4
leg3-on: full_oracle_cpu=440.43 full_phpr_cpu=785.96 proprio=1.785 peak_phpr_MiB=1838.8
leg4-on: full_oracle_cpu=442.33 full_phpr_cpu=783.47 proprio=1.771 peak_phpr_MiB=1846.3
leg5-on: full_oracle_cpu=441.44 full_phpr_cpu=781.84 proprio=1.771 peak_phpr_MiB=1844.4
leg6-on: full_oracle_cpu=440.88 full_phpr_cpu=798.11 proprio=1.810 peak_phpr_MiB=1834.2
matrice full (gambe PULITE) phpr(riga)/oracle(colonna):
  leg1-on/leg1-on=1.768  leg1-on/leg2-on=1.749  leg1-on/leg3-on=1.776  leg1-on/leg4-on=1.768  leg1-on/leg5-on=1.772
  leg2-on/leg1-on=1.770  leg2-on/leg2-on=1.752  leg2-on/leg3-on=1.778  leg2-on/leg4-on=1.770  leg2-on/leg5-on=1.774
  leg3-on/leg1-on=1.776  leg3-on/leg2-on=1.758  leg3-on/leg3-on=1.785  leg3-on/leg4-on=1.777  leg3-on/leg5-on=1.780
  leg4-on/leg1-on=1.771  leg4-on/leg2-on=1.753  leg4-on/leg3-on=1.779  leg4-on/leg4-on=1.771  leg4-on/leg5-on=1.775
  leg5-on/leg1-on=1.767  leg5-on/leg2-on=1.749  leg5-on/leg3-on=1.775  leg5-on/leg4-on=1.768  leg5-on/leg5-on=1.771
full_intervallo_PULITO_misto=1.749-1.785  # companion (miscela config)
coppie_proprie_PULITE_miste=1.752-1.785 (N=5)
coppie_proprie_user_only_miste=1.764-1.792
full_on_only_coppie_proprie=1.752-1.785 (N=5) CANONICO
full_on_only_intervallo=1.749-1.785
confronto_formale_rif: on-only vs [1.767-1.781] banda 0.041 (ULTIMO USO banda off S-134) -> COMPATIBILE (tutte le coppie proprie dentro)
banda_ON_fondata=0.033 (max-min di N=5 coppie proprie ON PULITE; da S-140 sostituisce 0,041)
media_leg1-on: user_only_CANONICA=2.486 user+sys_companion=2.444
media_leg2-on: user_only_CANONICA=2.476 user+sys_companion=2.434
media_leg3-on: user_only_CANONICA=2.470 user+sys_companion=2.428
media_leg4-on: user_only_CANONICA=2.473 user+sys_companion=2.435
media_leg5-on: user_only_CANONICA=2.475 user+sys_companion=2.432
media_leg6-on: user_only_CANONICA=2.468 user+sys_companion=2.422 (SEGNALATA)
parita_leg1-on: media=OK(vuoto) full=OK(solo wp_is_stream #2)
parita_leg2-on: media=OK(vuoto) full=OK(solo wp_is_stream #2)
parita_leg3-on: media=OK(vuoto) full=OK(solo wp_is_stream #2)
parita_leg4-on: media=OK(vuoto) full=OK(solo wp_is_stream #2)
parita_leg5-on: media=OK(vuoto) full=OK(solo wp_is_stream #2)
parita_leg6-on: media=OK(vuoto) full=OK(solo wp_is_stream #2)
