== s150 coppia WP full+media sul pin s150 tentativo=t4 (criteri s132/s146/s148 EREDITATI + s150-criterio-pair-t4.md: giudizio a MEDIANA per finestra, az.rev.3 S-149) ==
grade=VERDICT  # derivazione meccanica dai .time; rc autoritativo = pair-out/pair150-t4.done
# full: cpu=user+sys (etichettato); media: CANONICA=user-only + companion (az.rev. S-128 #3)
# az.rev. S-131 #3: riferimento PER CONFIGURAZIONE, ON-ONLY = canonico; firma per gamba
# az.rev. S-136 #2: lettura firma PRE-REGISTRATA: >150% med MOTORE = SPORCA (esclusa); 120-150% = ELEVATA (nel canone, annotata); <=120% pulita
quiescenza warmup: rc=0 (file: pair-out/quiesce-t4-warmup.rc)
quiescenza leg1-on: rc=0 (file: pair-out/quiesce-t4-leg1-on.rc)
quiescenza leg2-on: rc=0 (file: pair-out/quiesce-t4-leg2-on.rc)
quiescenza leg3-on: rc=0 (file: pair-out/quiesce-t4-leg3-on.rc)
quiescenza leg4-on: rc=0 (file: pair-out/quiesce-t4-leg4-on.rc)
quiescenza leg5-on: rc=0 (file: pair-out/quiesce-t4-leg5-on.rc)
quiescenza leg6-on: rc=0 (file: pair-out/quiesce-t4-leg6-on.rc)
leg1-on: ictx/s oracle=1168 phpr=224  contesa ok
  firma leg1-on: ictx%med oracle=99% phpr=102% rank_cpu_oracle=5/6 (1=piu' veloce)
leg2-on: ictx/s oracle=1176 phpr=220  contesa ok
  firma leg2-on: ictx%med oracle=100% phpr=100% rank_cpu_oracle=6/6 (1=piu' veloce)
leg3-on: ictx/s oracle=1180 phpr=221  contesa ok
  firma leg3-on: ictx%med oracle=100% phpr=100% rank_cpu_oracle=4/6 (1=piu' veloce)
leg4-on: ictx/s oracle=1173 phpr=235  contesa ok
  firma leg4-on: ictx%med oracle=100% phpr=107% rank_cpu_oracle=3/6 (1=piu' veloce)
leg5-on: ictx/s oracle=1056 phpr=193  contesa ok
  firma leg5-on: ictx%med oracle=90% phpr=88% rank_cpu_oracle=1/6 (1=piu' veloce)
leg6-on: ictx/s oracle=1181 phpr=75  contesa ok
  firma leg6-on: ictx%med oracle=101% phpr=34% rank_cpu_oracle=2/6 (1=piu' veloce)
ictx_s_mediana_oracle=1175 ictx_s_mediana_phpr=220  # PER MOTORE
gambe pulite: ['leg1-on', 'leg2-on', 'leg3-on', 'leg4-on', 'leg5-on', 'leg6-on']
leg1-on: full_oracle_cpu=461.45 full_phpr_cpu=830.57 proprio=1.800 peak_phpr_MiB=1846.7
leg2-on: full_oracle_cpu=461.68 full_phpr_cpu=828.21 proprio=1.794 peak_phpr_MiB=1790.8
leg3-on: full_oracle_cpu=460.86 full_phpr_cpu=828.59 proprio=1.798 peak_phpr_MiB=1774.3
leg4-on: full_oracle_cpu=460.81 full_phpr_cpu=807.61 proprio=1.753 peak_phpr_MiB=1841.1
leg5-on: full_oracle_cpu=448.55 full_phpr_cpu=793.47 proprio=1.769 peak_phpr_MiB=1840.9
leg6-on: full_oracle_cpu=449.60 full_phpr_cpu=784.36 proprio=1.745 peak_phpr_MiB=1846.1
replica_peak_senza_inserzione (p.5): leg1-on=1846.7 leg2-on=1790.8 leg3-on=1774.3 leg4-on=1841.1 leg5-on=1840.9 leg6-on=1846.1
replica_peak lettura: esito MISTO -> nessuna firma, si dichiara
matrice full (gambe PULITE) phpr(riga)/oracle(colonna):
  leg1-on/leg1-on=1.800  leg1-on/leg2-on=1.799  leg1-on/leg3-on=1.802  leg1-on/leg4-on=1.802  leg1-on/leg5-on=1.852  leg1-on/leg6-on=1.847
  leg2-on/leg1-on=1.795  leg2-on/leg2-on=1.794  leg2-on/leg3-on=1.797  leg2-on/leg4-on=1.797  leg2-on/leg5-on=1.846  leg2-on/leg6-on=1.842
  leg3-on/leg1-on=1.796  leg3-on/leg2-on=1.795  leg3-on/leg3-on=1.798  leg3-on/leg4-on=1.798  leg3-on/leg5-on=1.847  leg3-on/leg6-on=1.843
  leg4-on/leg1-on=1.750  leg4-on/leg2-on=1.749  leg4-on/leg3-on=1.752  leg4-on/leg4-on=1.753  leg4-on/leg5-on=1.800  leg4-on/leg6-on=1.796
  leg5-on/leg1-on=1.720  leg5-on/leg2-on=1.719  leg5-on/leg3-on=1.722  leg5-on/leg4-on=1.722  leg5-on/leg5-on=1.769  leg5-on/leg6-on=1.765
  leg6-on/leg1-on=1.700  leg6-on/leg2-on=1.699  leg6-on/leg3-on=1.702  leg6-on/leg4-on=1.702  leg6-on/leg5-on=1.749  leg6-on/leg6-on=1.745
full_intervallo_PULITO_misto=1.699-1.852  # companion (miscela config)
coppie_proprie_PULITE_miste=1.745-1.800 (N=6)
coppie_proprie_user_only_miste=1.758-1.809
full_on_only_coppie_proprie=1.745-1.800 (N=6) CANONICO
full_on_only_intervallo=1.699-1.852
mediana_t4=1.781 (N=6 coppie proprie ON PULITE; mediane storiche t1=1.799 t2=1.738 t3=1.789)
giudizio_MEDIANA (canonico, criterio t4 p.2): COMPATIBILE (mediana in [1.738; 1.799]) — nessun claim
companion banda-unione (descrittivo): coppie in [1.722-1.823]: 6/6
banda_ON_fondata=0.055 (max-min di N=6 coppie proprie ON PULITE; unione finestre nel verdetto di sessione)
media_leg1-on: user_only_CANONICA=2.501 user+sys_companion=2.431
media_leg2-on: user_only_CANONICA=2.532 user+sys_companion=2.460
media_leg3-on: user_only_CANONICA=2.539 user+sys_companion=2.471
media_leg4-on: user_only_CANONICA=2.530 user+sys_companion=2.465
media_leg5-on: user_only_CANONICA=2.480 user+sys_companion=2.419
media_leg6-on: user_only_CANONICA=2.555 user+sys_companion=2.489
parita_leg1-on: media=OK(vuoto) full=OK(solo wp_is_stream #2)
parita_leg2-on: media=OK(vuoto) full=OK(solo wp_is_stream #2)
parita_leg3-on: media=OK(vuoto) full=OK(solo wp_is_stream #2)
parita_leg4-on: media=OK(vuoto) full=OK(solo wp_is_stream #2)
parita_leg5-on: media=OK(vuoto) full=OK(solo wp_is_stream #2)
parita_leg6-on: media=OK(vuoto) full=OK(solo wp_is_stream #2)
deriva_test (s148 p.4, N=6 critico 0,829): rho_A(leg,peak)=0.029 -> nessuna firma di deriva; rho_B(peak,rapporto)=-0.143 -> accoppiamento NON confermato
