== s155 coppia dbal+ORM (pin s154 bddc0503 vs oracle 8.5.7; criterio s155-criterio-orm.md) ==
floor_user_med3 orm: oracle=0.06 phpr=0.08 · dbal: oracle=0.06 phpr=0.19 (phpunit --version, pavimento PARZIALE dichiarato)
coppia-s155 (user CPU; pavimenti PARZIALI phpunit --version: orm o=0.060 p=0.080 · dbal o=0.060 p=0.190)
grade=VERDICT  # derivazione meccanica dai .time
orm_leg1: oracle_user=4.98 (sys=0.47) phpr_user=34.38 (sys=1.27) ratio_raw=6.904 ratio_net=6.972
orm_leg2: oracle_user=4.93 (sys=0.45) phpr_user=34.43 (sys=1.21) ratio_raw=6.984 ratio_net=7.053
orm_ictx_abs: oracle1=630 phpr1=1496 oracle2=1175 phpr2=1400
orm_ictx/s (gate emenda S-127): oracle1=114.8 phpr1=41.6 oracle2=217.6 phpr2=39.1  SEGNALATE(>1,5x med): ['oracle2']
dbal_leg1: oracle_user=1.15 (sys=0.21) phpr_user=8.24 (sys=0.36) ratio_raw=7.165 ratio_net=7.385
dbal_leg2: oracle_user=1.15 (sys=0.21) phpr_user=8.28 (sys=0.38) ratio_raw=7.200 ratio_net=7.422
dbal_ictx_abs: oracle1=308 phpr1=511 oracle2=314 phpr2=81
dbal_ictx/s (gate emenda S-127): oracle1=212.4 phpr1=59.2 oracle2=219.6 phpr2=9.3  SEGNALATE(>1,5x med): ['oracle1', 'oracle2']
dbal_parita': phpr_failset_stabile=True |phpr_fail|=10 |diff_vs_oracle|=10
dbal_diff_nomi: Doctrine\DBAL\Tests\Functional\PortabilityTest::testCaseConversion with data set "lower" (Doctrine\DBAL\ColumnCase Enum (LOWER), ['test_int', 'test_string', 'test_null']) | Doctrine\DBAL\Tests\Functional\PortabilityTest::testCaseConversion with data set "upper" (Doctrine\DBAL\ColumnCase Enum (UPPER), ['TEST_INT', 'TEST_STRING', 'TEST_NULL']) | Doctrine\DBAL\Tests\Functional\PortabilityTest::testCaseConversionColumnName with data set "lower" (Doctrine\DBAL\ColumnCase Enum (LOWER), ['test_int', 'test_string', 'test_null']) | Doctrine\DBAL\Tests\Functional\PortabilityTest::testCaseConversionColumnName with data set "upper" (Doctrine\DBAL\ColumnCase Enum (UPPER), ['TEST_INT', 'TEST_STRING', 'TEST_NULL']) | Doctrine\DBAL\Tests\Functional\PortabilityTest::testFetchAllNullColumn | Doctrine\DBAL\Tests\Functional\PortabilityTest::testFetchColumn with data set "int" ('Test_Int', [1, 2]) | Doctrine\DBAL\Tests\Functional\PortabilityTest::testFetchColumn with data set "string" ('Test_String', ['foo', 'foo']) | Doctrine\DBAL\Tests\Functional\PortabilityTest::testFullFetchMode | Doctrine\DBAL\Tests\Functional\PortabilityTest::testGetDatabaseName | Doctrine\DBAL\Tests\Schema\Name\Parser\GenericNameParserTest::testValidInput with data set #11 ('schéma."übermäßigkeit".`àçcên...ràctér', [Doctrine\DBAL\Schema\Name\Identifier Object (...), Doctrine\DBAL\Schema\Name\Identifier Object (...), Doctrine\DBAL\Schema\Name\Identifier Object (...), Doctrine\DBAL\Schema\Name\Identifier Object (...), Doctrine\DBAL\Schema\Name\Identifier Object (...)])
attesa-CE1: phpr_orm_net_new=[34.30; 34.35] ref=[34.76; 34.8] Delta=[+0.41; +0.50] s
attesa-CE1: DIREZIONE GIU' FUORI RUMORE (Delta_min 0.41 >= 0.293) — OLTRE l'attesa sotto-risoluzione 0,03-0,07: dichiarare
parita': orm phpr per NOME vs baseline 16 · dbal fail-set stabile tra gambe — rc=0 (0=tutte valide)
orm  oracle1: Tests: 3484, Assertions: 12003, Skipped: 59, Incomplete: 2.
orm  phpr1:   Tests: 3484, Assertions: 11989, Errors: 3, Failures: 13, Skipped: 59, Incomplete: 2.
dbal oracle1: Tests: 3929, Assertions: 5706, Skipped: 594, Incomplete: 13.
dbal phpr1:   
orm  oracle2: Tests: 3484, Assertions: 12003, Skipped: 59, Incomplete: 2.
orm  phpr2:   Tests: 3484, Assertions: 11989, Errors: 3, Failures: 13, Skipped: 59, Incomplete: 2.
dbal oracle2: Tests: 3929, Assertions: 5706, Skipped: 594, Incomplete: 13.
dbal phpr2:   
