== s155 coppia WP full+media sul pin s154 tentativo=t6 (criteri s132/s146/s148 EREDITATI + s155-criterio-pair-t6.md: giudizio a MEDIANA per finestra, az.rev.3 S-149) ==
grade=VERDICT  # derivazione meccanica dai .time; rc autoritativo = pair-out/pair155-t6.done
# full: cpu=user+sys (etichettato); media: CANONICA=user-only + companion (az.rev. S-128 #3)
# az.rev. S-131 #3: riferimento PER CONFIGURAZIONE, ON-ONLY = canonico; firma per gamba
# az.rev. S-136 #2: lettura firma PRE-REGISTRATA: >150% med MOTORE = SPORCA (esclusa); 120-150% = ELEVATA (nel canone, annotata); <=120% pulita
quiescenza warmup: rc=0 (file: pair-out/quiesce-t6-warmup.rc)
quiescenza leg1-on: rc=0 (file: pair-out/quiesce-t6-leg1-on.rc)
quiescenza leg2-on: rc=0 (file: pair-out/quiesce-t6-leg2-on.rc)
quiescenza leg3-on: rc=0 (file: pair-out/quiesce-t6-leg3-on.rc)
quiescenza leg4-on: rc=0 (file: pair-out/quiesce-t6-leg4-on.rc)
quiescenza leg5-on: rc=0 (file: pair-out/quiesce-t6-leg5-on.rc)
quiescenza leg6-on: rc=0 (file: pair-out/quiesce-t6-leg6-on.rc)
leg1-on: ictx/s oracle=1228 phpr=130  contesa ok
  firma leg1-on: ictx%med oracle=103% phpr=99% rank_cpu_oracle=6/6 (1=piu' veloce)
leg2-on: ictx/s oracle=1188 phpr=133  contesa ok
  firma leg2-on: ictx%med oracle=99% phpr=101% rank_cpu_oracle=3/6 (1=piu' veloce)
leg3-on: ictx/s oracle=1172 phpr=121  contesa ok
  firma leg3-on: ictx%med oracle=98% phpr=92% rank_cpu_oracle=2/6 (1=piu' veloce)
leg4-on: ictx/s oracle=1158 phpr=127  contesa ok
  firma leg4-on: ictx%med oracle=97% phpr=97% rank_cpu_oracle=4/6 (1=piu' veloce)
leg5-on: ictx/s oracle=1206 phpr=143  contesa ok
  firma leg5-on: ictx%med oracle=101% phpr=109% rank_cpu_oracle=5/6 (1=piu' veloce)
leg6-on: ictx/s oracle=1229 phpr=140  contesa ok
  firma leg6-on: ictx%med oracle=103% phpr=107% rank_cpu_oracle=1/6 (1=piu' veloce)
ictx_s_mediana_oracle=1197 ictx_s_mediana_phpr=131  # PER MOTORE
gambe pulite: ['leg1-on', 'leg2-on', 'leg3-on', 'leg4-on', 'leg5-on', 'leg6-on']
leg1-on: full_oracle_cpu=445.50 full_phpr_cpu=783.05 proprio=1.758 peak_phpr_MiB=1763.6
leg2-on: full_oracle_cpu=442.49 full_phpr_cpu=784.84 proprio=1.774 peak_phpr_MiB=1768.0
leg3-on: full_oracle_cpu=442.44 full_phpr_cpu=782.47 proprio=1.769 peak_phpr_MiB=1771.3
leg4-on: full_oracle_cpu=442.74 full_phpr_cpu=788.06 proprio=1.780 peak_phpr_MiB=1744.6
leg5-on: full_oracle_cpu=442.74 full_phpr_cpu=783.29 proprio=1.769 peak_phpr_MiB=1758.7
leg6-on: full_oracle_cpu=439.99 full_phpr_cpu=781.67 proprio=1.777 peak_phpr_MiB=1780.6
replica_peak_senza_inserzione (p.5): leg1-on=1763.6 leg2-on=1768.0 leg3-on=1771.3 leg4-on=1744.6 leg5-on=1758.7 leg6-on=1780.6
replica_peak lettura: 6/6 basse (<=1825) -> livello BASSO unico (il doppio livello NON si riproduce)
matrice full (gambe PULITE) phpr(riga)/oracle(colonna):
  leg1-on/leg1-on=1.758  leg1-on/leg2-on=1.770  leg1-on/leg3-on=1.770  leg1-on/leg4-on=1.769  leg1-on/leg5-on=1.769  leg1-on/leg6-on=1.780
  leg2-on/leg1-on=1.762  leg2-on/leg2-on=1.774  leg2-on/leg3-on=1.774  leg2-on/leg4-on=1.773  leg2-on/leg5-on=1.773  leg2-on/leg6-on=1.784
  leg3-on/leg1-on=1.756  leg3-on/leg2-on=1.768  leg3-on/leg3-on=1.769  leg3-on/leg4-on=1.767  leg3-on/leg5-on=1.767  leg3-on/leg6-on=1.778
  leg4-on/leg1-on=1.769  leg4-on/leg2-on=1.781  leg4-on/leg3-on=1.781  leg4-on/leg4-on=1.780  leg4-on/leg5-on=1.780  leg4-on/leg6-on=1.791
  leg5-on/leg1-on=1.758  leg5-on/leg2-on=1.770  leg5-on/leg3-on=1.770  leg5-on/leg4-on=1.769  leg5-on/leg5-on=1.769  leg5-on/leg6-on=1.780
  leg6-on/leg1-on=1.755  leg6-on/leg2-on=1.767  leg6-on/leg3-on=1.767  leg6-on/leg4-on=1.766  leg6-on/leg5-on=1.766  leg6-on/leg6-on=1.777
full_intervallo_PULITO_misto=1.755-1.791  # companion (miscela config)
coppie_proprie_PULITE_miste=1.758-1.780 (N=6)
coppie_proprie_user_only_miste=1.764-1.775
full_on_only_coppie_proprie=1.758-1.780 (N=6) CANONICO
full_on_only_intervallo=1.755-1.791
mediana_t6=1.771 (N=6 coppie proprie ON PULITE; mediane storiche t1=1.799 t2=1.738 t3=1.789 t4=1.781 t5=1.757)
giudizio_MEDIANA (canonico, criterio t6 p.2): COMPATIBILE (mediana in [1.738; 1.799]) — nessun claim
companion banda-unione (descrittivo): coppie in [1.722-1.823]: 6/6
banda_ON_fondata=0.022 (max-min di N=6 coppie proprie ON PULITE; unione finestre nel verdetto di sessione)
media_leg1-on: user_only_CANONICA=2.510 user+sys_companion=2.495
media_leg2-on: user_only_CANONICA=2.461 user+sys_companion=2.432
media_leg3-on: user_only_CANONICA=2.464 user+sys_companion=2.442
media_leg4-on: user_only_CANONICA=2.463 user+sys_companion=2.440
media_leg5-on: user_only_CANONICA=2.463 user+sys_companion=2.430
media_leg6-on: user_only_CANONICA=2.456 user+sys_companion=2.429
parita_leg1-on: media=OK(vuoto) full=OK(solo wp_is_stream #2)
parita_leg2-on: media=OK(vuoto) full=OK(solo wp_is_stream #2)
parita_leg3-on: media=OK(vuoto) full=OK(solo wp_is_stream #2)
parita_leg4-on: media=OK(vuoto) full=OK(solo wp_is_stream #2)
parita_leg5-on: media=OK(vuoto) full=OK(solo wp_is_stream #2)
parita_leg6-on: media=OK(vuoto) full=OK(solo wp_is_stream #2)
deriva_test (s148 p.4, N=6 critico 0,829): rho_A(leg,peak)=0.143 -> nessuna firma di deriva; rho_B(peak,rapporto)=-0.143 -> accoppiamento NON confermato
