== s166 coppia dbal+ORM (pin s165 MISURATO 1fd8757d2f72dc3e vs oracle 8.5.7; criterio s166-criterio-orm.md) ==
# estrazione summ/names con LC_ALL=C + grep -a (fix az.rev. S-155 #4); reperto conteggi dbal phpr vs oracle A VERBALE (companion, non arbitra)
# ADATTAMENTI (i)-(iii) dall'istruttoria p.1 + az.rev. S-159 #1: rodaggio non giudicante, quiescenza per gamba, scaletta a due estremi
sentinella language-server inizio finestra (az.rev. S-157 #4): /Applications/Antigravity /Users/francescotinti/.antigravity-ide/extensions/rust-lang.rust-analyzer-0.3.3025-darwin-arm64/server/rust-analyzer /Users/francescotinti/.local/share/uv/tools/serena-agent/bin/python3 /Users/francescotinti/.rustup/toolchains/1.96.0-aarch64-apple-darwin/libexec/rust-analyzer-proc-macro-srv /Users/francescotinti/.rustup/toolchains/stable-aarch64-apple-darwin/bin/rust-analyzer /Users/francescotinti/.rustup/toolchains/stable-aarch64-apple-darwin/libexec/rust-analyzer-proc-macro-srv 
sentinella language-server fine finestra: /Applications/Antigravity /Users/francescotinti/.antigravity-ide/extensions/rust-lang.rust-analyzer-0.3.3025-darwin-arm64/server/rust-analyzer /Users/francescotinti/.local/share/uv/tools/serena-agent/bin/python3 /Users/francescotinti/.rustup/toolchains/1.96.0-aarch64-apple-darwin/libexec/rust-analyzer-proc-macro-srv /Users/francescotinti/.rustup/toolchains/stable-aarch64-apple-darwin/bin/rust-analyzer /Users/francescotinti/.rustup/toolchains/stable-aarch64-apple-darwin/libexec/rust-analyzer-proc-macro-srv 
rodaggio (NON giudicato, companion istruttoria) ictx/s: orm_oracle=136.6 orm_phpr=23.5 dbal_oracle=77.4 dbal_phpr=16.8
quiescenza orm-leg1: rc=0 (file: orm-out/quiesce-orm-leg1.rc)
quiescenza dbal-leg1: rc=0 (file: orm-out/quiesce-dbal-leg1.rc)
quiescenza orm-leg2: rc=0 (file: orm-out/quiesce-orm-leg2.rc)
quiescenza dbal-leg2: rc=0 (file: orm-out/quiesce-dbal-leg2.rc)
floor_user_med3 orm: oracle=0.06 phpr=0.07 · dbal: oracle=0.06 phpr=0.19 (phpunit --version, pavimento PARZIALE dichiarato)
coppia-s166 (user CPU; pavimenti PARZIALI phpunit --version: orm o=0.060 p=0.070 · dbal o=0.060 p=0.190)
grade=VERDICT  # derivazione meccanica dai .time
orm_leg1: oracle_user=5.04 (sys=0.46) phpr_user=35.83 (sys=1.40) ratio_raw=7.109 ratio_net=7.181
orm_leg2: oracle_user=5.26 (sys=0.49) phpr_user=35.15 (sys=1.23) ratio_raw=6.683 ratio_net=6.746
orm_ictx_abs: oracle1=86 phpr1=11369 oracle2=1396 phpr2=741
orm_ictx/s (gate emenda S-127): oracle1=15.6 phpr1=302.4 oracle2=241.5 phpr2=20.3  SEGNALATE(>1,5x med): ['oracle2', 'phpr1']
dbal_leg1: oracle_user=1.19 (sys=0.23) phpr_user=8.43 (sys=0.38) ratio_raw=7.084 ratio_net=7.292
dbal_leg2: oracle_user=1.14 (sys=0.19) phpr_user=8.28 (sys=0.37) ratio_raw=7.263 ratio_net=7.491
dbal_ictx_abs: oracle1=1063 phpr1=1045 oracle2=105 phpr2=149
dbal_ictx/s (gate emenda S-127): oracle1=708.7 phpr1=118.2 oracle2=77.2 phpr2=17.2  SEGNALATE(>1,5x med): ['oracle1', 'phpr1']
dbal_parita': phpr_failset_stabile=True |phpr_fail|=10 |diff_vs_oracle|=10
dbal_diff_nomi: Doctrine\DBAL\Tests\Functional\PortabilityTest::testCaseConversion with data set "lower" (Doctrine\DBAL\ColumnCase Enum (LOWER), ['test_int', 'test_string', 'test_null']) | Doctrine\DBAL\Tests\Functional\PortabilityTest::testCaseConversion with data set "upper" (Doctrine\DBAL\ColumnCase Enum (UPPER), ['TEST_INT', 'TEST_STRING', 'TEST_NULL']) | Doctrine\DBAL\Tests\Functional\PortabilityTest::testCaseConversionColumnName with data set "lower" (Doctrine\DBAL\ColumnCase Enum (LOWER), ['test_int', 'test_string', 'test_null']) | Doctrine\DBAL\Tests\Functional\PortabilityTest::testCaseConversionColumnName with data set "upper" (Doctrine\DBAL\ColumnCase Enum (UPPER), ['TEST_INT', 'TEST_STRING', 'TEST_NULL']) | Doctrine\DBAL\Tests\Functional\PortabilityTest::testFetchAllNullColumn | Doctrine\DBAL\Tests\Functional\PortabilityTest::testFetchColumn with data set "int" ('Test_Int', [1, 2]) | Doctrine\DBAL\Tests\Functional\PortabilityTest::testFetchColumn with data set "string" ('Test_String', ['foo', 'foo']) | Doctrine\DBAL\Tests\Functional\PortabilityTest::testFullFetchMode | Doctrine\DBAL\Tests\Functional\PortabilityTest::testGetDatabaseName | Doctrine\DBAL\Tests\Schema\Name\Parser\GenericNameParserTest::testValidInput with data set #11 ('schéma."übermäßigkeit".`àçcên...ràctér', [Doctrine\DBAL\Schema\Name\Identifier Object (...), Doctrine\DBAL\Schema\Name\Identifier Object (...), Doctrine\DBAL\Schema\Name\Identifier Object (...), Doctrine\DBAL\Schema\Name\Identifier Object (...), Doctrine\DBAL\Schema\Name\Identifier Object (...)])
attesa-MC1 assoluto (companion): phpr_orm_net_new=[35.08; 35.76] ref=[34.47; 34.51] Delta=[-1.29; -0.57] s
attesa-MC1 ORACLE-NORMALIZZATO (CANONICO coppia): net_norm=[32.95; 35.08] (ORA_REF=4.885, oracle_net_gambe=[4.98, 5.2]) Delta_norm=[-0.61; +1.56] s
rapporto net (companion): [6.746; 7.181] vs registrato S-162 [7.035; 7.086]
SENTINELLA ORACLE FUORI BANDA [4.83;4.94]: gambe [4.98, 5.2] — Delta_norm NON GIUDICANTE (emenda S-166), istruttoria drift dedicata
gambe ictx SEGNALATE ['oracle2', 'phpr1'] — a verbale (rodaggio nel canone; se ricorre, istruttoria dedicata)
parita': orm phpr per NOME vs baseline 16 · dbal fail-set stabile tra gambe — rc=0 (0=tutte valide)
orm  oracle1: Tests: 3484, Assertions: 12003, Skipped: 59, Incomplete: 2.
orm  phpr1:   Tests: 3484, Assertions: 11989, Errors: 3, Failures: 13, Skipped: 59, Incomplete: 2.
dbal oracle1: Tests: 3929, Assertions: 5706, Skipped: 594, Incomplete: 13.
dbal phpr1:   Tests: 3921, Assertions: 5550, Errors: 10, Skipped: 626, Incomplete: 13.
orm  oracle2: Tests: 3484, Assertions: 12003, Skipped: 59, Incomplete: 2.
orm  phpr2:   Tests: 3484, Assertions: 11989, Errors: 3, Failures: 13, Skipped: 59, Incomplete: 2.
dbal oracle2: Tests: 3929, Assertions: 5706, Skipped: 594, Incomplete: 13.
dbal phpr2:   Tests: 3921, Assertions: 5550, Errors: 10, Skipped: 626, Incomplete: 13.
