== s130 micro-ORM POST-F4 sul pin s130 (metodo s127-criterio-submicro.md INVARIATO) ==
grade=VERDICT  # derivazione meccanica; R=5; user CPU netto-pavimento per-binario
oracle=8.5.7 phpr=0fdf1c49b16c24ba
pavimento_oracle_s=0.05 pavimento_phpr_s=0.03
objalloc_N_iter=3000000
objalloc_oracle_netto_s=0.38 objalloc_phpr_netto_s=2.95
rapporto_objalloc=7.8  [companion 2.95/0.38]
objalloc_ns_iter: oracle=126.7 phpr=983.3 delta=+856.7
objalloc_spread_oracle_s=0.02 objalloc_spread_phpr_s=0.03
objchurn_N_iter=3000000
objchurn_oracle_netto_s=0.53 objchurn_phpr_netto_s=4.55
rapporto_objchurn=8.6  [companion 4.55/0.53]
objchurn_ns_iter: oracle=176.7 phpr=1516.7 delta=+1340.0
objchurn_spread_oracle_s=0.00 objchurn_spread_phpr_s=0.03
objmap_N_iter=3000000
objmap_oracle_netto_s=0.03 objmap_phpr_netto_s=0.51
rapporto_objmap=17.0  [companion 0.51/0.03]
objmap_ns_iter: oracle=10.0 phpr=170.0 delta=+160.0
objmap_spread_oracle_s=0.00 objmap_spread_phpr_s=0.04
objdropdef_N_iter=3000000
objdropdef_oracle_netto_s=0.41 objdropdef_phpr_netto_s=3.71
rapporto_objdropdef=9.0  [companion 3.71/0.41]
objdropdef_ns_iter: oracle=136.7 phpr=1236.7 delta=+1100.0
objdropdef_spread_oracle_s=0.01 objdropdef_spread_phpr_s=0.03
objdatains_N_iter=3000000
objdatains_oracle_netto_s=0.49 objdatains_phpr_netto_s=3.76
rapporto_objdatains=7.7  [companion 3.76/0.49]
objdatains_ns_iter: oracle=163.3 phpr=1253.3 delta=+1090.0
objdatains_spread_oracle_s=0.01 objdatains_spread_phpr_s=0.01
objallocni_N_iter=3000000
objallocni_oracle_netto_s=0.28 objallocni_phpr_netto_s=2.74
rapporto_objallocni=9.8  [companion 2.74/0.28]
objallocni_ns_iter: oracle=93.3 phpr=913.3 delta=+820.0
objallocni_spread_oracle_s=0.01 objallocni_spread_phpr_s=0.02
