== s174 mutante abortivo «Sweep-in-op» (MS/MC) — riferimento braccio C b6c4b5876971d76d (sorgente = commit 883cb598ff4b, run.rs dace7adbd02539ff), fixture 75 righe, Extreme 2754G 2026-09-13 23:04:01 ==
MS: binario dcd73bf42232e01f rc_fixture=0
MS: blocchi ROTTI (5): light p3-dtor stdst-dtor stdst-dtor-twice window 
MC: binario 33541d4215bcab94 rc_fixture=0
MC: blocchi ROTTI (20): for-const-lhs for-continue for-dtor for-empty for-gt-dec for-le for-lt for-ne for-nested for-null-init for-overflow-edge for-overflow-float p1-chain p3-chain p4-chain p4-loop scsc-double-dst scsc-loop scsc-overflow stdst-dtor-loop 
copertura MS: 44 etichette nel riferimento, non classificate: nessuna
copertura MC: 44 etichette nel riferimento, non classificate: nessuna
MS: attese NON rotte: stdst-dtor-loop for-dtor p3-chain -> fast path NON preso (o forma non abbassata) su questi
MS: blocchi fuori-dominio INTATTI per NOME (nessuna presa fuori dominio): stdst-dtor-double stdst-dtor-null stdst-dtor-concat stdst-dtor-overflow stdst-dtor-div scsc-loop scsc-overflow scsc-double-dst p3 p1-loop p4-loop e-dtor for-lt for-gt-dec for-le for-ne for-double-slot for-double-const for-str-const for-overflow-edge for-overflow-float for-empty for-nested for-null-init for-continue for-slot-bound for-const-lhs while-lt for-step2 
MS a verdetto: p1-chain INTATTO -> nessuno scavalco osservabile (op non fuso o nessuna nota pendente)
MS a verdetto: p4-chain INTATTO -> nessuno scavalco osservabile (op non fuso o nessuna nota pendente)
MS a verdetto: p4-dtor INTATTO -> nessuno scavalco osservabile (op non fuso o nessuna nota pendente)
MS a verdetto: pressure INTATTO -> nessuno scavalco osservabile (op non fuso o nessuna nota pendente)
MS a verdetto: collected INTATTO -> nessuno scavalco osservabile (op non fuso o nessuna nota pendente)
MS a verdetto: pressure-on INTATTO -> nessuno scavalco osservabile (op non fuso o nessuna nota pendente)
MS a verdetto: collected-on INTATTO -> nessuno scavalco osservabile (op non fuso o nessuna nota pendente)
MC: attese NON rotte: p1-loop -> fast path NON preso (o forma non abbassata) su questi
MC: blocchi fuori-dominio INTATTI per NOME (nessuna presa fuori dominio): stdst-dtor stdst-dtor-twice stdst-dtor-double stdst-dtor-null stdst-dtor-concat stdst-dtor-overflow stdst-dtor-div p3 p3-dtor p4-dtor light window e-dtor for-double-slot for-double-const for-str-const for-slot-bound 
MC a verdetto: for-null-init ROTTO -> back-edge fuso PRESO (slot Long / const Int all'atto del salto)
MC a verdetto: for-overflow-float ROTTO -> back-edge fuso PRESO (slot Long / const Int all'atto del salto)
MC a verdetto: scsc-overflow ROTTO -> back-edge fuso PRESO (slot Long / const Int all'atto del salto)
MC a verdetto: for-step2 INTATTO -> back-edge fuso NON preso (forma non abbassata a IncDecSlotJmp→CmpJmpSC o miss)
MC a verdetto: while-lt INTATTO -> back-edge fuso NON preso (forma non abbassata a IncDecSlotJmp→CmpJmpSC o miss)
MC a verdetto: pressure INTATTO -> back-edge fuso NON preso (forma non abbassata a IncDecSlotJmp→CmpJmpSC o miss)
MC a verdetto: collected INTATTO -> back-edge fuso NON preso (forma non abbassata a IncDecSlotJmp→CmpJmpSC o miss)
MC a verdetto: pressure-on INTATTO -> back-edge fuso NON preso (forma non abbassata a IncDecSlotJmp→CmpJmpSC o miss)
MC a verdetto: collected-on INTATTO -> back-edge fuso NON preso (forma non abbassata a IncDecSlotJmp→CmpJmpSC o miss)
SORGENTE: run.rs del mutante (prima dell'edit) dace7adbd02539ff == commit 883cb598ff4b
ESITO rc=1 (0 = fast path preso su tutte le attese, dominio rispettato; 1 = attese non rotte; 5 = presa fuori dominio; 7 = copertura) fine 2026-09-13 23:11:10
