== s175 coppia dbal+ORM (pin s175 MISURATO 5de14d6856d760a8 vs oracle 8.5.7; criterio s175-criterio-orm.md) ==
# estrazione summ/names con LC_ALL=C + grep -a (fix az.rev. S-155 #4); reperto conteggi dbal phpr vs oracle A VERBALE (companion, non arbitra)
# ADATTAMENTI (i)-(iii) dall'istruttoria p.1 + az.rev. S-159 #1: rodaggio non giudicante, quiescenza per gamba, scaletta a due estremi
sentinella language-server inizio finestra (az.rev. S-157 #4): /Applications/Antigravity /Users/francescotinti/.local/share/uv/tools/serena-agent/bin/python3 /Users/francescotinti/.rustup/toolchains/1.96.0-aarch64-apple-darwin/libexec/rust-analyzer-proc-macro-srv /Users/francescotinti/.rustup/toolchains/stable-aarch64-apple-darwin/bin/rust-analyzer /Users/francescotinti/.rustup/toolchains/stable-aarch64-apple-darwin/libexec/rust-analyzer-proc-macro-srv 
sentinella language-server fine finestra: /Applications/Antigravity /Users/francescotinti/.local/share/uv/tools/serena-agent/bin/python3 /Users/francescotinti/.rustup/toolchains/1.96.0-aarch64-apple-darwin/libexec/rust-analyzer-proc-macro-srv /Users/francescotinti/.rustup/toolchains/stable-aarch64-apple-darwin/bin/rust-analyzer /Users/francescotinti/.rustup/toolchains/stable-aarch64-apple-darwin/libexec/rust-analyzer-proc-macro-srv 
rodaggio (NON giudicato, companion istruttoria) ictx/s: orm_oracle=19.9 orm_phpr=14.8 dbal_oracle=206.9 dbal_phpr=8.1
quiescenza orm-leg1: rc=0 (file: orm-out/quiesce-orm-leg1.rc)
quiescenza dbal-leg1: rc=0 (file: orm-out/quiesce-dbal-leg1.rc)
quiescenza orm-leg2: rc=0 (file: orm-out/quiesce-orm-leg2.rc)
quiescenza dbal-leg2: rc=0 (file: orm-out/quiesce-dbal-leg2.rc)
floor_user_med3 orm: oracle=0.06 phpr=0.08 · dbal: oracle=0.06 phpr=0.19 (phpunit --version, pavimento PARZIALE dichiarato)
coppia-s175 (user CPU; pavimenti PARZIALI phpunit --version: orm o=0.060 p=0.080 · dbal o=0.060 p=0.190)
grade=VERDICT  # derivazione meccanica dai .time
orm_leg1: oracle_user=5.03 (sys=0.47) phpr_user=34.55 (sys=1.22) ratio_raw=6.869 ratio_net=6.936
orm_leg2: oracle_user=4.98 (sys=0.44) phpr_user=34.59 (sys=1.16) ratio_raw=6.946 ratio_net=7.014
orm_ictx_abs: oracle1=285 phpr1=1197 oracle2=65 phpr2=750
orm_ictx/s (gate emenda S-127): oracle1=51.2 phpr1=33.3 oracle2=12.0 phpr2=21.0  SEGNALATE(>1,5x med): ['oracle1']
dbal_leg1: oracle_user=1.14 (sys=0.21) phpr_user=8.22 (sys=0.36) ratio_raw=7.211 ratio_net=7.435
dbal_leg2: oracle_user=1.14 (sys=0.19) phpr_user=8.22 (sys=0.36) ratio_raw=7.211 ratio_net=7.435
dbal_ictx_abs: oracle1=298 phpr1=702 oracle2=111 phpr2=40
dbal_ictx/s (gate emenda S-127): oracle1=209.9 phpr1=81.6 oracle2=81.6 phpr2=4.7  SEGNALATE(>1,5x med): ['phpr1']
dbal_parita': phpr_failset_stabile=True |phpr_fail|=10 |diff_vs_oracle|=10
dbal_diff_nomi: Doctrine\DBAL\Tests\Functional\PortabilityTest::testCaseConversion with data set "lower" (Doctrine\DBAL\ColumnCase Enum (LOWER), ['test_int', 'test_string', 'test_null']) | Doctrine\DBAL\Tests\Functional\PortabilityTest::testCaseConversion with data set "upper" (Doctrine\DBAL\ColumnCase Enum (UPPER), ['TEST_INT', 'TEST_STRING', 'TEST_NULL']) | Doctrine\DBAL\Tests\Functional\PortabilityTest::testCaseConversionColumnName with data set "lower" (Doctrine\DBAL\ColumnCase Enum (LOWER), ['test_int', 'test_string', 'test_null']) | Doctrine\DBAL\Tests\Functional\PortabilityTest::testCaseConversionColumnName with data set "upper" (Doctrine\DBAL\ColumnCase Enum (UPPER), ['TEST_INT', 'TEST_STRING', 'TEST_NULL']) | Doctrine\DBAL\Tests\Functional\PortabilityTest::testFetchAllNullColumn | Doctrine\DBAL\Tests\Functional\PortabilityTest::testFetchColumn with data set "int" ('Test_Int', [1, 2]) | Doctrine\DBAL\Tests\Functional\PortabilityTest::testFetchColumn with data set "string" ('Test_String', ['foo', 'foo']) | Doctrine\DBAL\Tests\Functional\PortabilityTest::testFullFetchMode | Doctrine\DBAL\Tests\Functional\PortabilityTest::testGetDatabaseName | Doctrine\DBAL\Tests\Schema\Name\Parser\GenericNameParserTest::testValidInput with data set #11 ('schéma."übermäßigkeit".`àçcên...ràctér', [Doctrine\DBAL\Schema\Name\Identifier Object (...), Doctrine\DBAL\Schema\Name\Identifier Object (...), Doctrine\DBAL\Schema\Name\Identifier Object (...), Doctrine\DBAL\Schema\Name\Identifier Object (...), Doctrine\DBAL\Schema\Name\Identifier Object (...)])
attesa-MC1 assoluto (companion): phpr_orm_net_new=[34.47; 34.51] ref=[34.27; 34.35] Delta=[-0.24; -0.12] s
attesa-MC1 ORACLE-NORMALIZZATO (CANONICO coppia): net_norm=[33.88; 34.26] (ORA_REF=4.885, oracle_net_gambe=[4.97, 4.92]) Delta_norm=[+0.01; +0.47] s
rapporto net (companion): [6.936; 7.014] vs registrato S-162 [7.023; 7.053]
nota t19 (S-173): rapporto net t19 [6,988;7,012] RIENTRATO <=7,05 (regola 4 non scattata); se t20 torna >7,05 la voce si riapre — t20 min=6.936 <=7,05: resta rientrata
SENTINELLA ORACLE FUORI BANDA [4.83;4.94]: gambe [4.97] — Delta_norm NON GIUDICANTE (emenda S-166), istruttoria drift dedicata
gambe ictx SEGNALATE ['oracle1'] — a verbale (rodaggio nel canone; se ricorre, istruttoria dedicata)
parita': orm phpr per NOME vs baseline 16 · dbal fail-set stabile tra gambe — rc=0 (0=tutte valide)
orm  oracle1: Tests: 3484, Assertions: 12003, Skipped: 59, Incomplete: 2.
orm  phpr1:   Tests: 3484, Assertions: 11989, Errors: 3, Failures: 13, Skipped: 59, Incomplete: 2.
dbal oracle1: Tests: 3929, Assertions: 5706, Skipped: 594, Incomplete: 13.
dbal phpr1:   Tests: 3921, Assertions: 5550, Errors: 10, Skipped: 626, Incomplete: 13.
orm  oracle2: Tests: 3484, Assertions: 12003, Skipped: 59, Incomplete: 2.
orm  phpr2:   Tests: 3484, Assertions: 11989, Errors: 3, Failures: 13, Skipped: 59, Incomplete: 2.
dbal oracle2: Tests: 3929, Assertions: 5706, Skipped: 594, Incomplete: 13.
dbal phpr2:   Tests: 3921, Assertions: 5550, Errors: 10, Skipped: 626, Incomplete: 13.
