== s175 coppia WP full+media sul pin s175 MISURATO phpr=5de14d6856d760a8 server=9b9179d4dd3d95bd tentativo=t20 (criteri s132/s146/s148 EREDITATI + s175-criterio-pair-t20.md: giudizio a MEDIANA per finestra, az.rev.3 S-149) ==
grade=VERDICT  # derivazione meccanica dai .time; rc autoritativo = pair-out/pair174-t20.done
# full: cpu=user+sys (etichettato); media: CANONICA=user-only + companion (az.rev. S-128 #3)
# az.rev. S-131 #3: riferimento PER CONFIGURAZIONE, ON-ONLY = canonico; firma per gamba
# az.rev. S-136 #2: lettura firma PRE-REGISTRATA: >150% med MOTORE = SPORCA (esclusa); 120-150% = ELEVATA (nel canone, annotata); <=120% pulita
quiescenza warmup: rc=0 (file: pair-out/quiesce-t20-warmup.rc)
quiescenza leg1-on: rc=0 (file: pair-out/quiesce-t20-leg1-on.rc)
quiescenza leg2-on: rc=0 (file: pair-out/quiesce-t20-leg2-on.rc)
quiescenza leg3-on: rc=0 (file: pair-out/quiesce-t20-leg3-on.rc)
quiescenza leg4-on: rc=0 (file: pair-out/quiesce-t20-leg4-on.rc)
quiescenza leg5-on: rc=0 (file: pair-out/quiesce-t20-leg5-on.rc)
quiescenza leg6-on: rc=0 (file: pair-out/quiesce-t20-leg6-on.rc)
leg1-on: ictx/s oracle=1138 phpr=70  contesa ok
  firma leg1-on: ictx%med oracle=99% phpr=105% rank_cpu_oracle=5/6 (1=piu' veloce)
leg2-on: ictx/s oracle=1148 phpr=68  contesa ok
  firma leg2-on: ictx%med oracle=100% phpr=102% rank_cpu_oracle=6/6 (1=piu' veloce)
leg3-on: ictx/s oracle=1139 phpr=65  contesa ok
  firma leg3-on: ictx%med oracle=99% phpr=97% rank_cpu_oracle=4/6 (1=piu' veloce)
leg4-on: ictx/s oracle=1141 phpr=64  contesa ok
  firma leg4-on: ictx%med oracle=100% phpr=97% rank_cpu_oracle=2/6 (1=piu' veloce)
leg5-on: ictx/s oracle=1165 phpr=65  contesa ok
  firma leg5-on: ictx%med oracle=102% phpr=98% rank_cpu_oracle=3/6 (1=piu' veloce)
leg6-on: ictx/s oracle=1152 phpr=69  contesa ok
  firma leg6-on: ictx%med oracle=101% phpr=103% rank_cpu_oracle=1/6 (1=piu' veloce)
ictx_s_mediana_oracle=1144 ictx_s_mediana_phpr=66  # PER MOTORE
gambe pulite: ['leg1-on', 'leg2-on', 'leg3-on', 'leg4-on', 'leg5-on', 'leg6-on']
leg1-on: full_oracle_cpu=439.74 full_phpr_cpu=774.73 proprio=1.762 peak_phpr_MiB=1830.6
leg2-on: full_oracle_cpu=442.34 full_phpr_cpu=771.87 proprio=1.745 peak_phpr_MiB=1829.4
leg3-on: full_oracle_cpu=439.33 full_phpr_cpu=774.43 proprio=1.763 peak_phpr_MiB=1841.5
leg4-on: full_oracle_cpu=437.21 full_phpr_cpu=774.32 proprio=1.771 peak_phpr_MiB=1836.2
leg5-on: full_oracle_cpu=437.72 full_phpr_cpu=774.19 proprio=1.769 peak_phpr_MiB=1831.4
leg6-on: full_oracle_cpu=437.16 full_phpr_cpu=772.25 proprio=1.767 peak_phpr_MiB=1844.6
replica_peak_senza_inserzione (p.5): leg1-on=1830.6 leg2-on=1829.4 leg3-on=1841.5 leg4-on=1836.2 leg5-on=1831.4 leg6-on=1844.6
replica_peak lettura: esito MISTO -> nessuna firma, si dichiara
matrice full (gambe PULITE) phpr(riga)/oracle(colonna):
  leg1-on/leg1-on=1.762  leg1-on/leg2-on=1.751  leg1-on/leg3-on=1.763  leg1-on/leg4-on=1.772  leg1-on/leg5-on=1.770  leg1-on/leg6-on=1.772
  leg2-on/leg1-on=1.755  leg2-on/leg2-on=1.745  leg2-on/leg3-on=1.757  leg2-on/leg4-on=1.765  leg2-on/leg5-on=1.763  leg2-on/leg6-on=1.766
  leg3-on/leg1-on=1.761  leg3-on/leg2-on=1.751  leg3-on/leg3-on=1.763  leg3-on/leg4-on=1.771  leg3-on/leg5-on=1.769  leg3-on/leg6-on=1.772
  leg4-on/leg1-on=1.761  leg4-on/leg2-on=1.751  leg4-on/leg3-on=1.763  leg4-on/leg4-on=1.771  leg4-on/leg5-on=1.769  leg4-on/leg6-on=1.771
  leg5-on/leg1-on=1.761  leg5-on/leg2-on=1.750  leg5-on/leg3-on=1.762  leg5-on/leg4-on=1.771  leg5-on/leg5-on=1.769  leg5-on/leg6-on=1.771
  leg6-on/leg1-on=1.756  leg6-on/leg2-on=1.746  leg6-on/leg3-on=1.758  leg6-on/leg4-on=1.766  leg6-on/leg5-on=1.764  leg6-on/leg6-on=1.767
full_intervallo_PULITO_misto=1.745-1.772  # companion (miscela config)
coppie_proprie_PULITE_miste=1.745-1.771 (N=6)
coppie_proprie_user_only_miste=1.756-1.778
full_on_only_coppie_proprie=1.745-1.771 (N=6) CANONICO
full_on_only_intervallo=1.745-1.772
mediana_t20=1.765 (N=6 coppie proprie ON PULITE; mediane storiche t1=1.799 t2=1.738 t3=1.789 t4=1.781 t5=1.757 t6=1.771 t7=1.795 t8=1.754 t9=1.767 t10=1.760 t11=1.765 t12=1.767 t13=1.763 t14=1.761 t15=1.746 t16=1.749 t17=1.776 t18=1.769 t19=1.772)
giudizio_MEDIANA (canonico, criterio t20 p.2): COMPATIBILE (mediana in [1.738; 1.799]) — nessun claim
companion banda-unione (descrittivo): coppie in [1.722-1.823]: 6/6
banda_ON_fondata=0.026 (max-min di N=6 coppie proprie ON PULITE; unione finestre nel verdetto di sessione)
media_leg1-on: user_only_CANONICA=2.425 user+sys_companion=2.386
media_leg2-on: user_only_CANONICA=2.430 user+sys_companion=2.411
media_leg3-on: user_only_CANONICA=2.424 user+sys_companion=2.400
media_leg4-on: user_only_CANONICA=2.424 user+sys_companion=2.383
media_leg5-on: user_only_CANONICA=2.423 user+sys_companion=2.379
media_leg6-on: user_only_CANONICA=2.440 user+sys_companion=2.416
parita_leg1-on: media=OK(vuoto) full=OK(solo wp_is_stream #2)
parita_leg2-on: media=OK(vuoto) full=OK(solo wp_is_stream #2)
parita_leg3-on: media=OK(vuoto) full=OK(solo wp_is_stream #2)
parita_leg4-on: media=OK(vuoto) full=OK(solo wp_is_stream #2)
parita_leg5-on: media=OK(vuoto) full=OK(solo wp_is_stream #2)
parita_leg6-on: media=OK(vuoto) full=OK(solo wp_is_stream #2)
deriva_test (s148 p.4, N=6 critico 0,829): rho_A(leg,peak)=0.714 -> nessuna firma di deriva; rho_B(peak,rapporto)=0.543 -> accoppiamento NON confermato
sentinella language-server inizio finestra (az.rev. S-157 #4): /Applications/Antigravity /Users/francescotinti/.local/share/uv/tools/serena-agent/bin/python3 /Users/francescotinti/.rustup/toolchains/1.96.0-aarch64-apple-darwin/libexec/rust-analyzer-proc-macro-srv /Users/francescotinti/.rustup/toolchains/stable-aarch64-apple-darwin/bin/rust-analyzer /Users/francescotinti/.rustup/toolchains/stable-aarch64-apple-darwin/libexec/rust-analyzer-proc-macro-srv 
sentinella language-server fine finestra: /Applications/Antigravity /Users/francescotinti/.local/share/uv/tools/serena-agent/bin/python3 /Users/francescotinti/.rustup/toolchains/1.96.0-aarch64-apple-darwin/libexec/rust-analyzer-proc-macro-srv /Users/francescotinti/.rustup/toolchains/stable-aarch64-apple-darwin/bin/rust-analyzer /Users/francescotinti/.rustup/toolchains/stable-aarch64-apple-darwin/libexec/rust-analyzer-proc-macro-srv 
