PRE: candidato = braccio B 5ed396908bc485f9 (commit 172814ae, A/B cr1c rc=0); REF = stash s180 884399fc52277119
PRE: HEAD PRIMA della build = f5f746cf · status --porcelain (non-untracked) = 0 righe (rilievo 3 S-180)
lock CI: presente (finestra di sessione, non lo tocco)
guardia disco: Data 11G prima di build
promozione: build ricetta di HEAD f5f746cf = 19a2faa83a492745 ≠ braccio B 5ed396908bc485f9 (target separata: candidato A CONTENUTO, dichiarato — LC_UUID/firma; il pin nasce da QUESTA build)
guardia disco: Data 8G prima di batteria
promozione batteria: rc=0 (da promo-out/batteria.rc) · 1748/0/2 · inventario: baseline s125 + 2 denti (dichiarati: nessun_sorgente_rs_oltre_cap rczval_pattern_resta_nel_funnel)
promozione batteria: debug_backtrace_array_fields VERDE
promozione: churn batteria neutralizzato (build ricetta → 19a2faa83a492745 al byte)
promozione: PIN phpr s181 = 19a2faa83a492745 (smoke parità 2 modi OK, stash phpr-s181, registrato+committato). I gate del protocollo (batteria/corpus/fixture/micro) restano dovuti.
guardia disco: Data 11G prima di corpus
promozione corpus-gate: rc=0 — nomi==congelato (1412), CONTENUTO==golden, off-on zero (ZERO flip come atteso: L-CR1 a semantica identica per costruzione)
promozione fixture chain: rc=0 (10 gate: hc1 move recv fx20 fx21 w9 preg teardown stash backtrace)
promozione gate fxce: oracle==pin BYTE-ID (12 forme class/interface/trait_exists)
promozione gate sonda-bt: pin==stash s180 BYTE-ID (contratto autoload/backtrace §3.25 invariato)
promozione gate fxrefl: pin==stash s180 BYTE-ID (contratto __reflect_* L-RF2 invariato)
promozione gate fxam: oracle==pin BYTE-ID (20 forme array_map v2, fast E pieno)
promozione gate fxaf: oracle==pin BYTE-ID (13 forme array_filter, fast E pieno)
promozione gate fxsm: oracle==pin BYTE-ID (forme string-callable, fast E pieno — presidio L-AM2)
promozione gate fxsmdiv: pin==stash s180 BYTE-ID (3 divergenze §3.26 PRE-esistenti INVARIATE)
promozione gate fxau: oracle==pin BYTE-ID (10 forme loader array-callable — presidio L-AU1)
promozione gate fxaudiv: pin==stash s180 BYTE-ID (divergenza §3.27 PRE-esistente INVARIATA)
promozione gate fxmck: oracle==pin BYTE-ID (method-call k=3/k=5 — presidio L-MCk (S-166: ==oracle))
promozione gate fxmc: pin==stash s180 BYTE-ID (method-call fast path L-MC1 (S-165) invariato)
promozione gate fxmc2: pin==stash s180 BYTE-ID (§3.28 ordine SEND_VAR_EX/dtor temp PRE-esistente INVARIATO)
promozione gate fxmc2fib: pin==stash s180 BYTE-ID (§3.29 Fiber non final PRE-esistente INVARIATO)
promozione gate fxsl1: oracle==pin BYTE-ID (presidio DIRETTO L-SL1: overflow/shift/Div/Mod/Pow/Ref/Double/stringa/null/bool/dst==l/typed-ref/IncDec limiti/CmpJmpSC 8 forme)
promozione gate fxsl1div: pin==stash s180 BYTE-ID (forme con diag §3.11/§3.13 PRE-esistenti INVARIATE)
promozione gate fxsl2: oracle==pin BYTE-ID (presidio DIRETTO L-SL2 (forme P1 in loop a 2 iterazioni = IC calda): P1 bigramma fuso e P2 BinarySTDst — overflow/shift/Div/Mod/Pow/Concat/Double/stringa/null/bool/Ref/typed int-float/readonly (anche in scope)/private/hook set/__set/ereditata/dinamica)
promozione gate fxsl2div: pin==stash s180 BYTE-ID (§3.30 default float da literal int PRE-esistente INVARIATO)
promozione gate fxsl3: oracle==pin BYTE-ID (presidio DIRETTO fetta 3 (loop a 2 = IC calda): P3 peephole $s OP= $o->x e P4 borrow unico recv==slot — overflow/shift/Div/Mod/Pow/Concat/Double/stringa/null/bool/Ref/typed-ref/__get/hook get/enum/dinamica/dst==slot/controlli negativi)
promozione gate fxsl3div: pin==stash s180 BYTE-ID (§3.32 riga del Deprecated prop dinamica PRE-esistente INVARIATA)
promozione gate fxsw1: oracle==pin BYTE-ID (presidio DIRETTO Sweep-in-op: ordine statement/distruttori dopo gli op fusi in place, forme fuori dominio (Double/null/concat/overflow/div), P3/P1/P4 con nota a monte, sweep light e finestra main, IN_DESTRUCTOR, pressione GC; back-edge fuso: for Long/Int, miss (Double/str/CmpJmpSS/const-lhs/step2/while), overflow al bordo)
promozione gate fxcr1: oracle==pin BYTE-ID (presidio DIRETTO L-CR1 (S-181): arità esatta (ip=1), troppo pochi argomenti (ArgumentCountError Zend su funzione/metodo/statico/3-arietà), surplus+func_get_args, default, by-ref, ricorsione, dtor a fine frame, metodi IC/ereditati, closure/dinamica/cuf/cufa, hint, Ref che decade)
promozione E2 calma CPU: tentativo 1 FALLITO (campioni: 236 257 362 141 %)
promozione E2 calma CPU: tentativo 2 FALLITO (campioni: 168 54 85 54 %)
promozione E2 calma CPU: tentativo 3 FALLITO (campioni: 209 244 266 67 %)
promozione E2 calma CPU: tentativo 4 FALLITO (campioni: 154 130 184 232 %)
promozione E2 calma CPU: tentativo 5 FALLITO (campioni: 141 184 86 99 %)
promozione E2 calma CPU: tentativo 6 FALLITO (campioni: 146 337 213 130 %)
promozione E2 calma CPU: tentativo 7 FALLITO (campioni: 172 126 149 124 %)
promozione E2 calma CPU: PASS al tentativo 8 (campioni: 114 120 125 128 %)
promozione quiescenza: PASS al tentativo 3
promozione micro pin s181: rapporto_arith=2.1  [derivata: companion 0.92/0.43] rapporto_prop=2.3  [derivata: companion 0.95/0.42] rapporto_calls=4.0  [derivata: companion 1.82/0.45] rapporto_str=4.1  [derivata: companion 0.61/0.15] rapporto_arr=2.8  [derivata: companion 0.84/0.30] rapporto_re=2.6  [derivata: companion 0.92/0.36] 
conferma post-pin calls-dq (pin s181 vs stash s180, stessa toolchain): D=+8.00 rumore=0.67 segni=5/5 A=98.50 B=90.50 ns/iter (N=60000000 dal driver) (attesa: D ≈ cifra dell'A/B cr1)
conferma post-pin prop-dq (guardia, pin s181 vs stash s180): D=+2.47 rumore=0.20 segni=5/5 A=34.07 B=31.60 ns/iter (N=150000000 dal driver) (attesa |D| < 1: sola lettura)
promozione gate ORM: fail-set per NOME == baseline (16 nomi) · Tests: 3484, Assertions: 11989, Errors: 3, Failures: 13, Skipped: 59, Incomplete: 2. · orm.rc=2 (exit PHPUnit, non gate)
promozione gate http-kernel: 0E/0F · Tests: 1665, Assertions: 3850, PHPUnit Warnings: 2, Warnings: 5, Deprecations: 128. · hk.rc=1 (exit PHPUnit per warning/deprecation: il gate è sul summary — rilievo 4 S-180, dichiarato)
promozione server: PIN server s181 = b2802f08c5887e77 @ 45e41174 (smoke OK, stashato, registrato+committato). pin phpr INVARIATO (19a2faa83a492745)
PROMOZIONE COMPLETA rc=0 (da promo-out/rcb): pin s181 = 19a2faa83a492745
