micro-baseline: il rapporto phpr/oracle PER CATEGORIA (la spina dorsale, S-97.0)
grade=VERDICT  # R=5 ripetizioni per lato, mediana E spread pubblicati; l'effetto misurato
  e' di ordine 10x, cioe' tre ordini di grandezza sopra la risoluzione del cronometro
formato=ascii-nudo
oracle=8.5.7 jit=disable
phpr=d0b01362433b3039
ripetizioni=5
metodo=user CPU di /usr/bin/time -p, AL NETTO del pavimento di avvio misurato
  sullo stesso binario con uno script vuoto (i due pavimenti sono DIVERSI)
pavimento_oracle_s=0.05
pavimento_phpr_s=0.02

arith_oracle_netto_s=0.43
arith_phpr_netto_s=5.27
rapporto_arith=12.3  [derivata: companion 5.27/0.43]
arith_spread_oracle_s=0.02  arith_spread_phpr_s=0.04
prop_oracle_netto_s=0.42
prop_phpr_netto_s=4.83
rapporto_prop=11.5  [derivata: companion 4.83/0.42]
prop_spread_oracle_s=0.00  prop_spread_phpr_s=0.06
calls_oracle_netto_s=0.44
calls_phpr_netto_s=3.26
rapporto_calls=7.4  [derivata: companion 3.26/0.44]
calls_spread_oracle_s=0.03  calls_spread_phpr_s=0.05
str_oracle_netto_s=0.16
str_phpr_netto_s=1.06
rapporto_str=6.6  [derivata: companion 1.06/0.16]
str_spread_oracle_s=0.00  str_spread_phpr_s=0.01
arr_oracle_netto_s=0.29
arr_phpr_netto_s=1.28
rapporto_arr=4.4  [derivata: companion 1.28/0.29]
arr_spread_oracle_s=0.01  arr_spread_phpr_s=0.03
re_oracle_netto_s=0.36
re_phpr_netto_s=1.32
rapporto_re=3.7  [derivata: companion 1.32/0.36]
re_spread_oracle_s=0.01  re_spread_phpr_s=0.03
