peak-ab-audit-verdetto: S-103 punto 1 — AUDIT DELLA FINESTRA (A-GR-104-2 ∘
A-LE-104-5, Concilio WP-104, VINCOLANTE) applicato all'A/B peak S-99↔S-100
lanciato in S-102 (peak-ab-out/, ab.done rc=0 15:23:22).
grade=AUDIT-VERDICT
pin_A=52330330873f0132 (s99-sigillo) pin_B=f29883eb432806ce (s100-fix)

# ---- coppie adiacenti PUBBLICATE (braccio 1 dell'audit) ----
# coppia1 A=1940,47 B=1974,44 delta=+33,97
# coppia2 A=1863,86 B=1875,00 delta=+11,14
# coppia3 A=1850,10 B=1922,92 delta=+72,83
# coppia4 A=1852,41 B=1889,97 delta=+37,56
# coppia5 A=1853,14 B=1905,10 delta=+51,95
# mediane: A=1853,14 B=1905,10 delta_mediane=+51,95
# spread_A=90,38 spread_B=99,44 (fase-1: 34,64)

# ---- i tre bracci dell'audit ----
# 1) segni opposti: 0/5 (soglia >=3/5 per ripetere: NON innescata;
#    anzi 5/5 STESSO SEGNO B>A — indizio di crescita reale)
# 2) tetto spread: 90,38 e 99,44 > 1,5 x 34,64 = 51,96  ==> **VOID**
#    Il verdetto meccanico del launcher («RUMORE, |delta|<=banda») usava
#    come banda lo SPREAD INTRA-RUN (99,44) — l'emendamento WP-104,
#    pre-registrato PRIMA della lettura, impone il confronto con la banda
#    fase-1: uno spread doppio della taratura non puo' giudicare.
# 3) zona marginale: +51,95 in (34,64, 69,28] ==> comunque R>=7.

VERDETTO DELL'AUDIT: **RUN VOID (tetto spread) — la voce NON si chiude.**
La riga «RUMORE: voce CHIUSA» di ab-verdetto.out NON e' citabile.

# ---- diagnosi del rumore (indizio, per il protocollo del rerun) ----
# La coppia 1 e' ~85 MiB sopra le successive su ENTRAMBI i bracci
# (1940/1974 vs ~1852/1890): warmup a freddo del primo giro che gonfia
# gli spread. Escludendola (esercizio, NON verdetto) gli spread caleREBBERO
# a ~13,8 (A) / ~47,9 (B).

# ---- PROTOCOLLO RERUN (pre-registrato QUI, prima del lancio) ----
# - ABAB interleaved, stessi pin, modo off/off, R=7 per braccio;
# - UN giro full di WARMUP (non misurato, scartato per costruzione)
#   PRIMA della coppia 1 — pre-registrato ora, non post-hoc;
# - stessa regola di giudizio: |delta_mediane| vs banda fase-1 34,64;
#   tetto spread 1,5x fase-1 (51,96) pena VOID; coppie adiacenti
#   pubblicate; zona marginale gia' consumata dal passaggio a R=7.
# - lancio DETACHED a fine S-103 (nessun'altra run pesante in parallelo).
