array(2) {
  [7]=>
  int(2)
  ["c"]=>
  int(3)
}
array(3) {
  [0]=>
  int(1)
  [4]=>
  string(1) "x"
  [9]=>
  string(2) "00"
}
array(2) {
  ["aa"]=>
  int(1)
  ["ccc"]=>
  int(3)
}
array(2) {
  ["a"]=>
  int(5)
  ["c"]=>
  int(7)
}
array(2) {
  [0]=>
  string(1) "1"
  [2]=>
  string(1) "0"
}
array(2) {
  [0]=>
  int(1)
  [2]=>
  int(3)
}
array(2) {
  [0]=>
  int(1)
  [2]=>
  int(3)
}
caught: boom2
array(0) {
}
array(2) {
  [2]=>
  int(3)
  [3]=>
  int(4)
}
array(2) {
  [0]=>
  int(1)
  [1]=>
  int(2)
}
array(2) {
  [1]=>
  int(1)
  [2]=>
  int(2)
}
array(4) {
  [9]=>
  string(1) "a"
  [3]=>
  string(1) "b"
  ["z"]=>
  int(0)
  [11]=>
  string(1) "c"
}
FXAF-END
