array(3) {
  ["a"]=>
  int(2)
  ["b"]=>
  int(4)
  [7]=>
  int(6)
}
ArgumentCountError
array(2) {
  ["x"]=>
  string(2) "AB"
  ["y"]=>
  string(2) "CD"
}
array(2) {
  [0]=>
  int(6)
  [1]=>
  int(8)
}
array(2) {
  ["k"]=>
  int(9)
  [0]=>
  int(10)
}
array(3) {
  [0]=>
  array(2) {
    [0]=>
    int(1)
    [1]=>
    string(1) "a"
  }
  [1]=>
  array(2) {
    [0]=>
    int(2)
    [1]=>
    string(1) "b"
  }
  [2]=>
  array(2) {
    [0]=>
    NULL
    [1]=>
    string(1) "c"
  }
}
array(3) {
  [0]=>
  string(3) "1-x"
  [1]=>
  string(3) "2-y"
  [2]=>
  string(2) "3-"
}
array(2) {
  [0]=>
  int(1)
  [1]=>
  int(1)
}
array(2) {
  [0]=>
  int(-7)
  [1]=>
  int(-8)
}
array(0) {
}
caught: boom2
array(2) {
  [0]=>
  int(11)
  [1]=>
  int(12)
}
array(2) {
  [0]=>
  int(101)
  [1]=>
  int(102)
}
bool(true)
bool(true)
int(3)
bool(true)
int(6)
array(2) {
  [0]=>
  int(6)
  [1]=>
  int(7)
}
array(2) {
  [0]=>
  string(3) "1:7"
  [1]=>
  string(3) "1:8"
}
array(2) {
  [0]=>
  int(0)
  [1]=>
  int(1)
}
array(2) {
  [0]=>
  int(51)
  [1]=>
  int(52)
}
array(2) {
  [0]=>
  int(2)
  [1]=>
  int(3)
}
array(2) {
  [0]=>
  int(1)
  [1]=>
  int(2)
}
FXAM-END
