micro-baseline: il rapporto phpr/oracle PER CATEGORIA (la spina dorsale, S-97.0)
grade=VERDICT  # R=5 ripetizioni per lato, mediana E spread pubblicati; l'effetto misurato
  e' di ordine 10x, cioe' tre ordini di grandezza sopra la risoluzione del cronometro
formato=ascii-nudo
oracle=8.5.7 jit=disable
phpr=fea4a2d040a0d8d0
ripetizioni=5
metodo=user CPU di /usr/bin/time -p, AL NETTO del pavimento di avvio misurato
  sullo stesso binario con uno script vuoto (i due pavimenti sono DIVERSI)
pavimento_oracle_s=0.05
pavimento_phpr_s=0.02

arith_N_iter=50000000
arith_oracle_netto_s=0.43
arith_phpr_netto_s=2.35
rapporto_arith=5.5  [derivata: companion 2.35/0.43]
arith_spread_oracle_s=0.00  arith_spread_phpr_s=0.02
prop_N_iter=30000000
prop_oracle_netto_s=0.42
prop_phpr_netto_s=2.32
rapporto_prop=5.5  [derivata: companion 2.32/0.42]
prop_spread_oracle_s=0.00  prop_spread_phpr_s=0.04
calls_N_iter=20000000
calls_oracle_netto_s=0.45
calls_phpr_netto_s=2.12
rapporto_calls=4.7  [derivata: companion 2.12/0.45]
calls_spread_oracle_s=0.01  calls_spread_phpr_s=0.02
str_N_iter=4000000
str_oracle_netto_s=0.15
str_phpr_netto_s=0.63
rapporto_str=4.2  [derivata: companion 0.63/0.15]
str_spread_oracle_s=0.00  str_spread_phpr_s=0.01
arr_N_iter=100000
arr_oracle_netto_s=0.29
arr_phpr_netto_s=0.92
rapporto_arr=3.2  [derivata: companion 0.92/0.29]
arr_spread_oracle_s=0.02  arr_spread_phpr_s=0.01
re_N_iter=2000000
re_oracle_netto_s=0.36
re_phpr_netto_s=0.92
rapporto_re=2.6  [derivata: companion 0.92/0.36]
re_spread_oracle_s=0.01  re_spread_phpr_s=0.02
