== s157 coppia WP full+media sul pin s156 tentativo=t7 (criteri s132/s146/s148 EREDITATI + s157-criterio-pair-t7.md: giudizio a MEDIANA per finestra, az.rev.3 S-149) ==
grade=VERDICT  # derivazione meccanica dai .time; rc autoritativo = pair-out/pair157-t7.done
# full: cpu=user+sys (etichettato); media: CANONICA=user-only + companion (az.rev. S-128 #3)
# az.rev. S-131 #3: riferimento PER CONFIGURAZIONE, ON-ONLY = canonico; firma per gamba
# az.rev. S-136 #2: lettura firma PRE-REGISTRATA: >150% med MOTORE = SPORCA (esclusa); 120-150% = ELEVATA (nel canone, annotata); <=120% pulita
quiescenza warmup: rc=0 (file: pair-out/quiesce-t7-warmup.rc)
quiescenza leg1-on: rc=0 (file: pair-out/quiesce-t7-leg1-on.rc)
quiescenza leg2-on: rc=0 (file: pair-out/quiesce-t7-leg2-on.rc)
quiescenza leg3-on: rc=0 (file: pair-out/quiesce-t7-leg3-on.rc)
quiescenza leg4-on: rc=0 (file: pair-out/quiesce-t7-leg4-on.rc)
quiescenza leg5-on: rc=0 (file: pair-out/quiesce-t7-leg5-on.rc)
quiescenza leg6-on: rc=0 (file: pair-out/quiesce-t7-leg6-on.rc)
leg1-on: ictx/s oracle=1335 phpr=143  contesa ok
  firma leg1-on: ictx%med oracle=106% phpr=80% rank_cpu_oracle=1/6 (1=piu' veloce)
leg2-on: ictx/s oracle=1177 phpr=216  contesa ok
  firma leg2-on: ictx%med oracle=94% phpr=120% rank_cpu_oracle=3/6 (1=piu' veloce)  ELEVATA(120-150% med MOTORE: resta nel canone, annotata — az.rev. S-136 #2)
leg3-on: ictx/s oracle=1259 phpr=350  SEGNALATA(>1,5x med MOTORE)
  firma leg3-on: ictx%med oracle=100% phpr=195% rank_cpu_oracle=5/6 (1=piu' veloce)
leg4-on: ictx/s oracle=1254 phpr=239  contesa ok
  firma leg4-on: ictx%med oracle=100% phpr=133% rank_cpu_oracle=6/6 (1=piu' veloce)  ELEVATA(120-150% med MOTORE: resta nel canone, annotata — az.rev. S-136 #2)
leg5-on: ictx/s oracle=1339 phpr=126  contesa ok
  firma leg5-on: ictx%med oracle=107% phpr=70% rank_cpu_oracle=2/6 (1=piu' veloce)
leg6-on: ictx/s oracle=1166 phpr=119  contesa ok
  firma leg6-on: ictx%med oracle=93% phpr=66% rank_cpu_oracle=4/6 (1=piu' veloce)
ictx_s_mediana_oracle=1256 ictx_s_mediana_phpr=180  # PER MOTORE
gambe pulite: ['leg1-on', 'leg2-on', 'leg4-on', 'leg5-on', 'leg6-on']
leg1-on: full_oracle_cpu=437.10 full_phpr_cpu=784.66 proprio=1.795 peak_phpr_MiB=1818.9
leg2-on: full_oracle_cpu=442.69 full_phpr_cpu=803.32 proprio=1.815 peak_phpr_MiB=1733.6
leg3-on: full_oracle_cpu=443.87 full_phpr_cpu=828.78 proprio=1.867 peak_phpr_MiB=1813.4
leg4-on: full_oracle_cpu=446.06 full_phpr_cpu=814.14 proprio=1.825 peak_phpr_MiB=1752.8
leg5-on: full_oracle_cpu=437.42 full_phpr_cpu=785.26 proprio=1.795 peak_phpr_MiB=1819.4
leg6-on: full_oracle_cpu=442.86 full_phpr_cpu=782.64 proprio=1.767 peak_phpr_MiB=1828.6
replica_peak_senza_inserzione (p.5): leg1-on=1818.9 leg2-on=1733.6 leg3-on=1813.4 leg4-on=1752.8 leg5-on=1819.4 leg6-on=1828.6
replica_peak lettura: esito MISTO -> nessuna firma, si dichiara
matrice full (gambe PULITE) phpr(riga)/oracle(colonna):
  leg1-on/leg1-on=1.795  leg1-on/leg2-on=1.772  leg1-on/leg4-on=1.759  leg1-on/leg5-on=1.794  leg1-on/leg6-on=1.772
  leg2-on/leg1-on=1.838  leg2-on/leg2-on=1.815  leg2-on/leg4-on=1.801  leg2-on/leg5-on=1.836  leg2-on/leg6-on=1.814
  leg4-on/leg1-on=1.863  leg4-on/leg2-on=1.839  leg4-on/leg4-on=1.825  leg4-on/leg5-on=1.861  leg4-on/leg6-on=1.838
  leg5-on/leg1-on=1.797  leg5-on/leg2-on=1.774  leg5-on/leg4-on=1.760  leg5-on/leg5-on=1.795  leg5-on/leg6-on=1.773
  leg6-on/leg1-on=1.791  leg6-on/leg2-on=1.768  leg6-on/leg4-on=1.755  leg6-on/leg5-on=1.789  leg6-on/leg6-on=1.767
full_intervallo_PULITO_misto=1.755-1.863  # companion (miscela config)
coppie_proprie_PULITE_miste=1.767-1.825 (N=5)
coppie_proprie_user_only_miste=1.773-1.827
full_on_only_coppie_proprie=1.767-1.825 (N=5) CANONICO
full_on_only_intervallo=1.755-1.863
mediana_t7=1.795 (N=5 coppie proprie ON PULITE; mediane storiche t1=1.799 t2=1.738 t3=1.789 t4=1.781 t5=1.757 t6=1.771)
giudizio_MEDIANA (canonico, criterio t7 p.2): COMPATIBILE (mediana in [1.738; 1.799]) — nessun claim
companion banda-unione (descrittivo): coppie in [1.722-1.823]: 4/5
banda_ON_fondata=0.058 (max-min di N=5 coppie proprie ON PULITE; unione finestre nel verdetto di sessione)
media_leg1-on: user_only_CANONICA=2.490 user+sys_companion=2.455
media_leg2-on: user_only_CANONICA=2.467 user+sys_companion=2.432
media_leg3-on: user_only_CANONICA=2.600 user+sys_companion=2.571 (SEGNALATA)
media_leg4-on: user_only_CANONICA=2.577 user+sys_companion=2.554
media_leg5-on: user_only_CANONICA=2.579 user+sys_companion=2.540
media_leg6-on: user_only_CANONICA=2.459 user+sys_companion=2.415
parita_leg1-on: media=OK(vuoto) full=OK(solo wp_is_stream #2)
parita_leg2-on: media=OK(vuoto) full=OK(solo wp_is_stream #2)
parita_leg3-on: media=OK(vuoto) full=OK(solo wp_is_stream #2)
parita_leg4-on: media=OK(vuoto) full=OK(solo wp_is_stream #2)
parita_leg5-on: media=OK(vuoto) full=OK(solo wp_is_stream #2)
parita_leg6-on: media=OK(vuoto) full=OK(solo wp_is_stream #2)
deriva_test: gambe pulite N=5 < 6 -> SOTTO-CAMPIONATO, nessuna soglia applicata (s148 p.4)
