== s162 coppia WP full+media sul pin s161 MISURATO phpr=ec0a636ad0c42005 server=cad5cf83fa2309c9 tentativo=t12 (criteri s132/s146/s148 EREDITATI + s162-criterio-pair-t12.md: giudizio a MEDIANA per finestra, az.rev.3 S-149) ==
grade=VERDICT  # derivazione meccanica dai .time; rc autoritativo = pair-out/pair162-t12.done
# full: cpu=user+sys (etichettato); media: CANONICA=user-only + companion (az.rev. S-128 #3)
# az.rev. S-131 #3: riferimento PER CONFIGURAZIONE, ON-ONLY = canonico; firma per gamba
# az.rev. S-136 #2: lettura firma PRE-REGISTRATA: >150% med MOTORE = SPORCA (esclusa); 120-150% = ELEVATA (nel canone, annotata); <=120% pulita
quiescenza warmup: rc=0 (file: pair-out/quiesce-t12-warmup.rc)
quiescenza leg1-on: rc=0 (file: pair-out/quiesce-t12-leg1-on.rc)
quiescenza leg2-on: rc=0 (file: pair-out/quiesce-t12-leg2-on.rc)
quiescenza leg3-on: rc=0 (file: pair-out/quiesce-t12-leg3-on.rc)
quiescenza leg4-on: rc=0 (file: pair-out/quiesce-t12-leg4-on.rc)
quiescenza leg5-on: rc=0 (file: pair-out/quiesce-t12-leg5-on.rc)
quiescenza leg6-on: rc=0 (file: pair-out/quiesce-t12-leg6-on.rc)
leg1-on: ictx/s oracle=1134 phpr=60  contesa ok
  firma leg1-on: ictx%med oracle=100% phpr=100% rank_cpu_oracle=3/6 (1=piu' veloce)
leg2-on: ictx/s oracle=1133 phpr=60  contesa ok
  firma leg2-on: ictx%med oracle=100% phpr=100% rank_cpu_oracle=1/6 (1=piu' veloce)
leg3-on: ictx/s oracle=1135 phpr=65  contesa ok
  firma leg3-on: ictx%med oracle=100% phpr=109% rank_cpu_oracle=6/6 (1=piu' veloce)
leg4-on: ictx/s oracle=1131 phpr=58  contesa ok
  firma leg4-on: ictx%med oracle=100% phpr=97% rank_cpu_oracle=5/6 (1=piu' veloce)
leg5-on: ictx/s oracle=1167 phpr=72  contesa ok
  firma leg5-on: ictx%med oracle=103% phpr=120% rank_cpu_oracle=4/6 (1=piu' veloce)
leg6-on: ictx/s oracle=1128 phpr=54  contesa ok
  firma leg6-on: ictx%med oracle=99% phpr=89% rank_cpu_oracle=2/6 (1=piu' veloce)
ictx_s_mediana_oracle=1134 ictx_s_mediana_phpr=60  # PER MOTORE
gambe pulite: ['leg1-on', 'leg2-on', 'leg3-on', 'leg4-on', 'leg5-on', 'leg6-on']
leg1-on: full_oracle_cpu=440.47 full_phpr_cpu=775.09 proprio=1.760 peak_phpr_MiB=1776.5
leg2-on: full_oracle_cpu=439.62 full_phpr_cpu=775.19 proprio=1.763 peak_phpr_MiB=1772.7
leg3-on: full_oracle_cpu=441.11 full_phpr_cpu=781.11 proprio=1.771 peak_phpr_MiB=1773.2
leg4-on: full_oracle_cpu=440.98 full_phpr_cpu=776.15 proprio=1.760 peak_phpr_MiB=1772.7
leg5-on: full_oracle_cpu=440.63 full_phpr_cpu=783.47 proprio=1.778 peak_phpr_MiB=1763.4
leg6-on: full_oracle_cpu=440.38 full_phpr_cpu=779.66 proprio=1.770 peak_phpr_MiB=1834.3
replica_peak_senza_inserzione (p.5): leg1-on=1776.5 leg2-on=1772.7 leg3-on=1773.2 leg4-on=1772.7 leg5-on=1763.4 leg6-on=1834.3
replica_peak lettura: esito MISTO -> nessuna firma, si dichiara
matrice full (gambe PULITE) phpr(riga)/oracle(colonna):
  leg1-on/leg1-on=1.760  leg1-on/leg2-on=1.763  leg1-on/leg3-on=1.757  leg1-on/leg4-on=1.758  leg1-on/leg5-on=1.759  leg1-on/leg6-on=1.760
  leg2-on/leg1-on=1.760  leg2-on/leg2-on=1.763  leg2-on/leg3-on=1.757  leg2-on/leg4-on=1.758  leg2-on/leg5-on=1.759  leg2-on/leg6-on=1.760
  leg3-on/leg1-on=1.773  leg3-on/leg2-on=1.777  leg3-on/leg3-on=1.771  leg3-on/leg4-on=1.771  leg3-on/leg5-on=1.773  leg3-on/leg6-on=1.774
  leg4-on/leg1-on=1.762  leg4-on/leg2-on=1.766  leg4-on/leg3-on=1.760  leg4-on/leg4-on=1.760  leg4-on/leg5-on=1.761  leg4-on/leg6-on=1.762
  leg5-on/leg1-on=1.779  leg5-on/leg2-on=1.782  leg5-on/leg3-on=1.776  leg5-on/leg4-on=1.777  leg5-on/leg5-on=1.778  leg5-on/leg6-on=1.779
  leg6-on/leg1-on=1.770  leg6-on/leg2-on=1.773  leg6-on/leg3-on=1.767  leg6-on/leg4-on=1.768  leg6-on/leg5-on=1.769  leg6-on/leg6-on=1.770
full_intervallo_PULITO_misto=1.757-1.782  # companion (miscela config)
coppie_proprie_PULITE_miste=1.760-1.778 (N=6)
coppie_proprie_user_only_miste=1.769-1.780
full_on_only_coppie_proprie=1.760-1.778 (N=6) CANONICO
full_on_only_intervallo=1.757-1.782
mediana_t12=1.767 (N=6 coppie proprie ON PULITE; mediane storiche t1=1.799 t2=1.738 t3=1.789 t4=1.781 t5=1.757 t6=1.771 t7=1.795 t8=1.754 t9=1.767 t10=1.760 t11=1.765)
giudizio_MEDIANA (canonico, criterio t12 p.2): COMPATIBILE (mediana in [1.738; 1.799]) — nessun claim
companion banda-unione (descrittivo): coppie in [1.722-1.823]: 6/6
banda_ON_fondata=0.018 (max-min di N=6 coppie proprie ON PULITE; unione finestre nel verdetto di sessione)
media_leg1-on: user_only_CANONICA=2.439 user+sys_companion=2.395
media_leg2-on: user_only_CANONICA=2.445 user+sys_companion=2.405
media_leg3-on: user_only_CANONICA=2.426 user+sys_companion=2.387
media_leg4-on: user_only_CANONICA=2.443 user+sys_companion=2.394
media_leg5-on: user_only_CANONICA=2.437 user+sys_companion=2.390
media_leg6-on: user_only_CANONICA=2.441 user+sys_companion=2.393
parita_leg1-on: media=OK(vuoto) full=OK(solo wp_is_stream #2)
parita_leg2-on: media=OK(vuoto) full=OK(solo wp_is_stream #2)
parita_leg3-on: media=OK(vuoto) full=OK(solo wp_is_stream #2)
parita_leg4-on: media=OK(vuoto) full=OK(solo wp_is_stream #2)
parita_leg5-on: media=OK(vuoto) full=OK(solo wp_is_stream #2)
parita_leg6-on: media=OK(vuoto) full=OK(solo wp_is_stream #2)
deriva_test (s148 p.4, N=6 critico 0,829): rho_A(leg,peak)=-0.086 -> nessuna firma di deriva; rho_B(peak,rapporto)=-0.314 -> accoppiamento NON confermato
sentinella language-server inizio finestra (az.rev. S-157 #4): /Applications/Antigravity /Users/francescotinti/.local/share/uv/tools/serena-agent/bin/python3 /Users/francescotinti/.rustup/toolchains/1.96.0-aarch64-apple-darwin/libexec/rust-analyzer-proc-macro-srv /Users/francescotinti/.rustup/toolchains/stable-aarch64-apple-darwin/bin/rust-analyzer 
sentinella language-server fine finestra: /Applications/Antigravity /Users/francescotinti/.local/share/uv/tools/serena-agent/bin/python3 /Users/francescotinti/.rustup/toolchains/1.96.0-aarch64-apple-darwin/libexec/rust-analyzer-proc-macro-srv /Users/francescotinti/.rustup/toolchains/stable-aarch64-apple-darwin/bin/rust-analyzer 
