lock CI: presente (finestra di sessione, non lo tocco)
promozione: build ricetta riproduce il candidato 20c63af44bfd077a AL BYTE
promozione batteria: rc=0 (da promo-out/batteria.rc) · 1748/0/2 · inventario: baseline s125 + i DUE denti dichiarati (rczval + loc_dente A4)
promozione batteria: debug_backtrace_array_fields VERDE
promozione: churn batteria neutralizzato (build ricetta → 20c63af44bfd077a al byte)
promozione: PIN phpr s162 = 20c63af44bfd077a (smoke parità 2 modi OK, stash phpr-s162, registrato+committato). I gate del protocollo (batteria/corpus/fixture/micro) restano dovuti.
promozione corpus-gate: rc=0 — nomi==congelato (1412), CONTENUTO==golden, off-on zero (ZERO flip come atteso, L-AM2)
promozione fixture chain: rc=0 (10 gate: hc1 move recv fx20 fx21 w9 preg teardown stash backtrace)
promozione gate fx-ce: oracle==pin BYTE-ID (12 forme class/interface/trait_exists)
promozione gate sonda-bt: pin==stash s161 BYTE-ID (contratto autoload/backtrace §3.25 invariato — presidio L-AL2 ereditato)
promozione gate fx-refl: pin==stash s161 BYTE-ID (contratto __reflect_* L-RF2 invariato)
promozione gate fx-am: oracle==pin BYTE-ID (20 forme array_map v2, fast E pieno)
promozione gate fx-af: oracle==pin BYTE-ID (13 forme array_filter, fast E pieno)
promozione gate fx-sm: oracle==pin BYTE-ID (forme string-callable, fast E pieno — presidio DIRETTO L-AM2)
promozione gate fx-sm-div: pin==stash s161 BYTE-ID (2 divergenze PRE-esistenti INVARIATE, a catalogo)
promozione quiescenza: PASS al tentativo 1
promozione micro pin s162: rapporto_arith=5.5  [derivata: companion 2.35/0.43] rapporto_prop=5.5  [derivata: companion 2.31/0.42] rapporto_calls=4.8  [derivata: companion 2.12/0.44] rapporto_str=4.2  [derivata: companion 0.63/0.15] rapporto_arr=3.1  [derivata: companion 0.93/0.30] rapporto_re=2.5  [derivata: companion 0.93/0.37] 
conferma post-pin m-strmap (pin s162 vs stash s161, drift-tree da dichiarare): D=+68.0 rumore=1.0 segni=5/5 A=168.0 B=100.0 (attesa: segno +, D nell'intorno di +65,0 ± rumore+drift; rev. S-161 #5: rumore > attesa/2 = 32,5 ⇒ SOLO SEGNO)
promozione gate ORM: fail-set per NOME == baseline (16 nomi) · Tests: 3484, Assertions: 11989, Errors: 3, Failures: 13, Skipped: 59, Incomplete: 2.
promozione gate http-kernel: 0E/0F · Tests: 1665, Assertions: 3850, PHPUnit Warnings: 2, Warnings: 5, Deprecations: 128.
promozione server: PIN server s162 = f6d4a63b23b963da @ d1298e5a (smoke OK, stashato, registrato+committato). pin phpr INVARIATO (20c63af44bfd077a)
PROMOZIONE COMPLETA rc=0 (da promo-out/rcb): pin s162 = 20c63af44bfd077a
