== s162 coppia dbal+ORM (pin s161 MISURATO ec0a636ad0c42005 vs oracle 8.5.7; criterio s162-criterio-orm.md) ==
# estrazione summ/names con LC_ALL=C + grep -a (fix az.rev. S-155 #4); reperto conteggi dbal phpr vs oracle A VERBALE (companion, non arbitra)
# ADATTAMENTI (i)-(iii) dall'istruttoria p.1 + az.rev. S-159 #1: rodaggio non giudicante, quiescenza per gamba, scaletta a due estremi
sentinella language-server inizio finestra (az.rev. S-157 #4): /Applications/Antigravity /Users/francescotinti/.local/share/uv/tools/serena-agent/bin/python3 /Users/francescotinti/.rustup/toolchains/1.96.0-aarch64-apple-darwin/libexec/rust-analyzer-proc-macro-srv /Users/francescotinti/.rustup/toolchains/stable-aarch64-apple-darwin/bin/rust-analyzer 
sentinella language-server fine finestra: /Applications/Antigravity /Users/francescotinti/.local/share/uv/tools/serena-agent/bin/python3 /Users/francescotinti/.rustup/toolchains/1.96.0-aarch64-apple-darwin/libexec/rust-analyzer-proc-macro-srv /Users/francescotinti/.rustup/toolchains/stable-aarch64-apple-darwin/bin/rust-analyzer 
rodaggio (NON giudicato, companion istruttoria) ictx/s: orm_oracle=18.8 orm_phpr=6.0 dbal_oracle=217.8 dbal_phpr=7.0
quiescenza orm-leg1: rc=0 (file: orm-out/quiesce-orm-leg1.rc)
quiescenza dbal-leg1: rc=0 (file: orm-out/quiesce-dbal-leg1.rc)
quiescenza orm-leg2: rc=0 (file: orm-out/quiesce-orm-leg2.rc)
quiescenza dbal-leg2: rc=0 (file: orm-out/quiesce-dbal-leg2.rc)
floor_user_med3 orm: oracle=0.06 phpr=0.07 · dbal: oracle=0.06 phpr=0.19 (phpunit --version, pavimento PARZIALE dichiarato)
coppia-s162 (user CPU; pavimenti PARZIALI phpunit --version: orm o=0.060 p=0.070 · dbal o=0.060 p=0.190)
grade=VERDICT  # derivazione meccanica dai .time
orm_leg1: oracle_user=4.93 (sys=0.48) phpr_user=34.58 (sys=1.24) ratio_raw=7.014 ratio_net=7.086
orm_leg2: oracle_user=4.96 (sys=0.48) phpr_user=34.54 (sys=1.19) ratio_raw=6.964 ratio_net=7.035
orm_ictx_abs: oracle1=66 phpr1=608 oracle2=75 phpr2=119
orm_ictx/s (gate emenda S-127): oracle1=12.2 phpr1=16.9 oracle2=13.8 phpr2=3.3  contesa ok
dbal_leg1: oracle_user=1.15 (sys=0.22) phpr_user=8.30 (sys=0.37) ratio_raw=7.217 ratio_net=7.440
dbal_leg2: oracle_user=1.16 (sys=0.22) phpr_user=8.32 (sys=0.37) ratio_raw=7.172 ratio_net=7.391
dbal_ictx_abs: oracle1=318 phpr1=70 oracle2=96 phpr2=62
dbal_ictx/s (gate emenda S-127): oracle1=217.8 phpr1=8.1 oracle2=69.1 phpr2=7.1  SEGNALATE(>1,5x med): ['oracle1', 'oracle2']
dbal_parita': phpr_failset_stabile=True |phpr_fail|=10 |diff_vs_oracle|=10
dbal_diff_nomi: Doctrine\DBAL\Tests\Functional\PortabilityTest::testCaseConversion with data set "lower" (Doctrine\DBAL\ColumnCase Enum (LOWER), ['test_int', 'test_string', 'test_null']) | Doctrine\DBAL\Tests\Functional\PortabilityTest::testCaseConversion with data set "upper" (Doctrine\DBAL\ColumnCase Enum (UPPER), ['TEST_INT', 'TEST_STRING', 'TEST_NULL']) | Doctrine\DBAL\Tests\Functional\PortabilityTest::testCaseConversionColumnName with data set "lower" (Doctrine\DBAL\ColumnCase Enum (LOWER), ['test_int', 'test_string', 'test_null']) | Doctrine\DBAL\Tests\Functional\PortabilityTest::testCaseConversionColumnName with data set "upper" (Doctrine\DBAL\ColumnCase Enum (UPPER), ['TEST_INT', 'TEST_STRING', 'TEST_NULL']) | Doctrine\DBAL\Tests\Functional\PortabilityTest::testFetchAllNullColumn | Doctrine\DBAL\Tests\Functional\PortabilityTest::testFetchColumn with data set "int" ('Test_Int', [1, 2]) | Doctrine\DBAL\Tests\Functional\PortabilityTest::testFetchColumn with data set "string" ('Test_String', ['foo', 'foo']) | Doctrine\DBAL\Tests\Functional\PortabilityTest::testFullFetchMode | Doctrine\DBAL\Tests\Functional\PortabilityTest::testGetDatabaseName | Doctrine\DBAL\Tests\Schema\Name\Parser\GenericNameParserTest::testValidInput with data set #11 ('schéma."übermäßigkeit".`àçcên...ràctér', [Doctrine\DBAL\Schema\Name\Identifier Object (...), Doctrine\DBAL\Schema\Name\Identifier Object (...), Doctrine\DBAL\Schema\Name\Identifier Object (...), Doctrine\DBAL\Schema\Name\Identifier Object (...), Doctrine\DBAL\Schema\Name\Identifier Object (...)])
attesa-AF1 assoluto (companion): phpr_orm_net_new=[34.47; 34.51] ref=[34.96; 35.2] Delta=[+0.45; +0.73] s
attesa-AF1 ORACLE-NORMALIZZATO (CANONICO coppia): net_norm=[34.82; 35.08] (ORA_REF=4.95, oracle_net_gambe=[4.87, 4.9]) Delta_norm=[-0.12; +0.38] s
rapporto net (companion): [7.035; 7.086] vs registrato S-160 [7.077; 7.097]
attesa-AF1: NON RISOLTA (intervallo Delta_norm a cavallo di 0.293) — si dichiara
parita': orm phpr per NOME vs baseline 16 · dbal fail-set stabile tra gambe — rc=0 (0=tutte valide)
orm  oracle1: Tests: 3484, Assertions: 12003, Skipped: 59, Incomplete: 2.
orm  phpr1:   Tests: 3484, Assertions: 11989, Errors: 3, Failures: 13, Skipped: 59, Incomplete: 2.
dbal oracle1: Tests: 3929, Assertions: 5706, Skipped: 594, Incomplete: 13.
dbal phpr1:   Tests: 3921, Assertions: 5550, Errors: 10, Skipped: 626, Incomplete: 13.
orm  oracle2: Tests: 3484, Assertions: 12003, Skipped: 59, Incomplete: 2.
orm  phpr2:   Tests: 3484, Assertions: 11989, Errors: 3, Failures: 13, Skipped: 59, Incomplete: 2.
dbal oracle2: Tests: 3929, Assertions: 5706, Skipped: 594, Incomplete: 13.
dbal phpr2:   Tests: 3921, Assertions: 5550, Errors: 10, Skipped: 626, Incomplete: 13.
== LETTURA DI SESSIONE S-162 (dichiarata, il blocco meccanico sopra resta intatto) ==
FINESTRA QUIETA CONFERMATA: ictx/s 3-17 (orm, contesa ok 4/4) e 7-218 (dbal:
punte SOLO su gambe oracle da ~1,4s con 318/96 ictx ASSOLUTI — flag da
denominatore corto, a verbale). SENTINELLA CONTAMINAZIONE (criterio p.4):
oracle net 4,87/4,90 vs rif storico 4,94-4,96 = -1,2%, DENTRO il suo
riferimento dal lato VELOCE (la contaminazione gonfia, non sgonfia) —
finestra VALIDA: la rimisura dovuta da s161 e' ASSOLTA. COMPANION ASSOLUTO
NOMINATO (rev. S-161 #3): Delta assoluto = [+0,45; +0,73] s di MIGLIORAMENTO
(net_new 34,47-34,51 vs ref 34,96-35,20) — la tensione s161 (GIU'
normalizzato con assoluto NEGATIVO) NON si ripresenta: assoluto e
normalizzato CONCORDANO (l'oracle piu' veloce assorbe nel normalizzato parte
del guadagno assoluto). attesa-AF1: NON RISOLTA per AMPIEZZA dell'intervallo
a 2 gambe ([-0,12;+0,38] a cavallo di RES=0,293), NON per contaminazione;
l'attesa a tetto [0;0,035] resta COERENTE (0 interno) — si dichiara, nessuna
chiusura. attesa-AL2 su ORM ~ZERO: COERENTE (rapporto [7,035;7,086] vs
registro s160 [7,077;7,097]: delta sotto risoluzione). REGISTRO S-162:
rapporto net ORM [7,035; 7,086] · assoluto [34,47; 34,51] · oracle
[4,87; 4,90] (rif NUOVO candidato per S-163, gambe pulite 2/2); dbal
[7,391; 7,440] CON RISERVA (gambe oracle ictx-segnalate).
