== s162-ab-am2 am2r5: A=ec0a636a MISURATO (gemello dal tree corrente s161) B=20c63af4 MISURATO R=5 ordine ALTERNATO; giudice=strmap N=10000000 elementi dichiarato; soglia=max(4, drop-1); UB dal modello PER-SITO: pavimento autoload 7,0±3,0 (rimisura s162), tetto rif arrfilter 19,0 ⇒ attesa [4;19]; BANDA SMOKE VINCOLANTE [4;19] nel giudice + emenda rev. S-161 #4; guardie missload(N=10M, presidio DIRETTO L-AL2) + arrfilter(N=10M, L-AF1) + arrmap(N=10M, L-AM1) + refl(N=10M) + hostargs(N=10M) + backtrace24(N=2,4M) + obj* + sei, comparatore STRETTO; quiescenza rc=0; rc autoritativo = ab-out/am2r5.rc ==
sentinella language-server inizio finestra (az.rev. S-157 #4): /Applications/Antigravity /Users/francescotinti/.antigravity-ide/extensions/rust-lang.rust-analyzer-0.3.3025-darwin-arm64/server/rust-analyzer /Users/francescotinti/.local/share/uv/tools/serena-agent/bin/python3 /Users/francescotinti/.rustup/toolchains/1.96.0-aarch64-apple-darwin/libexec/rust-analyzer-proc-macro-srv /Users/francescotinti/.rustup/toolchains/stable-aarch64-apple-darwin/bin/rust-analyzer 
cat=strmap N=10000000 floor_A=0.03 floor_B=0.02
  coppia1 [AB]: rawA=1.70 rawB=1.04
  coppia2 [BA]: rawA=1.70 rawB=1.05
  coppia3 [AB]: rawA=1.72 rawB=1.04
  coppia4 [BA]: rawA=1.69 rawB=1.03
  coppia5 [AB]: rawA=1.70 rawB=1.04
cat=missload N=10000000 floor_A=0.02 floor_B=0.02
  coppia1 [AB]: rawA=2.79 rawB=2.80
  coppia2 [BA]: rawA=2.80 rawB=2.79
  coppia3 [AB]: rawA=2.78 rawB=2.79
  coppia4 [BA]: rawA=2.77 rawB=2.84
  coppia5 [AB]: rawA=2.79 rawB=2.78
cat=arrfilter N=10000000 floor_A=0.02 floor_B=0.02
  coppia1 [AB]: rawA=1.79 rawB=1.80
  coppia2 [BA]: rawA=1.79 rawB=1.82
  coppia3 [AB]: rawA=1.82 rawB=1.80
  coppia4 [BA]: rawA=1.81 rawB=1.81
  coppia5 [AB]: rawA=1.81 rawB=1.81
cat=arrmap N=10000000 floor_A=0.02 floor_B=0.02
  coppia1 [AB]: rawA=1.16 rawB=1.16
  coppia2 [BA]: rawA=1.17 rawB=1.16
  coppia3 [AB]: rawA=1.17 rawB=1.17
  coppia4 [BA]: rawA=1.16 rawB=1.16
  coppia5 [AB]: rawA=1.17 rawB=1.16
cat=refl N=10000000 floor_A=0.02 floor_B=0.02
  coppia1 [AB]: rawA=3.53 rawB=3.52
  coppia2 [BA]: rawA=3.54 rawB=3.50
  coppia3 [AB]: rawA=3.54 rawB=3.54
  coppia4 [BA]: rawA=3.55 rawB=3.54
  coppia5 [AB]: rawA=3.54 rawB=3.55
cat=hostargs N=10000000 floor_A=0.03 floor_B=0.02
  coppia1 [AB]: rawA=1.99 rawB=2.00
  coppia2 [BA]: rawA=1.99 rawB=2.01
  coppia3 [AB]: rawA=1.99 rawB=2.00
  coppia4 [BA]: rawA=1.99 rawB=2.00
  coppia5 [AB]: rawA=1.99 rawB=1.99
cat=backtrace N=2400000 floor_A=0.02 floor_B=0.02
  coppia1 [AB]: rawA=1.12 rawB=1.11
  coppia2 [BA]: rawA=1.12 rawB=1.11
  coppia3 [AB]: rawA=1.13 rawB=1.12
  coppia4 [BA]: rawA=1.13 rawB=1.12
  coppia5 [AB]: rawA=1.13 rawB=1.13
cat=objdropdef N=3000000 floor_A=0.02 floor_B=0.02
  coppia1 [AB]: rawA=3.10 rawB=3.10
  coppia2 [BA]: rawA=3.14 rawB=3.09
  coppia3 [AB]: rawA=3.10 rawB=3.10
  coppia4 [BA]: rawA=3.09 rawB=3.11
  coppia5 [AB]: rawA=3.09 rawB=3.11
cat=objchurn N=3000000 floor_A=0.02 floor_B=0.03
  coppia1 [AB]: rawA=3.53 rawB=3.57
  coppia2 [BA]: rawA=3.53 rawB=3.53
  coppia3 [AB]: rawA=3.54 rawB=3.53
  coppia4 [BA]: rawA=3.53 rawB=3.54
  coppia5 [AB]: rawA=3.56 rawB=3.58
cat=objdatains N=3000000 floor_A=0.02 floor_B=0.02
  coppia1 [AB]: rawA=2.89 rawB=2.90
  coppia2 [BA]: rawA=2.88 rawB=2.89
  coppia3 [AB]: rawA=2.91 rawB=2.89
  coppia4 [BA]: rawA=2.91 rawB=2.90
  coppia5 [AB]: rawA=2.92 rawB=2.89
cat=objalloc N=3000000 floor_A=0.03 floor_B=0.03
  coppia1 [AB]: rawA=2.45 rawB=2.42
  coppia2 [BA]: rawA=2.40 rawB=2.44
  coppia3 [AB]: rawA=2.41 rawB=2.43
  coppia4 [BA]: rawA=2.42 rawB=2.41
  coppia5 [AB]: rawA=2.42 rawB=2.42
cat=objallocni N=3000000 floor_A=0.03 floor_B=0.02
  coppia1 [AB]: rawA=2.23 rawB=2.22
  coppia2 [BA]: rawA=2.24 rawB=2.22
  coppia3 [AB]: rawA=2.22 rawB=2.37
  coppia4 [BA]: rawA=2.22 rawB=2.22
  coppia5 [AB]: rawA=2.22 rawB=2.22
cat=objmap N=3000000 floor_A=0.02 floor_B=0.02
  coppia1 [AB]: rawA=0.37 rawB=0.37
  coppia2 [BA]: rawA=0.37 rawB=0.37
  coppia3 [AB]: rawA=0.37 rawB=0.37
  coppia4 [BA]: rawA=0.37 rawB=0.37
  coppia5 [AB]: rawA=0.37 rawB=0.38
cat=arith N=150000000 floor_A=0.03 floor_B=0.02
  coppia1 [AB]: rawA=7.06 rawB=7.15
  coppia2 [BA]: rawA=6.99 rawB=7.15
  coppia3 [AB]: rawA=7.02 rawB=7.08
  coppia4 [BA]: rawA=7.05 rawB=7.10
  coppia5 [AB]: rawA=7.03 rawB=7.05
cat=prop N=90000000 floor_A=0.02 floor_B=0.02
  coppia1 [AB]: rawA=6.97 rawB=6.98
  coppia2 [BA]: rawA=6.96 rawB=6.95
  coppia3 [AB]: rawA=6.95 rawB=6.98
  coppia4 [BA]: rawA=6.96 rawB=6.95
  coppia5 [AB]: rawA=6.95 rawB=7.02
cat=calls N=60000000 floor_A=0.03 floor_B=0.02
  coppia1 [AB]: rawA=6.37 rawB=6.42
  coppia2 [BA]: rawA=6.37 rawB=6.37
  coppia3 [AB]: rawA=6.43 rawB=6.38
  coppia4 [BA]: rawA=6.36 rawB=6.40
  coppia5 [AB]: rawA=6.36 rawB=6.38
cat=str N=28000000 floor_A=0.02 floor_B=0.02
  coppia1 [AB]: rawA=4.42 rawB=4.44
  coppia2 [BA]: rawA=4.44 rawB=4.44
  coppia3 [AB]: rawA=4.43 rawB=4.44
  coppia4 [BA]: rawA=4.43 rawB=4.43
  coppia5 [AB]: rawA=4.44 rawB=4.45
cat=arr N=30000000 floor_A=0.02 floor_B=0.02
  coppia1 [AB]: rawA=4.45 rawB=4.60
  coppia2 [BA]: rawA=4.49 rawB=4.53
  coppia3 [AB]: rawA=4.49 rawB=4.50
  coppia4 [BA]: rawA=4.45 rawB=4.50
  coppia5 [AB]: rawA=4.46 rawB=4.51
cat=re N=12000000 floor_A=0.02 floor_B=0.02
  coppia1 [AB]: rawA=5.48 rawB=5.51
  coppia2 [BA]: rawA=5.54 rawB=5.51
  coppia3 [AB]: rawA=5.50 rawB=5.57
  coppia4 [BA]: rawA=5.50 rawB=5.54
  coppia5 [AB]: rawA=5.51 rawB=5.52
GIUDICE strmap: A=167.0 B=102.0 ns/elemento D=+65.0 soglia=4.0 (rumore drop-1: A'=1.0 B'=1.0) -> SOPRA SOGLIA
riconciliazione strmap: D_smoke=+67.5 D_R5=+65.0 |diff|=2.5 banda=4.0 -> in banda
riconciliazione UB strmap: D=+65.0 vs attesa [4.0;19.0]+rumore=1.0 -> FUORI-UB SOPRA (reperto a verbale, sonda dovuta)
guardia missload: A=277.0 B=277.0 D=+0.0 soglia_reg=-4.0 [max(4, drop-1); rumore drop-1 A'=2.0 B'=2.0] -> ok
guardia arrfilter: A=179.0 B=179.0 D=+0.0 soglia_reg=-4.0 [max(4, drop-1); rumore drop-1 A'=3.0 B'=1.0] -> ok
guardia arrmap: A=115.0 B=114.0 D=+1.0 soglia_reg=-4.0 [max(4, drop-1); rumore drop-1 A'=1.0 B'=0.0] -> ok
guardia refl: A=352.0 B=352.0 D=+0.0 soglia_reg=-4.0 [max(4, drop-1); rumore drop-1 A'=1.0 B'=3.0] -> ok
guardia hostargs: A=196.0 B=198.0 D=-2.0 soglia_reg=-4.0 [max(4, drop-1); rumore drop-1 A'=0.0 B'=1.0] -> ok
guardia backtrace: A=462.5 B=458.3 D=+4.2 soglia_reg=-8.3 [max(4, drop-1); rumore drop-1 A'=4.2 B'=8.3] -> ok
guardia objdropdef: A=1026.7 B=1026.7 D=+0.0 soglia_reg=-4.0 [max(4, drop-1); rumore drop-1 A'=3.3 B'=3.3] -> ok
guardia objchurn: A=1170.0 B=1170.0 D=+0.0 soglia_reg=-13.3 [banda fondata=6.7; rumore drop-1 A'=3.3 B'=13.3] -> ok
guardia objdatains: A=963.3 B=956.7 D=+6.7 soglia_reg=-10.0 [max(4, drop-1); rumore drop-1 A'=10.0 B'=3.3] -> ok
guardia objalloc: A=796.7 B=796.7 D=+0.0 soglia_reg=-13.3 [banda fondata=13.3; rumore drop-1 A'=6.7 B'=6.7] -> ok
guardia objallocni: A=730.0 B=733.3 D=-3.3 soglia_reg=-10.0 [banda fondata=10.0; rumore drop-1 A'=3.3 B'=0.0] -> ok
guardia objmap: A=116.7 B=116.7 D=+0.0 soglia_reg=-4.0 [banda fondata=3.3; rumore drop-1 A'=0.0 B'=0.0] -> ok
guardia arith: A=46.7 B=47.2 D=-0.5 soglia_reg=-4.0 [SL=0.94; rumore drop-1 A'=0.3 B'=0.7] -> ok
guardia prop: A=77.1 B=77.3 D=-0.2 soglia_reg=-4.0 [SL=0.8; rumore drop-1 A'=0.1 B'=0.3] -> ok
guardia calls: A=105.7 B=106.0 D=-0.3 soglia_reg=-4.0 [SL=0.73; rumore drop-1 A'=0.2 B'=0.5] -> ok
guardia str: A=157.5 B=157.9 D=-0.4 soglia_reg=-4.0 [SL=2.89; rumore drop-1 A'=0.7 B'=0.4] -> ok
guardia arr: A=148.0 B=149.7 D=-1.7 soglia_reg=-4.0 [SL=2.49; rumore drop-1 A'=1.3 B'=1.0] -> ok
guardia re: A=456.7 B=458.3 D=-1.7 soglia_reg=-4.5 [SL=4.46; rumore drop-1 A'=2.5 B'=2.5] -> ok
ESITO: SOPRA SOGLIA (giudice ok, guardie ok)
sentinella language-server fine finestra: /Applications/Antigravity /Users/francescotinti/.antigravity-ide/extensions/rust-lang.rust-analyzer-0.3.3025-darwin-arm64/server/rust-analyzer /Users/francescotinti/.local/share/uv/tools/serena-agent/bin/python3 /Users/francescotinti/.rustup/toolchains/1.96.0-aarch64-apple-darwin/libexec/rust-analyzer-proc-macro-srv /Users/francescotinti/.rustup/toolchains/stable-aarch64-apple-darwin/bin/rust-analyzer 
