== s156-ab-hd2host abhd2h-smoke: A=2023cbb9(gemello s154) B=42efea3e R=2 ordine ALTERNATO; giudice=hostargs N=10000000 dichiarato; soglia=max(4, drop-1); UB-alloc falsificabile=13.8 (2 args-Vec x miheap 6.9); guardie backtrace24(N=2,4M) + obj* + sei; quiescenza rc=0; rc autoritativo = ab-out/abhd2h-smoke.rc ==
cat=hostargs N=10000000 floor_A=0.02 floor_B=0.02
  coppia1 [AB]: rawA=2.20 rawB=2.09
  coppia2 [BA]: rawA=2.32 rawB=2.02
cat=backtrace N=2400000 floor_A=0.02 floor_B=0.03
  coppia1 [AB]: rawA=1.12 rawB=1.12
  coppia2 [BA]: rawA=1.13 rawB=1.12
cat=objdropdef N=3000000 floor_A=0.02 floor_B=0.02
  coppia1 [AB]: rawA=3.14 rawB=3.10
  coppia2 [BA]: rawA=3.11 rawB=3.10
cat=objchurn N=3000000 floor_A=0.02 floor_B=0.02
  coppia1 [AB]: rawA=3.57 rawB=3.55
  coppia2 [BA]: rawA=3.55 rawB=3.55
cat=objdatains N=3000000 floor_A=0.03 floor_B=0.02
  coppia1 [AB]: rawA=2.91 rawB=2.90
  coppia2 [BA]: rawA=2.91 rawB=2.91
cat=objalloc N=3000000 floor_A=0.02 floor_B=0.02
  coppia1 [AB]: rawA=2.42 rawB=2.42
  coppia2 [BA]: rawA=2.43 rawB=2.44
cat=objallocni N=3000000 floor_A=0.02 floor_B=0.02
  coppia1 [AB]: rawA=2.26 rawB=2.23
  coppia2 [BA]: rawA=2.24 rawB=2.22
cat=objmap N=3000000 floor_A=0.02 floor_B=0.02
  coppia1 [AB]: rawA=0.38 rawB=0.37
  coppia2 [BA]: rawA=0.37 rawB=0.37
cat=arith N=150000000 floor_A=0.03 floor_B=0.03
  coppia1 [AB]: rawA=7.14 rawB=7.01
  coppia2 [BA]: rawA=7.17 rawB=6.92
cat=prop N=90000000 floor_A=0.02 floor_B=0.02
  coppia1 [AB]: rawA=7.04 rawB=6.93
  coppia2 [BA]: rawA=7.04 rawB=6.94
cat=calls N=60000000 floor_A=0.02 floor_B=0.02
  coppia1 [AB]: rawA=6.68 rawB=6.43
  coppia2 [BA]: rawA=6.39 rawB=6.41
cat=str N=28000000 floor_A=0.02 floor_B=0.02
  coppia1 [AB]: rawA=4.43 rawB=4.42
  coppia2 [BA]: rawA=4.43 rawB=4.40
cat=arr N=30000000 floor_A=0.02 floor_B=0.03
  coppia1 [AB]: rawA=4.59 rawB=4.50
  coppia2 [BA]: rawA=4.64 rawB=4.54
cat=re N=12000000 floor_A=0.03 floor_B=0.02
  coppia1 [AB]: rawA=5.53 rawB=5.47
  coppia2 [BA]: rawA=5.52 rawB=5.47
GIUDICE hostargs: A=224.0 B=203.5 ns/iter D=+20.5 soglia=12.0 (rumore drop-1: A'=12.0 B'=7.0) -> SOPRA SOGLIA
riconciliazione UB hostargs: D=+20.5 vs UB=13.8+rumore=12.0 -> dentro la banda del modello
guardia backtrace: A=460.4 B=454.2 D=+6.2 soglia_reg=-4.2 [max(4, drop-1); rumore drop-1 A'=4.2 B'=0.0] -> ok
guardia objdropdef: A=1035.0 B=1026.7 D=+8.3 soglia_reg=-10.0 [max(4, drop-1); rumore drop-1 A'=10.0 B'=0.0] -> ok
guardia objchurn: A=1180.0 B=1176.7 D=+3.3 soglia_reg=-6.7 [banda fondata=6.7; rumore drop-1 A'=6.7 B'=0.0] -> ok
guardia objdatains: A=960.0 B=961.7 D=-1.7 soglia_reg=-4.0 [max(4, drop-1); rumore drop-1 A'=0.0 B'=3.3] -> ok
guardia objalloc: A=801.7 B=803.3 D=-1.7 soglia_reg=-13.3 [banda fondata=13.3; rumore drop-1 A'=3.3 B'=6.7] -> ok
guardia objallocni: A=743.3 B=735.0 D=+8.3 soglia_reg=-10.0 [banda fondata=10.0; rumore drop-1 A'=6.7 B'=3.3] -> ok
guardia objmap: A=118.3 B=116.7 D=+1.7 soglia_reg=-4.0 [banda fondata=3.3; rumore drop-1 A'=3.3 B'=0.0] -> ok
guardia arith: A=47.5 B=46.2 D=+1.3 soglia_reg=-4.0 [SL=0.94; rumore drop-1 A'=0.2 B'=0.6] -> ok
guardia prop: A=78.0 B=76.8 D=+1.2 soglia_reg=-4.0 [SL=0.8; rumore drop-1 A'=0.0 B'=0.1] -> ok
guardia calls: A=108.6 B=106.7 D=+1.9 soglia_reg=-4.8 [SL=0.73; rumore drop-1 A'=4.8 B'=0.3] -> ok
guardia str: A=157.5 B=156.8 D=+0.7 soglia_reg=-4.0 [SL=2.89; rumore drop-1 A'=0.0 B'=0.7] -> ok
guardia arr: A=153.2 B=149.7 D=+3.5 soglia_reg=-4.0 [SL=2.49; rumore drop-1 A'=1.7 B'=1.3] -> ok
guardia re: A=457.9 B=454.2 D=+3.7 soglia_reg=-4.5 [SL=4.46; rumore drop-1 A'=0.8 B'=0.0] -> ok
ESITO: SOPRA SOGLIA (giudice ok, guardie ok)
