== s156-ab-hd2host abhd2h: A=2023cbb9(gemello s154) B=42efea3e R=5 ordine ALTERNATO; giudice=hostargs N=10000000 dichiarato; soglia=max(4, drop-1); UB-alloc falsificabile=13.8 (2 args-Vec x miheap 6.9); guardie backtrace24(N=2,4M) + obj* + sei; quiescenza rc=0; rc autoritativo = ab-out/abhd2h.rc ==
cat=hostargs N=10000000 floor_A=0.03 floor_B=0.02
  coppia1 [AB]: rawA=2.20 rawB=2.01
  coppia2 [BA]: rawA=2.21 rawB=2.03
  coppia3 [AB]: rawA=2.19 rawB=2.02
  coppia4 [BA]: rawA=2.19 rawB=2.02
  coppia5 [AB]: rawA=2.17 rawB=2.02
cat=backtrace N=2400000 floor_A=0.03 floor_B=0.02
  coppia1 [AB]: rawA=1.12 rawB=1.12
  coppia2 [BA]: rawA=1.10 rawB=1.11
  coppia3 [AB]: rawA=1.11 rawB=1.13
  coppia4 [BA]: rawA=1.10 rawB=1.12
  coppia5 [AB]: rawA=1.11 rawB=1.11
cat=objdropdef N=3000000 floor_A=0.02 floor_B=0.02
  coppia1 [AB]: rawA=3.08 rawB=3.09
  coppia2 [BA]: rawA=3.10 rawB=3.12
  coppia3 [AB]: rawA=3.09 rawB=3.07
  coppia4 [BA]: rawA=3.10 rawB=3.08
  coppia5 [AB]: rawA=3.09 rawB=3.15
cat=objchurn N=3000000 floor_A=0.02 floor_B=0.02
  coppia1 [AB]: rawA=3.55 rawB=3.55
  coppia2 [BA]: rawA=3.55 rawB=3.55
  coppia3 [AB]: rawA=3.55 rawB=3.56
  coppia4 [BA]: rawA=3.53 rawB=3.56
  coppia5 [AB]: rawA=3.55 rawB=3.56
cat=objdatains N=3000000 floor_A=0.03 floor_B=0.02
  coppia1 [AB]: rawA=2.89 rawB=2.89
  coppia2 [BA]: rawA=2.90 rawB=2.89
  coppia3 [AB]: rawA=2.89 rawB=2.89
  coppia4 [BA]: rawA=2.90 rawB=2.91
  coppia5 [AB]: rawA=2.91 rawB=2.89
cat=objalloc N=3000000 floor_A=0.02 floor_B=0.02
  coppia1 [AB]: rawA=2.41 rawB=2.43
  coppia2 [BA]: rawA=2.42 rawB=2.47
  coppia3 [AB]: rawA=2.41 rawB=2.40
  coppia4 [BA]: rawA=2.42 rawB=2.41
  coppia5 [AB]: rawA=2.44 rawB=2.42
cat=objallocni N=3000000 floor_A=0.02 floor_B=0.02
  coppia1 [AB]: rawA=2.21 rawB=2.21
  coppia2 [BA]: rawA=2.21 rawB=2.22
  coppia3 [AB]: rawA=2.22 rawB=2.22
  coppia4 [BA]: rawA=2.36 rawB=2.22
  coppia5 [AB]: rawA=2.21 rawB=2.23
cat=objmap N=3000000 floor_A=0.02 floor_B=0.02
  coppia1 [AB]: rawA=0.38 rawB=0.37
  coppia2 [BA]: rawA=0.38 rawB=0.37
  coppia3 [AB]: rawA=0.37 rawB=0.37
  coppia4 [BA]: rawA=0.37 rawB=0.37
  coppia5 [AB]: rawA=0.37 rawB=0.37
cat=arith N=150000000 floor_A=0.03 floor_B=0.02
  coppia1 [AB]: rawA=7.13 rawB=7.09
  coppia2 [BA]: rawA=7.14 rawB=7.10
  coppia3 [AB]: rawA=7.14 rawB=6.97
  coppia4 [BA]: rawA=7.16 rawB=7.05
  coppia5 [AB]: rawA=7.07 rawB=7.08
cat=prop N=90000000 floor_A=0.02 floor_B=0.02
  coppia1 [AB]: rawA=7.03 rawB=6.92
  coppia2 [BA]: rawA=7.07 rawB=6.95
  coppia3 [AB]: rawA=7.04 rawB=6.95
  coppia4 [BA]: rawA=7.01 rawB=6.93
  coppia5 [AB]: rawA=7.05 rawB=6.94
cat=calls N=60000000 floor_A=0.02 floor_B=0.02
  coppia1 [AB]: rawA=6.41 rawB=6.40
  coppia2 [BA]: rawA=6.40 rawB=6.40
  coppia3 [AB]: rawA=6.42 rawB=6.41
  coppia4 [BA]: rawA=6.46 rawB=6.40
  coppia5 [AB]: rawA=6.42 rawB=6.41
cat=str N=28000000 floor_A=0.02 floor_B=0.02
  coppia1 [AB]: rawA=4.47 rawB=4.47
  coppia2 [BA]: rawA=4.46 rawB=4.46
  coppia3 [AB]: rawA=4.43 rawB=4.42
  coppia4 [BA]: rawA=4.43 rawB=4.42
  coppia5 [AB]: rawA=4.45 rawB=4.50
cat=arr N=30000000 floor_A=0.02 floor_B=0.03
  coppia1 [AB]: rawA=4.56 rawB=4.55
  coppia2 [BA]: rawA=4.57 rawB=4.54
  coppia3 [AB]: rawA=4.58 rawB=4.57
  coppia4 [BA]: rawA=4.63 rawB=4.51
  coppia5 [AB]: rawA=4.61 rawB=4.53
cat=re N=12000000 floor_A=0.02 floor_B=0.02
  coppia1 [AB]: rawA=5.55 rawB=5.47
  coppia2 [BA]: rawA=5.51 rawB=5.47
  coppia3 [AB]: rawA=5.46 rawB=5.66
  coppia4 [BA]: rawA=5.52 rawB=5.47
  coppia5 [AB]: rawA=5.48 rawB=5.53
GIUDICE hostargs: A=216.0 B=200.0 ns/iter D=+16.0 soglia=4.0 (rumore drop-1: A'=3.0 B'=1.0) -> SOPRA SOGLIA
riconciliazione hostargs: D_smoke=+20.5 D_R5=+16.0 |diff|=4.5 banda=4.0 -> FUORI BANDA
riconciliazione UB hostargs: D=+16.0 vs UB=13.8+rumore=3.0 -> dentro la banda del modello
guardia backtrace: A=450.0 B=458.3 D=-8.3 soglia_reg=-8.3 [max(4, drop-1); rumore drop-1 A'=8.3 B'=8.3] -> ok
guardia objdropdef: A=1023.3 B=1023.3 D=+0.0 soglia_reg=-16.7 [max(4, drop-1); rumore drop-1 A'=6.7 B'=16.7] -> ok
guardia objchurn: A=1176.7 B=1180.0 D=-3.3 soglia_reg=-6.7 [banda fondata=6.7; rumore drop-1 A'=0.0 B'=3.3] -> ok
guardia objdatains: A=956.7 B=956.7 D=+0.0 soglia_reg=-4.0 [max(4, drop-1); rumore drop-1 A'=3.3 B'=0.0] -> ok
guardia objalloc: A=800.0 B=800.0 D=+0.0 soglia_reg=-13.3 [banda fondata=13.3; rumore drop-1 A'=3.3 B'=10.0] -> ok
guardia objallocni: A=730.0 B=733.3 D=-3.3 soglia_reg=-10.0 [banda fondata=10.0; rumore drop-1 A'=3.3 B'=3.3] -> ok
guardia objmap: A=116.7 B=116.7 D=+0.0 soglia_reg=-4.0 [banda fondata=3.3; rumore drop-1 A'=3.3 B'=0.0] -> ok
guardia arith: A=47.4 B=47.1 D=+0.3 soglia_reg=-4.0 [SL=0.94; rumore drop-1 A'=0.2 B'=0.3] -> ok
guardia prop: A=78.0 B=76.9 D=+1.1 soglia_reg=-4.0 [SL=0.8; rumore drop-1 A'=0.4 B'=0.2] -> ok
guardia calls: A=106.7 B=106.3 D=+0.3 soglia_reg=-4.0 [SL=0.73; rumore drop-1 A'=0.3 B'=0.2] -> ok
guardia str: A=158.2 B=158.6 D=-0.4 soglia_reg=-4.0 [SL=2.89; rumore drop-1 A'=1.1 B'=1.8] -> ok
guardia arr: A=152.0 B=150.3 D=+1.7 soglia_reg=-4.0 [SL=2.49; rumore drop-1 A'=1.7 B'=1.3] -> ok
guardia re: A=457.5 B=454.2 D=+3.3 soglia_reg=-5.8 [SL=4.46; rumore drop-1 A'=5.8 B'=5.0] -> ok
ESITO: SOPRA SOGLIA (giudice ok, guardie ok)
