== s134-ab ab-icnp-smoke2: A=c87439a9(pin s133) B=61896da1 R=2 ordine ALTERNATO; giudici=objalloc+objdatains (ENTRAMBI sopra soglia); soglia=max(4, drop-1, spread-batch s133 per giudice 26.7/13.3); bande fondate objchurn 10.0/objmap 4.0; parte modellata=35.4 (eccedenza attesa e dichiarata); quiescenza rc=0 (file: ab-out/quiesce-ab-icnp-smoke2.rc); rc autoritativo = ab-out/ab-icnp-smoke2.rc ==
cat=objalloc N=3000000 floor_A=0.02 floor_B=0.03
  coppia1 [AB]: rawA=2.87 rawB=2.42
  coppia2 [BA]: rawA=2.86 rawB=2.43
cat=objdatains N=3000000 floor_A=0.02 floor_B=0.02
  coppia1 [AB]: rawA=3.54 rawB=3.15
  coppia2 [BA]: rawA=3.54 rawB=3.15
cat=objchurn N=3000000 floor_A=0.02 floor_B=0.02
  coppia1 [AB]: rawA=4.36 rawB=3.92
  coppia2 [BA]: rawA=4.31 rawB=3.90
cat=objmap N=3000000 floor_A=0.02 floor_B=0.02
  coppia1 [AB]: rawA=0.53 rawB=0.54
  coppia2 [BA]: rawA=0.54 rawB=0.54
cat=arith N=150000000 floor_A=0.02 floor_B=0.02
  coppia1 [AB]: rawA=7.10 rawB=7.14
  coppia2 [BA]: rawA=7.07 rawB=7.10
cat=prop N=90000000 floor_A=0.02 floor_B=0.02
  coppia1 [AB]: rawA=6.95 rawB=7.04
  coppia2 [BA]: rawA=6.99 rawB=6.97
cat=calls N=60000000 floor_A=0.03 floor_B=0.03
  coppia1 [AB]: rawA=6.38 rawB=6.38
  coppia2 [BA]: rawA=6.38 rawB=6.41
cat=str N=28000000 floor_A=0.03 floor_B=0.02
  coppia1 [AB]: rawA=4.42 rawB=4.47
  coppia2 [BA]: rawA=4.49 rawB=4.50
cat=arr N=30000000 floor_A=0.02 floor_B=0.02
  coppia1 [AB]: rawA=4.54 rawB=4.51
  coppia2 [BA]: rawA=4.49 rawB=4.60
cat=re N=12000000 floor_A=0.03 floor_B=0.02
  coppia1 [AB]: rawA=5.53 rawB=5.56
  coppia2 [BA]: rawA=5.55 rawB=5.55
GIUDICE objalloc: A=948.3 B=798.3 ns/iter D=+150.0 soglia=26.7 (rumore drop-1: A'=3.3 B'=3.3; spread-batch s133=26.7) -> SOPRA SOGLIA
riconciliazione parte-modellata objalloc: D=+150.0 vs modellata=35.4 -> eccedenza +114.6 = componenti nominati NON prezzati (criterio p.2.3), attesa se D>modellata
GIUDICE objdatains: A=1173.3 B=1043.3 ns/iter D=+130.0 soglia=13.3 (rumore drop-1: A'=0.0 B'=0.0; spread-batch s133=13.3) -> SOPRA SOGLIA
riconciliazione parte-modellata objdatains: D=+130.0 vs modellata=35.4 -> eccedenza +94.6 = componenti nominati NON prezzati (criterio p.2.3), attesa se D>modellata
guardia objchurn: A=1438.3 B=1296.7 D=+141.7 soglia_reg=-10.0 [banda fondata=10.0] -> ok
guardia objmap: A=171.7 B=173.3 D=-1.7 soglia_reg=-4.0 [banda fondata=4.0] -> ok
guardia arith: A=47.1 B=47.3 D=-0.2 soglia_reg=-4.0 [SL=0.94] -> ok
guardia prop: A=77.2 B=77.6 D=-0.4 soglia_reg=-4.0 [SL=0.8] -> ok
guardia calls: A=105.8 B=106.1 D=-0.2 soglia_reg=-4.0 [SL=0.73] -> ok
guardia str: A=158.0 B=159.5 D=-1.4 soglia_reg=-4.0 [SL=2.89] -> ok
guardia arr: A=149.8 B=151.2 D=-1.3 soglia_reg=-4.0 [SL=2.49] -> ok
guardia re: A=459.2 B=461.2 D=-2.1 soglia_reg=-4.5 [SL=4.46] -> ok
ESITO: PROMOSSA (entrambi i giudici sopra soglia, guardie ok)
