== s163 coppia dbal+ORM (pin s162 MISURATO 20c63af44bfd077a vs oracle 8.5.7; criterio s163-criterio-orm.md) ==
# estrazione summ/names con LC_ALL=C + grep -a (fix az.rev. S-155 #4); reperto conteggi dbal phpr vs oracle A VERBALE (companion, non arbitra)
# ADATTAMENTI (i)-(iii) dall'istruttoria p.1 + az.rev. S-159 #1: rodaggio non giudicante, quiescenza per gamba, scaletta a due estremi
sentinella language-server inizio finestra (az.rev. S-157 #4): /Applications/Antigravity /Users/francescotinti/.antigravity-ide/extensions/rust-lang.rust-analyzer-0.3.3025-darwin-arm64/server/rust-analyzer /Users/francescotinti/.local/share/uv/tools/serena-agent/bin/python3 /Users/francescotinti/.rustup/toolchains/1.96.0-aarch64-apple-darwin/libexec/rust-analyzer-proc-macro-srv /Users/francescotinti/.rustup/toolchains/stable-aarch64-apple-darwin/bin/rust-analyzer 
sentinella language-server fine finestra: /Applications/Antigravity /Users/francescotinti/.antigravity-ide/extensions/rust-lang.rust-analyzer-0.3.3025-darwin-arm64/server/rust-analyzer /Users/francescotinti/.local/share/uv/tools/serena-agent/bin/python3 /Users/francescotinti/.rustup/toolchains/1.96.0-aarch64-apple-darwin/libexec/rust-analyzer-proc-macro-srv /Users/francescotinti/.rustup/toolchains/stable-aarch64-apple-darwin/bin/rust-analyzer 
rodaggio (NON giudicato, companion istruttoria) ictx/s: orm_oracle=18.4 orm_phpr=3.8 dbal_oracle=118.4 dbal_phpr=91.6
quiescenza orm-leg1: rc=0 (file: orm-out/quiesce-orm-leg1.rc)
quiescenza dbal-leg1: rc=0 (file: orm-out/quiesce-dbal-leg1.rc)
quiescenza orm-leg2: rc=0 (file: orm-out/quiesce-orm-leg2.rc)
quiescenza dbal-leg2: rc=0 (file: orm-out/quiesce-dbal-leg2.rc)
floor_user_med3 orm: oracle=0.06 phpr=0.07 · dbal: oracle=0.06 phpr=0.19 (phpunit --version, pavimento PARZIALE dichiarato)
coppia-s163 (user CPU; pavimenti PARZIALI phpunit --version: orm o=0.060 p=0.070 · dbal o=0.060 p=0.190)
grade=VERDICT  # derivazione meccanica dai .time
orm_leg1: oracle_user=4.91 (sys=0.46) phpr_user=34.37 (sys=1.21) ratio_raw=7.000 ratio_net=7.072
orm_leg2: oracle_user=4.90 (sys=0.48) phpr_user=34.50 (sys=1.22) ratio_raw=7.041 ratio_net=7.114
orm_ictx_abs: oracle1=47 phpr1=955 oracle2=49 phpr2=115
orm_ictx/s (gate emenda S-127): oracle1=8.7 phpr1=26.8 oracle2=9.1 phpr2=3.2  SEGNALATE(>1,5x med): ['phpr1']
dbal_leg1: oracle_user=1.13 (sys=0.21) phpr_user=8.29 (sys=0.38) ratio_raw=7.336 ratio_net=7.570
dbal_leg2: oracle_user=1.15 (sys=0.21) phpr_user=8.25 (sys=0.38) ratio_raw=7.174 ratio_net=7.394
dbal_ictx_abs: oracle1=110 phpr1=58 oracle2=66 phpr2=60
dbal_ictx/s (gate emenda S-127): oracle1=80.9 phpr1=6.7 oracle2=48.2 phpr2=6.9  SEGNALATE(>1,5x med): ['oracle1', 'oracle2']
dbal_parita': phpr_failset_stabile=True |phpr_fail|=10 |diff_vs_oracle|=10
dbal_diff_nomi: Doctrine\DBAL\Tests\Functional\PortabilityTest::testCaseConversion with data set "lower" (Doctrine\DBAL\ColumnCase Enum (LOWER), ['test_int', 'test_string', 'test_null']) | Doctrine\DBAL\Tests\Functional\PortabilityTest::testCaseConversion with data set "upper" (Doctrine\DBAL\ColumnCase Enum (UPPER), ['TEST_INT', 'TEST_STRING', 'TEST_NULL']) | Doctrine\DBAL\Tests\Functional\PortabilityTest::testCaseConversionColumnName with data set "lower" (Doctrine\DBAL\ColumnCase Enum (LOWER), ['test_int', 'test_string', 'test_null']) | Doctrine\DBAL\Tests\Functional\PortabilityTest::testCaseConversionColumnName with data set "upper" (Doctrine\DBAL\ColumnCase Enum (UPPER), ['TEST_INT', 'TEST_STRING', 'TEST_NULL']) | Doctrine\DBAL\Tests\Functional\PortabilityTest::testFetchAllNullColumn | Doctrine\DBAL\Tests\Functional\PortabilityTest::testFetchColumn with data set "int" ('Test_Int', [1, 2]) | Doctrine\DBAL\Tests\Functional\PortabilityTest::testFetchColumn with data set "string" ('Test_String', ['foo', 'foo']) | Doctrine\DBAL\Tests\Functional\PortabilityTest::testFullFetchMode | Doctrine\DBAL\Tests\Functional\PortabilityTest::testGetDatabaseName | Doctrine\DBAL\Tests\Schema\Name\Parser\GenericNameParserTest::testValidInput with data set #11 ('schéma."übermäßigkeit".`àçcên...ràctér', [Doctrine\DBAL\Schema\Name\Identifier Object (...), Doctrine\DBAL\Schema\Name\Identifier Object (...), Doctrine\DBAL\Schema\Name\Identifier Object (...), Doctrine\DBAL\Schema\Name\Identifier Object (...), Doctrine\DBAL\Schema\Name\Identifier Object (...)])
attesa-AM2 assoluto (companion): phpr_orm_net_new=[34.30; 34.43] ref=[34.47; 34.51] Delta=[+0.04; +0.21] s
attesa-AM2 ORACLE-NORMALIZZATO (CANONICO coppia): net_norm=[34.55; 34.75] (ORA_REF=4.885, oracle_net_gambe=[4.85, 4.84]) Delta_norm=[-0.28; -0.04] s
rapporto net (companion): [7.072; 7.114] vs registrato S-162 [7.035; 7.086]
attesa-AM2: COMPATIBILE (Delta_norm dentro il rumore ±0.293; attesa a tetto 0.0-0.0 SOTTO risoluzione — esito dichiarato, nessuna cifra attribuita a L-AM2)
gambe ictx SEGNALATE ['phpr1'] — a verbale (rodaggio nel canone; se ricorre, istruttoria dedicata)
parita': orm phpr per NOME vs baseline 16 · dbal fail-set stabile tra gambe — rc=0 (0=tutte valide)
orm  oracle1: Tests: 3484, Assertions: 12003, Skipped: 59, Incomplete: 2.
orm  phpr1:   Tests: 3484, Assertions: 11989, Errors: 3, Failures: 13, Skipped: 59, Incomplete: 2.
dbal oracle1: Tests: 3929, Assertions: 5706, Skipped: 594, Incomplete: 13.
dbal phpr1:   Tests: 3921, Assertions: 5550, Errors: 10, Skipped: 626, Incomplete: 13.
orm  oracle2: Tests: 3484, Assertions: 12003, Skipped: 59, Incomplete: 2.
orm  phpr2:   Tests: 3484, Assertions: 11989, Errors: 3, Failures: 13, Skipped: 59, Incomplete: 2.
dbal oracle2: Tests: 3929, Assertions: 5706, Skipped: 594, Incomplete: 13.
dbal phpr2:   Tests: 3921, Assertions: 5550, Errors: 10, Skipped: 626, Incomplete: 13.
== LETTURA DI SESSIONE S-163 (dichiarata, il blocco meccanico sopra resta intatto) ==
SENTINELLA CONTAMINAZIONE (criterio p.5): oracle net 4,85/4,84 vs rif storico
4,87/4,90 = -0,6/-1,2% dal lato VELOCE (la contaminazione gonfia, non
sgonfia) — finestra VALIDA; coppia DOVUTA al pin s162 ASSOLTA. COMPANION
ASSOLUTO NOMINATO (criterio p.4): Delta assoluto = [+0,04; +0,21] s di
MIGLIORAMENTO (net_new 34,30-34,43 vs ref 34,47-34,51) — concorde col
normalizzato COMPATIBILE: nessuna tensione. attesa-AM2: COMPATIBILE sotto
risoluzione, esito ATTESO dal criterio p.3 (nessuna forma ammessa censita in
Doctrine); attesa-AF1 resta APERTA per ampiezza (pool gambe: +2 annotate).
rapporto net [7,072; 7,114] vs registrato s162 [7,035; 7,086]: sovrapposizione
parziale dal lato alto, DENTRO RES — nessun claim, il registrato NON si
aggiorna (2 gambe). dbal: ictx-oracle SEGNALATE (80,9/48,2) per la SECONDA
coppia consecutiva (s162: 217,8/69,1, flag da denominatore corto ~1,4s) — la
riserva RICORRE: istruttoria dedicata iscritta ad APERTURE (criterio p.6);
dbal[7,394;7,570] resta CON RISERVA. orm phpr1 ictx 26,8 SEGNALATA singola, a
verbale. PRIMO GIRO rc=8 (quiescenza-fail dbal-leg1, flare mediaanalysisd
14,2/20,1% oltre retry x3, rischio pre-dichiarato): NESSUNA gamba giudicata in
finestra sporca; riaggancio s163-riaggancio-orm.sh, secondo giro rc=0 PULITO.
