== s163-ab-au1 au1smoke: A=20c63af4 MISURATO (gemello dal tree corrente s162) B=fea4a2d0 MISURATO R=2 ordine ALTERNATO; giudice=arrload N=10000000 miss dichiarato; soglia=max(4, drop-1); UB dal bundle CONTATO: 3 alloc/miss x coeff sito-autoload 7,0±3,0 ⇒ attesa [12;30]; BANDA SMOKE VINCOLANTE [12;30] nel giudice + emenda rev. S-161 #4; guardie strmap(N=10M, presidio DIRETTO L-AM2) + missload(N=10M, L-AL2 stesso try_autoload) + arrfilter(N=10M, L-AF1) + arrmap(N=10M, L-AM1) + refl(N=10M) + hostargs(N=10M) + backtrace24(N=2,4M) + obj* + sei, comparatore STRETTO; quiescenza rc=0; rc autoritativo = ab-out/au1smoke.rc ==
sentinella language-server inizio finestra (az.rev. S-157 #4): /Applications/Antigravity /Users/francescotinti/.antigravity-ide/extensions/rust-lang.rust-analyzer-0.3.3025-darwin-arm64/server/rust-analyzer /Users/francescotinti/.local/share/uv/tools/serena-agent/bin/python3 /Users/francescotinti/.rustup/toolchains/1.96.0-aarch64-apple-darwin/libexec/rust-analyzer-proc-macro-srv /Users/francescotinti/.rustup/toolchains/stable-aarch64-apple-darwin/bin/rust-analyzer 
cat=arrload N=10000000 floor_A=0.02 floor_B=0.03
  coppia1 [AB]: rawA=3.39 rawB=2.96
  coppia2 [BA]: rawA=3.39 rawB=2.93
cat=strmap N=10000000 floor_A=0.02 floor_B=0.02
  coppia1 [AB]: rawA=1.04 rawB=1.02
  coppia2 [BA]: rawA=1.04 rawB=1.03
cat=missload N=10000000 floor_A=0.02 floor_B=0.02
  coppia1 [AB]: rawA=2.77 rawB=2.82
  coppia2 [BA]: rawA=2.84 rawB=2.81
cat=arrfilter N=10000000 floor_A=0.02 floor_B=0.02
  coppia1 [AB]: rawA=1.83 rawB=1.82
  coppia2 [BA]: rawA=1.82 rawB=1.82
cat=arrmap N=10000000 floor_A=0.02 floor_B=0.02
  coppia1 [AB]: rawA=1.17 rawB=1.16
  coppia2 [BA]: rawA=1.17 rawB=1.16
cat=refl N=10000000 floor_A=0.03 floor_B=0.02
  coppia1 [AB]: rawA=3.63 rawB=3.57
  coppia2 [BA]: rawA=3.54 rawB=3.57
cat=hostargs N=10000000 floor_A=0.02 floor_B=0.02
  coppia1 [AB]: rawA=1.99 rawB=1.99
  coppia2 [BA]: rawA=1.99 rawB=2.00
cat=backtrace N=2400000 floor_A=0.02 floor_B=0.02
  coppia1 [AB]: rawA=1.13 rawB=1.12
  coppia2 [BA]: rawA=1.13 rawB=1.12
cat=objdropdef N=3000000 floor_A=0.02 floor_B=0.02
  coppia1 [AB]: rawA=3.09 rawB=3.14
  coppia2 [BA]: rawA=3.10 rawB=3.11
cat=objchurn N=3000000 floor_A=0.02 floor_B=0.03
  coppia1 [AB]: rawA=3.57 rawB=3.56
  coppia2 [BA]: rawA=3.56 rawB=3.55
cat=objdatains N=3000000 floor_A=0.02 floor_B=0.02
  coppia1 [AB]: rawA=2.92 rawB=2.93
  coppia2 [BA]: rawA=2.93 rawB=2.90
cat=objalloc N=3000000 floor_A=0.03 floor_B=0.02
  coppia1 [AB]: rawA=2.42 rawB=2.43
  coppia2 [BA]: rawA=2.44 rawB=2.44
cat=objallocni N=3000000 floor_A=0.02 floor_B=0.02
  coppia1 [AB]: rawA=2.22 rawB=2.23
  coppia2 [BA]: rawA=2.24 rawB=2.23
cat=objmap N=3000000 floor_A=0.02 floor_B=0.02
  coppia1 [AB]: rawA=0.37 rawB=0.37
  coppia2 [BA]: rawA=0.38 rawB=0.37
cat=arith N=150000000 floor_A=0.02 floor_B=0.02
  coppia1 [AB]: rawA=7.07 rawB=7.02
  coppia2 [BA]: rawA=7.09 rawB=7.04
cat=prop N=90000000 floor_A=0.02 floor_B=0.02
  coppia1 [AB]: rawA=7.00 rawB=6.96
  coppia2 [BA]: rawA=6.92 rawB=6.98
cat=calls N=60000000 floor_A=0.02 floor_B=0.02
  coppia1 [AB]: rawA=6.42 rawB=6.40
  coppia2 [BA]: rawA=6.38 rawB=6.42
cat=str N=28000000 floor_A=0.02 floor_B=0.02
  coppia1 [AB]: rawA=4.41 rawB=4.44
  coppia2 [BA]: rawA=4.44 rawB=4.44
cat=arr N=30000000 floor_A=0.02 floor_B=0.02
  coppia1 [AB]: rawA=4.52 rawB=4.52
  coppia2 [BA]: rawA=4.58 rawB=4.50
cat=re N=12000000 floor_A=0.02 floor_B=0.02
  coppia1 [AB]: rawA=5.55 rawB=5.50
  coppia2 [BA]: rawA=5.53 rawB=5.48
GIUDICE arrload: A=337.0 B=291.5 ns/miss D=+45.5 soglia=4.0 (rumore drop-1: A'=0.0 B'=3.0) -> SOPRA SOGLIA
riconciliazione UB arrload: D=+45.5 vs attesa [12.0;30.0]+rumore=3.0 -> FUORI-UB SOPRA (reperto a verbale, sonda dovuta)
BANDA SMOKE VINCOLANTE arrload: D_smoke=+45.5 in [12.0;30.0] -> FUORI BANDA: rc=6, ARBITRATO census PRIMA del R=5 (criterio p.5)
guardia strmap: A=102.0 B=100.5 D=+1.5 soglia_reg=-4.0 [max(4, drop-1); rumore drop-1 A'=0.0 B'=1.0] -> ok
guardia missload: A=278.5 B=279.5 D=-1.0 soglia_reg=-7.0 [max(4, drop-1); rumore drop-1 A'=7.0 B'=1.0] -> ok
guardia arrfilter: A=180.5 B=180.0 D=+0.5 soglia_reg=-4.0 [max(4, drop-1); rumore drop-1 A'=1.0 B'=0.0] -> ok
guardia arrmap: A=115.0 B=114.0 D=+1.0 soglia_reg=-4.0 [max(4, drop-1); rumore drop-1 A'=0.0 B'=0.0] -> ok
guardia refl: A=355.5 B=355.0 D=+0.5 soglia_reg=-9.0 [max(4, drop-1); rumore drop-1 A'=9.0 B'=0.0] -> ok
guardia hostargs: A=197.0 B=197.5 D=-0.5 soglia_reg=-4.0 [max(4, drop-1); rumore drop-1 A'=0.0 B'=1.0] -> ok
guardia backtrace: A=462.5 B=458.3 D=+4.2 soglia_reg=-4.0 [max(4, drop-1); rumore drop-1 A'=0.0 B'=0.0] -> ok
guardia objdropdef: A=1025.0 B=1035.0 D=-10.0 soglia_reg=-10.0 [max(4, drop-1); rumore drop-1 A'=3.3 B'=10.0] -> ok
guardia objchurn: A=1181.7 B=1175.0 D=+6.7 soglia_reg=-6.7 [banda fondata=6.7; rumore drop-1 A'=3.3 B'=3.3] -> ok
guardia objdatains: A=968.3 B=965.0 D=+3.3 soglia_reg=-10.0 [max(4, drop-1); rumore drop-1 A'=3.3 B'=10.0] -> ok
guardia objalloc: A=800.0 B=805.0 D=-5.0 soglia_reg=-13.3 [banda fondata=13.3; rumore drop-1 A'=6.7 B'=3.3] -> ok
guardia objallocni: A=736.7 B=736.7 D=+0.0 soglia_reg=-10.0 [banda fondata=10.0; rumore drop-1 A'=6.7 B'=0.0] -> ok
guardia objmap: A=118.3 B=116.7 D=+1.7 soglia_reg=-4.0 [banda fondata=3.3; rumore drop-1 A'=3.3 B'=0.0] -> ok
guardia arith: A=47.1 B=46.7 D=+0.3 soglia_reg=-4.0 [SL=0.94; rumore drop-1 A'=0.1 B'=0.1] -> ok
guardia prop: A=77.1 B=77.2 D=-0.1 soglia_reg=-4.0 [SL=0.8; rumore drop-1 A'=0.9 B'=0.2] -> ok
guardia calls: A=106.3 B=106.5 D=-0.2 soglia_reg=-4.0 [SL=0.73; rumore drop-1 A'=0.7 B'=0.3] -> ok
guardia str: A=157.3 B=157.9 D=-0.5 soglia_reg=-4.0 [SL=2.89; rumore drop-1 A'=1.1 B'=0.0] -> ok
guardia arr: A=151.0 B=149.7 D=+1.3 soglia_reg=-4.0 [SL=2.49; rumore drop-1 A'=2.0 B'=0.7] -> ok
guardia re: A=460.0 B=455.8 D=+4.2 soglia_reg=-4.5 [SL=4.46; rumore drop-1 A'=1.7 B'=1.7] -> ok
ESITO: FUORI BANDA SMOKE (arbitrato dovuto)
sentinella language-server fine finestra: /Applications/Antigravity /Users/francescotinti/.antigravity-ide/extensions/rust-lang.rust-analyzer-0.3.3025-darwin-arm64/server/rust-analyzer /Users/francescotinti/.local/share/uv/tools/serena-agent/bin/python3 /Users/francescotinti/.rustup/toolchains/1.96.0-aarch64-apple-darwin/libexec/rust-analyzer-proc-macro-srv /Users/francescotinti/.rustup/toolchains/stable-aarch64-apple-darwin/bin/rust-analyzer 
