== s163 coppia WP full+media sul pin s162 MISURATO phpr=20c63af44bfd077a server=f6d4a63b23b963da tentativo=t13 (criteri s132/s146/s148 EREDITATI + s163-criterio-pair-t13.md: giudizio a MEDIANA per finestra, az.rev.3 S-149) ==
grade=VERDICT  # derivazione meccanica dai .time; rc autoritativo = pair-out/pair163-t13.done
# full: cpu=user+sys (etichettato); media: CANONICA=user-only + companion (az.rev. S-128 #3)
# az.rev. S-131 #3: riferimento PER CONFIGURAZIONE, ON-ONLY = canonico; firma per gamba
# az.rev. S-136 #2: lettura firma PRE-REGISTRATA: >150% med MOTORE = SPORCA (esclusa); 120-150% = ELEVATA (nel canone, annotata); <=120% pulita
quiescenza warmup: rc=0 (file: pair-out/quiesce-t13-warmup.rc)
quiescenza leg1-on: rc=0 (file: pair-out/quiesce-t13-leg1-on.rc)
quiescenza leg2-on: rc=0 (file: pair-out/quiesce-t13-leg2-on.rc)
quiescenza leg3-on: rc=0 (file: pair-out/quiesce-t13-leg3-on.rc)
quiescenza leg4-on: rc=0 (file: pair-out/quiesce-t13-leg4-on.rc)
quiescenza leg5-on: rc=0 (file: pair-out/quiesce-t13-leg5-on.rc)
quiescenza leg6-on: rc=0 (file: pair-out/quiesce-t13-leg6-on.rc)
leg1-on: ictx/s oracle=1167 phpr=69  contesa ok
  firma leg1-on: ictx%med oracle=102% phpr=105% rank_cpu_oracle=5/6 (1=piu' veloce)
leg2-on: ictx/s oracle=1139 phpr=61  contesa ok
  firma leg2-on: ictx%med oracle=100% phpr=91% rank_cpu_oracle=1/6 (1=piu' veloce)
leg3-on: ictx/s oracle=1143 phpr=69  contesa ok
  firma leg3-on: ictx%med oracle=100% phpr=104% rank_cpu_oracle=4/6 (1=piu' veloce)
leg4-on: ictx/s oracle=1140 phpr=65  contesa ok
  firma leg4-on: ictx%med oracle=100% phpr=97% rank_cpu_oracle=2/6 (1=piu' veloce)
leg5-on: ictx/s oracle=1140 phpr=68  contesa ok
  firma leg5-on: ictx%med oracle=100% phpr=103% rank_cpu_oracle=6/6 (1=piu' veloce)
leg6-on: ictx/s oracle=1151 phpr=60  contesa ok
  firma leg6-on: ictx%med oracle=101% phpr=90% rank_cpu_oracle=3/6 (1=piu' veloce)
ictx_s_mediana_oracle=1142 ictx_s_mediana_phpr=66  # PER MOTORE
gambe pulite: ['leg1-on', 'leg2-on', 'leg3-on', 'leg4-on', 'leg5-on', 'leg6-on']
leg1-on: full_oracle_cpu=442.40 full_phpr_cpu=780.13 proprio=1.763 peak_phpr_MiB=1845.8
leg2-on: full_oracle_cpu=439.09 full_phpr_cpu=774.51 proprio=1.764 peak_phpr_MiB=1847.2
leg3-on: full_oracle_cpu=440.77 full_phpr_cpu=783.91 proprio=1.779 peak_phpr_MiB=1844.0
leg4-on: full_oracle_cpu=439.23 full_phpr_cpu=774.19 proprio=1.763 peak_phpr_MiB=1843.0
leg5-on: full_oracle_cpu=443.46 full_phpr_cpu=775.74 proprio=1.749 peak_phpr_MiB=1844.7
leg6-on: full_oracle_cpu=439.77 full_phpr_cpu=775.10 proprio=1.763 peak_phpr_MiB=1853.4
replica_peak_senza_inserzione (p.5): leg1-on=1845.8 leg2-on=1847.2 leg3-on=1844.0 leg4-on=1843.0 leg5-on=1844.7 leg6-on=1853.4
replica_peak lettura: 6/6 alte (>=1830) -> livello ALTO unico (il doppio livello NON si riproduce)
matrice full (gambe PULITE) phpr(riga)/oracle(colonna):
  leg1-on/leg1-on=1.763  leg1-on/leg2-on=1.777  leg1-on/leg3-on=1.770  leg1-on/leg4-on=1.776  leg1-on/leg5-on=1.759  leg1-on/leg6-on=1.774
  leg2-on/leg1-on=1.751  leg2-on/leg2-on=1.764  leg2-on/leg3-on=1.757  leg2-on/leg4-on=1.763  leg2-on/leg5-on=1.747  leg2-on/leg6-on=1.761
  leg3-on/leg1-on=1.772  leg3-on/leg2-on=1.785  leg3-on/leg3-on=1.779  leg3-on/leg4-on=1.785  leg3-on/leg5-on=1.768  leg3-on/leg6-on=1.783
  leg4-on/leg1-on=1.750  leg4-on/leg2-on=1.763  leg4-on/leg3-on=1.756  leg4-on/leg4-on=1.763  leg4-on/leg5-on=1.746  leg4-on/leg6-on=1.760
  leg5-on/leg1-on=1.753  leg5-on/leg2-on=1.767  leg5-on/leg3-on=1.760  leg5-on/leg4-on=1.766  leg5-on/leg5-on=1.749  leg5-on/leg6-on=1.764
  leg6-on/leg1-on=1.752  leg6-on/leg2-on=1.765  leg6-on/leg3-on=1.759  leg6-on/leg4-on=1.765  leg6-on/leg5-on=1.748  leg6-on/leg6-on=1.763
full_intervallo_PULITO_misto=1.746-1.785  # companion (miscela config)
coppie_proprie_PULITE_miste=1.749-1.779 (N=6)
coppie_proprie_user_only_miste=1.756-1.783
full_on_only_coppie_proprie=1.749-1.779 (N=6) CANONICO
full_on_only_intervallo=1.746-1.785
mediana_t13=1.763 (N=6 coppie proprie ON PULITE; mediane storiche t1=1.799 t2=1.738 t3=1.789 t4=1.781 t5=1.757 t6=1.771 t7=1.795 t8=1.754 t9=1.767 t10=1.760 t11=1.765 t12=1.767)
giudizio_MEDIANA (canonico, criterio t13 p.2): COMPATIBILE (mediana in [1.738; 1.799]) — nessun claim
companion banda-unione (descrittivo): coppie in [1.722-1.823]: 6/6
banda_ON_fondata=0.029 (max-min di N=6 coppie proprie ON PULITE; unione finestre nel verdetto di sessione)
media_leg1-on: user_only_CANONICA=2.466 user+sys_companion=2.434
media_leg2-on: user_only_CANONICA=2.445 user+sys_companion=2.399
media_leg3-on: user_only_CANONICA=2.436 user+sys_companion=2.388
media_leg4-on: user_only_CANONICA=2.435 user+sys_companion=2.390
media_leg5-on: user_only_CANONICA=2.435 user+sys_companion=2.387
media_leg6-on: user_only_CANONICA=2.444 user+sys_companion=2.397
parita_leg1-on: media=OK(vuoto) full=OK(solo wp_is_stream #2)
parita_leg2-on: media=OK(vuoto) full=OK(solo wp_is_stream #2)
parita_leg3-on: media=OK(vuoto) full=OK(solo wp_is_stream #2)
parita_leg4-on: media=OK(vuoto) full=OK(solo wp_is_stream #2)
parita_leg5-on: media=OK(vuoto) full=OK(solo wp_is_stream #2)
parita_leg6-on: media=OK(vuoto) full=OK(solo wp_is_stream #2)
deriva_test (s148 p.4, N=6 critico 0,829): rho_A(leg,peak)=0.086 -> nessuna firma di deriva; rho_B(peak,rapporto)=-0.143 -> accoppiamento NON confermato
sentinella language-server inizio finestra (az.rev. S-157 #4): /Applications/Antigravity /Users/francescotinti/.antigravity-ide/extensions/rust-lang.rust-analyzer-0.3.3025-darwin-arm64/server/rust-analyzer /Users/francescotinti/.local/share/uv/tools/serena-agent/bin/python3 /Users/francescotinti/.rustup/toolchains/1.96.0-aarch64-apple-darwin/libexec/rust-analyzer-proc-macro-srv /Users/francescotinti/.rustup/toolchains/stable-aarch64-apple-darwin/bin/rust-analyzer 
sentinella language-server fine finestra: /Applications/Antigravity /Users/francescotinti/.antigravity-ide/extensions/rust-lang.rust-analyzer-0.3.3025-darwin-arm64/server/rust-analyzer /Users/francescotinti/.local/share/uv/tools/serena-agent/bin/python3 /Users/francescotinti/.rustup/toolchains/1.96.0-aarch64-apple-darwin/libexec/rust-analyzer-proc-macro-srv /Users/francescotinti/.rustup/toolchains/stable-aarch64-apple-darwin/bin/rust-analyzer 
