== s163-ab-au1 au1r5d: A=20c63af4 MISURATO (gemello dal tree corrente s162) B=fea4a2d0 MISURATO R=5 ordine ALTERNATO; giudice=arrload N=10000000 miss dichiarato; soglia=max(4, drop-1); UB dal bundle CONTATO: 3 alloc/miss x coeff sito-autoload 7,0±3,0 ⇒ attesa [12;30]; BANDA SMOKE VINCOLANTE [12;30] nel giudice + emenda rev. S-161 #4; guardie strmap(N=10M, presidio DIRETTO L-AM2) + missload(N=10M, L-AL2 stesso try_autoload) + arrfilter(N=10M, L-AF1) + arrmap(N=10M, L-AM1) + refl(N=10M) + hostargs(N=10M) + backtrace24(N=2,4M) + obj* + sei, comparatore STRETTO; quiescenza rc=0; rc autoritativo = ab-out/au1r5d.rc ==
sentinella language-server inizio finestra (az.rev. S-157 #4): /Applications/Antigravity /Users/francescotinti/.antigravity-ide/extensions/rust-lang.rust-analyzer-0.3.3025-darwin-arm64/server/rust-analyzer /Users/francescotinti/.local/share/uv/tools/serena-agent/bin/python3 /Users/francescotinti/.rustup/toolchains/1.96.0-aarch64-apple-darwin/libexec/rust-analyzer-proc-macro-srv /Users/francescotinti/.rustup/toolchains/stable-aarch64-apple-darwin/bin/rust-analyzer 
cat=arrload N=10000000 floor_A=0.03 floor_B=0.03
  coppia1 [AB]: rawA=3.37 rawB=2.95
  coppia2 [BA]: rawA=3.36 rawB=2.92
  coppia3 [AB]: rawA=3.38 rawB=2.93
  coppia4 [BA]: rawA=3.37 rawB=2.97
  coppia5 [AB]: rawA=3.41 rawB=2.96
cat=strmap N=10000000 floor_A=0.02 floor_B=0.02
  coppia1 [AB]: rawA=1.04 rawB=1.04
  coppia2 [BA]: rawA=1.04 rawB=1.02
  coppia3 [AB]: rawA=1.04 rawB=1.03
  coppia4 [BA]: rawA=1.03 rawB=1.02
  coppia5 [AB]: rawA=1.04 rawB=1.02
cat=missload N=10000000 floor_A=0.03 floor_B=0.02
  coppia1 [AB]: rawA=2.81 rawB=2.82
  coppia2 [BA]: rawA=2.79 rawB=2.82
  coppia3 [AB]: rawA=2.84 rawB=2.84
  coppia4 [BA]: rawA=2.81 rawB=2.83
  coppia5 [AB]: rawA=2.80 rawB=2.79
cat=arrfilter N=10000000 floor_A=0.02 floor_B=0.02
  coppia1 [AB]: rawA=1.82 rawB=1.82
  coppia2 [BA]: rawA=1.82 rawB=1.81
  coppia3 [AB]: rawA=1.82 rawB=1.82
  coppia4 [BA]: rawA=1.81 rawB=1.81
  coppia5 [AB]: rawA=1.81 rawB=1.81
cat=arrmap N=10000000 floor_A=0.03 floor_B=0.02
  coppia1 [AB]: rawA=1.17 rawB=1.16
  coppia2 [BA]: rawA=1.18 rawB=1.17
  coppia3 [AB]: rawA=1.18 rawB=1.17
  coppia4 [BA]: rawA=1.16 rawB=1.16
  coppia5 [AB]: rawA=1.17 rawB=1.16
cat=refl N=10000000 floor_A=0.02 floor_B=0.02
  coppia1 [AB]: rawA=3.59 rawB=3.57
  coppia2 [BA]: rawA=3.53 rawB=3.56
  coppia3 [AB]: rawA=3.52 rawB=3.59
  coppia4 [BA]: rawA=3.58 rawB=3.60
  coppia5 [AB]: rawA=3.62 rawB=3.58
cat=hostargs N=10000000 floor_A=0.03 floor_B=0.02
  coppia1 [AB]: rawA=1.99 rawB=1.99
  coppia2 [BA]: rawA=2.00 rawB=2.00
  coppia3 [AB]: rawA=2.01 rawB=2.02
  coppia4 [BA]: rawA=2.00 rawB=1.99
  coppia5 [AB]: rawA=2.00 rawB=1.99
cat=backtrace N=2400000 floor_A=0.02 floor_B=0.02
  coppia1 [AB]: rawA=1.12 rawB=1.13
  coppia2 [BA]: rawA=1.12 rawB=1.11
  coppia3 [AB]: rawA=1.12 rawB=1.12
  coppia4 [BA]: rawA=1.12 rawB=1.13
  coppia5 [AB]: rawA=1.13 rawB=1.12
cat=objdropdef N=3000000 floor_A=0.02 floor_B=0.02
  coppia1 [AB]: rawA=3.14 rawB=3.09
  coppia2 [BA]: rawA=3.09 rawB=3.09
  coppia3 [AB]: rawA=3.10 rawB=3.13
  coppia4 [BA]: rawA=3.09 rawB=3.08
  coppia5 [AB]: rawA=3.10 rawB=3.09
cat=objchurn N=3000000 floor_A=0.02 floor_B=0.02
  coppia1 [AB]: rawA=3.60 rawB=3.62
  coppia2 [BA]: rawA=3.59 rawB=3.57
  coppia3 [AB]: rawA=3.56 rawB=3.58
  coppia4 [BA]: rawA=3.56 rawB=3.58
  coppia5 [AB]: rawA=3.54 rawB=3.58
cat=objdatains N=3000000 floor_A=0.02 floor_B=0.02
  coppia1 [AB]: rawA=2.90 rawB=2.93
  coppia2 [BA]: rawA=2.91 rawB=2.92
  coppia3 [AB]: rawA=2.91 rawB=2.90
  coppia4 [BA]: rawA=2.89 rawB=2.89
  coppia5 [AB]: rawA=2.91 rawB=2.90
cat=objalloc N=3000000 floor_A=0.02 floor_B=0.02
  coppia1 [AB]: rawA=2.42 rawB=2.47
  coppia2 [BA]: rawA=2.44 rawB=2.42
  coppia3 [AB]: rawA=2.43 rawB=2.42
  coppia4 [BA]: rawA=2.43 rawB=2.43
  coppia5 [AB]: rawA=2.42 rawB=2.42
cat=objallocni N=3000000 floor_A=0.02 floor_B=0.02
  coppia1 [AB]: rawA=2.21 rawB=2.21
  coppia2 [BA]: rawA=2.22 rawB=2.22
  coppia3 [AB]: rawA=2.22 rawB=2.22
  coppia4 [BA]: rawA=2.21 rawB=2.22
  coppia5 [AB]: rawA=2.22 rawB=2.24
cat=objmap N=3000000 floor_A=0.02 floor_B=0.02
  coppia1 [AB]: rawA=0.38 rawB=0.38
  coppia2 [BA]: rawA=0.37 rawB=0.37
  coppia3 [AB]: rawA=0.37 rawB=0.37
  coppia4 [BA]: rawA=0.37 rawB=0.37
  coppia5 [AB]: rawA=0.37 rawB=0.37
cat=arith N=150000000 floor_A=0.02 floor_B=0.02
  coppia1 [AB]: rawA=7.03 rawB=7.01
  coppia2 [BA]: rawA=7.09 rawB=7.03
  coppia3 [AB]: rawA=7.06 rawB=7.05
  coppia4 [BA]: rawA=7.06 rawB=7.08
  coppia5 [AB]: rawA=7.11 rawB=7.06
cat=prop N=90000000 floor_A=0.02 floor_B=0.02
  coppia1 [AB]: rawA=6.97 rawB=6.96
  coppia2 [BA]: rawA=6.95 rawB=6.94
  coppia3 [AB]: rawA=6.94 rawB=6.95
  coppia4 [BA]: rawA=6.98 rawB=6.97
  coppia5 [AB]: rawA=6.95 rawB=6.97
cat=calls N=60000000 floor_A=0.02 floor_B=0.02
  coppia1 [AB]: rawA=6.38 rawB=6.37
  coppia2 [BA]: rawA=6.36 rawB=6.37
  coppia3 [AB]: rawA=6.38 rawB=6.39
  coppia4 [BA]: rawA=6.38 rawB=6.37
  coppia5 [AB]: rawA=6.36 rawB=6.34
cat=str N=28000000 floor_A=0.02 floor_B=0.02
  coppia1 [AB]: rawA=4.44 rawB=4.47
  coppia2 [BA]: rawA=4.41 rawB=4.41
  coppia3 [AB]: rawA=4.41 rawB=4.42
  coppia4 [BA]: rawA=4.44 rawB=4.48
  coppia5 [AB]: rawA=4.50 rawB=4.41
cat=arr N=30000000 floor_A=0.02 floor_B=0.02
  coppia1 [AB]: rawA=4.53 rawB=4.54
  coppia2 [BA]: rawA=4.56 rawB=4.60
  coppia3 [AB]: rawA=4.55 rawB=4.52
  coppia4 [BA]: rawA=4.55 rawB=4.60
  coppia5 [AB]: rawA=4.55 rawB=4.52
cat=re N=12000000 floor_A=0.02 floor_B=0.02
  coppia1 [AB]: rawA=5.55 rawB=5.47
  coppia2 [BA]: rawA=5.53 rawB=5.52
  coppia3 [AB]: rawA=5.51 rawB=5.52
  coppia4 [BA]: rawA=5.54 rawB=5.50
  coppia5 [AB]: rawA=5.53 rawB=5.52
GIUDICE arrload: A=334.0 B=292.0 ns/miss D=+42.0 soglia=4.0 (rumore drop-1: A'=2.0 B'=4.0) -> SOPRA SOGLIA
riconciliazione arrload: D_smoke=+45.5 D_R5=+42.0 |diff|=3.5 banda=4.0 -> in banda
riconciliazione UB arrload: D=+42.0 vs attesa [12.0;30.0]+rumore=4.0 -> FUORI-UB SOPRA (reperto a verbale, sonda dovuta)
guardia strmap: A=102.0 B=100.0 D=+2.0 soglia_reg=-4.0 [max(4, drop-1); rumore drop-1 A'=0.0 B'=1.0] -> ok
guardia missload: A=278.0 B=280.0 D=-2.0 soglia_reg=-4.0 [max(4, drop-1); rumore drop-1 A'=2.0 B'=2.0] -> ok
guardia arrfilter: A=180.0 B=179.0 D=+1.0 soglia_reg=-4.0 [max(4, drop-1); rumore drop-1 A'=1.0 B'=1.0] -> ok
guardia arrmap: A=114.0 B=114.0 D=+0.0 soglia_reg=-4.0 [max(4, drop-1); rumore drop-1 A'=2.0 B'=1.0] -> ok
guardia refl: A=356.0 B=356.0 D=+0.0 soglia_reg=-9.0 [max(4, drop-1); rumore drop-1 A'=9.0 B'=3.0] -> ok
guardia hostargs: A=197.0 B=197.0 D=+0.0 soglia_reg=-4.0 [max(4, drop-1); rumore drop-1 A'=1.0 B'=1.0] -> ok
guardia backtrace: A=458.3 B=458.3 D=+0.0 soglia_reg=-4.2 [max(4, drop-1); rumore drop-1 A'=0.0 B'=4.2] -> ok
guardia objdropdef: A=1026.7 B=1023.3 D=+3.3 soglia_reg=-4.0 [max(4, drop-1); rumore drop-1 A'=3.3 B'=3.3] -> ok
guardia objchurn: A=1180.0 B=1186.7 D=-6.7 soglia_reg=-16.7 [banda fondata=6.7; rumore drop-1 A'=16.7 B'=3.3] -> ok
guardia objdatains: A=963.3 B=960.0 D=+3.3 soglia_reg=-10.0 [max(4, drop-1); rumore drop-1 A'=3.3 B'=10.0] -> ok
guardia objalloc: A=803.3 B=800.0 D=+3.3 soglia_reg=-13.3 [banda fondata=13.3; rumore drop-1 A'=6.7 B'=3.3] -> ok
guardia objallocni: A=733.3 B=733.3 D=+0.0 soglia_reg=-10.0 [banda fondata=10.0; rumore drop-1 A'=3.3 B'=3.3] -> ok
guardia objmap: A=116.7 B=116.7 D=+0.0 soglia_reg=-4.0 [banda fondata=3.3; rumore drop-1 A'=0.0 B'=0.0] -> ok
guardia arith: A=46.9 B=46.9 D=+0.1 soglia_reg=-4.0 [SL=0.94; rumore drop-1 A'=0.4 B'=0.3] -> ok
guardia prop: A=77.0 B=77.1 D=-0.1 soglia_reg=-4.0 [SL=0.8; rumore drop-1 A'=0.3 B'=0.2] -> ok
guardia calls: A=106.0 B=105.8 D=+0.2 soglia_reg=-4.0 [SL=0.73; rumore drop-1 A'=0.3 B'=0.3] -> ok
guardia str: A=157.9 B=157.1 D=+0.7 soglia_reg=-4.0 [SL=2.89; rumore drop-1 A'=1.1 B'=2.1] -> ok
guardia arr: A=151.0 B=150.7 D=+0.3 soglia_reg=-4.0 [SL=2.49; rumore drop-1 A'=0.3 B'=2.7] -> ok
guardia re: A=459.2 B=458.3 D=+0.8 soglia_reg=-4.5 [SL=4.46; rumore drop-1 A'=1.7 B'=1.7] -> ok
ESITO: SOPRA SOGLIA (giudice ok, guardie ok)
sentinella language-server fine finestra: /Applications/Antigravity /Users/francescotinti/.antigravity-ide/extensions/rust-lang.rust-analyzer-0.3.3025-darwin-arm64/server/rust-analyzer /Users/francescotinti/.local/share/uv/tools/serena-agent/bin/python3 /Users/francescotinti/.rustup/toolchains/1.96.0-aarch64-apple-darwin/libexec/rust-analyzer-proc-macro-srv /Users/francescotinti/.rustup/toolchains/stable-aarch64-apple-darwin/bin/rust-analyzer 
