== s148 replica coppia WP full+media sul pin s145 tentativo=t2 (criterio s132-criterio-pair.md RIUSATO + s146-criterio-pair.md EREDITATO + s148-criterio-t2.md; az.rev. S-146 #1/#3) ==
grade=VERDICT  # derivazione meccanica dai .time; rc autoritativo = pair-out/pair148-t2.done
# full: cpu=user+sys (etichettato); media: CANONICA=user-only + companion (az.rev. S-128 #3)
# az.rev. S-131 #3: riferimento PER CONFIGURAZIONE, ON-ONLY = canonico; firma per gamba
# az.rev. S-136 #2: lettura firma PRE-REGISTRATA: >150% med MOTORE = SPORCA (esclusa); 120-150% = ELEVATA (nel canone, annotata); <=120% pulita
quiescenza warmup: rc=0 (file: pair-out/quiesce-t2-warmup.rc)
quiescenza leg1-on: rc=0 (file: pair-out/quiesce-t2-leg1-on.rc)
quiescenza leg2-on: rc=0 (file: pair-out/quiesce-t2-leg2-on.rc)
quiescenza leg3-on: rc=0 (file: pair-out/quiesce-t2-leg3-on.rc)
quiescenza leg4-on: rc=0 (file: pair-out/quiesce-t2-leg4-on.rc)
quiescenza leg5-on: rc=0 (file: pair-out/quiesce-t2-leg5-on.rc)
quiescenza leg6-on: rc=0 (file: pair-out/quiesce-t2-leg6-on.rc)
leg1-on: ictx/s oracle=1111 phpr=177  SEGNALATA(>1,5x med MOTORE)
  firma leg1-on: ictx%med oracle=104% phpr=202% rank_cpu_oracle=5/6 (1=piu' veloce)
leg2-on: ictx/s oracle=1119 phpr=121  contesa ok
  firma leg2-on: ictx%med oracle=105% phpr=138% rank_cpu_oracle=6/6 (1=piu' veloce)  ELEVATA(120-150% med MOTORE: resta nel canone, annotata — az.rev. S-136 #2)
leg3-on: ictx/s oracle=1054 phpr=79  contesa ok
  firma leg3-on: ictx%med oracle=99% phpr=90% rank_cpu_oracle=4/6 (1=piu' veloce)
leg4-on: ictx/s oracle=1055 phpr=85  contesa ok
  firma leg4-on: ictx%med oracle=99% phpr=97% rank_cpu_oracle=3/6 (1=piu' veloce)
leg5-on: ictx/s oracle=1071 phpr=88  contesa ok
  firma leg5-on: ictx%med oracle=101% phpr=100% rank_cpu_oracle=1/6 (1=piu' veloce)
leg6-on: ictx/s oracle=1058 phpr=88  contesa ok
  firma leg6-on: ictx%med oracle=99% phpr=100% rank_cpu_oracle=2/6 (1=piu' veloce)
ictx_s_mediana_oracle=1064 ictx_s_mediana_phpr=88  # PER MOTORE
gambe pulite: ['leg2-on', 'leg3-on', 'leg4-on', 'leg5-on', 'leg6-on']
leg1-on: full_oracle_cpu=454.71 full_phpr_cpu=809.87 proprio=1.781 peak_phpr_MiB=1782.4
leg2-on: full_oracle_cpu=454.85 full_phpr_cpu=790.33 proprio=1.738 peak_phpr_MiB=1835.3
leg3-on: full_oracle_cpu=453.19 full_phpr_cpu=780.42 proprio=1.722 peak_phpr_MiB=1823.8
leg4-on: full_oracle_cpu=450.28 full_phpr_cpu=780.35 proprio=1.733 peak_phpr_MiB=1844.5
leg5-on: full_oracle_cpu=447.58 full_phpr_cpu=779.70 proprio=1.742 peak_phpr_MiB=1844.7
leg6-on: full_oracle_cpu=449.50 full_phpr_cpu=781.59 proprio=1.739 peak_phpr_MiB=1850.9
replica_peak_senza_inserzione (p.5): leg1-on=1782.4 leg2-on=1835.3 leg3-on=1823.8 leg4-on=1844.5 leg5-on=1844.7 leg6-on=1850.9
replica_peak lettura: esito MISTO -> nessuna firma, si dichiara
matrice full (gambe PULITE) phpr(riga)/oracle(colonna):
  leg2-on/leg2-on=1.738  leg2-on/leg3-on=1.744  leg2-on/leg4-on=1.755  leg2-on/leg5-on=1.766  leg2-on/leg6-on=1.758
  leg3-on/leg2-on=1.716  leg3-on/leg3-on=1.722  leg3-on/leg4-on=1.733  leg3-on/leg5-on=1.744  leg3-on/leg6-on=1.736
  leg4-on/leg2-on=1.716  leg4-on/leg3-on=1.722  leg4-on/leg4-on=1.733  leg4-on/leg5-on=1.743  leg4-on/leg6-on=1.736
  leg5-on/leg2-on=1.714  leg5-on/leg3-on=1.720  leg5-on/leg4-on=1.732  leg5-on/leg5-on=1.742  leg5-on/leg6-on=1.735
  leg6-on/leg2-on=1.718  leg6-on/leg3-on=1.725  leg6-on/leg4-on=1.736  leg6-on/leg5-on=1.746  leg6-on/leg6-on=1.739
full_intervallo_PULITO_misto=1.714-1.766  # companion (miscela config)
coppie_proprie_PULITE_miste=1.722-1.742 (N=5)
coppie_proprie_user_only_miste=1.734-1.756
full_on_only_coppie_proprie=1.722-1.742 (N=5) CANONICO
full_on_only_intervallo=1.714-1.766
confronto_formale_rif: on-only vs [1.765-1.788] banda 0.036 (rif S-142) -> FUORI BANDA: 1.722(d=-0.043)
banda_ON_fondata=0.020 (max-min di N=5 coppie proprie ON PULITE; unione finestre nel verdetto di sessione)
media_leg1-on: user_only_CANONICA=2.498 user+sys_companion=2.443 (SEGNALATA)
media_leg2-on: user_only_CANONICA=2.495 user+sys_companion=2.436
media_leg3-on: user_only_CANONICA=2.569 user+sys_companion=2.505
media_leg4-on: user_only_CANONICA=2.458 user+sys_companion=2.391
media_leg5-on: user_only_CANONICA=2.454 user+sys_companion=2.385
media_leg6-on: user_only_CANONICA=2.456 user+sys_companion=2.382
parita_leg1-on: media=OK(vuoto) full=OK(solo wp_is_stream #2)
parita_leg2-on: media=OK(vuoto) full=OK(solo wp_is_stream #2)
parita_leg3-on: media=OK(vuoto) full=OK(solo wp_is_stream #2)
parita_leg4-on: media=OK(vuoto) full=OK(solo wp_is_stream #2)
parita_leg5-on: media=OK(vuoto) full=OK(solo wp_is_stream #2)
parita_leg6-on: media=OK(vuoto) full=OK(solo wp_is_stream #2)
deriva_test: gambe pulite N=5 < 6 -> SOTTO-CAMPIONATO, nessuna soglia applicata (s148 p.4)
