== s166 coppia WP full+media sul pin s165 MISURATO phpr=1fd8757d2f72dc3e server=cf7afe37f29016a8 tentativo=t15 (criteri s132/s146/s148 EREDITATI + s166-criterio-pair-t15.md: giudizio a MEDIANA per finestra, az.rev.3 S-149) ==
grade=VERDICT  # derivazione meccanica dai .time; rc autoritativo = pair-out/pair166-t15.done
# full: cpu=user+sys (etichettato); media: CANONICA=user-only + companion (az.rev. S-128 #3)
# az.rev. S-131 #3: riferimento PER CONFIGURAZIONE, ON-ONLY = canonico; firma per gamba
# az.rev. S-136 #2: lettura firma PRE-REGISTRATA: >150% med MOTORE = SPORCA (esclusa); 120-150% = ELEVATA (nel canone, annotata); <=120% pulita
quiescenza warmup: rc=0 (file: pair-out/quiesce-t15-warmup.rc)
quiescenza leg1-on: rc=0 (file: pair-out/quiesce-t15-leg1-on.rc)
quiescenza leg2-on: rc=0 (file: pair-out/quiesce-t15-leg2-on.rc)
quiescenza leg3-on: rc=0 (file: pair-out/quiesce-t15-leg3-on.rc)
quiescenza leg4-on: rc=0 (file: pair-out/quiesce-t15-leg4-on.rc)
quiescenza leg5-on: rc=0 (file: pair-out/quiesce-t15-leg5-on.rc)
quiescenza leg6-on: rc=0 (file: pair-out/quiesce-t15-leg6-on.rc)
leg1-on: ictx/s oracle=1074 phpr=109  SEGNALATA(>1,5x med MOTORE)
  firma leg1-on: ictx%med oracle=100% phpr=155% rank_cpu_oracle=1/6 (1=piu' veloce)
leg2-on: ictx/s oracle=1069 phpr=71  contesa ok
  firma leg2-on: ictx%med oracle=100% phpr=100% rank_cpu_oracle=3/6 (1=piu' veloce)
leg3-on: ictx/s oracle=1066 phpr=70  contesa ok
  firma leg3-on: ictx%med oracle=100% phpr=100% rank_cpu_oracle=5/6 (1=piu' veloce)
leg4-on: ictx/s oracle=1072 phpr=71  contesa ok
  firma leg4-on: ictx%med oracle=100% phpr=101% rank_cpu_oracle=2/6 (1=piu' veloce)
leg5-on: ictx/s oracle=1068 phpr=70  contesa ok
  firma leg5-on: ictx%med oracle=100% phpr=99% rank_cpu_oracle=6/6 (1=piu' veloce)
leg6-on: ictx/s oracle=1073 phpr=65  contesa ok
  firma leg6-on: ictx%med oracle=100% phpr=92% rank_cpu_oracle=4/6 (1=piu' veloce)
ictx_s_mediana_oracle=1070 ictx_s_mediana_phpr=71  # PER MOTORE
gambe pulite: ['leg2-on', 'leg3-on', 'leg4-on', 'leg5-on', 'leg6-on']
leg1-on: full_oracle_cpu=445.77 full_phpr_cpu=784.36 proprio=1.760 peak_phpr_MiB=1780.9
leg2-on: full_oracle_cpu=446.78 full_phpr_cpu=780.97 proprio=1.748 peak_phpr_MiB=1783.5
leg3-on: full_oracle_cpu=447.60 full_phpr_cpu=781.56 proprio=1.746 peak_phpr_MiB=1774.0
leg4-on: full_oracle_cpu=446.75 full_phpr_cpu=780.90 proprio=1.748 peak_phpr_MiB=1778.4
leg5-on: full_oracle_cpu=448.14 full_phpr_cpu=782.40 proprio=1.746 peak_phpr_MiB=1754.4
leg6-on: full_oracle_cpu=447.27 full_phpr_cpu=779.59 proprio=1.743 peak_phpr_MiB=1776.8
replica_peak_senza_inserzione (p.5): leg1-on=1780.9 leg2-on=1783.5 leg3-on=1774.0 leg4-on=1778.4 leg5-on=1754.4 leg6-on=1776.8
replica_peak lettura: 6/6 basse (<=1825) -> livello BASSO unico (il doppio livello NON si riproduce)
matrice full (gambe PULITE) phpr(riga)/oracle(colonna):
  leg2-on/leg2-on=1.748  leg2-on/leg3-on=1.745  leg2-on/leg4-on=1.748  leg2-on/leg5-on=1.743  leg2-on/leg6-on=1.746
  leg3-on/leg2-on=1.749  leg3-on/leg3-on=1.746  leg3-on/leg4-on=1.749  leg3-on/leg5-on=1.744  leg3-on/leg6-on=1.747
  leg4-on/leg2-on=1.748  leg4-on/leg3-on=1.745  leg4-on/leg4-on=1.748  leg4-on/leg5-on=1.743  leg4-on/leg6-on=1.746
  leg5-on/leg2-on=1.751  leg5-on/leg3-on=1.748  leg5-on/leg4-on=1.751  leg5-on/leg5-on=1.746  leg5-on/leg6-on=1.749
  leg6-on/leg2-on=1.745  leg6-on/leg3-on=1.742  leg6-on/leg4-on=1.745  leg6-on/leg5-on=1.740  leg6-on/leg6-on=1.743
full_intervallo_PULITO_misto=1.740-1.751  # companion (miscela config)
coppie_proprie_PULITE_miste=1.743-1.748 (N=5)
coppie_proprie_user_only_miste=1.752-1.758
full_on_only_coppie_proprie=1.743-1.748 (N=5) CANONICO
full_on_only_intervallo=1.740-1.751
mediana_t15=1.746 (N=5 coppie proprie ON PULITE; mediane storiche t1=1.799 t2=1.738 t3=1.789 t4=1.781 t5=1.757 t6=1.771 t7=1.795 t8=1.754 t9=1.767 t10=1.760 t11=1.765 t12=1.767 t13=1.763 t14=1.761)
giudizio_MEDIANA (canonico, criterio t15 p.2): COMPATIBILE (mediana in [1.738; 1.799]) — nessun claim
companion banda-unione (descrittivo): coppie in [1.722-1.823]: 5/5
banda_ON_fondata=0.005 (max-min di N=5 coppie proprie ON PULITE; unione finestre nel verdetto di sessione)
media_leg1-on: user_only_CANONICA=2.430 user+sys_companion=2.379 (SEGNALATA)
media_leg2-on: user_only_CANONICA=2.436 user+sys_companion=2.381
media_leg3-on: user_only_CANONICA=2.434 user+sys_companion=2.381
media_leg4-on: user_only_CANONICA=2.432 user+sys_companion=2.380
media_leg5-on: user_only_CANONICA=2.440 user+sys_companion=2.388
media_leg6-on: user_only_CANONICA=2.430 user+sys_companion=2.372
parita_leg1-on: media=OK(vuoto) full=OK(solo wp_is_stream #2)
parita_leg2-on: media=OK(vuoto) full=OK(solo wp_is_stream #2)
parita_leg3-on: media=OK(vuoto) full=OK(solo wp_is_stream #2)
parita_leg4-on: media=OK(vuoto) full=OK(solo wp_is_stream #2)
parita_leg5-on: media=OK(vuoto) full=OK(solo wp_is_stream #2)
parita_leg6-on: media=OK(vuoto) full=OK(solo wp_is_stream #2)
deriva_test: gambe pulite N=5 < 6 -> SOTTO-CAMPIONATO, nessuna soglia applicata (s148 p.4)
sentinella language-server inizio finestra (az.rev. S-157 #4): /Applications/Antigravity /Users/francescotinti/.antigravity-ide/extensions/rust-lang.rust-analyzer-0.3.3025-darwin-arm64/server/rust-analyzer /Users/francescotinti/.local/share/uv/tools/serena-agent/bin/python3 /Users/francescotinti/.rustup/toolchains/1.96.0-aarch64-apple-darwin/libexec/rust-analyzer-proc-macro-srv /Users/francescotinti/.rustup/toolchains/stable-aarch64-apple-darwin/bin/rust-analyzer 
sentinella language-server fine finestra: /Applications/Antigravity /Users/francescotinti/.antigravity-ide/extensions/rust-lang.rust-analyzer-0.3.3025-darwin-arm64/server/rust-analyzer /Users/francescotinti/.local/share/uv/tools/serena-agent/bin/python3 /Users/francescotinti/.rustup/toolchains/1.96.0-aarch64-apple-darwin/libexec/rust-analyzer-proc-macro-srv /Users/francescotinti/.rustup/toolchains/stable-aarch64-apple-darwin/bin/rust-analyzer 
