== s166-ab-mck mckr5: A=1fd8757d MISURATO (pin s165 dallo stash) B=092dcff4 MISURATO R=5 ordine ALTERNATO; giudice=mc3 N=20000000 $o->f($s,1,0) k=3 ArgPlace dichiarato; soglia=max(4, drop-1) + VIETO su rumore>4 (az.rev. S-164 #5, rc=8); UB dal bundle CONTATO: alloc args-Vec ≈0 (lezione AL3) + salto method_call+dispatch_instance_call ⇒ attesa/BANDA SMOKE VINCOLANTE [4;30] + emenda rev. S-161 #4; guardie missload(N=10M, presidio AL2/AU1) + arrload(N=10M, L-AU1) + strmap(N=10M, L-AM2) + arrfilter(N=10M, L-AF1) + arrmap(N=10M, L-AM1) + refl(N=10M) + hostargs(N=10M) + backtrace24(N=2,4M) + obj* + sei, comparatore STRETTO; quiescenza rc=0; rc autoritativo = ab-out/mckr5.rc ==
sentinella language-server inizio finestra (az.rev. S-157 #4): /Applications/Antigravity /Users/francescotinti/.antigravity-ide/extensions/rust-lang.rust-analyzer-0.3.3025-darwin-arm64/server/rust-analyzer /Users/francescotinti/.local/share/uv/tools/serena-agent/bin/python3 /Users/francescotinti/.rustup/toolchains/1.96.0-aarch64-apple-darwin/libexec/rust-analyzer-proc-macro-srv /Users/francescotinti/.rustup/toolchains/stable-aarch64-apple-darwin/bin/rust-analyzer 
cat=mc3 N=20000000 floor_A=0.00 floor_B=0.00
  coppia1 [AB]: rawA=4.06 rawB=3.62
  coppia2 [BA]: rawA=4.04 rawB=3.62
  coppia3 [AB]: rawA=4.05 rawB=3.62
  coppia4 [BA]: rawA=4.08 rawB=3.63
  coppia5 [AB]: rawA=4.04 rawB=3.64
cat=mc2 N=20000000 floor_A=0.03 floor_B=0.02
  coppia1 [AB]: rawA=3.19 rawB=3.08
  coppia2 [BA]: rawA=3.14 rawB=3.07
  coppia3 [AB]: rawA=3.14 rawB=3.10
  coppia4 [BA]: rawA=3.15 rawB=3.09
  coppia5 [AB]: rawA=3.19 rawB=3.08
cat=missload N=10000000 floor_A=0.02 floor_B=0.02
  coppia1 [AB]: rawA=2.81 rawB=2.83
  coppia2 [BA]: rawA=2.83 rawB=2.82
  coppia3 [AB]: rawA=2.81 rawB=2.83
  coppia4 [BA]: rawA=2.81 rawB=2.83
  coppia5 [AB]: rawA=2.82 rawB=2.85
cat=arrload N=10000000 floor_A=0.03 floor_B=0.02
  coppia1 [AB]: rawA=2.97 rawB=3.00
  coppia2 [BA]: rawA=2.96 rawB=2.98
  coppia3 [AB]: rawA=2.96 rawB=2.98
  coppia4 [BA]: rawA=2.95 rawB=2.99
  coppia5 [AB]: rawA=2.97 rawB=3.00
cat=strmap N=10000000 floor_A=0.02 floor_B=0.02
  coppia1 [AB]: rawA=1.04 rawB=1.01
  coppia2 [BA]: rawA=1.04 rawB=1.02
  coppia3 [AB]: rawA=1.04 rawB=1.02
  coppia4 [BA]: rawA=1.04 rawB=1.01
  coppia5 [AB]: rawA=1.03 rawB=1.02
cat=arrfilter N=10000000 floor_A=0.03 floor_B=0.03
  coppia1 [AB]: rawA=1.84 rawB=1.82
  coppia2 [BA]: rawA=1.83 rawB=1.85
  coppia3 [AB]: rawA=1.83 rawB=1.83
  coppia4 [BA]: rawA=1.82 rawB=1.83
  coppia5 [AB]: rawA=1.83 rawB=1.82
cat=arrmap N=10000000 floor_A=0.03 floor_B=0.02
  coppia1 [AB]: rawA=1.16 rawB=1.16
  coppia2 [BA]: rawA=1.16 rawB=1.16
  coppia3 [AB]: rawA=1.16 rawB=1.16
  coppia4 [BA]: rawA=1.16 rawB=1.16
  coppia5 [AB]: rawA=1.17 rawB=1.16
cat=refl N=10000000 floor_A=0.02 floor_B=0.03
  coppia1 [AB]: rawA=3.56 rawB=3.59
  coppia2 [BA]: rawA=3.57 rawB=3.49
  coppia3 [AB]: rawA=3.55 rawB=3.51
  coppia4 [BA]: rawA=3.53 rawB=3.52
  coppia5 [AB]: rawA=3.56 rawB=3.57
cat=hostargs N=10000000 floor_A=0.03 floor_B=0.02
  coppia1 [AB]: rawA=1.98 rawB=2.00
  coppia2 [BA]: rawA=2.00 rawB=2.01
  coppia3 [AB]: rawA=2.00 rawB=2.00
  coppia4 [BA]: rawA=1.99 rawB=2.01
  coppia5 [AB]: rawA=2.00 rawB=2.00
cat=backtrace N=2400000 floor_A=0.02 floor_B=0.02
  coppia1 [AB]: rawA=1.12 rawB=1.11
  coppia2 [BA]: rawA=1.12 rawB=1.11
  coppia3 [AB]: rawA=1.11 rawB=1.11
  coppia4 [BA]: rawA=1.12 rawB=1.11
  coppia5 [AB]: rawA=1.12 rawB=1.11
cat=objdropdef N=3000000 floor_A=0.03 floor_B=0.02
  coppia1 [AB]: rawA=3.07 rawB=3.08
  coppia2 [BA]: rawA=3.07 rawB=3.09
  coppia3 [AB]: rawA=3.09 rawB=3.09
  coppia4 [BA]: rawA=3.09 rawB=3.09
  coppia5 [AB]: rawA=3.10 rawB=3.07
cat=objchurn N=3000000 floor_A=0.02 floor_B=0.02
  coppia1 [AB]: rawA=3.55 rawB=3.56
  coppia2 [BA]: rawA=3.55 rawB=3.60
  coppia3 [AB]: rawA=3.56 rawB=3.55
  coppia4 [BA]: rawA=3.56 rawB=3.55
  coppia5 [AB]: rawA=3.55 rawB=3.55
cat=objdatains N=3000000 floor_A=0.03 floor_B=0.02
  coppia1 [AB]: rawA=2.90 rawB=2.88
  coppia2 [BA]: rawA=2.92 rawB=2.90
  coppia3 [AB]: rawA=2.89 rawB=2.89
  coppia4 [BA]: rawA=2.92 rawB=2.91
  coppia5 [AB]: rawA=2.89 rawB=2.91
cat=objalloc N=3000000 floor_A=0.02 floor_B=0.02
  coppia1 [AB]: rawA=2.42 rawB=2.41
  coppia2 [BA]: rawA=2.44 rawB=2.41
  coppia3 [AB]: rawA=2.42 rawB=2.41
  coppia4 [BA]: rawA=2.40 rawB=2.41
  coppia5 [AB]: rawA=2.42 rawB=2.43
cat=objallocni N=3000000 floor_A=0.03 floor_B=0.02
  coppia1 [AB]: rawA=2.23 rawB=2.21
  coppia2 [BA]: rawA=2.22 rawB=2.23
  coppia3 [AB]: rawA=2.22 rawB=2.22
  coppia4 [BA]: rawA=2.21 rawB=2.22
  coppia5 [AB]: rawA=2.21 rawB=2.22
cat=objmap N=3000000 floor_A=0.02 floor_B=0.03
  coppia1 [AB]: rawA=0.37 rawB=0.37
  coppia2 [BA]: rawA=0.38 rawB=0.38
  coppia3 [AB]: rawA=0.37 rawB=0.37
  coppia4 [BA]: rawA=0.38 rawB=0.38
  coppia5 [AB]: rawA=0.37 rawB=0.38
cat=arith N=150000000 floor_A=0.02 floor_B=0.02
  coppia1 [AB]: rawA=7.00 rawB=6.95
  coppia2 [BA]: rawA=7.00 rawB=6.99
  coppia3 [AB]: rawA=6.98 rawB=7.04
  coppia4 [BA]: rawA=7.09 rawB=7.04
  coppia5 [AB]: rawA=7.07 rawB=7.08
cat=prop N=90000000 floor_A=0.03 floor_B=0.02
  coppia1 [AB]: rawA=7.17 rawB=6.93
  coppia2 [BA]: rawA=7.14 rawB=6.97
  coppia3 [AB]: rawA=7.25 rawB=6.93
  coppia4 [BA]: rawA=7.15 rawB=6.98
  coppia5 [AB]: rawA=7.15 rawB=6.97
cat=calls N=60000000 floor_A=0.02 floor_B=0.03
  coppia1 [AB]: rawA=6.53 rawB=6.45
  coppia2 [BA]: rawA=6.45 rawB=6.44
  coppia3 [AB]: rawA=6.47 rawB=6.44
  coppia4 [BA]: rawA=6.48 rawB=6.41
  coppia5 [AB]: rawA=6.48 rawB=6.46
cat=str N=28000000 floor_A=0.02 floor_B=0.02
  coppia1 [AB]: rawA=4.41 rawB=4.37
  coppia2 [BA]: rawA=4.41 rawB=4.36
  coppia3 [AB]: rawA=4.43 rawB=4.37
  coppia4 [BA]: rawA=4.43 rawB=4.38
  coppia5 [AB]: rawA=4.38 rawB=4.38
cat=arr N=30000000 floor_A=0.02 floor_B=0.03
  coppia1 [AB]: rawA=4.51 rawB=4.47
  coppia2 [BA]: rawA=4.49 rawB=4.48
  coppia3 [AB]: rawA=4.51 rawB=4.52
  coppia4 [BA]: rawA=4.50 rawB=4.51
  coppia5 [AB]: rawA=4.52 rawB=4.51
cat=re N=12000000 floor_A=0.02 floor_B=0.02
  coppia1 [AB]: rawA=5.51 rawB=5.52
  coppia2 [BA]: rawA=5.50 rawB=5.51
  coppia3 [AB]: rawA=5.53 rawB=5.58
  coppia4 [BA]: rawA=5.51 rawB=5.50
  coppia5 [AB]: rawA=5.50 rawB=5.51
GIUDICE mc3: A=202.5 B=181.0 ns/iter D=+21.5 soglia=4.0 (rumore drop-1: A'=1.0 B'=0.5) -> SOPRA SOGLIA
riconciliazione mc3: D_smoke=+20.0 D_R5=+21.5 |diff|=1.5 banda=4.0 -> in banda
riconciliazione UB mc3: D=+21.5 vs attesa [4.0;30.0]+rumore=1.0 -> DENTRO l'attesa [4;30] (bundle salto-funnel; alloc ≈0 per lezione AL3)
guardia mc2: A=156.0 B=153.0 D=+3.0 soglia_reg=-4.0 [max(4, drop-1); rumore drop-1 A'=2.5 B'=1.0] -> ok
guardia missload: A=279.0 B=281.0 D=-2.0 soglia_reg=-8.0 [banda fondata=8.0; rumore drop-1 A'=1.0 B'=1.0] -> ok
guardia arrload: A=293.0 B=297.0 D=-4.0 soglia_reg=-4.0 [max(4, drop-1); rumore drop-1 A'=2.0 B'=2.0] -> ok
guardia strmap: A=102.0 B=100.0 D=+2.0 soglia_reg=-4.0 [max(4, drop-1); rumore drop-1 A'=0.0 B'=1.0] -> ok
guardia arrfilter: A=180.0 B=180.0 D=+0.0 soglia_reg=-6.0 [banda fondata=6.0; rumore drop-1 A'=1.0 B'=1.0] -> ok
guardia arrmap: A=113.0 B=114.0 D=-1.0 soglia_reg=-4.0 [max(4, drop-1); rumore drop-1 A'=0.0 B'=0.0] -> ok
guardia refl: A=354.0 B=349.0 D=+5.0 soglia_reg=-8.0 [max(4, drop-1); rumore drop-1 A'=2.0 B'=8.0] -> ok
guardia hostargs: A=197.0 B=198.0 D=-1.0 soglia_reg=-4.0 [max(4, drop-1); rumore drop-1 A'=1.0 B'=1.0] -> ok
guardia backtrace: A=458.3 B=454.2 D=+4.2 soglia_reg=-4.0 [max(4, drop-1); rumore drop-1 A'=0.0 B'=0.0] -> ok
guardia objdropdef: A=1020.0 B=1023.3 D=-3.3 soglia_reg=-10.0 [max(4, drop-1); rumore drop-1 A'=10.0 B'=3.3] -> ok
guardia objchurn: A=1176.7 B=1176.7 D=+0.0 soglia_reg=-6.7 [banda fondata=6.7; rumore drop-1 A'=3.3 B'=3.3] -> ok
guardia objdatains: A=956.7 B=960.0 D=-3.3 soglia_reg=-10.0 [max(4, drop-1); rumore drop-1 A'=10.0 B'=6.7] -> ok
guardia objalloc: A=800.0 B=796.7 D=+3.3 soglia_reg=-13.3 [banda fondata=13.3; rumore drop-1 A'=6.7 B'=0.0] -> ok
guardia objallocni: A=730.0 B=733.3 D=-3.3 soglia_reg=-10.0 [banda fondata=10.0; rumore drop-1 A'=3.3 B'=3.3] -> ok
guardia objmap: A=116.7 B=116.7 D=+0.0 soglia_reg=-4.0 [banda fondata=3.3; rumore drop-1 A'=3.3 B'=3.3] -> ok
guardia arith: A=46.5 B=46.8 D=-0.3 soglia_reg=-4.0 [SL=0.94; rumore drop-1 A'=0.6 B'=0.6] -> ok
guardia prop: A=79.1 B=77.2 D=+1.9 soglia_reg=-4.0 [SL=0.8; rumore drop-1 A'=0.3 B'=0.6] -> ok
guardia calls: A=107.7 B=106.8 D=+0.8 soglia_reg=-4.0 [SL=0.73; rumore drop-1 A'=0.5 B'=0.3] -> ok
guardia str: A=156.8 B=155.4 D=+1.4 soglia_reg=-4.0 [SL=2.89; rumore drop-1 A'=0.7 B'=0.4] -> ok
guardia arr: A=149.7 B=149.3 D=+0.3 soglia_reg=-4.0 [SL=2.49; rumore drop-1 A'=0.7 B'=1.3] -> ok
guardia re: A=457.5 B=457.5 D=+0.0 soglia_reg=-4.5 [SL=4.46; rumore drop-1 A'=0.8 B'=1.7] -> ok
ESITO: SOPRA SOGLIA (giudice ok, guardie ok)
sentinella language-server fine finestra: /Applications/Antigravity /Users/francescotinti/.antigravity-ide/extensions/rust-lang.rust-analyzer-0.3.3025-darwin-arm64/server/rust-analyzer /Users/francescotinti/.local/share/uv/tools/serena-agent/bin/python3 /Users/francescotinti/.rustup/toolchains/1.96.0-aarch64-apple-darwin/libexec/rust-analyzer-proc-macro-srv /Users/francescotinti/.rustup/toolchains/stable-aarch64-apple-darwin/bin/rust-analyzer 
