== s166-ab-mck mcksm: A=1fd8757d MISURATO (pin s165 dallo stash) B=092dcff4 MISURATO R=3 ordine ALTERNATO; giudice=mc3 N=20000000 $o->f($s,1,0) k=3 ArgPlace dichiarato; soglia=max(4, drop-1) + VIETO su rumore>4 (az.rev. S-164 #5, rc=8); UB dal bundle CONTATO: alloc args-Vec ≈0 (lezione AL3) + salto method_call+dispatch_instance_call ⇒ attesa/BANDA SMOKE VINCOLANTE [4;30] + emenda rev. S-161 #4; guardie missload(N=10M, presidio AL2/AU1) + arrload(N=10M, L-AU1) + strmap(N=10M, L-AM2) + arrfilter(N=10M, L-AF1) + arrmap(N=10M, L-AM1) + refl(N=10M) + hostargs(N=10M) + backtrace24(N=2,4M) + obj* + sei, comparatore STRETTO; quiescenza rc=0; rc autoritativo = ab-out/mcksm.rc ==
sentinella language-server inizio finestra (az.rev. S-157 #4): /Applications/Antigravity /Users/francescotinti/.antigravity-ide/extensions/rust-lang.rust-analyzer-0.3.3025-darwin-arm64/server/rust-analyzer /Users/francescotinti/.local/share/uv/tools/serena-agent/bin/python3 /Users/francescotinti/.rustup/toolchains/1.96.0-aarch64-apple-darwin/libexec/rust-analyzer-proc-macro-srv /Users/francescotinti/.rustup/toolchains/stable-aarch64-apple-darwin/bin/rust-analyzer 
cat=mc3 N=20000000 floor_A=0.00 floor_B=0.00
  coppia1 [AB]: rawA=4.03 rawB=3.62
  coppia2 [BA]: rawA=4.05 rawB=3.64
  coppia3 [AB]: rawA=4.04 rawB=3.66
cat=mc2 N=20000000 floor_A=0.02 floor_B=0.02
  coppia1 [AB]: rawA=3.16 rawB=3.06
  coppia2 [BA]: rawA=3.11 rawB=3.09
  coppia3 [AB]: rawA=3.18 rawB=3.06
cat=missload N=10000000 floor_A=0.02 floor_B=0.02
  coppia1 [AB]: rawA=2.83 rawB=2.83
  coppia2 [BA]: rawA=2.82 rawB=2.84
  coppia3 [AB]: rawA=2.81 rawB=2.83
cat=arrload N=10000000 floor_A=0.03 floor_B=0.02
  coppia1 [AB]: rawA=2.97 rawB=2.98
  coppia2 [BA]: rawA=2.98 rawB=2.98
  coppia3 [AB]: rawA=2.98 rawB=3.01
cat=strmap N=10000000 floor_A=0.02 floor_B=0.02
  coppia1 [AB]: rawA=1.03 rawB=1.02
  coppia2 [BA]: rawA=1.03 rawB=1.03
  coppia3 [AB]: rawA=1.04 rawB=1.01
cat=arrfilter N=10000000 floor_A=0.02 floor_B=0.02
  coppia1 [AB]: rawA=1.83 rawB=1.81
  coppia2 [BA]: rawA=1.83 rawB=1.83
  coppia3 [AB]: rawA=1.83 rawB=1.82
cat=arrmap N=10000000 floor_A=0.02 floor_B=0.02
  coppia1 [AB]: rawA=1.16 rawB=1.16
  coppia2 [BA]: rawA=1.17 rawB=1.16
  coppia3 [AB]: rawA=1.18 rawB=1.17
cat=refl N=10000000 floor_A=0.02 floor_B=0.02
  coppia1 [AB]: rawA=3.53 rawB=3.59
  coppia2 [BA]: rawA=3.56 rawB=3.50
  coppia3 [AB]: rawA=3.54 rawB=3.56
cat=hostargs N=10000000 floor_A=0.03 floor_B=0.03
  coppia1 [AB]: rawA=2.00 rawB=2.00
  coppia2 [BA]: rawA=2.01 rawB=2.02
  coppia3 [AB]: rawA=2.00 rawB=2.00
cat=backtrace N=2400000 floor_A=0.02 floor_B=0.02
  coppia1 [AB]: rawA=1.12 rawB=1.12
  coppia2 [BA]: rawA=1.12 rawB=1.11
  coppia3 [AB]: rawA=1.13 rawB=1.13
cat=objdropdef N=3000000 floor_A=0.02 floor_B=0.02
  coppia1 [AB]: rawA=3.08 rawB=3.09
  coppia2 [BA]: rawA=3.10 rawB=3.08
  coppia3 [AB]: rawA=3.07 rawB=3.06
cat=objchurn N=3000000 floor_A=0.02 floor_B=0.02
  coppia1 [AB]: rawA=3.55 rawB=3.55
  coppia2 [BA]: rawA=3.54 rawB=3.58
  coppia3 [AB]: rawA=3.54 rawB=3.54
cat=objdatains N=3000000 floor_A=0.02 floor_B=0.02
  coppia1 [AB]: rawA=2.89 rawB=2.91
  coppia2 [BA]: rawA=2.88 rawB=2.91
  coppia3 [AB]: rawA=2.90 rawB=2.89
cat=objalloc N=3000000 floor_A=0.02 floor_B=0.02
  coppia1 [AB]: rawA=2.42 rawB=2.42
  coppia2 [BA]: rawA=2.41 rawB=2.44
  coppia3 [AB]: rawA=2.41 rawB=2.42
cat=objallocni N=3000000 floor_A=0.03 floor_B=0.02
  coppia1 [AB]: rawA=2.21 rawB=2.21
  coppia2 [BA]: rawA=2.22 rawB=2.20
  coppia3 [AB]: rawA=2.22 rawB=2.23
cat=objmap N=3000000 floor_A=0.02 floor_B=0.02
  coppia1 [AB]: rawA=0.37 rawB=0.37
  coppia2 [BA]: rawA=0.37 rawB=0.38
  coppia3 [AB]: rawA=0.38 rawB=0.37
cat=arith N=150000000 floor_A=0.03 floor_B=0.03
  coppia1 [AB]: rawA=7.04 rawB=7.06
  coppia2 [BA]: rawA=7.12 rawB=7.06
  coppia3 [AB]: rawA=7.04 rawB=7.03
cat=prop N=90000000 floor_A=0.02 floor_B=0.02
  coppia1 [AB]: rawA=7.17 rawB=6.93
  coppia2 [BA]: rawA=7.15 rawB=6.91
  coppia3 [AB]: rawA=7.16 rawB=7.00
cat=calls N=60000000 floor_A=0.02 floor_B=0.02
  coppia1 [AB]: rawA=6.47 rawB=6.42
  coppia2 [BA]: rawA=6.54 rawB=6.44
  coppia3 [AB]: rawA=6.46 rawB=6.40
cat=str N=28000000 floor_A=0.02 floor_B=0.02
  coppia1 [AB]: rawA=4.38 rawB=4.39
  coppia2 [BA]: rawA=4.41 rawB=4.39
  coppia3 [AB]: rawA=4.39 rawB=4.39
cat=arr N=30000000 floor_A=0.02 floor_B=0.03
  coppia1 [AB]: rawA=4.47 rawB=4.52
  coppia2 [BA]: rawA=4.48 rawB=4.50
  coppia3 [AB]: rawA=4.49 rawB=4.50
cat=re N=12000000 floor_A=0.02 floor_B=0.02
  coppia1 [AB]: rawA=5.50 rawB=5.75
  coppia2 [BA]: rawA=5.48 rawB=5.52
  coppia3 [AB]: rawA=5.48 rawB=5.50
GIUDICE mc3: A=202.0 B=182.0 ns/iter D=+20.0 soglia=4.0 (rumore drop-1: A'=1.0 B'=2.0) -> SOPRA SOGLIA
riconciliazione UB mc3: D=+20.0 vs attesa [4.0;30.0]+rumore=2.0 -> DENTRO l'attesa [4;30] (bundle salto-funnel; alloc ≈0 per lezione AL3)
BANDA SMOKE VINCOLANTE mc3: D_smoke=+20.0 in [4.0;30.0] -> OK, si procede al R=5
guardia mc2: A=157.0 B=152.0 D=+5.0 soglia_reg=-4.0 [max(4, drop-1); rumore drop-1 A'=3.5 B'=1.5] -> ok
guardia missload: A=280.0 B=281.0 D=-1.0 soglia_reg=-8.0 [banda fondata=8.0; rumore drop-1 A'=2.0 B'=1.0] -> ok
guardia arrload: A=295.0 B=296.0 D=-1.0 soglia_reg=-4.0 [max(4, drop-1); rumore drop-1 A'=1.0 B'=3.0] -> ok
guardia strmap: A=101.0 B=100.0 D=+1.0 soglia_reg=-4.0 [max(4, drop-1); rumore drop-1 A'=1.0 B'=2.0] -> ok
guardia arrfilter: A=181.0 B=180.0 D=+1.0 soglia_reg=-6.0 [banda fondata=6.0; rumore drop-1 A'=0.0 B'=2.0] -> ok
guardia arrmap: A=115.0 B=114.0 D=+1.0 soglia_reg=-4.0 [max(4, drop-1); rumore drop-1 A'=2.0 B'=1.0] -> ok
guardia refl: A=352.0 B=354.0 D=-2.0 soglia_reg=-9.0 [max(4, drop-1); rumore drop-1 A'=3.0 B'=9.0] -> ok
guardia hostargs: A=197.0 B=197.0 D=+0.0 soglia_reg=-4.0 [max(4, drop-1); rumore drop-1 A'=1.0 B'=2.0] -> ok
guardia backtrace: A=458.3 B=458.3 D=+0.0 soglia_reg=-8.3 [max(4, drop-1); rumore drop-1 A'=4.2 B'=8.3] -> ok
guardia objdropdef: A=1020.0 B=1020.0 D=+0.0 soglia_reg=-10.0 [max(4, drop-1); rumore drop-1 A'=10.0 B'=10.0] -> ok
guardia objchurn: A=1173.3 B=1176.7 D=-3.3 soglia_reg=-13.3 [banda fondata=6.7; rumore drop-1 A'=3.3 B'=13.3] -> ok
guardia objdatains: A=956.7 B=963.3 D=-6.7 soglia_reg=-6.7 [max(4, drop-1); rumore drop-1 A'=6.7 B'=6.7] -> ok
guardia objalloc: A=796.7 B=800.0 D=-3.3 soglia_reg=-13.3 [banda fondata=13.3; rumore drop-1 A'=3.3 B'=6.7] -> ok
guardia objallocni: A=730.0 B=730.0 D=+0.0 soglia_reg=-10.0 [banda fondata=10.0; rumore drop-1 A'=3.3 B'=10.0] -> ok
guardia objmap: A=116.7 B=116.7 D=+0.0 soglia_reg=-4.0 [banda fondata=3.3; rumore drop-1 A'=3.3 B'=3.3] -> ok
guardia arith: A=46.7 B=46.9 D=-0.1 soglia_reg=-4.0 [SL=0.94; rumore drop-1 A'=0.5 B'=0.2] -> ok
guardia prop: A=79.3 B=76.8 D=+2.6 soglia_reg=-4.0 [SL=0.8; rumore drop-1 A'=0.2 B'=1.0] -> ok
guardia calls: A=107.5 B=106.7 D=+0.8 soglia_reg=-4.0 [SL=0.73; rumore drop-1 A'=1.3 B'=0.7] -> ok
guardia str: A=156.1 B=156.1 D=+0.0 soglia_reg=-4.0 [SL=2.89; rumore drop-1 A'=1.1 B'=0.0] -> ok
guardia arr: A=148.7 B=149.0 D=-0.3 soglia_reg=-4.0 [SL=2.49; rumore drop-1 A'=0.7 B'=0.7] -> ok
guardia re: A=455.0 B=458.3 D=-3.3 soglia_reg=-20.8 [SL=4.46; rumore drop-1 A'=1.7 B'=20.8] -> ok
ESITO: SOPRA SOGLIA (giudice ok, guardie ok)
sentinella language-server fine finestra: /Applications/Antigravity /Users/francescotinti/.antigravity-ide/extensions/rust-lang.rust-analyzer-0.3.3025-darwin-arm64/server/rust-analyzer /Users/francescotinti/.local/share/uv/tools/serena-agent/bin/python3 /Users/francescotinti/.rustup/toolchains/1.96.0-aarch64-apple-darwin/libexec/rust-analyzer-proc-macro-srv /Users/francescotinti/.rustup/toolchains/stable-aarch64-apple-darwin/bin/rust-analyzer 
