== s166 coppia dbal+ORM (pin s165 MISURATO 092dcff431bef876 vs oracle 8.5.7; criterio s166-criterio-orm.md) ==
# estrazione summ/names con LC_ALL=C + grep -a (fix az.rev. S-155 #4); reperto conteggi dbal phpr vs oracle A VERBALE (companion, non arbitra)
# ADATTAMENTI (i)-(iii) dall'istruttoria p.1 + az.rev. S-159 #1: rodaggio non giudicante, quiescenza per gamba, scaletta a due estremi
sentinella language-server inizio finestra (az.rev. S-157 #4): /Applications/Antigravity /Users/francescotinti/.antigravity-ide/extensions/rust-lang.rust-analyzer-0.3.3025-darwin-arm64/server/rust-analyzer /Users/francescotinti/.local/share/uv/tools/serena-agent/bin/python3 /Users/francescotinti/.rustup/toolchains/1.96.0-aarch64-apple-darwin/libexec/rust-analyzer-proc-macro-srv /Users/francescotinti/.rustup/toolchains/stable-aarch64-apple-darwin/bin/rust-analyzer 
sentinella language-server fine finestra: /Applications/Antigravity /Users/francescotinti/.antigravity-ide/extensions/rust-lang.rust-analyzer-0.3.3025-darwin-arm64/server/rust-analyzer /Users/francescotinti/.local/share/uv/tools/serena-agent/bin/python3 /Users/francescotinti/.rustup/toolchains/1.96.0-aarch64-apple-darwin/libexec/rust-analyzer-proc-macro-srv /Users/francescotinti/.rustup/toolchains/stable-aarch64-apple-darwin/bin/rust-analyzer 
rodaggio (NON giudicato, companion istruttoria) ictx/s: orm_oracle=17.5 orm_phpr=14.9 dbal_oracle=219.3 dbal_phpr=38.6
quiescenza orm-leg1: rc=0 (file: orm-out/quiesce-orm-leg1.rc)
quiescenza dbal-leg1: rc=0 (file: orm-out/quiesce-dbal-leg1.rc)
quiescenza orm-leg2: rc=0 (file: orm-out/quiesce-orm-leg2.rc)
quiescenza dbal-leg2: rc=0 (file: orm-out/quiesce-dbal-leg2.rc)
floor_user_med3 orm: oracle=0.06 phpr=0.07 · dbal: oracle=0.06 phpr=0.19 (phpunit --version, pavimento PARZIALE dichiarato)
coppia-s166 (user CPU; pavimenti PARZIALI phpunit --version: orm o=0.060 p=0.070 · dbal o=0.060 p=0.190)
grade=VERDICT  # derivazione meccanica dai .time
orm_leg1: oracle_user=4.88 (sys=0.45) phpr_user=34.43 (sys=1.25) ratio_raw=7.055 ratio_net=7.129
orm_leg2: oracle_user=4.98 (sys=0.48) phpr_user=34.28 (sys=1.21) ratio_raw=6.884 ratio_net=6.953
orm_ictx_abs: oracle1=52 phpr1=664 oracle2=49 phpr2=174
orm_ictx/s (gate emenda S-127): oracle1=9.7 phpr1=18.5 oracle2=8.9 phpr2=4.9  SEGNALATE(>1,5x med): ['phpr1']
dbal_leg1: oracle_user=1.15 (sys=0.21) phpr_user=8.26 (sys=0.37) ratio_raw=7.183 ratio_net=7.404
dbal_leg2: oracle_user=1.15 (sys=0.21) phpr_user=8.24 (sys=0.37) ratio_raw=7.165 ratio_net=7.385
dbal_ictx_abs: oracle1=323 phpr1=57 oracle2=392 phpr2=63
dbal_ictx/s (gate emenda S-127): oracle1=222.8 phpr1=6.5 oracle2=272.2 phpr2=7.3  contesa ok
dbal_parita': phpr_failset_stabile=True |phpr_fail|=10 |diff_vs_oracle|=10
dbal_diff_nomi: Doctrine\DBAL\Tests\Functional\PortabilityTest::testCaseConversion with data set "lower" (Doctrine\DBAL\ColumnCase Enum (LOWER), ['test_int', 'test_string', 'test_null']) | Doctrine\DBAL\Tests\Functional\PortabilityTest::testCaseConversion with data set "upper" (Doctrine\DBAL\ColumnCase Enum (UPPER), ['TEST_INT', 'TEST_STRING', 'TEST_NULL']) | Doctrine\DBAL\Tests\Functional\PortabilityTest::testCaseConversionColumnName with data set "lower" (Doctrine\DBAL\ColumnCase Enum (LOWER), ['test_int', 'test_string', 'test_null']) | Doctrine\DBAL\Tests\Functional\PortabilityTest::testCaseConversionColumnName with data set "upper" (Doctrine\DBAL\ColumnCase Enum (UPPER), ['TEST_INT', 'TEST_STRING', 'TEST_NULL']) | Doctrine\DBAL\Tests\Functional\PortabilityTest::testFetchAllNullColumn | Doctrine\DBAL\Tests\Functional\PortabilityTest::testFetchColumn with data set "int" ('Test_Int', [1, 2]) | Doctrine\DBAL\Tests\Functional\PortabilityTest::testFetchColumn with data set "string" ('Test_String', ['foo', 'foo']) | Doctrine\DBAL\Tests\Functional\PortabilityTest::testFullFetchMode | Doctrine\DBAL\Tests\Functional\PortabilityTest::testGetDatabaseName | Doctrine\DBAL\Tests\Schema\Name\Parser\GenericNameParserTest::testValidInput with data set #11 ('schéma."übermäßigkeit".`àçcên...ràctér', [Doctrine\DBAL\Schema\Name\Identifier Object (...), Doctrine\DBAL\Schema\Name\Identifier Object (...), Doctrine\DBAL\Schema\Name\Identifier Object (...), Doctrine\DBAL\Schema\Name\Identifier Object (...), Doctrine\DBAL\Schema\Name\Identifier Object (...)])
attesa-MC1 assoluto (companion): phpr_orm_net_new=[34.21; 34.36] ref=[34.27; 34.35] Delta=[-0.09; +0.14] s
attesa-MC1 ORACLE-NORMALIZZATO (CANONICO coppia): net_norm=[33.97; 34.82] (ORA_REF=4.885, oracle_net_gambe=[4.82, 4.92]) Delta_norm=[-0.55; +0.38] s
rapporto net (companion): [6.953; 7.129] vs registrato S-162 [7.023; 7.053]
SENTINELLA ORACLE FUORI BANDA [4.83;4.94]: gambe [4.82] — Delta_norm NON GIUDICANTE (emenda S-166), istruttoria drift dedicata
gambe ictx SEGNALATE ['phpr1'] — a verbale (rodaggio nel canone; se ricorre, istruttoria dedicata)
parita': orm phpr per NOME vs baseline 16 · dbal fail-set stabile tra gambe — rc=0 (0=tutte valide)
orm  oracle1: Tests: 3484, Assertions: 12003, Skipped: 59, Incomplete: 2.
orm  phpr1:   Tests: 3484, Assertions: 11989, Errors: 3, Failures: 13, Skipped: 59, Incomplete: 2.
dbal oracle1: Tests: 3929, Assertions: 5706, Skipped: 594, Incomplete: 13.
dbal phpr1:   Tests: 3921, Assertions: 5550, Errors: 10, Skipped: 626, Incomplete: 13.
orm  oracle2: Tests: 3484, Assertions: 12003, Skipped: 59, Incomplete: 2.
orm  phpr2:   Tests: 3484, Assertions: 11989, Errors: 3, Failures: 13, Skipped: 59, Incomplete: 2.
dbal oracle2: Tests: 3929, Assertions: 5706, Skipped: 594, Incomplete: 13.
dbal phpr2:   Tests: 3921, Assertions: 5550, Errors: 10, Skipped: 626, Incomplete: 13.
== NOTA DI SESSIONE t16 ==
Sentinella E2 morsa per UN tick sul lato VELOCE (oracle leg1 net 4,82 < 4,83): cifra NON giudicante come da emenda (un oracle veloce gonfia il normalizzato contro phpr — la banda protegge in entrambe le direzioni). Parità VALIDA (ORM 16, dbal 10 stabile). Riferimento ORM registrato resta la finestra valida s166-mattina @ pin s165 [7,023;7,053]. APERTURA: ri-fondazione della banda sentinella con le osservazioni quiete accumulate (4,82 = nuovo estremo basso) PRE-registrata PRIMA della prossima coppia, mai ex post. VERD-naming: il run ha scritto nel file vecchio (VERD non rinominato in orm2 — recidiva classe incidente #1 DICHIARATA); verdetto mattina@s165 recuperato da git in s166-orm-coppia-verdetto-mattina-s165.out.
