== s173 coppia WP full+media sul pin s173 MISURATO phpr=da4921a52eba0187 server=2d2adc4549a820e0 tentativo=t19 (criteri s132/s146/s148 EREDITATI + s173-criterio-pair-t19.md: giudizio a MEDIANA per finestra, az.rev.3 S-149) ==
grade=VERDICT  # derivazione meccanica dai .time; rc autoritativo = pair-out/pair172-t19.done
# full: cpu=user+sys (etichettato); media: CANONICA=user-only + companion (az.rev. S-128 #3)
# az.rev. S-131 #3: riferimento PER CONFIGURAZIONE, ON-ONLY = canonico; firma per gamba
# az.rev. S-136 #2: lettura firma PRE-REGISTRATA: >150% med MOTORE = SPORCA (esclusa); 120-150% = ELEVATA (nel canone, annotata); <=120% pulita
quiescenza warmup: rc=0 (file: pair-out/quiesce-t19-warmup.rc)
quiescenza leg1-on: rc=0 (file: pair-out/quiesce-t19-leg1-on.rc)
quiescenza leg2-on: rc=0 (file: pair-out/quiesce-t19-leg2-on.rc)
quiescenza leg3-on: rc=0 (file: pair-out/quiesce-t19-leg3-on.rc)
quiescenza leg4-on: rc=0 (file: pair-out/quiesce-t19-leg4-on.rc)
quiescenza leg5-on: rc=0 (file: pair-out/quiesce-t19-leg5-on.rc)
quiescenza leg6-on: rc=0 (file: pair-out/quiesce-t19-leg6-on.rc)
leg1-on: ictx/s oracle=1273 phpr=179  contesa ok
  firma leg1-on: ictx%med oracle=107% phpr=119% rank_cpu_oracle=1/6 (1=piu' veloce)
leg2-on: ictx/s oracle=1201 phpr=150  contesa ok
  firma leg2-on: ictx%med oracle=101% phpr=100% rank_cpu_oracle=2/6 (1=piu' veloce)
leg3-on: ictx/s oracle=1183 phpr=151  contesa ok
  firma leg3-on: ictx%med oracle=100% phpr=100% rank_cpu_oracle=5/6 (1=piu' veloce)
leg4-on: ictx/s oracle=1189 phpr=162  contesa ok
  firma leg4-on: ictx%med oracle=100% phpr=107% rank_cpu_oracle=3/6 (1=piu' veloce)
leg5-on: ictx/s oracle=1171 phpr=139  contesa ok
  firma leg5-on: ictx%med oracle=99% phpr=92% rank_cpu_oracle=6/6 (1=piu' veloce)
leg6-on: ictx/s oracle=1176 phpr=143  contesa ok
  firma leg6-on: ictx%med oracle=99% phpr=95% rank_cpu_oracle=4/6 (1=piu' veloce)
ictx_s_mediana_oracle=1186 ictx_s_mediana_phpr=151  # PER MOTORE
gambe pulite: ['leg1-on', 'leg2-on', 'leg3-on', 'leg4-on', 'leg5-on', 'leg6-on']
leg1-on: full_oracle_cpu=434.03 full_phpr_cpu=783.52 proprio=1.805 peak_phpr_MiB=1829.2
leg2-on: full_oracle_cpu=440.06 full_phpr_cpu=780.28 proprio=1.773 peak_phpr_MiB=1829.5
leg3-on: full_oracle_cpu=443.23 full_phpr_cpu=777.09 proprio=1.753 peak_phpr_MiB=1746.0
leg4-on: full_oracle_cpu=440.34 full_phpr_cpu=779.39 proprio=1.770 peak_phpr_MiB=1764.8
leg5-on: full_oracle_cpu=443.56 full_phpr_cpu=779.46 proprio=1.757 peak_phpr_MiB=1744.9
leg6-on: full_oracle_cpu=440.84 full_phpr_cpu=785.83 proprio=1.783 peak_phpr_MiB=1740.7
replica_peak_senza_inserzione (p.5): leg1-on=1829.2 leg2-on=1829.5 leg3-on=1746.0 leg4-on=1764.8 leg5-on=1744.9 leg6-on=1740.7
replica_peak lettura: esito MISTO -> nessuna firma, si dichiara
matrice full (gambe PULITE) phpr(riga)/oracle(colonna):
  leg1-on/leg1-on=1.805  leg1-on/leg2-on=1.780  leg1-on/leg3-on=1.768  leg1-on/leg4-on=1.779  leg1-on/leg5-on=1.766  leg1-on/leg6-on=1.777
  leg2-on/leg1-on=1.798  leg2-on/leg2-on=1.773  leg2-on/leg3-on=1.760  leg2-on/leg4-on=1.772  leg2-on/leg5-on=1.759  leg2-on/leg6-on=1.770
  leg3-on/leg1-on=1.790  leg3-on/leg2-on=1.766  leg3-on/leg3-on=1.753  leg3-on/leg4-on=1.765  leg3-on/leg5-on=1.752  leg3-on/leg6-on=1.763
  leg4-on/leg1-on=1.796  leg4-on/leg2-on=1.771  leg4-on/leg3-on=1.758  leg4-on/leg4-on=1.770  leg4-on/leg5-on=1.757  leg4-on/leg6-on=1.768
  leg5-on/leg1-on=1.796  leg5-on/leg2-on=1.771  leg5-on/leg3-on=1.759  leg5-on/leg4-on=1.770  leg5-on/leg5-on=1.757  leg5-on/leg6-on=1.768
  leg6-on/leg1-on=1.811  leg6-on/leg2-on=1.786  leg6-on/leg3-on=1.773  leg6-on/leg4-on=1.785  leg6-on/leg5-on=1.772  leg6-on/leg6-on=1.783
full_intervallo_PULITO_misto=1.752-1.811  # companion (miscela config)
coppie_proprie_PULITE_miste=1.753-1.805 (N=6)
coppie_proprie_user_only_miste=1.759-1.807
full_on_only_coppie_proprie=1.753-1.805 (N=6) CANONICO
full_on_only_intervallo=1.752-1.811
mediana_t19=1.772 (N=6 coppie proprie ON PULITE; mediane storiche t1=1.799 t2=1.738 t3=1.789 t4=1.781 t5=1.757 t6=1.771 t7=1.795 t8=1.754 t9=1.767 t10=1.760 t11=1.765 t12=1.767 t13=1.763 t14=1.761 t15=1.746 t16=1.749 t17=1.776 t18=1.769)
giudizio_MEDIANA (canonico, criterio t19 p.2): COMPATIBILE (mediana in [1.738; 1.799]) — nessun claim
companion banda-unione (descrittivo): coppie in [1.722-1.823]: 6/6
banda_ON_fondata=0.052 (max-min di N=6 coppie proprie ON PULITE; unione finestre nel verdetto di sessione)
media_leg1-on: user_only_CANONICA=2.484 user+sys_companion=2.478
media_leg2-on: user_only_CANONICA=2.432 user+sys_companion=2.402
media_leg3-on: user_only_CANONICA=2.431 user+sys_companion=2.400
media_leg4-on: user_only_CANONICA=2.422 user+sys_companion=2.383
media_leg5-on: user_only_CANONICA=2.423 user+sys_companion=2.387
media_leg6-on: user_only_CANONICA=2.421 user+sys_companion=2.386
parita_leg1-on: media=OK(vuoto) full=OK(solo wp_is_stream #2)
parita_leg2-on: media=OK(vuoto) full=OK(solo wp_is_stream #2)
parita_leg3-on: media=OK(vuoto) full=OK(solo wp_is_stream #2)
parita_leg4-on: media=OK(vuoto) full=OK(solo wp_is_stream #2)
parita_leg5-on: media=OK(vuoto) full=OK(solo wp_is_stream #2)
parita_leg6-on: media=OK(vuoto) full=OK(solo wp_is_stream #2)
deriva_test (s148 p.4, N=6 critico 0,829): rho_A(leg,peak)=-0.886 -> DERIVA DISCENDENTE confermata; rho_B(peak,rapporto)=0.257 -> accoppiamento NON confermato
sentinella language-server inizio finestra (az.rev. S-157 #4): /Applications/Antigravity /Users/francescotinti/.antigravity-ide/extensions/rust-lang.rust-analyzer-0.3.3041-darwin-arm64/server/rust-analyzer /Users/francescotinti/.local/share/uv/tools/serena-agent/bin/python3 /Users/francescotinti/.rustup/toolchains/1.96.0-aarch64-apple-darwin/libexec/rust-analyzer-proc-macro-srv /Users/francescotinti/.rustup/toolchains/stable-aarch64-apple-darwin/bin/rust-analyzer /Users/francescotinti/.rustup/toolchains/stable-aarch64-apple-darwin/libexec/rust-analyzer-proc-macro-srv 
sentinella language-server fine finestra: /Applications/Antigravity /Users/francescotinti/.antigravity-ide/extensions/rust-lang.rust-analyzer-0.3.3041-darwin-arm64/server/rust-analyzer /Users/francescotinti/.local/share/uv/tools/serena-agent/bin/python3 /Users/francescotinti/.rustup/toolchains/1.96.0-aarch64-apple-darwin/libexec/rust-analyzer-proc-macro-srv /Users/francescotinti/.rustup/toolchains/stable-aarch64-apple-darwin/bin/rust-analyzer /Users/francescotinti/.rustup/toolchains/stable-aarch64-apple-darwin/libexec/rust-analyzer-proc-macro-srv 
