== s145 riparse SIMMETRICO (az.rev. S-144 #1; parser s145-riparse.py COMMITTATO 0294a83, golden 2/2; raw INVARIATI wp144/wp140 — INDIZIO, mai tempo) ==
ESITI:
1. EMENDA v2 RIPRODOTTA DAL GIUDICE COMMITTATO: oracle idle 8418/8244, attivi 3736/3589, memops 8,14/7,77%, churn_zval 0,24/0,20% == numeri dell'emenda in-sessione S-144 (l'awk fuori-parser e' SANATO).
2. ASIMMETRIA RISOLTA: phpr idle=0 su TUTTE e 4 le finestre (r1w1/r1w2/r2w1/r2w2) — 'phpr mono-thread, idle~0' ora VERIFICATO sul raw s140, non assunto.
3. STESSO GIUDICE, ripubblicati: churn_zval oracle 0,20-0,24% vs phpr 9,6-11,0% (rapporto ~2% <50% => IN BUDGET, conferma az.2 whole-stack) · memops oracle 7,8-8,1% vs phpr 10,6-14,6% (rapporto >=50% in ogni accoppiamento => FUORI BUDGET, severa CONFERMATA).
--- dettaglio ---
oracle-r1 [oracle]: tot=12154 idle=8418 attivi=3736 (idle escluso NEL parser, lista chiusa v2)
  oracle-r1 other: 1365 (36.54%)
  oracle-r1 vm_inline: 1048 (28.05%)
  oracle-r1 gc: 461 (12.34%)
  oracle-r1 memops: 304 (8.14%)
  oracle-r1 calls: 130 (3.48%)
  oracle-r1 prop_dim: 129 (3.45%)
  oracle-r1 map: 123 (3.29%)
  oracle-r1 alloc: 121 (3.24%)
  oracle-r1 compile: 36 (0.96%)
  oracle-r1 str: 10 (0.27%)
  oracle-r1 churn_zval: 9 (0.24%)
  oracle-r1 GIUDICE-UNICO: churn_zval=0.24% memops=8.14%
oracle-r2 [oracle]: tot=11833 idle=8244 attivi=3589 (idle escluso NEL parser, lista chiusa v2)
  oracle-r2 other: 1344 (37.45%)
  oracle-r2 vm_inline: 962 (26.80%)
  oracle-r2 gc: 444 (12.37%)
  oracle-r2 memops: 279 (7.77%)
  oracle-r2 prop_dim: 145 (4.04%)
  oracle-r2 calls: 140 (3.90%)
  oracle-r2 alloc: 116 (3.23%)
  oracle-r2 map: 105 (2.93%)
  oracle-r2 compile: 25 (0.70%)
  oracle-r2 str: 22 (0.61%)
  oracle-r2 churn_zval: 7 (0.20%)
  oracle-r2 GIUDICE-UNICO: churn_zval=0.20% memops=7.77%
phpr-r1w1 [phpr]: tot=12463 idle=0 attivi=12463 (idle escluso NEL parser, lista chiusa v2)
  phpr-r1w1 other: 2914 (23.38%)
  phpr-r1w1 vm_inline: 2407 (19.31%)
  phpr-r1w1 churn_zval: 1370 (10.99%)
  phpr-r1w1 memops: 1347 (10.81%)
  phpr-r1w1 map: 1083 (8.69%)
  phpr-r1w1 gc: 1044 (8.38%)
  phpr-r1w1 prop_dim: 985 (7.90%)
  phpr-r1w1 calls: 619 (4.97%)
  phpr-r1w1 alloc: 473 (3.80%)
  phpr-r1w1 compile: 163 (1.31%)
  phpr-r1w1 str: 42 (0.34%)
  phpr-r1w1 refl: 16 (0.13%)
  phpr-r1w1 GIUDICE-UNICO: churn_zval=10.99% memops=10.81%
phpr-r1w2 [phpr]: tot=12491 idle=0 attivi=12491 (idle escluso NEL parser, lista chiusa v2)
  phpr-r1w2 other: 3712 (29.72%)
  phpr-r1w2 memops: 1802 (14.43%)
  phpr-r1w2 vm_inline: 1728 (13.83%)
  phpr-r1w2 churn_zval: 1202 (9.62%)
  phpr-r1w2 map: 1109 (8.88%)
  phpr-r1w2 gc: 991 (7.93%)
  phpr-r1w2 alloc: 869 (6.96%)
  phpr-r1w2 prop_dim: 517 (4.14%)
  phpr-r1w2 calls: 352 (2.82%)
  phpr-r1w2 str: 163 (1.30%)
  phpr-r1w2 refl: 30 (0.24%)
  phpr-r1w2 compile: 16 (0.13%)
  phpr-r1w2 GIUDICE-UNICO: churn_zval=9.62% memops=14.43%
phpr-r2w1 [phpr]: tot=12417 idle=0 attivi=12417 (idle escluso NEL parser, lista chiusa v2)
  phpr-r2w1 other: 2967 (23.89%)
  phpr-r2w1 vm_inline: 2361 (19.01%)
  phpr-r2w1 churn_zval: 1324 (10.66%)
  phpr-r2w1 memops: 1311 (10.56%)
  phpr-r2w1 map: 1107 (8.92%)
  phpr-r2w1 gc: 1026 (8.26%)
  phpr-r2w1 prop_dim: 980 (7.89%)
  phpr-r2w1 calls: 606 (4.88%)
  phpr-r2w1 alloc: 473 (3.81%)
  phpr-r2w1 compile: 197 (1.59%)
  phpr-r2w1 str: 44 (0.35%)
  phpr-r2w1 refl: 21 (0.17%)
  phpr-r2w1 GIUDICE-UNICO: churn_zval=10.66% memops=10.56%
phpr-r2w2 [phpr]: tot=12568 idle=0 attivi=12568 (idle escluso NEL parser, lista chiusa v2)
  phpr-r2w2 other: 3712 (29.54%)
  phpr-r2w2 memops: 1833 (14.58%)
  phpr-r2w2 vm_inline: 1748 (13.91%)
  phpr-r2w2 churn_zval: 1259 (10.02%)
  phpr-r2w2 map: 1086 (8.64%)
  phpr-r2w2 gc: 920 (7.32%)
  phpr-r2w2 alloc: 870 (6.92%)
  phpr-r2w2 prop_dim: 538 (4.28%)
  phpr-r2w2 calls: 373 (2.97%)
  phpr-r2w2 str: 159 (1.27%)
  phpr-r2w2 refl: 36 (0.29%)
  phpr-r2w2 compile: 34 (0.27%)
  phpr-r2w2 GIUDICE-UNICO: churn_zval=10.02% memops=14.58%
