p1-loop100: array(2) {
  [0]=>
  int(200)
  [1]=>
  int(201)
}
p1-loop-overflow-step: int(9223372036854775806)
p1-loop-overflow: float(9.223372036854776E+18)
p1-add: int(10)
p1-sub: int(-3)
p1-mul: int(21)
p1-and: int(3)
p1-or: int(15)
p1-xor: int(2)
p1-shl: int(56)
p1-shr: int(3)
p1-shl-64: int(0)
p1-shr-70: int(0)
p1-shl-63: int(-9223372036854775808)
p1-shl-neg-l: int(-224)
p1-shr-neg-l: int(-2)
p1-shr-70-neg: int(-1)
p1-div-inexact: float(3.5)
p1-div-exact: int(1)
p1-mod: int(3)
p1-pow: int(49)
p1-pow-overflow: float(1.4350360160986845E+59)
p1-concat: string(2) "7a"
p1-div-zero#0: DivisionByZeroError Division by zero
p1-div-zero#1: DivisionByZeroError Division by zero
p1-mod-zero#0: DivisionByZeroError Modulo by zero
p1-mod-zero#1: DivisionByZeroError Modulo by zero
p1-mod-min-neg1: int(0)
p1-add-overflow: float(9.223372036854776E+18)
p1-mul-overflow: float(1.8446744073709552E+19)
p1-sub-overflow: float(-9.223372036854776E+18)
p1-double-src: float(3.5)
p1-numstr-src: int(6)
p1-null-src: int(1)
p1-bool-src: int(2)
p1-double-dst: int(5)
p1-str-dst: int(5)
p1-null-dst: int(5)
p1-arr-dst: int(5)
p1-dst-ref: int(5)
p1-dst-ref-alias: int(5)
p1-src-ref: int(5)
p1-self: int(7)
p1-two-objs: array(2) {
  [0]=>
  int(10)
  [1]=>
  int(0)
}
p1-inherited: int(10)
p1-typed-int: int(6)
p1-typed-int-overflow#0: TypeError Cannot assign float to property T::$x of type int
p1-typed-int-overflow#1: TypeError Cannot assign float to property T::$x of type int
p1-typed-float-dst: float(4)
p1-typed-int-from-float: int(3)
p1-typed-float-from-long: float(4)
p1-readonly#0: Error Cannot modify readonly property RO::$x
p1-readonly#1: Error Cannot modify readonly property RO::$x
p1-readonly-inscope#0: int(2)
p1-readonly-inscope#1: Error Cannot modify readonly property RO3::$x
p1-private-inscope: int(2)
p1-private-outscope#0: Error Cannot access private property PV::$x
p1-private-outscope#1: Error Cannot access private property PV::$x
p1-hook-set: array(2) {
  [0]=>
  int(12)
  [1]=>
  int(2)
}
p1-magic-set: int(20)
p1-dynamic: int(4)
p1-dynamic-self: int(6)
p2-add: int(17)
p2-sub: int(10)
p2-mul: int(70)
p2-and: int(6)
p2-or: int(7)
p2-xor: int(0)
p2-shl: int(384)
p2-shr: int(3)
p2-shl-64: int(0)
p2-shr-64: int(-1)
p2-shl-neg-l: int(-224)
p2-shr-neg-l: int(-1)
p2-shl-neg: ArithmeticError Bit shift by negative number
p2-div: float(3.3333333333333335)
p2-div-exact: int(3)
p2-mod: int(1)
p2-pow: int(8)
p2-concat: string(3) "ab3"
p2-div-zero: DivisionByZeroError Division by zero
p2-add-overflow: float(9.223372036854776E+18)
p2-sub-overflow: float(9.223372036854776E+18)
p2-mul-overflow: float(2.7670116110564327E+19)
p2-double-dst: float(3.5)
p2-numstr-dst: int(12)
p2-null-dst: int(2)
p2-bool-dst: int(3)
p2-double-src: float(3.5)
p2-numstr-src: int(8)
p2-null-src: int(1)
p2-dst-ref: int(4)
p2-dst-ref-alias: int(4)
p2-typed-ref: int(4)
p2-typed-ref-overflow: TypeError Cannot assign float to reference held by property T::$x of type int
p2-loop100: int(400)
p2-arr-src: int(6)
p2-call-src: int(4)
p2-call-double-src: float(3.5)
p2-loop-overflow-step: int(9223372036854775802)
p2-loop-overflow: float(9.223372036854776E+18)
prop-micro-1000: int(2000)
FX-SL2 DONE
