== s142 coppia WP full+media sul pin s142 tentativo=t1 (criterio s132-criterio-pair.md RIUSATO + s142-criterio-pair.md; bisezione peak p.5: REWARMUP tra leg3 e leg4) ==
grade=VERDICT  # derivazione meccanica dai .time; rc autoritativo = pair-out/pair142-t1.done
# full: cpu=user+sys (etichettato); media: CANONICA=user-only + companion (az.rev. S-128 #3)
# az.rev. S-131 #3: riferimento PER CONFIGURAZIONE, ON-ONLY = canonico; firma per gamba
# az.rev. S-136 #2: lettura firma PRE-REGISTRATA: >150% med MOTORE = SPORCA (esclusa); 120-150% = ELEVATA (nel canone, annotata); <=120% pulita
quiescenza warmup: rc=0 (file: pair-out/quiesce-t1-warmup.rc)
quiescenza rewarmup: rc=0 (file: pair-out/quiesce-t1-rewarmup.rc)
quiescenza leg1-on: rc=0 (file: pair-out/quiesce-t1-leg1-on.rc)
quiescenza leg2-on: rc=0 (file: pair-out/quiesce-t1-leg2-on.rc)
quiescenza leg3-on: rc=0 (file: pair-out/quiesce-t1-leg3-on.rc)
quiescenza leg4-on: rc=0 (file: pair-out/quiesce-t1-leg4-on.rc)
quiescenza leg5-on: rc=0 (file: pair-out/quiesce-t1-leg5-on.rc)
quiescenza leg6-on: rc=0 (file: pair-out/quiesce-t1-leg6-on.rc)
leg1-on: ictx/s oracle=1154 phpr=100  contesa ok
  firma leg1-on: ictx%med oracle=98% phpr=68% rank_cpu_oracle=1/6 (1=piu' veloce)
leg2-on: ictx/s oracle=1170 phpr=110  contesa ok
  firma leg2-on: ictx%med oracle=100% phpr=75% rank_cpu_oracle=2/6 (1=piu' veloce)
leg3-on: ictx/s oracle=1175 phpr=156  contesa ok
  firma leg3-on: ictx%med oracle=100% phpr=107% rank_cpu_oracle=5/6 (1=piu' veloce)
leg4-on: ictx/s oracle=1183 phpr=137  contesa ok
  firma leg4-on: ictx%med oracle=101% phpr=93% rank_cpu_oracle=4/6 (1=piu' veloce)
leg5-on: ictx/s oracle=1144 phpr=202  contesa ok
  firma leg5-on: ictx%med oracle=98% phpr=138% rank_cpu_oracle=6/6 (1=piu' veloce)  ELEVATA(120-150% med MOTORE: resta nel canone, annotata — az.rev. S-136 #2)
leg6-on: ictx/s oracle=1368 phpr=239  SEGNALATA(>1,5x med MOTORE)
  firma leg6-on: ictx%med oracle=117% phpr=163% rank_cpu_oracle=3/6 (1=piu' veloce)
ictx_s_mediana_oracle=1173 ictx_s_mediana_phpr=146  # PER MOTORE
gambe pulite: ['leg1-on', 'leg2-on', 'leg3-on', 'leg4-on', 'leg5-on']
leg1-on: full_oracle_cpu=441.20 full_phpr_cpu=778.83 proprio=1.765 peak_phpr_MiB=1850.2
leg2-on: full_oracle_cpu=441.22 full_phpr_cpu=784.32 proprio=1.778 peak_phpr_MiB=1839.8
leg3-on: full_oracle_cpu=444.63 full_phpr_cpu=794.92 proprio=1.788 peak_phpr_MiB=1836.1
leg4-on: full_oracle_cpu=443.81 full_phpr_cpu=791.06 proprio=1.782 peak_phpr_MiB=1844.3
leg5-on: full_oracle_cpu=445.66 full_phpr_cpu=794.69 proprio=1.783 peak_phpr_MiB=1744.1
leg6-on: full_oracle_cpu=442.08 full_phpr_cpu=807.68 proprio=1.827 peak_phpr_MiB=1753.4
bisezione_peak (p.5): leg1-3 pre-rewarmup, leg4-6 post-rewarmup — leg1-on=1850.2 leg2-on=1839.8 leg3-on=1836.1 leg4-on=1844.3 leg5-on=1744.1 leg6-on=1753.4
bisezione_peak lettura: esito MISTO -> nessuna firma, si dichiara
matrice full (gambe PULITE) phpr(riga)/oracle(colonna):
  leg1-on/leg1-on=1.765  leg1-on/leg2-on=1.765  leg1-on/leg3-on=1.752  leg1-on/leg4-on=1.755  leg1-on/leg5-on=1.748
  leg2-on/leg1-on=1.778  leg2-on/leg2-on=1.778  leg2-on/leg3-on=1.764  leg2-on/leg4-on=1.767  leg2-on/leg5-on=1.760
  leg3-on/leg1-on=1.802  leg3-on/leg2-on=1.802  leg3-on/leg3-on=1.788  leg3-on/leg4-on=1.791  leg3-on/leg5-on=1.784
  leg4-on/leg1-on=1.793  leg4-on/leg2-on=1.793  leg4-on/leg3-on=1.779  leg4-on/leg4-on=1.782  leg4-on/leg5-on=1.775
  leg5-on/leg1-on=1.801  leg5-on/leg2-on=1.801  leg5-on/leg3-on=1.787  leg5-on/leg4-on=1.791  leg5-on/leg5-on=1.783
full_intervallo_PULITO_misto=1.748-1.802  # companion (miscela config)
coppie_proprie_PULITE_miste=1.765-1.788 (N=5)
coppie_proprie_user_only_miste=1.772-1.790
full_on_only_coppie_proprie=1.765-1.788 (N=5) CANONICO
full_on_only_intervallo=1.748-1.802
confronto_formale_rif: on-only vs [1.765-1.777] banda 0.033 (rif S-140) -> COMPATIBILE (tutte le coppie proprie dentro)
banda_ON_fondata=0.023 (max-min di N=5 coppie proprie ON PULITE; unione finestre nel verdetto di sessione)
media_leg1-on: user_only_CANONICA=2.466 user+sys_companion=2.407
media_leg2-on: user_only_CANONICA=2.463 user+sys_companion=2.412
media_leg3-on: user_only_CANONICA=2.469 user+sys_companion=2.415
media_leg4-on: user_only_CANONICA=2.463 user+sys_companion=2.415
media_leg5-on: user_only_CANONICA=2.524 user+sys_companion=2.484
media_leg6-on: user_only_CANONICA=2.471 user+sys_companion=2.398 (SEGNALATA)
parita_leg1-on: media=OK(vuoto) full=OK(solo wp_is_stream #2)
parita_leg2-on: media=OK(vuoto) full=OK(solo wp_is_stream #2)
parita_leg3-on: media=OK(vuoto) full=OK(solo wp_is_stream #2)
parita_leg4-on: media=OK(vuoto) full=OK(solo wp_is_stream #2)
parita_leg5-on: media=OK(vuoto) full=OK(solo wp_is_stream #2)
parita_leg6-on: media=OK(vuoto) full=OK(solo wp_is_stream #2)
