== s136-ab ab-fd1: A=6518a1e1(pin s135) B=1e14793e R=5 ordine ALTERNATO; giudice=objdatains; soglia=max(4, drop-1, spread-batch s135 13.3); UB falsificabile=69.6 (+banda 13.3 => fuori banda sopra 82.9); guardie fondate objalloc 13.3/objmap 3.3/objchurn 6.7/objallocni 10.0; quiescenza rc=0 (file: ab-out/quiesce-ab-fd1.rc); rc autoritativo = ab-out/ab-fd1.rc ==
cat=objdatains N=3000000 floor_A=0.02 floor_B=0.02
  coppia1 [AB]: rawA=3.19 rawB=2.96
  coppia2 [BA]: rawA=3.19 rawB=2.94
  coppia3 [AB]: rawA=3.18 rawB=2.95
  coppia4 [BA]: rawA=3.17 rawB=2.93
  coppia5 [AB]: rawA=3.19 rawB=2.92
cat=objalloc N=3000000 floor_A=0.02 floor_B=0.02
  coppia1 [AB]: rawA=2.45 rawB=2.44
  coppia2 [BA]: rawA=2.46 rawB=2.44
  coppia3 [AB]: rawA=2.46 rawB=2.45
  coppia4 [BA]: rawA=2.46 rawB=2.45
  coppia5 [AB]: rawA=2.46 rawB=2.46
cat=objmap N=3000000 floor_A=0.02 floor_B=0.03
  coppia1 [AB]: rawA=0.37 rawB=0.37
  coppia2 [BA]: rawA=0.38 rawB=0.37
  coppia3 [AB]: rawA=0.37 rawB=0.37
  coppia4 [BA]: rawA=0.38 rawB=0.37
  coppia5 [AB]: rawA=0.37 rawB=0.37
cat=objchurn N=3000000 floor_A=0.02 floor_B=0.02
  coppia1 [AB]: rawA=3.80 rawB=3.56
  coppia2 [BA]: rawA=3.78 rawB=3.56
  coppia3 [AB]: rawA=3.78 rawB=3.59
  coppia4 [BA]: rawA=3.78 rawB=3.56
  coppia5 [AB]: rawA=3.80 rawB=3.58
cat=objallocni N=3000000 floor_A=0.02 floor_B=0.02
  coppia1 [AB]: rawA=2.25 rawB=2.26
  coppia2 [BA]: rawA=2.24 rawB=2.26
  coppia3 [AB]: rawA=2.25 rawB=2.24
  coppia4 [BA]: rawA=2.24 rawB=2.25
  coppia5 [AB]: rawA=2.24 rawB=2.24
cat=arith N=150000000 floor_A=0.02 floor_B=0.02
  coppia1 [AB]: rawA=7.04 rawB=7.08
  coppia2 [BA]: rawA=7.02 rawB=7.05
  coppia3 [AB]: rawA=7.07 rawB=7.07
  coppia4 [BA]: rawA=7.03 rawB=7.07
  coppia5 [AB]: rawA=7.06 rawB=7.09
cat=prop N=90000000 floor_A=0.02 floor_B=0.02
  coppia1 [AB]: rawA=6.98 rawB=7.08
  coppia2 [BA]: rawA=6.95 rawB=7.01
  coppia3 [AB]: rawA=6.98 rawB=6.99
  coppia4 [BA]: rawA=6.99 rawB=6.98
  coppia5 [AB]: rawA=7.07 rawB=7.01
cat=calls N=60000000 floor_A=0.02 floor_B=0.02
  coppia1 [AB]: rawA=6.43 rawB=6.41
  coppia2 [BA]: rawA=6.66 rawB=6.43
  coppia3 [AB]: rawA=6.88 rawB=6.42
  coppia4 [BA]: rawA=6.44 rawB=6.40
  coppia5 [AB]: rawA=6.44 rawB=6.39
cat=str N=28000000 floor_A=0.02 floor_B=0.02
  coppia1 [AB]: rawA=4.44 rawB=4.63
  coppia2 [BA]: rawA=4.65 rawB=4.54
  coppia3 [AB]: rawA=4.54 rawB=4.49
  coppia4 [BA]: rawA=4.57 rawB=4.41
  coppia5 [AB]: rawA=5.18 rawB=4.45
cat=arr N=30000000 floor_A=0.02 floor_B=0.02
  coppia1 [AB]: rawA=4.49 rawB=4.53
  coppia2 [BA]: rawA=4.50 rawB=4.55
  coppia3 [AB]: rawA=4.88 rawB=4.63
  coppia4 [BA]: rawA=4.47 rawB=4.50
  coppia5 [AB]: rawA=4.49 rawB=4.58
cat=re N=12000000 floor_A=0.02 floor_B=0.02
  coppia1 [AB]: rawA=5.49 rawB=5.49
  coppia2 [BA]: rawA=5.53 rawB=5.49
  coppia3 [AB]: rawA=5.53 rawB=5.68
  coppia4 [BA]: rawA=5.48 rawB=5.95
  coppia5 [AB]: rawA=5.49 rawB=5.56
GIUDICE objdatains: A=1056.7 B=973.3 ns/iter D=+83.3 soglia=13.3 (rumore drop-1: A'=3.3 B'=10.0; spread-batch s135=13.3) -> SOPRA SOGLIA
riconciliazione objdatains: D_smoke=+81.7 D_R5=+83.3 |diff|=1.6 banda=13.3 -> in banda
riconciliazione UB objdatains: D=+83.3 vs UB=69.6+banda=13.3 -> FUORI BANDA SOPRA (reperto a verbale, sonda dovuta)
guardia objalloc: A=813.3 B=810.0 D=+3.3 soglia_reg=-13.3 [banda fondata=13.3; rumore drop-1 A'=0.0 B'=6.7] -> ok
guardia objmap: A=116.7 B=113.3 D=+3.3 soglia_reg=-4.0 [banda fondata=3.3; rumore drop-1 A'=3.3 B'=0.0] -> ok
guardia objchurn: A=1253.3 B=1180.0 D=+73.3 soglia_reg=-6.7 [banda fondata=6.7; rumore drop-1 A'=6.7 B'=6.7] -> ok
guardia objallocni: A=740.0 B=743.3 D=-3.3 soglia_reg=-10.0 [banda fondata=10.0; rumore drop-1 A'=3.3 B'=6.7] -> ok
guardia arith: A=46.8 B=47.0 D=-0.2 soglia_reg=-4.0 [SL=0.94; rumore drop-1 A'=0.3 B'=0.1] -> ok
guardia prop: A=77.3 B=77.7 D=-0.3 soglia_reg=-4.0 [SL=0.8; rumore drop-1 A'=0.4 B'=0.3] -> ok
guardia calls: A=107.0 B=106.5 D=+0.5 soglia_reg=-4.0 [SL=0.73; rumore drop-1 A'=3.8 B'=0.5] -> ok
guardia str: A=162.5 B=159.6 D=+2.9 soglia_reg=-7.5 [SL=2.89; rumore drop-1 A'=7.5 B'=4.6] -> ok
guardia arr: A=149.0 B=151.0 D=-2.0 soglia_reg=-4.0 [SL=2.49; rumore drop-1 A'=1.0 B'=2.7] -> ok
guardia re: A=455.8 B=461.7 D=-5.8 soglia_reg=-15.8 [SL=4.46; rumore drop-1 A'=4.2 B'=15.8] -> ok
ESITO: PROMOSSA (giudice sopra soglia, guardie ok)
