== s146 coppia WP full+media sul pin s145 tentativo=t1 (criterio s132-criterio-pair.md RIUSATO + s146-criterio-pair.md; replica peak-only p.5 SENZA inserzione) ==
grade=VERDICT  # derivazione meccanica dai .time; rc autoritativo = pair-out/pair146-t1.done
# full: cpu=user+sys (etichettato); media: CANONICA=user-only + companion (az.rev. S-128 #3)
# az.rev. S-131 #3: riferimento PER CONFIGURAZIONE, ON-ONLY = canonico; firma per gamba
# az.rev. S-136 #2: lettura firma PRE-REGISTRATA: >150% med MOTORE = SPORCA (esclusa); 120-150% = ELEVATA (nel canone, annotata); <=120% pulita
quiescenza warmup: rc=0 (file: pair-out/quiesce-t1-warmup.rc)
quiescenza leg1-on: rc=0 (file: pair-out/quiesce-t1-leg1-on.rc)
quiescenza leg2-on: rc=0 (file: pair-out/quiesce-t1-leg2-on.rc)
quiescenza leg3-on: rc=0 (file: pair-out/quiesce-t1-leg3-on.rc)
quiescenza leg4-on: rc=0 (file: pair-out/quiesce-t1-leg4-on.rc)
quiescenza leg5-on: rc=0 (file: pair-out/quiesce-t1-leg5-on.rc)
quiescenza leg6-on: rc=0 (file: pair-out/quiesce-t1-leg6-on.rc)
leg1-on: ictx/s oracle=1100 phpr=150  contesa ok
  firma leg1-on: ictx%med oracle=102% phpr=144% rank_cpu_oracle=2/6 (1=piu' veloce)  ELEVATA(120-150% med MOTORE: resta nel canone, annotata — az.rev. S-136 #2)
leg2-on: ictx/s oracle=1087 phpr=126  contesa ok
  firma leg2-on: ictx%med oracle=100% phpr=121% rank_cpu_oracle=6/6 (1=piu' veloce)  ELEVATA(120-150% med MOTORE: resta nel canone, annotata — az.rev. S-136 #2)
leg3-on: ictx/s oracle=1076 phpr=99  contesa ok
  firma leg3-on: ictx%med oracle=100% phpr=94% rank_cpu_oracle=5/6 (1=piu' veloce)
leg4-on: ictx/s oracle=1115 phpr=107  contesa ok
  firma leg4-on: ictx%med oracle=103% phpr=102% rank_cpu_oracle=1/6 (1=piu' veloce)
leg5-on: ictx/s oracle=1067 phpr=102  contesa ok
  firma leg5-on: ictx%med oracle=99% phpr=98% rank_cpu_oracle=3/6 (1=piu' veloce)
leg6-on: ictx/s oracle=1050 phpr=60  contesa ok
  firma leg6-on: ictx%med oracle=97% phpr=57% rank_cpu_oracle=4/6 (1=piu' veloce)
ictx_s_mediana_oracle=1081 ictx_s_mediana_phpr=104  # PER MOTORE
gambe pulite: ['leg1-on', 'leg2-on', 'leg3-on', 'leg4-on', 'leg5-on', 'leg6-on']
leg1-on: full_oracle_cpu=447.53 full_phpr_cpu=815.87 proprio=1.823 peak_phpr_MiB=1842.9
leg2-on: full_oracle_cpu=453.91 full_phpr_cpu=820.67 proprio=1.808 peak_phpr_MiB=1841.9
leg3-on: full_oracle_cpu=448.81 full_phpr_cpu=782.91 proprio=1.744 peak_phpr_MiB=1831.0
leg4-on: full_oracle_cpu=444.41 full_phpr_cpu=805.82 proprio=1.813 peak_phpr_MiB=1839.8
leg5-on: full_oracle_cpu=447.64 full_phpr_cpu=801.15 proprio=1.790 peak_phpr_MiB=1808.5
leg6-on: full_oracle_cpu=447.97 full_phpr_cpu=776.44 proprio=1.733 peak_phpr_MiB=1773.5
replica_peak_senza_inserzione (p.5): leg1-on=1842.9 leg2-on=1841.9 leg3-on=1831.0 leg4-on=1839.8 leg5-on=1808.5 leg6-on=1773.5
replica_peak lettura: esito MISTO -> nessuna firma, si dichiara
matrice full (gambe PULITE) phpr(riga)/oracle(colonna):
  leg1-on/leg1-on=1.823  leg1-on/leg2-on=1.797  leg1-on/leg3-on=1.818  leg1-on/leg4-on=1.836  leg1-on/leg5-on=1.823  leg1-on/leg6-on=1.821
  leg2-on/leg1-on=1.834  leg2-on/leg2-on=1.808  leg2-on/leg3-on=1.829  leg2-on/leg4-on=1.847  leg2-on/leg5-on=1.833  leg2-on/leg6-on=1.832
  leg3-on/leg1-on=1.749  leg3-on/leg2-on=1.725  leg3-on/leg3-on=1.744  leg3-on/leg4-on=1.762  leg3-on/leg5-on=1.749  leg3-on/leg6-on=1.748
  leg4-on/leg1-on=1.801  leg4-on/leg2-on=1.775  leg4-on/leg3-on=1.795  leg4-on/leg4-on=1.813  leg4-on/leg5-on=1.800  leg4-on/leg6-on=1.799
  leg5-on/leg1-on=1.790  leg5-on/leg2-on=1.765  leg5-on/leg3-on=1.785  leg5-on/leg4-on=1.803  leg5-on/leg5-on=1.790  leg5-on/leg6-on=1.788
  leg6-on/leg1-on=1.735  leg6-on/leg2-on=1.711  leg6-on/leg3-on=1.730  leg6-on/leg4-on=1.747  leg6-on/leg5-on=1.735  leg6-on/leg6-on=1.733
full_intervallo_PULITO_misto=1.711-1.847  # companion (miscela config)
coppie_proprie_PULITE_miste=1.733-1.823 (N=6)
coppie_proprie_user_only_miste=1.745-1.828
full_on_only_coppie_proprie=1.733-1.823 (N=6) CANONICO
full_on_only_intervallo=1.711-1.847
confronto_formale_rif: on-only vs [1.765-1.788] banda 0.036 (rif S-142) -> COMPATIBILE (tutte le coppie proprie dentro)
banda_ON_fondata=0.090 (max-min di N=6 coppie proprie ON PULITE; unione finestre nel verdetto di sessione)
media_leg1-on: user_only_CANONICA=2.460 user+sys_companion=2.395
media_leg2-on: user_only_CANONICA=2.518 user+sys_companion=2.445
media_leg3-on: user_only_CANONICA=2.481 user+sys_companion=2.432
media_leg4-on: user_only_CANONICA=2.464 user+sys_companion=2.391
media_leg5-on: user_only_CANONICA=2.547 user+sys_companion=2.491
media_leg6-on: user_only_CANONICA=2.464 user+sys_companion=2.397
parita_leg1-on: media=OK(vuoto) full=OK(solo wp_is_stream #2)
parita_leg2-on: media=OK(vuoto) full=OK(solo wp_is_stream #2)
parita_leg3-on: media=OK(vuoto) full=OK(solo wp_is_stream #2)
parita_leg4-on: media=OK(vuoto) full=OK(solo wp_is_stream #2)
parita_leg5-on: media=OK(vuoto) full=OK(solo wp_is_stream #2)
parita_leg6-on: media=OK(vuoto) full=OK(solo wp_is_stream #2)
