== s161 coppia WP full+media sul pin s160 MISURATO phpr=ceeb6e76e4ef5ace server=001a4b2bf04a73ae tentativo=t11 (criteri s132/s146/s148 EREDITATI + s161-criterio-pair-t11.md: giudizio a MEDIANA per finestra, az.rev.3 S-149) ==
grade=VERDICT  # derivazione meccanica dai .time; rc autoritativo = pair-out/pair161-t11.done
# full: cpu=user+sys (etichettato); media: CANONICA=user-only + companion (az.rev. S-128 #3)
# az.rev. S-131 #3: riferimento PER CONFIGURAZIONE, ON-ONLY = canonico; firma per gamba
# az.rev. S-136 #2: lettura firma PRE-REGISTRATA: >150% med MOTORE = SPORCA (esclusa); 120-150% = ELEVATA (nel canone, annotata); <=120% pulita
quiescenza warmup: rc=0 (file: pair-out/quiesce-t11-warmup.rc)
quiescenza leg1-on: rc=0 (file: pair-out/quiesce-t11-leg1-on.rc)
quiescenza leg2-on: rc=0 (file: pair-out/quiesce-t11-leg2-on.rc)
quiescenza leg3-on: rc=0 (file: pair-out/quiesce-t11-leg3-on.rc)
quiescenza leg4-on: rc=0 (file: pair-out/quiesce-t11-leg4-on.rc)
quiescenza leg5-on: rc=0 (file: pair-out/quiesce-t11-leg5-on.rc)
quiescenza leg6-on: rc=0 (file: pair-out/quiesce-t11-leg6-on.rc)
leg1-on: ictx/s oracle=1152 phpr=76  contesa ok
  firma leg1-on: ictx%med oracle=100% phpr=92% rank_cpu_oracle=4/6 (1=piu' veloce)
leg2-on: ictx/s oracle=1146 phpr=80  contesa ok
  firma leg2-on: ictx%med oracle=100% phpr=97% rank_cpu_oracle=5/6 (1=piu' veloce)
leg3-on: ictx/s oracle=1145 phpr=85  contesa ok
  firma leg3-on: ictx%med oracle=100% phpr=103% rank_cpu_oracle=2/6 (1=piu' veloce)
leg4-on: ictx/s oracle=1149 phpr=75  contesa ok
  firma leg4-on: ictx%med oracle=100% phpr=91% rank_cpu_oracle=1/6 (1=piu' veloce)
leg5-on: ictx/s oracle=1173 phpr=855  SEGNALATA(>1,5x med MOTORE)
  firma leg5-on: ictx%med oracle=102% phpr=1042% rank_cpu_oracle=3/6 (1=piu' veloce)
leg6-on: ictx/s oracle=1632 phpr=947  SEGNALATA(>1,5x med MOTORE)
  firma leg6-on: ictx%med oracle=142% phpr=1154% rank_cpu_oracle=6/6 (1=piu' veloce)
ictx_s_mediana_oracle=1151 ictx_s_mediana_phpr=82  # PER MOTORE
gambe pulite: ['leg1-on', 'leg2-on', 'leg3-on', 'leg4-on']
leg1-on: full_oracle_cpu=439.50 full_phpr_cpu=775.92 proprio=1.765 peak_phpr_MiB=1770.4
leg2-on: full_oracle_cpu=443.99 full_phpr_cpu=777.24 proprio=1.751 peak_phpr_MiB=1830.5
leg3-on: full_oracle_cpu=439.41 full_phpr_cpu=776.95 proprio=1.768 peak_phpr_MiB=1743.3
leg4-on: full_oracle_cpu=439.30 full_phpr_cpu=775.15 proprio=1.765 peak_phpr_MiB=1767.6
leg5-on: full_oracle_cpu=439.46 full_phpr_cpu=807.18 proprio=1.837 peak_phpr_MiB=1749.2
leg6-on: full_oracle_cpu=448.90 full_phpr_cpu=816.67 proprio=1.819 peak_phpr_MiB=1732.0
replica_peak_senza_inserzione (p.5): leg1-on=1770.4 leg2-on=1830.5 leg3-on=1743.3 leg4-on=1767.6 leg5-on=1749.2 leg6-on=1732.0
replica_peak lettura: esito MISTO -> nessuna firma, si dichiara
matrice full (gambe PULITE) phpr(riga)/oracle(colonna):
  leg1-on/leg1-on=1.765  leg1-on/leg2-on=1.748  leg1-on/leg3-on=1.766  leg1-on/leg4-on=1.766
  leg2-on/leg1-on=1.768  leg2-on/leg2-on=1.751  leg2-on/leg3-on=1.769  leg2-on/leg4-on=1.769
  leg3-on/leg1-on=1.768  leg3-on/leg2-on=1.750  leg3-on/leg3-on=1.768  leg3-on/leg4-on=1.769
  leg4-on/leg1-on=1.764  leg4-on/leg2-on=1.746  leg4-on/leg3-on=1.764  leg4-on/leg4-on=1.765
full_intervallo_PULITO_misto=1.746-1.769  # companion (miscela config)
coppie_proprie_PULITE_miste=1.751-1.768 (N=4)
coppie_proprie_user_only_miste=1.760-1.774
full_on_only_coppie_proprie=1.751-1.768 (N=4) CANONICO
full_on_only_intervallo=1.746-1.769
mediana_t11=1.765 (N=4 coppie proprie ON PULITE; mediane storiche t1=1.799 t2=1.738 t3=1.789 t4=1.781 t5=1.757 t6=1.771 t7=1.795 t8=1.754 t9=1.767 t10=1.760)
giudizio_MEDIANA (canonico, criterio t11 p.2): COMPATIBILE (mediana in [1.738; 1.799]) — nessun claim
companion banda-unione (descrittivo): coppie in [1.722-1.823]: 4/4
banda_ON: N=4 INSUFFICIENTE (<5 gambe pulite) — tentativo da integrare (criterio p.4)
media_leg1-on: user_only_CANONICA=2.437 user+sys_companion=2.403
media_leg2-on: user_only_CANONICA=2.447 user+sys_companion=2.418
media_leg3-on: user_only_CANONICA=2.447 user+sys_companion=2.414
media_leg4-on: user_only_CANONICA=2.439 user+sys_companion=2.386
media_leg5-on: user_only_CANONICA=2.430 user+sys_companion=2.391 (SEGNALATA)
media_leg6-on: user_only_CANONICA=2.702 user+sys_companion=2.706 (SEGNALATA)
parita_leg1-on: media=OK(vuoto) full=OK(solo wp_is_stream #2)
parita_leg2-on: media=OK(vuoto) full=OK(solo wp_is_stream #2)
parita_leg3-on: media=OK(vuoto) full=OK(solo wp_is_stream #2)
parita_leg4-on: media=OK(vuoto) full=OK(solo wp_is_stream #2)
parita_leg5-on: media=OK(vuoto) full=OK(solo wp_is_stream #2)
parita_leg6-on: media=OK(vuoto) full=OK(solo wp_is_stream #2)
deriva_test: gambe pulite N=4 < 6 -> SOTTO-CAMPIONATO, nessuna soglia applicata (s148 p.4)
sentinella language-server inizio finestra (az.rev. S-157 #4): /Applications/Antigravity /Users/francescotinti/.local/share/uv/tools/serena-agent/bin/python3 /Users/francescotinti/.rustup/toolchains/1.96.0-aarch64-apple-darwin/libexec/rust-analyzer-proc-macro-srv /Users/francescotinti/.rustup/toolchains/stable-aarch64-apple-darwin/bin/rust-analyzer 
sentinella language-server fine finestra: /Applications/Antigravity /Users/francescotinti/.local/share/uv/tools/serena-agent/bin/python3 /Users/francescotinti/.rustup/toolchains/1.96.0-aarch64-apple-darwin/libexec/rust-analyzer-proc-macro-srv /Users/francescotinti/.rustup/toolchains/stable-aarch64-apple-darwin/bin/rust-analyzer 
