lock CI: presente (finestra di sessione, non lo tocco)
promozione: build ricetta riproduce il candidato ec0a636ad0c42005 AL BYTE
promozione batteria: rc=0 (da promo-out/batteria.rc) · 1748/0/2 · inventario: baseline s125 + i DUE denti dichiarati (rczval + loc_dente A4)
promozione batteria: debug_backtrace_array_fields VERDE
promozione: churn batteria neutralizzato (build ricetta → ec0a636ad0c42005 al byte)
promozione: PIN phpr s161 = ec0a636ad0c42005 (smoke parità 2 modi OK, stash phpr-s161, registrato+committato). I gate del protocollo (batteria/corpus/fixture/micro) restano dovuti.
promozione corpus-gate: rc=0 — nomi==congelato (1412), CONTENUTO==golden, off-on zero (ZERO flip come atteso, L-AL2)
promozione fixture chain: rc=0 (10 gate: hc1 move recv fx20 fx21 w9 preg teardown stash backtrace)
promozione gate fx-ce: oracle==pin BYTE-ID (12 forme class/interface/trait_exists)
promozione gate sonda-bt: pin==stash s160 BYTE-ID (contratto autoload/backtrace §3.25 invariato — presidio diretto L-AL2)
promozione gate fx-refl: pin==stash s160 BYTE-ID (contratto __reflect_* L-RF2 invariato)
promozione gate fx-am: oracle==pin BYTE-ID (20 forme array_map v2, fast E pieno)
promozione gate fx-af: oracle==pin BYTE-ID (13 forme array_filter, fast E pieno)
promozione quiescenza: PASS al tentativo 2
promozione micro pin s161: rapporto_arith=5.3  [derivata: companion 2.35/0.44] rapporto_prop=5.6  [derivata: companion 2.36/0.42] rapporto_calls=4.9  [derivata: companion 2.14/0.44] rapporto_str=4.3  [derivata: companion 0.65/0.15] rapporto_arr=3.3  [derivata: companion 0.96/0.29] rapporto_re=2.6  [derivata: companion 0.95/0.37] 
conferma post-pin m-missload (pin s161 vs stash s160, drift-tree da dichiarare): D=+3.0 rumore=5.0 segni=5/5 A=284.0 B=281.0 (attesa: segno +, D nell'intorno di +5,0 ± rumore+drift)
promozione gate ORM: fail-set per NOME == baseline (16 nomi) · Tests: 3484, Assertions: 11989, Errors: 3, Failures: 13, Skipped: 59, Incomplete: 2.
promozione gate http-kernel: 0E/0F · Tests: 1665, Assertions: 3850, PHPUnit Warnings: 2, Warnings: 5, Deprecations: 128.
promozione server: PIN server s161 = cad5cf83fa2309c9 @ e22e10d4 (smoke OK, stashato, registrato+committato). pin phpr INVARIATO (ec0a636ad0c42005)
PROMOZIONE COMPLETA rc=0 (da promo-out/rcb): pin s161 = ec0a636ad0c42005
