huge-sites: i sei blocchi huge per worker NOMINATI dal vivo (S-93.0 B1/B2/B3)
grade=B1 ADVISORY · B2 ADVISORY · B3 SCREEN  # sanatoria Concilio WP-95 (team-misura A1): il grado e PER SEZIONE, il globale e solo il tetto
risoluzione-probe=38229  # spread inter-build b048b697a4c10688 vs 8e966efd6b3d3e69 sullo stesso slope; ogni |effetto| sotto questa soglia e NON RILEVATO, mai refutato (A-BG-73)
formato=ascii-nudo  # A-BG66: nessun separatore di migliaia nei token numerici
livello-stat=MI_STAT=0  # dichiarato (libmimalloc-sys 0.1.49 build.rs => types.h): malloc_huge conta le NASCITE, il decremento C non e compilato (Concilio WP-95/Leijen)
metodo=hook env-gated PHPR_HUGE_TRACE=1 nel GlobalAlloc del build mem-census
  (huge_note: size>=524288 => backtrace std su stderr; guardia di rientranza)
contatori-galloc/gfree-del-run-trace=VOID  # auto-contaminazione: backtrace+format passano dal GlobalAlloc (A-DL-65/A-PP-78)
build-identita: trace=b048b697a4c10688 trace+lever=8e966efd6b3d3e69
  trace+lever+stats=8f87af977b4c0ad3 (tutte --features mem-census, parent 2859c81)
binari-parita: phpr d5ce86e3342f3926 INVARIATO (mai ricompilato) ·
  release/php-server RIPRISTINATO d45b57843eeb1375 — RIPRISTINO DICHIARATO,
  nessuna ricevuta in-band (ne shasum post-ripristino ne ri-run del gate
  lever-pins DOPO il probe; il PASS in NEXT_SESSION e pre-S-93.0): ogni claim
  di parita che vi poggia resta ADVISORY (A-PP-77/KS-PP-95-3)
smaltimento=porta 8199 chiusa, log grezzi del trace nello scratchpad — per NOME
carico=hello.php (fixtures gate-axum), W=1, porta 8199

== B1: le sei allocazioni (una richiesta, un worker, ordine di nascita) ==
kind=alloc size=622576 thr=worker
kind=alloc size=1245168 thr=worker
kind=alloc size=2490352 thr=worker
kind=alloc size=4980720 thr=worker
kind=alloc size=9961456 thr=worker
kind=alloc size=19922928 thr=worker
somma=39223200  # sanatoria A2 (errore aritmetico agli atti: era 39423200): 622576+1245168+2490352+4980720+9961456+19922928
relazione=catena di RADDOPPIO bumpalo (size_next = 2*size_prev + 16)  # VERDICT-grade: identita aritmetica, 2*s+16 esatta 5/5
conteggio dopo richiesta 1: 6 huge; dopo richiesta 3: 6 huge (numero FISSO
  riprodotto: nessuna nuova huge oltre la prima richiesta)  # ADVISORY: riproduzione intra-run, non inter-run
nota-somma: il termine m90 malloc_huge 39911424 conta mi_page_block_size
  (arrotondamento os-good-size di mi_huge_page_alloc); residuo os-good-size =
  39911424-39223200 = 688224  # sanatoria A3 (era 488224). Corroborazione: 39534144-39223200 = 310944 ~ (622576-16)/2 = 311280 (anello immediatamente inferiore della catena)

== B1: il NOME (frame comuni dei sei backtrace, dal log del trace) ==
sito=bumpalo::Bump::alloc_layout_slow  # crescita chunk dell'arena
via=mago_syntax::parser (TokenStream::fill_buffer_slow, parse_array,
  parse_if, create_assignment_expression, parse_block/method, parse_switch)
radice=php_runtime::lower::lower_prelude_uncached
  -> core::cell::once::OnceCell::try_init (cache per-thread del preludio)
  -> php_runtime::lower::lower_source_impl
  -> php_runtime::vm::main_unit_acquire
  -> php_server::worker_pool::implementation::WorkerPool::worker_loop
identita=UNA sola arena bumpalo (l'arena AST del parse del PRELUDIO stdlib,
  sorgenti concatenate ~406 KB), sei chunk in raddoppio, tutti vivi
  simultaneamente durante il parse
falsificati-per-NOME=UNIT_CACHE, STUBS, arena dei Module: nessuno dei sei
  backtrace li attraversa — non sono i proprietari dei blocchi huge

== B2: la NATURA (controllo positivo del decremento, lato Rust) ==
kind=dealloc size=19922928
kind=dealloc size=9961456
kind=dealloc size=4980720
kind=dealloc size=2490352
kind=dealloc size=1245168
kind=dealloc size=622576
esito=TUTTI E SEI liberati (Drop della Bump, ordine inverso) DENTRO la prima
  richiesta, appena il lowering del preludio completa  # ADVISORY forte: coppia alloc/dealloc in-band = canale di fede
conseguenza-1=la lettura "riserva fissa mai liberata" di huge-worker.out e
  REFUTATA: la free ESISTE (provata dalla coppia in-band). La statistica
  malloc_huge dei dump m90 non decrementa MAI perche a MI_STAT=0 il
  decremento C non e compilato (mi_stat_free sotto #if (MI_STAT>0),
  free.c:612, stub release 635-637; theap.c:362 e dead code in blocco
  commentato) mentre l'increase alla nascita e incondizionato (page.c:935-936):
  malloc_huge conta le NASCITE — CUMULATIVO PER COSTRUZIONE in ogni build
  census, non "monco per assenza di free" (sanatoria A7/A8, Concilio WP-95/Leijen)
conseguenza-2=il controllo positivo del decremento (Concilio WP-94 E2) e
  ESEGUITO dal lato Rust con esito: il decremento C NON ESISTE nel binario
  census (non "non morde"); la sua conclusione corretta e "il decremento non
  e compilato"  # sanatoria A7
natura=SPIKE TRANSIENTE per-thread alla prima richiesta (e a OGNI processo
  phpr CLI); transiente al livello malloc.
  caveat=al livello provisioning lo spike e SINCRONO su W thread al restart
  (~W*39,5MB): freed != decommitted != non-provisioned — va coperto dal
  capacity planning (A-BB-75/KS-BB-95-2). Arena committed NON citabile a
  sostegno: illeggibile (vedi B3 coerenza RITIRATA)
asimmetria-latente=per quando MI_STAT>0: il decrease va sul _mi_theap_default()
  del thread che LIBERA (free.c:615), non sul theap che incremento => una
  Sigma per-theap puo andare NEGATIVA su free cross-thread — scritta ORA,
  prima che qualcuno sommi per theap in m91

== B3: leva LEVER-2 (mi_collect on-thread post-preludio) — EFFETTO NON RILEVATO ==
protocollo=slope-probe ridotto (NON campagna, R=1 per punto): W in {1,4},
  N=25*W hello sequenziali, /usr/bin/time -l, un run per W, stessa binaria
  8e966efd6b3d3e69, arm da env PHPR_PRELUDE_COLLECT=1, MIMALLOC_PURGE_DELAY=0
  # FATTUALE — ed e la prova che e uno SCREEN: zero repliche, zero varianza
ctrl w=1 max_rss=57294848 peak_footprint=38355472   # SCREEN (R=1 per punto)
ctrl w=4 max_rss=131219456 peak_footprint=94798400   # SCREEN
lever w=1 max_rss=57262080 peak_footprint=38322680   # SCREEN
lever w=4 max_rss=131235840 peak_footprint=94700096   # SCREEN
slope ctrl (94798400-38355472)/3=18814309 B/worker   # SCREEN — mai nel ledger come slope
slope lever (94700096-38322680)/3=18792472 B/worker   # SCREEN
delta slope=21837 B/worker — SOTTO la risoluzione 38229: verdetto legale
  "|effetto| < ~0,2%". PIN VIETATO (sanatoria A5/A4, Concilio WP-95: la parola
  "refutata con misura" e RITIRATA — l'effetto non e rilevato, non e refutato)
coerenza=RITIRATA (REFUTATA, Concilio WP-95/Leijen): in release committed non
  scende MAI su purge — _mi_prim_decommit pone *needs_recommit=false
  (prim.c:495-504, gate 503) e mi_os_decommit_ex decrementa solo se
  needs_recommit (os.c:590-591). Da "committed invariata" NON segue alcuna
  conclusione su decommit; retention affermabile solo dal probe fisico
  on-thread (A-DL-55/66)  # sanatoria A6
risoluzione build precedente (b048b697a4c10688): w1 peak_footprint=38339088
  w4 peak_footprint=94896704, slope 18852538 — E la risoluzione del probe:
  |18852538-18814309| = 38229 = spread inter-build a effetto NULLO dichiarato

== B3: il canale della LEVA VERA, quantificato (contatore PRIMA, WP-48) ==
contatore=PHPR_PRELUDE_STATS=1 in lower_prelude_uncached (committato)
prelude-arena allocated_bytes=39534144 chunk_capacity=13738592  # MAGNITUDINE (R=1), PIN VIETATO fino a R>=3 (A-BG-74)
lettura=allocated_bytes e la CAPACITA totale allocata (Sigma capacita dei
  chunk), NON il touched: il touched fisico ricostruito a residuo zero e
  25795552 B (11 chunk; chunk_capacity=13738592 = residuo LIBERO dell'ultimo
  chunk 19922928, NON "coda mai toccata" — serve il campo used in banda per
  affermarlo)  # sanatoria A12/M2 team-leva; il commento nel codice va corretto
costo-CLI (binario di parita d5ce86e3342f3926, pinnato, non toccato) — R=1, PIN VIETATO:
  phpr hi.php max_rss=53035008 peak_footprint=44630520
  phpr refl.php max_rss=53329920 peak_footprint=44597728
  oracle php -n hi.php max_rss=26066944 peak_footprint=10093048
  rapporto footprint phpr/oracle su hello = 44630520/10093048 = 4.42 (MAGNITUDINE R=1)
leva-nominata-per-la-prossima-sessione=arene PER-FILE nel preludio; predizione
  ex-ante DIFENDIBILE (WP-48): N = 25795552 - T_max (T_max REALE da misurare
  per-unita, NON 39534144 che e la capacita); D = 44630520; peak_post =
  D - alpha*N con alpha in [0,8;1,0] atteso => 2,3-2,7x oracle (falsificata se
  peak_post>40MB o <21MB). Tocca l'ordine di hoist => gate parita COMPLETI
  (corpus 1418 + refl 290 + ORM 3E/13F + hk 1665) + ricert. baseline phpr

== VERDETTO (per sezione, post-Concilio WP-95) ==
B1 ADVISORY: i sei siti hanno UN nome — sei chunk di raddoppio di UNA arena
  bumpalo del parse del preludio stdlib, per thread, alla prima richiesta.
  (la catena di raddoppio 2*s+16 e VERDICT-grade come identita aritmetica)
B2 ADVISORY: transiente al livello malloc, liberata (coppia in-band); il "mai
  liberata" era la statistica CUMULATIVA PER COSTRUZIONE (MI_STAT=0), non un
  free mancante. Caveat provisioning: spike sincrono ~W*39,5MB al restart.
B3 SCREEN: LEVER-2 EFFETTO NON RILEVATO sotto la risoluzione 38229 B/worker
  (delta 21837, R=1): non refutata, non consumabile come pin. Lo slope fisico
  ~18,8 MB/worker resta l'oggetto della prossima misura, attribuibile per NOME
  solo dal probe fisico on-thread (A-DL-55/66), MAI da committed (A-DL-66);
  nessuna cifra di questa sezione e verdict-grade.
