git=925da3b
tree=clean (git status --porcelain empty at gate start, A-AH14)
== build [default]  ==
bin[default] sha256[0:16]=c34a193428669d5d
OK  [default]: 0 axum/tokio/hyper/tower symbols
== build [axum-only] --no-default-features --features axum-server ==
bin[axum-only] sha256[0:16]=0e984d09a1aef15e
== build [census] --features census-instrumentation ==
bin[census] sha256[0:16]=0b0ccd4a88e1b41f
== build [census-axum-only] --no-default-features --features census-instrumentation ==
bin[census-axum-only] sha256[0:16]=1a6f0003a740a515
== build [mem-census] --features mem-census ==
bin[mem-census] sha256[0:16]=865652c1f607d875
== lint [php-runtime] --features census-instrumentation -- -D warnings ==
OK  [lint-php-runtime]: warning-free under census-instrumentation (A-AH15)
== lint [php-cli] --lib --features census-instrumentation -- -D warnings ==
OK  [lint-php-cli]: warning-free under census-instrumentation (A-AH15)
== lint [php-runtime] --features mem-census -- -D warnings ==
OK  [lint-php-runtime]: warning-free under census-instrumentation (A-AH15)
== lint [php-cli] --lib --features mem-census -- -D warnings ==
OK  [lint-php-cli]: warning-free under census-instrumentation (A-AH15)
== build [union] --features axum-server ==
bin[union] sha256[0:16]=86613a65fbf7a6f0
OK  [union]: 1238 net-stack symbols (positive control for nm detector)
== test-target warnings (A-AH6/A-AH29) ==
OK  [test-targets/axum-server]: php-server test build warning-free
OK  [test-targets/census-instrumentation]: php-server test build warning-free
OK  [test-targets/mem-census]: php-server test build warning-free
OK  [identity]: on-disk binary == bin[union] after all steps (A-AH12)
