git=5c49050
tree=clean (git status --porcelain empty at gate start, A-AH14)
== build [default]  ==
bin[default] sha256[0:16]=3af55cf9b4f01c13
OK  [default]: 0 axum/tokio/hyper/tower symbols
== build [axum-only] --no-default-features --features axum-server ==
bin[axum-only] sha256[0:16]=1f10e3f6631eec66
== build [census] --features census-instrumentation ==
bin[census] sha256[0:16]=da132ed1d135ff28
== build [census-axum-only] --no-default-features --features census-instrumentation ==
bin[census-axum-only] sha256[0:16]=4827f0860e2dfd7c
== build [mem-census] --features mem-census ==
bin[mem-census] sha256[0:16]=b620d64c89abb584
== lint [php-runtime] --features census-instrumentation -- -D warnings ==
OK  [lint-php-runtime]: warning-free under census-instrumentation (A-AH15)
== lint [php-cli] --lib --features census-instrumentation -- -D warnings ==
OK  [lint-php-cli]: warning-free under census-instrumentation (A-AH15)
== lint [php-runtime] --features mem-census -- -D warnings ==
OK  [lint-php-runtime]: warning-free under census-instrumentation (A-AH15)
== lint [php-cli] --lib --features mem-census -- -D warnings ==
OK  [lint-php-cli]: warning-free under census-instrumentation (A-AH15)
== build [union] --features axum-server ==
bin[union] sha256[0:16]=318853ca3fe0ecb9
OK  [union]: 1245 net-stack symbols (positive control for nm detector)
== test-target warnings (A-AH6/A-AH29) ==
OK  [test-targets/axum-server]: php-server test build warning-free
OK  [test-targets/census-instrumentation]: php-server test build warning-free
OK  [test-targets/mem-census]: php-server test build warning-free
OK  [identity]: on-disk binary == bin[union] after all steps (A-AH12)
