git=f57b4d0
tree=clean (git status --porcelain empty at gate start, A-AH14)
== build [default]  ==
bin[default] sha256[0:16]=10a1abe634e088d4
OK  [default]: 0 axum/tokio/hyper/tower symbols
== build [axum-only] --no-default-features --features axum-server ==
bin[axum-only] sha256[0:16]=faca4f26adabf312
== build [census] --features census-instrumentation ==
bin[census] sha256[0:16]=6d1ca2c92ea14ead
== build [census-axum-only] --no-default-features --features census-instrumentation ==
bin[census-axum-only] sha256[0:16]=1fb8af296ad7d941
== build [mem-census] --features mem-census ==
bin[mem-census] sha256[0:16]=315d078fba15968f
== lint [php-runtime] --features census-instrumentation -- -D warnings ==
FAIL [lint-php-runtime]: -D warnings failed (A-AH15: census code outside php-server was never under -D)
== lint [php-cli] --lib --features census-instrumentation -- -D warnings ==
OK  [lint-php-cli]: warning-free under census-instrumentation (A-AH15)
== lint [php-runtime] --features mem-census -- -D warnings ==
OK  [lint-php-runtime]: warning-free under census-instrumentation (A-AH15)
== lint [php-cli] --lib --features mem-census -- -D warnings ==
OK  [lint-php-cli]: warning-free under census-instrumentation (A-AH15)
== build [union] --features axum-server ==
bin[union] sha256[0:16]=5a5ecd033d3c67d4
OK  [union]: 1245 net-stack symbols (positive control for nm detector)
== test-target warnings (A-AH6/A-AH29) ==
OK  [test-targets/axum-server]: php-server test build warning-free
OK  [test-targets/census-instrumentation]: php-server test build warning-free
OK  [test-targets/mem-census]: php-server test build warning-free
OK  [identity]: on-disk binary == bin[union] after all steps (A-AH12)
