== s129-ab smoke-f4: A=ccb63dca(pin s127b) B=0fdf1c49 R=2 ordine ALTERNATO; giudice=objdatains; guardie solo-regressione; rc autoritativo = ab-out/smoke-f4.rc ==
cat=objdatains N=3000000 floor_A=0.02 floor_B=0.02
  coppia1 [AB]: rawA=4.00 rawB=3.79
  coppia2 [BA]: rawA=4.01 rawB=3.79
cat=objalloc N=3000000 floor_A=0.02 floor_B=0.02
  coppia1 [AB]: rawA=2.96 rawB=2.94
  coppia2 [BA]: rawA=2.94 rawB=2.95
cat=objchurn N=3000000 floor_A=0.02 floor_B=0.02
  coppia1 [AB]: rawA=4.79 rawB=4.56
  coppia2 [BA]: rawA=4.78 rawB=4.53
cat=objmap N=3000000 floor_A=0.02 floor_B=0.02
  coppia1 [AB]: rawA=0.54 rawB=0.53
  coppia2 [BA]: rawA=0.54 rawB=0.55
cat=arith N=150000000 floor_A=0.02 floor_B=0.02
  coppia1 [AB]: rawA=7.06 rawB=7.19
  coppia2 [BA]: rawA=7.04 rawB=7.19
cat=prop N=90000000 floor_A=0.02 floor_B=0.02
  coppia1 [AB]: rawA=7.39 rawB=7.27
  coppia2 [BA]: rawA=7.23 rawB=7.06
cat=calls N=60000000 floor_A=0.03 floor_B=0.02
  coppia1 [AB]: rawA=6.45 rawB=6.49
  coppia2 [BA]: rawA=6.42 rawB=6.45
cat=str N=28000000 floor_A=0.02 floor_B=0.02
  coppia1 [AB]: rawA=4.46 rawB=4.46
  coppia2 [BA]: rawA=4.44 rawB=4.48
cat=arr N=30000000 floor_A=0.02 floor_B=0.02
  coppia1 [AB]: rawA=4.58 rawB=4.57
  coppia2 [BA]: rawA=4.52 rawB=4.52
cat=re N=12000000 floor_A=0.03 floor_B=0.02
  coppia1 [AB]: rawA=5.61 rawB=5.59
  coppia2 [BA]: rawA=5.65 rawB=5.55
GIUDICE objdatains: A=1328.3 B=1256.7 ns/iter D=+71.7 soglia=4.0 (rumoreB=0.0) -> PROMOSSA
guardia objalloc: A=976.7 B=975.0 D=+1.7 soglia_reg=-4.0 [default 4 ns (nessuna banda storica)] -> ok
guardia objchurn: A=1588.3 B=1508.3 D=+80.0 soglia_reg=-4.0 [default 4 ns (nessuna banda storica)] -> ok
guardia objmap: A=173.3 B=173.3 D=+0.0 soglia_reg=-4.0 [default 4 ns (nessuna banda storica)] -> ok
guardia arith: A=46.9 B=47.8 D=-0.9 soglia_reg=-4.0 [SL=0.94] -> ok
guardia prop: A=81.0 B=79.4 D=+1.6 soglia_reg=-4.0 [SL=0.8] -> ok
guardia calls: A=106.8 B=107.5 D=-0.8 soglia_reg=-4.0 [SL=0.73] -> ok
guardia str: A=158.2 B=158.9 D=-0.7 soglia_reg=-4.0 [SL=2.89] -> ok
guardia arr: A=151.0 B=150.8 D=+0.2 soglia_reg=-4.0 [SL=2.49] -> ok
guardia re: A=466.7 B=462.5 D=+4.2 soglia_reg=-4.5 [SL=4.46] -> ok
ESITO: PROMOSSA (giudice sopra soglia, guardie ok)
