== s129 sonde per-passo (criterio p.4; build EMENDATA: quote=MODELLO, nessuna cifra promuovibile) ==
grade=MODEL  # rc autoritativo = tempo-out/tempo-passi.rc; CAL sottratta per nota; R=3 mediane
-- objalloc (stmt/iter=0 [CNT-OK]) --
   cal_ticks/nota=0.00 freq=24000000
   TOT              0.0 ns/iter  (spread R=3 0.0)
   B_byref          0.0 ns/iter  (spread R=3 0.0)
   C_indirect       0.0 ns/iter  (spread R=3 0.0)
   D_lazy           0.0 ns/iter  (spread R=3 0.0)
   E_fieldset       0.0 ns/iter  (spread R=3 0.0)
   E2_walk          0.0 ns/iter  (spread R=3 0.0)
   A_popkeys        0.0 ns/iter  (spread R=3 0.0)
-- objdatains (stmt/iter=1 [CNT-OK]) --
   cal_ticks/nota=0.48 freq=1000000000
   TOT            296.7 ns/iter  (spread R=3 1.9)
   B_byref         36.0 ns/iter  (spread R=3 1.2)
   C_indirect       7.5 ns/iter  (spread R=3 0.7)
   D_lazy          29.6 ns/iter  (spread R=3 0.6)
   E_fieldset     202.6 ns/iter  (spread R=3 2.1)
   E2_walk         47.8 ns/iter  (spread R=3 1.9)
   A_popkeys        8.8 ns/iter  (spread R=3 0.6)
   chiusura: A+B+C+D+E=284.4 vs TOT=296.7 (96% — banda 85-115%)
-- p2-append (stmt/iter=1 [CNT-OK]) --
   cal_ticks/nota=0.48 freq=1000000000
   TOT            267.2 ns/iter  (spread R=3 3.0)
   B_byref         32.6 ns/iter  (spread R=3 1.6)
   C_indirect       7.8 ns/iter  (spread R=3 0.9)
   D_lazy          28.7 ns/iter  (spread R=3 0.3)
   E_fieldset     181.8 ns/iter  (spread R=3 2.3)
   E2_walk         29.6 ns/iter  (spread R=3 0.6)
   A_popkeys        3.3 ns/iter  (spread R=3 0.1)
   chiusura: A+B+C+D+E=254.2 vs TOT=267.2 (95% — banda 85-115%)
-- p5-two (stmt/iter=2 [CNT-OK]) --
   cal_ticks/nota=0.48 freq=1000000000
   TOT            586.3 ns/iter  (spread R=3 10.1)
   B_byref         64.6 ns/iter  (spread R=3 1.5)
   C_indirect      15.9 ns/iter  (spread R=3 0.5)
   D_lazy          55.1 ns/iter  (spread R=3 0.6)
   E_fieldset     408.5 ns/iter  (spread R=3 7.2)
   E2_walk        106.4 ns/iter  (spread R=3 4.4)
   A_popkeys       18.4 ns/iter  (spread R=3 1.3)
   chiusura: A+B+C+D+E=562.6 vs TOT=586.3 (96% — banda 85-115%)
-- p6-overwrite (stmt/iter=2 [CNT-OK]) --
   cal_ticks/nota=0.48 freq=1000000000
   TOT            584.0 ns/iter  (spread R=3 3.3)
   B_byref         65.7 ns/iter  (spread R=3 1.6)
   C_indirect      15.5 ns/iter  (spread R=3 1.4)
   D_lazy          54.3 ns/iter  (spread R=3 0.6)
   E_fieldset     406.9 ns/iter  (spread R=3 3.4)
   E2_walk         93.3 ns/iter  (spread R=3 2.2)
   A_popkeys       17.6 ns/iter  (spread R=3 0.9)
   chiusura: A+B+C+D+E=560.0 vs TOT=584.0 (96% — banda 85-115%)
-- differenze per-statement (stessa build, ns/iter) --
insert'k' (datains-alloc): TOT=+296.7 B_byref=+36.0 C_indirect=+7.5 D_lazy=+29.6 E_fieldset=+202.6 E2_walk=+47.8 A_popkeys=+8.8
2o-insert (p5-datains): TOT=+289.6 B_byref=+28.6 C_indirect=+8.4 D_lazy=+25.5 E_fieldset=+206.0 E2_walk=+58.6 A_popkeys=+9.7
overwrite (p6-datains): TOT=+287.3 B_byref=+29.6 C_indirect=+8.0 D_lazy=+24.7 E_fieldset=+204.4 E2_walk=+45.6 A_popkeys=+8.9
append    (p2-alloc): TOT=+267.2 B_byref=+32.6 C_indirect=+7.8 D_lazy=+28.7 E_fieldset=+181.8 E2_walk=+29.6 A_popkeys=+3.3
MODELLO-PASSI: ACQUISITO
