== s164 coppia WP full+media sul pin s163 MISURATO phpr=fea4a2d040a0d8d0 server=8d76d6f129bfd4af tentativo=t14 (criteri s132/s146/s148 EREDITATI + s164-criterio-pair-t14.md: giudizio a MEDIANA per finestra, az.rev.3 S-149) ==
grade=VERDICT  # derivazione meccanica dai .time; rc autoritativo = pair-out/pair164-t14.done
# full: cpu=user+sys (etichettato); media: CANONICA=user-only + companion (az.rev. S-128 #3)
# az.rev. S-131 #3: riferimento PER CONFIGURAZIONE, ON-ONLY = canonico; firma per gamba
# az.rev. S-136 #2: lettura firma PRE-REGISTRATA: >150% med MOTORE = SPORCA (esclusa); 120-150% = ELEVATA (nel canone, annotata); <=120% pulita
quiescenza warmup: rc=0 (file: pair-out/quiesce-t14-warmup.rc)
quiescenza leg1-on: rc=0 (file: pair-out/quiesce-t14-leg1-on.rc)
quiescenza leg2-on: rc=0 (file: pair-out/quiesce-t14-leg2-on.rc)
quiescenza leg3-on: rc=0 (file: pair-out/quiesce-t14-leg3-on.rc)
quiescenza leg4-on: rc=0 (file: pair-out/quiesce-t14-leg4-on.rc)
quiescenza leg5-on: rc=0 (file: pair-out/quiesce-t14-leg5-on.rc)
quiescenza leg6-on: rc=0 (file: pair-out/quiesce-t14-leg6-on.rc)
leg1-on: ictx/s oracle=1154 phpr=74  contesa ok
  firma leg1-on: ictx%med oracle=100% phpr=102% rank_cpu_oracle=1/6 (1=piu' veloce)
leg2-on: ictx/s oracle=1168 phpr=74  contesa ok
  firma leg2-on: ictx%med oracle=102% phpr=103% rank_cpu_oracle=2/6 (1=piu' veloce)
leg3-on: ictx/s oracle=1144 phpr=70  contesa ok
  firma leg3-on: ictx%med oracle=100% phpr=98% rank_cpu_oracle=3/6 (1=piu' veloce)
leg4-on: ictx/s oracle=1149 phpr=71  contesa ok
  firma leg4-on: ictx%med oracle=100% phpr=98% rank_cpu_oracle=5/6 (1=piu' veloce)
leg5-on: ictx/s oracle=1147 phpr=71  contesa ok
  firma leg5-on: ictx%med oracle=100% phpr=99% rank_cpu_oracle=6/6 (1=piu' veloce)
leg6-on: ictx/s oracle=1148 phpr=73  contesa ok
  firma leg6-on: ictx%med oracle=100% phpr=101% rank_cpu_oracle=4/6 (1=piu' veloce)
ictx_s_mediana_oracle=1149 ictx_s_mediana_phpr=72  # PER MOTORE
gambe pulite: ['leg1-on', 'leg2-on', 'leg3-on', 'leg4-on', 'leg5-on', 'leg6-on']
leg1-on: full_oracle_cpu=438.88 full_phpr_cpu=773.23 proprio=1.762 peak_phpr_MiB=1782.3
leg2-on: full_oracle_cpu=439.87 full_phpr_cpu=774.56 proprio=1.761 peak_phpr_MiB=1851.2
leg3-on: full_oracle_cpu=440.13 full_phpr_cpu=774.56 proprio=1.760 peak_phpr_MiB=1845.4
leg4-on: full_oracle_cpu=440.76 full_phpr_cpu=774.48 proprio=1.757 peak_phpr_MiB=1841.7
leg5-on: full_oracle_cpu=440.81 full_phpr_cpu=778.13 proprio=1.765 peak_phpr_MiB=1853.3
leg6-on: full_oracle_cpu=440.24 full_phpr_cpu=778.23 proprio=1.768 peak_phpr_MiB=1849.3
replica_peak_senza_inserzione (p.5): leg1-on=1782.3 leg2-on=1851.2 leg3-on=1845.4 leg4-on=1841.7 leg5-on=1853.3 leg6-on=1849.3
replica_peak lettura: leg1 BASSA (<=1825) e leg2-6 alte (>=1830) -> pattern S-140 RIPRODOTTO senza inserzione (coerente STATO-post-media; nessuna firma causale)
matrice full (gambe PULITE) phpr(riga)/oracle(colonna):
  leg1-on/leg1-on=1.762  leg1-on/leg2-on=1.758  leg1-on/leg3-on=1.757  leg1-on/leg4-on=1.754  leg1-on/leg5-on=1.754  leg1-on/leg6-on=1.756
  leg2-on/leg1-on=1.765  leg2-on/leg2-on=1.761  leg2-on/leg3-on=1.760  leg2-on/leg4-on=1.757  leg2-on/leg5-on=1.757  leg2-on/leg6-on=1.759
  leg3-on/leg1-on=1.765  leg3-on/leg2-on=1.761  leg3-on/leg3-on=1.760  leg3-on/leg4-on=1.757  leg3-on/leg5-on=1.757  leg3-on/leg6-on=1.759
  leg4-on/leg1-on=1.765  leg4-on/leg2-on=1.761  leg4-on/leg3-on=1.760  leg4-on/leg4-on=1.757  leg4-on/leg5-on=1.757  leg4-on/leg6-on=1.759
  leg5-on/leg1-on=1.773  leg5-on/leg2-on=1.769  leg5-on/leg3-on=1.768  leg5-on/leg4-on=1.765  leg5-on/leg5-on=1.765  leg5-on/leg6-on=1.768
  leg6-on/leg1-on=1.773  leg6-on/leg2-on=1.769  leg6-on/leg3-on=1.768  leg6-on/leg4-on=1.766  leg6-on/leg5-on=1.765  leg6-on/leg6-on=1.768
full_intervallo_PULITO_misto=1.754-1.773  # companion (miscela config)
coppie_proprie_PULITE_miste=1.757-1.768 (N=6)
coppie_proprie_user_only_miste=1.766-1.778
full_on_only_coppie_proprie=1.757-1.768 (N=6) CANONICO
full_on_only_intervallo=1.754-1.773
mediana_t14=1.761 (N=6 coppie proprie ON PULITE; mediane storiche t1=1.799 t2=1.738 t3=1.789 t4=1.781 t5=1.757 t6=1.771 t7=1.795 t8=1.754 t9=1.767 t10=1.760 t11=1.765 t12=1.767 t13=1.763)
giudizio_MEDIANA (canonico, criterio t14 p.2): COMPATIBILE (mediana in [1.738; 1.799]) — nessun claim
companion banda-unione (descrittivo): coppie in [1.722-1.823]: 6/6
banda_ON_fondata=0.011 (max-min di N=6 coppie proprie ON PULITE; unione finestre nel verdetto di sessione)
media_leg1-on: user_only_CANONICA=2.446 user+sys_companion=2.404
media_leg2-on: user_only_CANONICA=2.433 user+sys_companion=2.412
media_leg3-on: user_only_CANONICA=2.443 user+sys_companion=2.399
media_leg4-on: user_only_CANONICA=2.440 user+sys_companion=2.392
media_leg5-on: user_only_CANONICA=2.341 user+sys_companion=2.307
media_leg6-on: user_only_CANONICA=2.450 user+sys_companion=2.408
parita_leg1-on: media=OK(vuoto) full=OK(solo wp_is_stream #2)
parita_leg2-on: media=OK(vuoto) full=OK(solo wp_is_stream #2)
parita_leg3-on: media=OK(vuoto) full=OK(solo wp_is_stream #2)
parita_leg4-on: media=OK(vuoto) full=OK(solo wp_is_stream #2)
parita_leg5-on: media=OK(vuoto) full=OK(solo wp_is_stream #2)
parita_leg6-on: media=OK(vuoto) full=OK(solo wp_is_stream #2)
deriva_test (s148 p.4, N=6 critico 0,829): rho_A(leg,peak)=0.486 -> nessuna firma di deriva; rho_B(peak,rapporto)=0.429 -> accoppiamento NON confermato
sentinella language-server inizio finestra (az.rev. S-157 #4): /Applications/Antigravity /Users/francescotinti/.antigravity-ide/extensions/rust-lang.rust-analyzer-0.3.3025-darwin-arm64/server/rust-analyzer /Users/francescotinti/.local/share/uv/tools/serena-agent/bin/python3 /Users/francescotinti/.rustup/toolchains/1.96.0-aarch64-apple-darwin/libexec/rust-analyzer-proc-macro-srv /Users/francescotinti/.rustup/toolchains/stable-aarch64-apple-darwin/bin/rust-analyzer 
sentinella language-server fine finestra: /Applications/Antigravity /Users/francescotinti/.antigravity-ide/extensions/rust-lang.rust-analyzer-0.3.3025-darwin-arm64/server/rust-analyzer /Users/francescotinti/.local/share/uv/tools/serena-agent/bin/python3 /Users/francescotinti/.rustup/toolchains/1.96.0-aarch64-apple-darwin/libexec/rust-analyzer-proc-macro-srv /Users/francescotinti/.rustup/toolchains/stable-aarch64-apple-darwin/bin/rust-analyzer 
