== s164-ab-al3 al3sm: A=fea4a2d0 MISURATO (gemello dal tree corrente s163) B=b0f0f766 MISURATO R=2 ordine ALTERNATO; giudice=missload N=10000000 miss closure dichiarato; soglia=max(4, drop-1); UB dal bundle CONTATO: 1 alloc/chiamata x coeff sito-autoload 7,0±3,0 ⇒ attesa [4;10]; BANDA SMOKE VINCOLANTE [4;10] nel giudice + emenda rev. S-161 #4; guardie arrload(N=10M, presidio DIRETTO L-AU1) + strmap(N=10M, L-AM2) + arrfilter(N=10M, L-AF1) + arrmap(N=10M, L-AM1) + refl(N=10M) + hostargs(N=10M) + backtrace24(N=2,4M) + obj* + sei, comparatore STRETTO; quiescenza rc=0; rc autoritativo = ab-out/al3sm.rc ==
sentinella language-server inizio finestra (az.rev. S-157 #4): /Applications/Antigravity /Users/francescotinti/.antigravity-ide/extensions/rust-lang.rust-analyzer-0.3.3025-darwin-arm64/server/rust-analyzer /Users/francescotinti/.local/share/uv/tools/serena-agent/bin/python3 /Users/francescotinti/.rustup/toolchains/1.96.0-aarch64-apple-darwin/libexec/rust-analyzer-proc-macro-srv /Users/francescotinti/.rustup/toolchains/stable-aarch64-apple-darwin/bin/rust-analyzer 
cat=missload N=10000000 floor_A=0.02 floor_B=0.02
  coppia1 [AB]: rawA=2.81 rawB=2.84
  coppia2 [BA]: rawA=2.87 rawB=2.84
cat=arrload N=10000000 floor_A=0.02 floor_B=0.02
  coppia1 [AB]: rawA=2.99 rawB=3.08
  coppia2 [BA]: rawA=2.96 rawB=3.04
cat=strmap N=10000000 floor_A=0.02 floor_B=0.02
  coppia1 [AB]: rawA=1.03 rawB=1.05
  coppia2 [BA]: rawA=1.04 rawB=1.04
cat=arrfilter N=10000000 floor_A=0.02 floor_B=0.03
  coppia1 [AB]: rawA=1.81 rawB=1.78
  coppia2 [BA]: rawA=1.82 rawB=1.80
cat=arrmap N=10000000 floor_A=0.02 floor_B=0.03
  coppia1 [AB]: rawA=1.17 rawB=1.13
  coppia2 [BA]: rawA=1.17 rawB=1.13
cat=refl N=10000000 floor_A=0.02 floor_B=0.02
  coppia1 [AB]: rawA=3.65 rawB=3.48
  coppia2 [BA]: rawA=3.56 rawB=3.55
cat=hostargs N=10000000 floor_A=0.02 floor_B=0.02
  coppia1 [AB]: rawA=2.00 rawB=2.00
  coppia2 [BA]: rawA=1.99 rawB=2.06
cat=backtrace N=2400000 floor_A=0.02 floor_B=0.03
  coppia1 [AB]: rawA=1.12 rawB=1.12
  coppia2 [BA]: rawA=1.11 rawB=1.11
cat=objdropdef N=3000000 floor_A=0.02 floor_B=0.02
  coppia1 [AB]: rawA=3.11 rawB=3.12
  coppia2 [BA]: rawA=3.09 rawB=3.12
cat=objchurn N=3000000 floor_A=0.02 floor_B=0.02
  coppia1 [AB]: rawA=3.57 rawB=3.57
  coppia2 [BA]: rawA=3.60 rawB=3.56
cat=objdatains N=3000000 floor_A=0.02 floor_B=0.02
  coppia1 [AB]: rawA=2.92 rawB=2.92
  coppia2 [BA]: rawA=2.90 rawB=2.91
cat=objalloc N=3000000 floor_A=0.02 floor_B=0.02
  coppia1 [AB]: rawA=2.44 rawB=2.43
  coppia2 [BA]: rawA=2.42 rawB=2.43
cat=objallocni N=3000000 floor_A=0.02 floor_B=0.02
  coppia1 [AB]: rawA=2.22 rawB=2.21
  coppia2 [BA]: rawA=2.22 rawB=2.20
cat=objmap N=3000000 floor_A=0.02 floor_B=0.02
  coppia1 [AB]: rawA=0.37 rawB=0.37
  coppia2 [BA]: rawA=0.37 rawB=0.37
cat=arith N=150000000 floor_A=0.02 floor_B=0.03
  coppia1 [AB]: rawA=7.03 rawB=6.96
  coppia2 [BA]: rawA=7.04 rawB=7.06
cat=prop N=90000000 floor_A=0.02 floor_B=0.02
  coppia1 [AB]: rawA=6.97 rawB=7.00
  coppia2 [BA]: rawA=6.96 rawB=7.00
cat=calls N=60000000 floor_A=0.02 floor_B=0.02
  coppia1 [AB]: rawA=6.36 rawB=6.47
  coppia2 [BA]: rawA=6.39 rawB=6.44
cat=str N=28000000 floor_A=0.02 floor_B=0.02
  coppia1 [AB]: rawA=4.50 rawB=4.49
  coppia2 [BA]: rawA=4.41 rawB=4.44
cat=arr N=30000000 floor_A=0.02 floor_B=0.02
  coppia1 [AB]: rawA=4.60 rawB=4.54
  coppia2 [BA]: rawA=4.51 rawB=4.53
cat=re N=12000000 floor_A=0.02 floor_B=0.02
  coppia1 [AB]: rawA=5.50 rawB=5.55
  coppia2 [BA]: rawA=5.52 rawB=5.55
GIUDICE missload: A=282.0 B=282.0 ns/miss D=+0.0 soglia=6.0 (rumore drop-1: A'=6.0 B'=0.0) -> SOTTO SOGLIA
riconciliazione UB missload: D=+0.0 vs attesa [4.0;10.0]+rumore=6.0 -> sotto soglia: nessun coeff
BANDA SMOKE VINCOLANTE missload: D_smoke=+0.0 in [4.0;10.0] -> FUORI BANDA: rc=6, ARBITRATO census PRIMA del R=5 (criterio p.5)
guardia arrload: A=295.5 B=304.0 D=-8.5 soglia_reg=-4.0 [max(4, drop-1); rumore drop-1 A'=3.0 B'=4.0] -> REGRESSIONE
EMENDA rev. S-161 #4: guardia arrload morde a R=2 — ARBITRATO DICHIARATO DOVUTO prima del R=5 (come la banda, mai assoluzione ex post)
guardia strmap: A=101.5 B=102.5 D=-1.0 soglia_reg=-4.0 [max(4, drop-1); rumore drop-1 A'=1.0 B'=1.0] -> ok
guardia arrfilter: A=179.5 B=176.0 D=+3.5 soglia_reg=-4.0 [max(4, drop-1); rumore drop-1 A'=1.0 B'=2.0] -> ok
guardia arrmap: A=115.0 B=110.0 D=+5.0 soglia_reg=-4.0 [max(4, drop-1); rumore drop-1 A'=0.0 B'=0.0] -> ok
guardia refl: A=358.5 B=349.5 D=+9.0 soglia_reg=-9.0 [max(4, drop-1); rumore drop-1 A'=9.0 B'=7.0] -> ok
guardia hostargs: A=197.5 B=201.0 D=-3.5 soglia_reg=-6.0 [max(4, drop-1); rumore drop-1 A'=1.0 B'=6.0] -> ok
guardia backtrace: A=456.2 B=452.1 D=+4.2 soglia_reg=-4.2 [max(4, drop-1); rumore drop-1 A'=4.2 B'=4.2] -> ok
guardia objdropdef: A=1026.7 B=1033.3 D=-6.7 soglia_reg=-6.7 [max(4, drop-1); rumore drop-1 A'=6.7 B'=0.0] -> REGRESSIONE
EMENDA rev. S-161 #4: guardia objdropdef morde a R=2 — ARBITRATO DICHIARATO DOVUTO prima del R=5 (come la banda, mai assoluzione ex post)
guardia objchurn: A=1188.3 B=1181.7 D=+6.7 soglia_reg=-10.0 [banda fondata=6.7; rumore drop-1 A'=10.0 B'=3.3] -> ok
guardia objdatains: A=963.3 B=965.0 D=-1.7 soglia_reg=-6.7 [max(4, drop-1); rumore drop-1 A'=6.7 B'=3.3] -> ok
guardia objalloc: A=803.3 B=803.3 D=-0.0 soglia_reg=-13.3 [banda fondata=13.3; rumore drop-1 A'=6.7 B'=0.0] -> ok
guardia objallocni: A=733.3 B=728.3 D=+5.0 soglia_reg=-10.0 [banda fondata=10.0; rumore drop-1 A'=0.0 B'=3.3] -> ok
guardia objmap: A=116.7 B=116.7 D=+0.0 soglia_reg=-4.0 [banda fondata=3.3; rumore drop-1 A'=0.0 B'=0.0] -> ok
guardia arith: A=46.8 B=46.5 D=+0.2 soglia_reg=-4.0 [SL=0.94; rumore drop-1 A'=0.1 B'=0.7] -> ok
guardia prop: A=77.2 B=77.6 D=-0.4 soglia_reg=-4.0 [SL=0.8; rumore drop-1 A'=0.1 B'=0.0] -> ok
guardia calls: A=105.9 B=107.2 D=-1.3 soglia_reg=-4.0 [SL=0.73; rumore drop-1 A'=0.5 B'=0.5] -> ok
guardia str: A=158.4 B=158.8 D=-0.4 soglia_reg=-4.0 [SL=2.89; rumore drop-1 A'=3.2 B'=1.8] -> ok
guardia arr: A=151.2 B=150.5 D=+0.7 soglia_reg=-4.0 [SL=2.49; rumore drop-1 A'=3.0 B'=0.3] -> ok
guardia re: A=457.5 B=460.8 D=-3.3 soglia_reg=-4.5 [SL=4.46; rumore drop-1 A'=1.7 B'=0.0] -> ok
ESITO: GUARDIA MORDE
sentinella language-server fine finestra: /Applications/Antigravity /Users/francescotinti/.antigravity-ide/extensions/rust-lang.rust-analyzer-0.3.3025-darwin-arm64/server/rust-analyzer /Users/francescotinti/.local/share/uv/tools/serena-agent/bin/python3 /Users/francescotinti/.rustup/toolchains/1.96.0-aarch64-apple-darwin/libexec/rust-analyzer-proc-macro-srv /Users/francescotinti/.rustup/toolchains/stable-aarch64-apple-darwin/bin/rust-analyzer 
