lock CI: presente (finestra di sessione, non lo tocco)
promozione: build ricetta riproduce il candidato f2d17f18c00a4049 AL BYTE
promozione batteria: rc=0 (da promo-out/batteria.rc) · 1748/0/2 · inventario: baseline s125 + i DUE denti dichiarati (rczval + loc_dente A4)
promozione batteria: debug_backtrace_array_fields VERDE
promozione: churn batteria neutralizzato (build ricetta → f2d17f18c00a4049 al byte)
promozione: PIN phpr s159 = f2d17f18c00a4049 (smoke parità 2 modi OK, stash phpr-s159, registrato+committato). I gate del protocollo (batteria/corpus/fixture/micro) restano dovuti.
promozione corpus-gate: rc=0 — nomi==congelato (1412), CONTENUTO==golden, off-on zero (ZERO flip come atteso, L-AM1)
promozione fixture chain: rc=0 (10 gate: hc1 move recv fx20 fx21 w9 preg teardown stash backtrace)
promozione gate fx-ce: oracle==pin BYTE-ID (12 forme class/interface/trait_exists)
promozione gate sonda-bt: pin==stash s158 BYTE-ID (contratto autoload/backtrace §3.25 invariato)
promozione gate fx-refl: pin==stash s158 BYTE-ID (contratto __reflect_* L-RF2 invariato)
promozione gate fx-am: oracle==pin BYTE-ID (14 forme array_map, fast E pieno)
promozione quiescenza: PASS al tentativo 1
promozione micro pin s159: rapporto_arith=5.4  [derivata: companion 2.33/0.43] rapporto_prop=5.5  [derivata: companion 2.31/0.42] rapporto_calls=4.7  [derivata: companion 2.12/0.45] rapporto_str=4.3  [derivata: companion 0.64/0.15] rapporto_arr=3.1  [derivata: companion 0.91/0.29] rapporto_re=2.5  [derivata: companion 0.93/0.37] 
conferma post-pin m-arrmap (pin s159 vs stash s158, drift-tree da dichiarare): D=+8.0 rumore=3.0 segni=5/5 A=125.0 B=117.0 (attesa: segno +, D nell'intorno di +11,0 ± rumore+drift)
promozione gate ORM: fail-set per NOME == baseline (16 nomi) · Tests: 3484, Assertions: 11989, Errors: 3, Failures: 13, Skipped: 59, Incomplete: 2.
promozione gate http-kernel: 0E/0F · Tests: 1665, Assertions: 3850, PHPUnit Warnings: 2, Warnings: 5, Deprecations: 128.
promozione server: PIN server s159 = c8e43b585c0a4c74 @ 5bbace22 (smoke OK, stashato, registrato+committato). pin phpr INVARIATO (f2d17f18c00a4049)
PROMOZIONE COMPLETA rc=0 (da promo-out/rcb): pin s159 = f2d17f18c00a4049
== NOTA S-160 (2026-08-28, revisione processo #1) ==
Gli artifact promo-out/ di QUESTA promozione (rcb, batteria.rc/log, orm.rc/log,
pin.log, ...) sono stati SOVRASCRITTI dal run promo S-160 misdiretto (H stantio,
incidente #21 proposto); sopravvive micro-pin-s159.out. Le righe sopra restano
il verbale autoritativo (derivate dagli artifact PRIMA della sovrascrittura,
commit d'epoca agli atti).
