== s159 coppia WP full+media sul pin s158 MISURATO phpr=92b0aea36573955a server=f381b3666e740cab tentativo=t9 (criteri s132/s146/s148 EREDITATI + s159-criterio-pair-t9.md: giudizio a MEDIANA per finestra, az.rev.3 S-149) ==
grade=VERDICT  # derivazione meccanica dai .time; rc autoritativo = pair-out/pair159-t9.done
# full: cpu=user+sys (etichettato); media: CANONICA=user-only + companion (az.rev. S-128 #3)
# az.rev. S-131 #3: riferimento PER CONFIGURAZIONE, ON-ONLY = canonico; firma per gamba
# az.rev. S-136 #2: lettura firma PRE-REGISTRATA: >150% med MOTORE = SPORCA (esclusa); 120-150% = ELEVATA (nel canone, annotata); <=120% pulita
quiescenza warmup: rc=0 (file: pair-out/quiesce-t9-warmup.rc)
quiescenza leg1-on: rc=0 (file: pair-out/quiesce-t9-leg1-on.rc)
quiescenza leg2-on: rc=0 (file: pair-out/quiesce-t9-leg2-on.rc)
quiescenza leg3-on: rc=0 (file: pair-out/quiesce-t9-leg3-on.rc)
quiescenza leg4-on: rc=0 (file: pair-out/quiesce-t9-leg4-on.rc)
quiescenza leg5-on: rc=0 (file: pair-out/quiesce-t9-leg5-on.rc)
quiescenza leg6-on: rc=0 (file: pair-out/quiesce-t9-leg6-on.rc)
leg1-on: ictx/s oracle=1228 phpr=204  contesa ok
  firma leg1-on: ictx%med oracle=107% phpr=96% rank_cpu_oracle=2/6 (1=piu' veloce)
leg2-on: ictx/s oracle=1702 phpr=221  contesa ok
  firma leg2-on: ictx%med oracle=149% phpr=104% rank_cpu_oracle=1/6 (1=piu' veloce)  ELEVATA(120-150% med MOTORE: resta nel canone, annotata — az.rev. S-136 #2)
leg3-on: ictx/s oracle=1116 phpr=158  contesa ok
  firma leg3-on: ictx%med oracle=98% phpr=74% rank_cpu_oracle=5/6 (1=piu' veloce)
leg4-on: ictx/s oracle=1156 phpr=257  contesa ok
  firma leg4-on: ictx%med oracle=101% phpr=121% rank_cpu_oracle=3/6 (1=piu' veloce)  ELEVATA(120-150% med MOTORE: resta nel canone, annotata — az.rev. S-136 #2)
leg5-on: ictx/s oracle=1120 phpr=225  contesa ok
  firma leg5-on: ictx%med oracle=98% phpr=106% rank_cpu_oracle=6/6 (1=piu' veloce)
leg6-on: ictx/s oracle=1132 phpr=113  contesa ok
  firma leg6-on: ictx%med oracle=99% phpr=53% rank_cpu_oracle=4/6 (1=piu' veloce)
ictx_s_mediana_oracle=1144 ictx_s_mediana_phpr=212  # PER MOTORE
gambe pulite: ['leg1-on', 'leg2-on', 'leg3-on', 'leg4-on', 'leg5-on', 'leg6-on']
leg1-on: full_oracle_cpu=440.19 full_phpr_cpu=781.00 proprio=1.774 peak_phpr_MiB=1743.9
leg2-on: full_oracle_cpu=435.50 full_phpr_cpu=790.21 proprio=1.814 peak_phpr_MiB=1735.5
leg3-on: full_oracle_cpu=445.75 full_phpr_cpu=784.62 proprio=1.760 peak_phpr_MiB=1738.9
leg4-on: full_oracle_cpu=442.83 full_phpr_cpu=777.99 proprio=1.757 peak_phpr_MiB=1743.4
leg5-on: full_oracle_cpu=447.22 full_phpr_cpu=794.24 proprio=1.776 peak_phpr_MiB=1742.7
leg6-on: full_oracle_cpu=444.38 full_phpr_cpu=782.12 proprio=1.760 peak_phpr_MiB=1759.4
replica_peak_senza_inserzione (p.5): leg1-on=1743.9 leg2-on=1735.5 leg3-on=1738.9 leg4-on=1743.4 leg5-on=1742.7 leg6-on=1759.4
replica_peak lettura: 6/6 basse (<=1825) -> livello BASSO unico (il doppio livello NON si riproduce)
matrice full (gambe PULITE) phpr(riga)/oracle(colonna):
  leg1-on/leg1-on=1.774  leg1-on/leg2-on=1.793  leg1-on/leg3-on=1.752  leg1-on/leg4-on=1.764  leg1-on/leg5-on=1.746  leg1-on/leg6-on=1.758
  leg2-on/leg1-on=1.795  leg2-on/leg2-on=1.814  leg2-on/leg3-on=1.773  leg2-on/leg4-on=1.784  leg2-on/leg5-on=1.767  leg2-on/leg6-on=1.778
  leg3-on/leg1-on=1.782  leg3-on/leg2-on=1.802  leg3-on/leg3-on=1.760  leg3-on/leg4-on=1.772  leg3-on/leg5-on=1.754  leg3-on/leg6-on=1.766
  leg4-on/leg1-on=1.767  leg4-on/leg2-on=1.786  leg4-on/leg3-on=1.745  leg4-on/leg4-on=1.757  leg4-on/leg5-on=1.740  leg4-on/leg6-on=1.751
  leg5-on/leg1-on=1.804  leg5-on/leg2-on=1.824  leg5-on/leg3-on=1.782  leg5-on/leg4-on=1.794  leg5-on/leg5-on=1.776  leg5-on/leg6-on=1.787
  leg6-on/leg1-on=1.777  leg6-on/leg2-on=1.796  leg6-on/leg3-on=1.755  leg6-on/leg4-on=1.766  leg6-on/leg5-on=1.749  leg6-on/leg6-on=1.760
full_intervallo_PULITO_misto=1.740-1.824  # companion (miscela config)
coppie_proprie_PULITE_miste=1.757-1.814 (N=6)
coppie_proprie_user_only_miste=1.766-1.833
full_on_only_coppie_proprie=1.757-1.814 (N=6) CANONICO
full_on_only_intervallo=1.740-1.824
mediana_t9=1.767 (N=6 coppie proprie ON PULITE; mediane storiche t1=1.799 t2=1.738 t3=1.789 t4=1.781 t5=1.757 t6=1.771 t7=1.795 t8=1.754)
giudizio_MEDIANA (canonico, criterio t9 p.2): COMPATIBILE (mediana in [1.738; 1.799]) — nessun claim
companion banda-unione (descrittivo): coppie in [1.722-1.823]: 6/6
banda_ON_fondata=0.058 (max-min di N=6 coppie proprie ON PULITE; unione finestre nel verdetto di sessione)
media_leg1-on: user_only_CANONICA=2.458 user+sys_companion=2.414
media_leg2-on: user_only_CANONICA=2.462 user+sys_companion=2.420
media_leg3-on: user_only_CANONICA=2.459 user+sys_companion=2.401
media_leg4-on: user_only_CANONICA=2.448 user+sys_companion=2.392
media_leg5-on: user_only_CANONICA=2.441 user+sys_companion=2.391
media_leg6-on: user_only_CANONICA=2.459 user+sys_companion=2.404
parita_leg1-on: media=OK(vuoto) full=OK(solo wp_is_stream #2)
parita_leg2-on: media=OK(vuoto) full=OK(solo wp_is_stream #2)
parita_leg3-on: media=OK(vuoto) full=OK(solo wp_is_stream #2)
parita_leg4-on: media=OK(vuoto) full=OK(solo wp_is_stream #2)
parita_leg5-on: media=OK(vuoto) full=OK(solo wp_is_stream #2)
parita_leg6-on: media=OK(vuoto) full=OK(solo wp_is_stream #2)
deriva_test (s148 p.4, N=6 critico 0,829): rho_A(leg,peak)=0.371 -> nessuna firma di deriva; rho_B(peak,rapporto)=-0.600 -> accoppiamento NON confermato
sentinella language-server inizio finestra (az.rev. S-157 #4): /Applications/Antigravity /Users/francescotinti/.local/share/uv/tools/serena-agent/bin/python3 /Users/francescotinti/.rustup/toolchains/1.96.0-aarch64-apple-darwin/libexec/rust-analyzer-proc-macro-srv /Users/francescotinti/.rustup/toolchains/stable-aarch64-apple-darwin/bin/rust-analyzer 
sentinella language-server fine finestra: /Applications/Antigravity /Users/francescotinti/.local/share/uv/tools/serena-agent/bin/python3 /Users/francescotinti/.rustup/toolchains/1.96.0-aarch64-apple-darwin/libexec/rust-analyzer-proc-macro-srv /Users/francescotinti/.rustup/toolchains/stable-aarch64-apple-darwin/bin/rust-analyzer 
