== s159-ab-am1 am1-smoke: A=92b0aea3 MISURATO (gemello dal tree corrente s158) B=f2d17f18 MISURATO R=2 ordine ALTERNATO; giudice=arrmap N=10000000 invocazioni-elemento dichiarato; soglia=max(4, drop-1); UB-alloc falsificabile=12.0 (1 alloc-sito/elemento x coeff TARATO s159 ±2,5); BANDA SMOKE VINCOLANTE [8;22] nel giudice; guardie refl(N=10M) + missload(N=10M) + hostargs(N=10M) + backtrace24(N=2,4M) + obj* + sei, comparatore STRETTO; quiescenza rc=0; rc autoritativo = ab-out/am1-smoke.rc ==
sentinella language-server inizio finestra (az.rev. S-157 #4): /Applications/Antigravity /Users/francescotinti/.local/share/uv/tools/serena-agent/bin/python3 /Users/francescotinti/.rustup/toolchains/1.96.0-aarch64-apple-darwin/libexec/rust-analyzer-proc-macro-srv /Users/francescotinti/.rustup/toolchains/stable-aarch64-apple-darwin/bin/rust-analyzer 
cat=arrmap N=10000000 floor_A=0.03 floor_B=0.02
  coppia1 [AB]: rawA=1.28 rawB=1.17
  coppia2 [BA]: rawA=1.28 rawB=1.17
cat=refl N=10000000 floor_A=0.02 floor_B=0.02
  coppia1 [AB]: rawA=3.54 rawB=3.54
  coppia2 [BA]: rawA=3.58 rawB=3.53
cat=missload N=10000000 floor_A=0.02 floor_B=0.02
  coppia1 [AB]: rawA=2.88 rawB=2.88
  coppia2 [BA]: rawA=2.86 rawB=2.85
cat=hostargs N=10000000 floor_A=0.02 floor_B=0.02
  coppia1 [AB]: rawA=2.01 rawB=1.99
  coppia2 [BA]: rawA=2.05 rawB=1.99
cat=backtrace N=2400000 floor_A=0.02 floor_B=0.02
  coppia1 [AB]: rawA=1.16 rawB=1.12
  coppia2 [BA]: rawA=1.13 rawB=1.13
cat=objdropdef N=3000000 floor_A=0.02 floor_B=0.02
  coppia1 [AB]: rawA=3.10 rawB=3.12
  coppia2 [BA]: rawA=3.10 rawB=3.10
cat=objchurn N=3000000 floor_A=0.02 floor_B=0.02
  coppia1 [AB]: rawA=3.58 rawB=3.63
  coppia2 [BA]: rawA=3.60 rawB=3.60
cat=objdatains N=3000000 floor_A=0.02 floor_B=0.03
  coppia1 [AB]: rawA=2.90 rawB=2.93
  coppia2 [BA]: rawA=2.90 rawB=2.90
cat=objalloc N=3000000 floor_A=0.02 floor_B=0.02
  coppia1 [AB]: rawA=2.43 rawB=2.45
  coppia2 [BA]: rawA=2.44 rawB=2.46
cat=objallocni N=3000000 floor_A=0.03 floor_B=0.02
  coppia1 [AB]: rawA=2.21 rawB=2.23
  coppia2 [BA]: rawA=2.23 rawB=2.23
cat=objmap N=3000000 floor_A=0.02 floor_B=0.02
  coppia1 [AB]: rawA=0.37 rawB=0.37
  coppia2 [BA]: rawA=0.37 rawB=0.37
cat=arith N=150000000 floor_A=0.02 floor_B=0.02
  coppia1 [AB]: rawA=7.10 rawB=7.07
  coppia2 [BA]: rawA=7.07 rawB=7.11
cat=prop N=90000000 floor_A=0.02 floor_B=0.02
  coppia1 [AB]: rawA=7.02 rawB=6.99
  coppia2 [BA]: rawA=6.98 rawB=6.99
cat=calls N=60000000 floor_A=0.02 floor_B=0.02
  coppia1 [AB]: rawA=6.42 rawB=6.49
  coppia2 [BA]: rawA=6.39 rawB=6.40
cat=str N=28000000 floor_A=0.02 floor_B=0.03
  coppia1 [AB]: rawA=4.51 rawB=4.51
  coppia2 [BA]: rawA=4.49 rawB=4.47
cat=arr N=30000000 floor_A=0.02 floor_B=0.02
  coppia1 [AB]: rawA=4.63 rawB=4.54
  coppia2 [BA]: rawA=4.59 rawB=4.54
cat=re N=12000000 floor_A=0.02 floor_B=0.02
  coppia1 [AB]: rawA=5.47 rawB=5.52
  coppia2 [BA]: rawA=5.49 rawB=5.49
GIUDICE arrmap: A=125.0 B=115.0 ns/iter D=+10.0 soglia=4.0 (rumore drop-1: A'=0.0 B'=0.0) -> SOPRA SOGLIA
riconciliazione UB arrmap: D=+10.0 vs UB=12.0+rumore=0.0 -> dentro la banda del modello
BANDA SMOKE VINCOLANTE arrmap: D_smoke=+10.0 in [8.0;22.0] -> OK, si procede al R=5
guardia refl: A=354.0 B=351.5 D=+2.5 soglia_reg=-4.0 [max(4, drop-1); rumore drop-1 A'=4.0 B'=1.0] -> ok
guardia missload: A=285.0 B=284.5 D=+0.5 soglia_reg=-4.0 [max(4, drop-1); rumore drop-1 A'=2.0 B'=3.0] -> ok
guardia hostargs: A=201.0 B=197.0 D=+4.0 soglia_reg=-4.0 [max(4, drop-1); rumore drop-1 A'=4.0 B'=0.0] -> ok
guardia backtrace: A=468.7 B=460.4 D=+8.3 soglia_reg=-12.5 [max(4, drop-1); rumore drop-1 A'=12.5 B'=4.2] -> ok
guardia objdropdef: A=1026.7 B=1030.0 D=-3.3 soglia_reg=-6.7 [max(4, drop-1); rumore drop-1 A'=0.0 B'=6.7] -> ok
guardia objchurn: A=1190.0 B=1198.3 D=-8.3 soglia_reg=-10.0 [banda fondata=6.7; rumore drop-1 A'=6.7 B'=10.0] -> ok
guardia objdatains: A=960.0 B=961.7 D=-1.7 soglia_reg=-10.0 [max(4, drop-1); rumore drop-1 A'=0.0 B'=10.0] -> ok
guardia objalloc: A=805.0 B=811.7 D=-6.7 soglia_reg=-13.3 [banda fondata=13.3; rumore drop-1 A'=3.3 B'=3.3] -> ok
guardia objallocni: A=730.0 B=736.7 D=-6.7 soglia_reg=-10.0 [banda fondata=10.0; rumore drop-1 A'=6.7 B'=0.0] -> ok
guardia objmap: A=116.7 B=116.7 D=+0.0 soglia_reg=-4.0 [banda fondata=3.3; rumore drop-1 A'=0.0 B'=0.0] -> ok
guardia arith: A=47.1 B=47.1 D=-0.0 soglia_reg=-4.0 [SL=0.94; rumore drop-1 A'=0.2 B'=0.3] -> ok
guardia prop: A=77.6 B=77.4 D=+0.1 soglia_reg=-4.0 [SL=0.8; rumore drop-1 A'=0.4 B'=0.0] -> ok
guardia calls: A=106.4 B=107.1 D=-0.7 soglia_reg=-4.0 [SL=0.73; rumore drop-1 A'=0.5 B'=1.5] -> ok
guardia str: A=160.0 B=159.3 D=+0.7 soglia_reg=-4.0 [SL=2.89; rumore drop-1 A'=0.7 B'=1.4] -> ok
guardia arr: A=153.0 B=150.7 D=+2.3 soglia_reg=-4.0 [SL=2.49; rumore drop-1 A'=1.3 B'=0.0] -> ok
guardia re: A=455.0 B=457.1 D=-2.1 soglia_reg=-4.5 [SL=4.46; rumore drop-1 A'=1.7 B'=2.5] -> ok
ESITO: SOPRA SOGLIA (giudice ok, guardie ok)
sentinella language-server fine finestra: /Applications/Antigravity /Users/francescotinti/.local/share/uv/tools/serena-agent/bin/python3 /Users/francescotinti/.rustup/toolchains/1.96.0-aarch64-apple-darwin/libexec/rust-analyzer-proc-macro-srv /Users/francescotinti/.rustup/toolchains/stable-aarch64-apple-darwin/bin/rust-analyzer 
