lock CI: presente (finestra di sessione, non lo tocco)
promozione: build ricetta riproduce il candidato ceeb6e76e4ef5ace AL BYTE
promozione batteria: rc=0 (da promo-out/batteria.rc) · 1748/0/2 · inventario: baseline s125 + i DUE denti dichiarati (rczval + loc_dente A4)
promozione batteria: debug_backtrace_array_fields VERDE
promozione: churn batteria neutralizzato (build ricetta → ceeb6e76e4ef5ace al byte)
promozione: PIN phpr s160 = ceeb6e76e4ef5ace (smoke parità 2 modi OK, stash phpr-s160, registrato+committato). I gate del protocollo (batteria/corpus/fixture/micro) restano dovuti.
promozione corpus-gate: rc=0 — nomi==congelato (1412), CONTENUTO==golden, off-on zero (ZERO flip come atteso, L-AF1)
promozione fixture chain: rc=0 (10 gate: hc1 move recv fx20 fx21 w9 preg teardown stash backtrace)
promozione gate fx-ce: oracle==pin BYTE-ID (12 forme class/interface/trait_exists)
promozione gate sonda-bt: pin==stash s159 BYTE-ID (contratto autoload/backtrace §3.25 invariato)
promozione gate fx-refl: pin==stash s159 BYTE-ID (contratto __reflect_* L-RF2 invariato)
promozione gate fx-am: oracle==pin BYTE-ID (20 forme array_map v2, fast E pieno)
promozione gate fx-af: oracle==pin BYTE-ID (13 forme array_filter, fast E pieno)
promozione quiescenza: PASS al tentativo 1
promozione micro pin s160: rapporto_arith=5.4  [derivata: companion 2.34/0.43] rapporto_prop=5.5  [derivata: companion 2.31/0.42] rapporto_calls=4.7  [derivata: companion 2.12/0.45] rapporto_str=4.3  [derivata: companion 0.64/0.15] rapporto_arr=3.2  [derivata: companion 0.93/0.29] rapporto_re=2.6  [derivata: companion 0.92/0.36] 
conferma post-pin m-arrfilter (pin s160 vs stash s159, drift-tree da dichiarare): D=+0.0 rumore=1.0 segni=0/5 A=-2.0 B=-2.0 (attesa: segno +, D nell'intorno di +16,0 ± rumore+drift)
promozione gate ORM: fail-set per NOME == baseline (16 nomi) · Tests: 3484, Assertions: 11989, Errors: 3, Failures: 13, Skipped: 59, Incomplete: 2.
promozione gate http-kernel: 0E/0F · Tests: 1665, Assertions: 3850, PHPUnit Warnings: 2, Warnings: 5, Deprecations: 128.
promozione server: PIN server s160 = 001a4b2bf04a73ae @ 1a35bb47 (smoke OK, stashato, registrato+committato). pin phpr INVARIATO (ceeb6e76e4ef5ace)
PROMOZIONE COMPLETA rc=0 (da promo-out/rcb): pin s160 = ceeb6e76e4ef5ace
