== s158 coppia dbal+ORM (pin s157 MISURATO 76787303716acd4e vs oracle 8.5.7; criterio s158-criterio-orm.md) ==
# estrazione summ/names con LC_ALL=C + grep -a (fix az.rev. S-155 #4); reperto conteggi dbal phpr vs oracle A VERBALE (companion, non arbitra)
sentinella language-server inizio finestra (az.rev. S-157 #4): /Applications/Antigravity /Users/francescotinti/.local/share/uv/tools/serena-agent/bin/python3 /Users/francescotinti/.rustup/toolchains/1.96.0-aarch64-apple-darwin/libexec/rust-analyzer-proc-macro-srv /Users/francescotinti/.rustup/toolchains/stable-aarch64-apple-darwin/bin/rust-analyzer 
sentinella language-server fine finestra: /Applications/Antigravity /Users/francescotinti/.local/share/uv/tools/serena-agent/bin/python3 /Users/francescotinti/.rustup/toolchains/1.96.0-aarch64-apple-darwin/libexec/rust-analyzer-proc-macro-srv /Users/francescotinti/.rustup/toolchains/stable-aarch64-apple-darwin/bin/rust-analyzer 
floor_user_med3 orm: oracle=0.06 phpr=0.07 · dbal: oracle=0.06 phpr=0.19 (phpunit --version, pavimento PARZIALE dichiarato)
coppia-s158 (user CPU; pavimenti PARZIALI phpunit --version: orm o=0.060 p=0.070 · dbal o=0.060 p=0.190)
grade=VERDICT  # derivazione meccanica dai .time
orm_leg1: oracle_user=5.03 (sys=0.49) phpr_user=35.32 (sys=1.36) ratio_raw=7.022 ratio_net=7.093
orm_leg2: oracle_user=5.08 (sys=0.49) phpr_user=34.97 (sys=1.25) ratio_raw=6.884 ratio_net=6.952
orm_ictx_abs: oracle1=129 phpr1=3956 oracle2=1897 phpr2=1296
orm_ictx/s (gate emenda S-127): oracle1=23.3 phpr1=107.0 oracle2=334.6 phpr2=35.6  SEGNALATE(>1,5x med): ['phpr1', 'oracle2']
dbal_leg1: oracle_user=1.15 (sys=0.23) phpr_user=8.34 (sys=0.38) ratio_raw=7.252 ratio_net=7.477
dbal_leg2: oracle_user=1.15 (sys=0.22) phpr_user=8.35 (sys=0.40) ratio_raw=7.261 ratio_net=7.486
dbal_ictx_abs: oracle1=321 phpr1=362 oracle2=300 phpr2=205
dbal_ictx/s (gate emenda S-127): oracle1=219.9 phpr1=41.5 oracle2=208.3 phpr2=23.2  SEGNALATE(>1,5x med): ['oracle1', 'oracle2']
dbal_parita': phpr_failset_stabile=True |phpr_fail|=10 |diff_vs_oracle|=10
dbal_diff_nomi: Doctrine\DBAL\Tests\Functional\PortabilityTest::testCaseConversion with data set "lower" (Doctrine\DBAL\ColumnCase Enum (LOWER), ['test_int', 'test_string', 'test_null']) | Doctrine\DBAL\Tests\Functional\PortabilityTest::testCaseConversion with data set "upper" (Doctrine\DBAL\ColumnCase Enum (UPPER), ['TEST_INT', 'TEST_STRING', 'TEST_NULL']) | Doctrine\DBAL\Tests\Functional\PortabilityTest::testCaseConversionColumnName with data set "lower" (Doctrine\DBAL\ColumnCase Enum (LOWER), ['test_int', 'test_string', 'test_null']) | Doctrine\DBAL\Tests\Functional\PortabilityTest::testCaseConversionColumnName with data set "upper" (Doctrine\DBAL\ColumnCase Enum (UPPER), ['TEST_INT', 'TEST_STRING', 'TEST_NULL']) | Doctrine\DBAL\Tests\Functional\PortabilityTest::testFetchAllNullColumn | Doctrine\DBAL\Tests\Functional\PortabilityTest::testFetchColumn with data set "int" ('Test_Int', [1, 2]) | Doctrine\DBAL\Tests\Functional\PortabilityTest::testFetchColumn with data set "string" ('Test_String', ['foo', 'foo']) | Doctrine\DBAL\Tests\Functional\PortabilityTest::testFullFetchMode | Doctrine\DBAL\Tests\Functional\PortabilityTest::testGetDatabaseName | Doctrine\DBAL\Tests\Schema\Name\Parser\GenericNameParserTest::testValidInput with data set #11 ('schéma."übermäßigkeit".`àçcên...ràctér', [Doctrine\DBAL\Schema\Name\Identifier Object (...), Doctrine\DBAL\Schema\Name\Identifier Object (...), Doctrine\DBAL\Schema\Name\Identifier Object (...), Doctrine\DBAL\Schema\Name\Identifier Object (...), Doctrine\DBAL\Schema\Name\Identifier Object (...)])
attesa-AL1 assoluto (companion, nota drift): phpr_orm_net_new=[34.90; 35.25] ref=[34.82; 34.91] Delta=[-0.43; +0.01] s
attesa-AL1 ORACLE-NORMALIZZATO (CANONICO, emenda S-157): net_norm=[34.34; 35.04] (ORA_REF=4.94, oracle_net_gambe=[4.97, 5.02]) Delta_norm=[-0.22; +0.57] s
rapporto net (companion): [6.952; 7.093] vs registrato S-157 [7.028; 7.067]
attesa-AL1: NON RISOLTA (intervallo Delta_norm a cavallo di 0.293) — si dichiara, replica eventuale
parita': orm phpr per NOME vs baseline 16 · dbal fail-set stabile tra gambe — rc=0 (0=tutte valide)
orm  oracle1: Tests: 3484, Assertions: 12003, Skipped: 59, Incomplete: 2.
orm  phpr1:   Tests: 3484, Assertions: 11989, Errors: 3, Failures: 13, Skipped: 59, Incomplete: 2.
dbal oracle1: Tests: 3929, Assertions: 5706, Skipped: 594, Incomplete: 13.
dbal phpr1:   Tests: 3921, Assertions: 5550, Errors: 10, Skipped: 626, Incomplete: 13.
orm  oracle2: Tests: 3484, Assertions: 12003, Skipped: 59, Incomplete: 2.
orm  phpr2:   Tests: 3484, Assertions: 11989, Errors: 3, Failures: 13, Skipped: 59, Incomplete: 2.
dbal oracle2: Tests: 3929, Assertions: 5706, Skipped: 594, Incomplete: 13.
dbal phpr2:   Tests: 3921, Assertions: 5550, Errors: 10, Skipped: 626, Incomplete: 13.
