== s158 coppia WP full+media sul pin s157 MISURATO phpr=76787303716acd4e server=bdd32a989ae1f492 tentativo=t8 (criteri s132/s146/s148 EREDITATI + s158-criterio-pair-t8.md: giudizio a MEDIANA per finestra, az.rev.3 S-149) ==
grade=VERDICT  # derivazione meccanica dai .time; rc autoritativo = pair-out/pair158-t8.done
# full: cpu=user+sys (etichettato); media: CANONICA=user-only + companion (az.rev. S-128 #3)
# az.rev. S-131 #3: riferimento PER CONFIGURAZIONE, ON-ONLY = canonico; firma per gamba
# az.rev. S-136 #2: lettura firma PRE-REGISTRATA: >150% med MOTORE = SPORCA (esclusa); 120-150% = ELEVATA (nel canone, annotata); <=120% pulita
quiescenza warmup: rc=0 (file: pair-out/quiesce-t8-warmup.rc)
quiescenza leg1-on: rc=0 (file: pair-out/quiesce-t8-leg1-on.rc)
quiescenza leg2-on: rc=0 (file: pair-out/quiesce-t8-leg2-on.rc)
quiescenza leg3-on: rc=0 (file: pair-out/quiesce-t8-leg3-on.rc)
quiescenza leg4-on: rc=0 (file: pair-out/quiesce-t8-leg4-on.rc)
quiescenza leg5-on: rc=0 (file: pair-out/quiesce-t8-leg5-on.rc)
quiescenza leg6-on: rc=0 (file: pair-out/quiesce-t8-leg6-on.rc)
leg1-on: ictx/s oracle=1106 phpr=112  contesa ok
  firma leg1-on: ictx%med oracle=100% phpr=100% rank_cpu_oracle=1/6 (1=piu' veloce)
leg2-on: ictx/s oracle=1097 phpr=105  contesa ok
  firma leg2-on: ictx%med oracle=99% phpr=93% rank_cpu_oracle=5/6 (1=piu' veloce)
leg3-on: ictx/s oracle=1104 phpr=114  contesa ok
  firma leg3-on: ictx%med oracle=100% phpr=101% rank_cpu_oracle=2/6 (1=piu' veloce)
leg4-on: ictx/s oracle=1111 phpr=111  contesa ok
  firma leg4-on: ictx%med oracle=101% phpr=99% rank_cpu_oracle=3/6 (1=piu' veloce)
leg5-on: ictx/s oracle=1109 phpr=113  contesa ok
  firma leg5-on: ictx%med oracle=100% phpr=100% rank_cpu_oracle=6/6 (1=piu' veloce)
leg6-on: ictx/s oracle=1103 phpr=115  contesa ok
  firma leg6-on: ictx%med oracle=100% phpr=102% rank_cpu_oracle=4/6 (1=piu' veloce)
ictx_s_mediana_oracle=1105 ictx_s_mediana_phpr=113  # PER MOTORE
gambe pulite: ['leg1-on', 'leg2-on', 'leg3-on', 'leg4-on', 'leg5-on', 'leg6-on']
leg1-on: full_oracle_cpu=446.06 full_phpr_cpu=785.06 proprio=1.760 peak_phpr_MiB=1847.2
leg2-on: full_oracle_cpu=447.54 full_phpr_cpu=784.22 proprio=1.752 peak_phpr_MiB=1845.5
leg3-on: full_oracle_cpu=446.79 full_phpr_cpu=783.84 proprio=1.754 peak_phpr_MiB=1852.0
leg4-on: full_oracle_cpu=447.02 full_phpr_cpu=784.01 proprio=1.754 peak_phpr_MiB=1834.0
leg5-on: full_oracle_cpu=447.56 full_phpr_cpu=787.96 proprio=1.761 peak_phpr_MiB=1847.1
leg6-on: full_oracle_cpu=447.30 full_phpr_cpu=784.51 proprio=1.754 peak_phpr_MiB=1835.3
replica_peak_senza_inserzione (p.5): leg1-on=1847.2 leg2-on=1845.5 leg3-on=1852.0 leg4-on=1834.0 leg5-on=1847.1 leg6-on=1835.3
replica_peak lettura: 6/6 alte (>=1830) -> livello ALTO unico (il doppio livello NON si riproduce)
matrice full (gambe PULITE) phpr(riga)/oracle(colonna):
  leg1-on/leg1-on=1.760  leg1-on/leg2-on=1.754  leg1-on/leg3-on=1.757  leg1-on/leg4-on=1.756  leg1-on/leg5-on=1.754  leg1-on/leg6-on=1.755
  leg2-on/leg1-on=1.758  leg2-on/leg2-on=1.752  leg2-on/leg3-on=1.755  leg2-on/leg4-on=1.754  leg2-on/leg5-on=1.752  leg2-on/leg6-on=1.753
  leg3-on/leg1-on=1.757  leg3-on/leg2-on=1.751  leg3-on/leg3-on=1.754  leg3-on/leg4-on=1.753  leg3-on/leg5-on=1.751  leg3-on/leg6-on=1.752
  leg4-on/leg1-on=1.758  leg4-on/leg2-on=1.752  leg4-on/leg3-on=1.755  leg4-on/leg4-on=1.754  leg4-on/leg5-on=1.752  leg4-on/leg6-on=1.753
  leg5-on/leg1-on=1.766  leg5-on/leg2-on=1.761  leg5-on/leg3-on=1.764  leg5-on/leg4-on=1.763  leg5-on/leg5-on=1.761  leg5-on/leg6-on=1.762
  leg6-on/leg1-on=1.759  leg6-on/leg2-on=1.753  leg6-on/leg3-on=1.756  leg6-on/leg4-on=1.755  leg6-on/leg5-on=1.753  leg6-on/leg6-on=1.754
full_intervallo_PULITO_misto=1.751-1.766  # companion (miscela config)
coppie_proprie_PULITE_miste=1.752-1.761 (N=6)
coppie_proprie_user_only_miste=1.761-1.770
full_on_only_coppie_proprie=1.752-1.761 (N=6) CANONICO
full_on_only_intervallo=1.751-1.766
mediana_t8=1.754 (N=6 coppie proprie ON PULITE; mediane storiche t1=1.799 t2=1.738 t3=1.789 t4=1.781 t5=1.757 t6=1.771 t7=1.795)
giudizio_MEDIANA (canonico, criterio t8 p.2): COMPATIBILE (mediana in [1.738; 1.799]) — nessun claim
companion banda-unione (descrittivo): coppie in [1.722-1.823]: 6/6
banda_ON_fondata=0.008 (max-min di N=6 coppie proprie ON PULITE; unione finestre nel verdetto di sessione)
media_leg1-on: user_only_CANONICA=2.459 user+sys_companion=2.413
media_leg2-on: user_only_CANONICA=2.456 user+sys_companion=2.409
media_leg3-on: user_only_CANONICA=2.466 user+sys_companion=2.416
media_leg4-on: user_only_CANONICA=2.454 user+sys_companion=2.402
media_leg5-on: user_only_CANONICA=2.468 user+sys_companion=2.421
media_leg6-on: user_only_CANONICA=2.470 user+sys_companion=2.410
parita_leg1-on: media=OK(vuoto) full=OK(solo wp_is_stream #2)
parita_leg2-on: media=OK(vuoto) full=OK(solo wp_is_stream #2)
parita_leg3-on: media=OK(vuoto) full=OK(solo wp_is_stream #2)
parita_leg4-on: media=OK(vuoto) full=OK(solo wp_is_stream #2)
parita_leg5-on: media=OK(vuoto) full=OK(solo wp_is_stream #2)
parita_leg6-on: media=OK(vuoto) full=OK(solo wp_is_stream #2)
deriva_test (s148 p.4, N=6 critico 0,829): rho_A(leg,peak)=-0.486 -> nessuna firma di deriva; rho_B(peak,rapporto)=0.600 -> accoppiamento NON confermato
sentinella language-server inizio finestra (az.rev. S-157 #4): /Applications/Antigravity /Users/francescotinti/.local/share/uv/tools/serena-agent/bin/python3 /Users/francescotinti/.rustup/toolchains/1.96.0-aarch64-apple-darwin/libexec/rust-analyzer-proc-macro-srv /Users/francescotinti/.rustup/toolchains/stable-aarch64-apple-darwin/bin/rust-analyzer 
sentinella language-server fine finestra: /Applications/Antigravity /Users/francescotinti/.local/share/uv/tools/serena-agent/bin/python3 /Users/francescotinti/.rustup/toolchains/1.96.0-aarch64-apple-darwin/libexec/rust-analyzer-proc-macro-srv /Users/francescotinti/.rustup/toolchains/stable-aarch64-apple-darwin/bin/rust-analyzer 
