== s158-ab-refl2 refl2: A=369ee345 MISURATO (gemello RICOSTRUITO tree s157) B=92b0aea3 MISURATO R=5 ordine ALTERNATO; giudice=refl N=10000000 dichiarato; soglia=max(4, drop-1); UB-alloc falsificabile=13.8 (2 alloc/iter x miheap 6.9); guardie missload(N=10M) + hostargs(N=10M) + backtrace24(N=2,4M) + obj* + sei, comparatore STRETTO; quiescenza rc=0; rc autoritativo = ab-out/refl2.rc ==
sentinella language-server inizio finestra (az.rev. S-157 #4): /Applications/Antigravity /Users/francescotinti/.local/share/uv/tools/serena-agent/bin/python3 /Users/francescotinti/.rustup/toolchains/1.96.0-aarch64-apple-darwin/libexec/rust-analyzer-proc-macro-srv /Users/francescotinti/.rustup/toolchains/stable-aarch64-apple-darwin/bin/rust-analyzer 
cat=refl N=10000000 floor_A=0.03 floor_B=0.03
  coppia1 [AB]: rawA=3.82 rawB=3.61
  coppia2 [BA]: rawA=3.81 rawB=3.53
  coppia3 [AB]: rawA=3.82 rawB=3.53
  coppia4 [BA]: rawA=3.85 rawB=3.53
  coppia5 [AB]: rawA=3.80 rawB=3.51
cat=missload N=10000000 floor_A=0.02 floor_B=0.02
  coppia1 [AB]: rawA=2.85 rawB=2.85
  coppia2 [BA]: rawA=2.85 rawB=2.88
  coppia3 [AB]: rawA=2.84 rawB=2.85
  coppia4 [BA]: rawA=2.85 rawB=2.87
  coppia5 [AB]: rawA=2.82 rawB=2.90
cat=hostargs N=10000000 floor_A=0.03 floor_B=0.02
  coppia1 [AB]: rawA=1.99 rawB=1.99
  coppia2 [BA]: rawA=1.99 rawB=2.00
  coppia3 [AB]: rawA=1.99 rawB=1.99
  coppia4 [BA]: rawA=2.01 rawB=2.00
  coppia5 [AB]: rawA=1.99 rawB=1.98
cat=backtrace N=2400000 floor_A=0.02 floor_B=0.03
  coppia1 [AB]: rawA=1.11 rawB=1.11
  coppia2 [BA]: rawA=1.12 rawB=1.12
  coppia3 [AB]: rawA=1.12 rawB=1.12
  coppia4 [BA]: rawA=1.12 rawB=1.12
  coppia5 [AB]: rawA=1.12 rawB=1.11
cat=objdropdef N=3000000 floor_A=0.02 floor_B=0.02
  coppia1 [AB]: rawA=3.08 rawB=3.11
  coppia2 [BA]: rawA=3.12 rawB=3.10
  coppia3 [AB]: rawA=3.12 rawB=3.09
  coppia4 [BA]: rawA=3.10 rawB=3.09
  coppia5 [AB]: rawA=3.08 rawB=3.11
cat=objchurn N=3000000 floor_A=0.03 floor_B=0.02
  coppia1 [AB]: rawA=3.58 rawB=3.58
  coppia2 [BA]: rawA=3.61 rawB=3.61
  coppia3 [AB]: rawA=3.54 rawB=3.60
  coppia4 [BA]: rawA=3.62 rawB=3.63
  coppia5 [AB]: rawA=3.59 rawB=3.62
cat=objdatains N=3000000 floor_A=0.03 floor_B=0.03
  coppia1 [AB]: rawA=2.91 rawB=2.91
  coppia2 [BA]: rawA=2.91 rawB=2.93
  coppia3 [AB]: rawA=2.92 rawB=2.89
  coppia4 [BA]: rawA=2.92 rawB=2.90
  coppia5 [AB]: rawA=2.92 rawB=2.92
cat=objalloc N=3000000 floor_A=0.02 floor_B=0.02
  coppia1 [AB]: rawA=2.41 rawB=2.42
  coppia2 [BA]: rawA=2.42 rawB=2.45
  coppia3 [AB]: rawA=2.42 rawB=2.42
  coppia4 [BA]: rawA=2.46 rawB=2.43
  coppia5 [AB]: rawA=2.43 rawB=2.41
cat=objallocni N=3000000 floor_A=0.02 floor_B=0.03
  coppia1 [AB]: rawA=2.22 rawB=2.22
  coppia2 [BA]: rawA=2.21 rawB=2.21
  coppia3 [AB]: rawA=2.20 rawB=2.21
  coppia4 [BA]: rawA=2.24 rawB=2.21
  coppia5 [AB]: rawA=2.24 rawB=2.21
cat=objmap N=3000000 floor_A=0.03 floor_B=0.03
  coppia1 [AB]: rawA=0.37 rawB=0.37
  coppia2 [BA]: rawA=0.37 rawB=0.39
  coppia3 [AB]: rawA=0.37 rawB=0.37
  coppia4 [BA]: rawA=0.40 rawB=0.37
  coppia5 [AB]: rawA=0.39 rawB=0.37
cat=arith N=150000000 floor_A=0.03 floor_B=0.02
  coppia1 [AB]: rawA=7.04 rawB=7.00
  coppia2 [BA]: rawA=7.09 rawB=7.05
  coppia3 [AB]: rawA=7.09 rawB=7.06
  coppia4 [BA]: rawA=7.02 rawB=7.04
  coppia5 [AB]: rawA=7.10 rawB=7.05
cat=prop N=90000000 floor_A=0.02 floor_B=0.03
  coppia1 [AB]: rawA=7.03 rawB=6.98
  coppia2 [BA]: rawA=7.00 rawB=6.99
  coppia3 [AB]: rawA=7.05 rawB=7.07
  coppia4 [BA]: rawA=6.98 rawB=6.98
  coppia5 [AB]: rawA=7.03 rawB=6.98
cat=calls N=60000000 floor_A=0.02 floor_B=0.02
  coppia1 [AB]: rawA=6.39 rawB=6.39
  coppia2 [BA]: rawA=6.38 rawB=6.45
  coppia3 [AB]: rawA=6.37 rawB=6.36
  coppia4 [BA]: rawA=6.42 rawB=6.39
  coppia5 [AB]: rawA=6.37 rawB=6.39
cat=str N=28000000 floor_A=0.03 floor_B=0.02
  coppia1 [AB]: rawA=4.48 rawB=4.49
  coppia2 [BA]: rawA=4.50 rawB=4.46
  coppia3 [AB]: rawA=4.51 rawB=4.49
  coppia4 [BA]: rawA=4.44 rawB=4.57
  coppia5 [AB]: rawA=4.46 rawB=4.53
cat=arr N=30000000 floor_A=0.02 floor_B=0.02
  coppia1 [AB]: rawA=4.58 rawB=4.77
  coppia2 [BA]: rawA=4.53 rawB=4.74
  coppia3 [AB]: rawA=4.60 rawB=4.69
  coppia4 [BA]: rawA=4.62 rawB=4.57
  coppia5 [AB]: rawA=4.61 rawB=4.58
cat=re N=12000000 floor_A=0.03 floor_B=0.03
  coppia1 [AB]: rawA=5.56 rawB=5.57
  coppia2 [BA]: rawA=5.50 rawB=5.50
  coppia3 [AB]: rawA=5.56 rawB=5.47
  coppia4 [BA]: rawA=5.52 rawB=5.49
  coppia5 [AB]: rawA=5.55 rawB=5.47
GIUDICE refl: A=379.0 B=350.0 ns/iter D=+29.0 soglia=4.0 (rumore drop-1: A'=2.0 B'=2.0) -> SOPRA SOGLIA
riconciliazione refl: D_smoke=+28.5 D_R5=+29.0 |diff|=0.5 banda=4.0 -> in banda
riconciliazione UB refl: D=+29.0 vs UB=13.8+rumore=2.0 -> FUORI BANDA SOPRA (reperto a verbale, sonda dovuta)
guardia missload: A=283.0 B=285.0 D=-2.0 soglia_reg=-4.0 [max(4, drop-1); rumore drop-1 A'=1.0 B'=3.0] -> ok
guardia hostargs: A=196.0 B=197.0 D=-1.0 soglia_reg=-4.0 [max(4, drop-1); rumore drop-1 A'=0.0 B'=2.0] -> ok
guardia backtrace: A=458.3 B=454.2 D=+4.2 soglia_reg=-4.2 [max(4, drop-1); rumore drop-1 A'=0.0 B'=4.2] -> ok
guardia objdropdef: A=1026.7 B=1026.7 D=+0.0 soglia_reg=-13.3 [max(4, drop-1); rumore drop-1 A'=13.3 B'=6.7] -> ok
guardia objchurn: A=1186.7 B=1196.7 D=-10.0 soglia_reg=-13.3 [banda fondata=6.7; rumore drop-1 A'=13.3 B'=10.0] -> ok
guardia objdatains: A=963.3 B=960.0 D=+3.3 soglia_reg=-10.0 [max(4, drop-1); rumore drop-1 A'=3.3 B'=10.0] -> ok
guardia objalloc: A=800.0 B=800.0 D=+0.0 soglia_reg=-13.3 [banda fondata=13.3; rumore drop-1 A'=6.7 B'=6.7] -> ok
guardia objallocni: A=733.3 B=726.7 D=+6.7 soglia_reg=-10.0 [banda fondata=10.0; rumore drop-1 A'=10.0 B'=0.0] -> ok
guardia objmap: A=113.3 B=113.3 D=+0.0 soglia_reg=-6.7 [banda fondata=3.3; rumore drop-1 A'=6.7 B'=0.0] -> ok
guardia arith: A=47.1 B=46.9 D=+0.2 soglia_reg=-4.0 [SL=0.94; rumore drop-1 A'=0.4 B'=0.1] -> ok
guardia prop: A=77.9 B=77.2 D=+0.7 soglia_reg=-4.0 [SL=0.8; rumore drop-1 A'=0.6 B'=0.1] -> ok
guardia calls: A=106.0 B=106.2 D=-0.2 soglia_reg=-4.0 [SL=0.73; rumore drop-1 A'=0.3 B'=0.5] -> ok
guardia str: A=158.9 B=159.6 D=-0.7 soglia_reg=-4.0 [SL=2.89; rumore drop-1 A'=1.8 B'=2.5] -> ok
guardia arr: A=152.7 B=155.7 D=-3.0 soglia_reg=-6.3 [SL=2.49; rumore drop-1 A'=1.3 B'=6.3] -> ok
guardia re: A=460.0 B=455.0 D=+5.0 soglia_reg=-4.5 [SL=4.46; rumore drop-1 A'=3.3 B'=2.5] -> ok
ESITO: SOPRA SOGLIA (giudice ok, guardie ok)
sentinella language-server fine finestra: /Applications/Antigravity /Users/francescotinti/.local/share/uv/tools/serena-agent/bin/python3 /Users/francescotinti/.rustup/toolchains/1.96.0-aarch64-apple-darwin/libexec/rust-analyzer-proc-macro-srv /Users/francescotinti/.rustup/toolchains/stable-aarch64-apple-darwin/bin/rust-analyzer 
