== s127-ab smoke: A=002e6cc1(pin s125) B=834f5e01 R=2 ordine ALTERNATO; giudice=objalloc; guardie solo-regressione ==
cat=objalloc N=3000000 floor_A=0.02 floor_B=0.03
  coppia1 [AB]: rawA=3.69 rawB=2.94
  coppia2 [BA]: rawA=3.67 rawB=2.95
cat=objchurn N=3000000 floor_A=0.02 floor_B=0.03
  coppia1 [AB]: rawA=5.46 rawB=4.74
  coppia2 [BA]: rawA=5.44 rawB=4.76
cat=objmap N=3000000 floor_A=0.03 floor_B=0.03
  coppia1 [AB]: rawA=0.53 rawB=0.54
  coppia2 [BA]: rawA=0.54 rawB=0.53
cat=arith N=50000000 floor_A=0.03 floor_B=0.02
  coppia1 [AB]: rawA=2.37 rawB=2.38
  coppia2 [BA]: rawA=2.36 rawB=2.35
cat=prop N=30000000 floor_A=0.02 floor_B=0.03
  coppia1 [AB]: rawA=2.43 rawB=2.35
  coppia2 [BA]: rawA=2.39 rawB=2.34
cat=calls N=20000000 floor_A=0.02 floor_B=0.02
  coppia1 [AB]: rawA=2.15 rawB=2.12
  coppia2 [BA]: rawA=2.14 rawB=2.14
cat=str N=4000000 floor_A=0.03 floor_B=0.02
  coppia1 [AB]: rawA=0.65 rawB=0.66
  coppia2 [BA]: rawA=0.65 rawB=0.65
cat=arr N=100000 floor_A=0.02 floor_B=0.02
  coppia1 [AB]: rawA=0.93 rawB=0.98
  coppia2 [BA]: rawA=0.94 rawB=0.96
cat=re N=2000000 floor_A=0.03 floor_B=0.02
  coppia1 [AB]: rawA=0.95 rawB=0.95
  coppia2 [BA]: rawA=0.94 rawB=0.95
GIUDICE objalloc: A=1220.0 B=971.7 ns/iter D=+248.3 soglia=4.0 (rumoreB=3.3) -> PROMOSSA
guardia objchurn: A=1810.0 B=1573.3 D=+236.7 soglia_reg=-4.0 -> ok
guardia objmap: A=168.3 B=168.3 D=+0.0 soglia_reg=-4.0 -> ok
guardia arith: A=46.7 B=46.9 D=-0.2 soglia_reg=-4.0 -> ok
guardia prop: A=79.7 B=77.2 D=+2.5 soglia_reg=-4.0 -> ok
guardia calls: A=106.2 B=105.5 D=+0.8 soglia_reg=-4.0 -> ok
guardia str: A=155.0 B=158.8 D=-3.8 soglia_reg=-4.0 -> ok
guardia arr: A=9150.0 B=9500.0 D=-350.0 soglia_reg=-4.0 -> REGRESSIONE
guardia re: A=457.5 B=465.0 D=-7.5 soglia_reg=-4.5 -> REGRESSIONE
ESITO: GUARDIA MORDE
