== s127 admission L-OL1: profilo unilaterale phpr su objalloc30 (25 s sample, indizio, MAI cifra — REGOLE §4) ==
        php_runtime::vm::run::_$LT$impl$u20$php_runtime..vm..Vm$GT$::run_loop::h020169540842788d  (in phpr)        4400
        _platform_memcmp  (in libsystem_platform.dylib)        1185
        core::ptr::drop_in_place$LT$php_types..zval..Zval$GT$::h62447a0982454671  (in phpr)        1011
        hashbrown::map::HashMap$LT$K$C$V$C$S$C$A$GT$::get::h72f425d0490ab6c0  (in phpr)        1004
        php_types::object::PropsLayout::slot_of::h61d55ad1df0d550c  (in phpr)        889
        php_runtime::vm::Vm::gc_sweep_impl::hcc7258844e8409b7  (in phpr)        731
        _$LT$php_types..zval..Zval$u20$as$u20$core..clone..Clone$GT$::clone::hb60d50ad8d817bfb  (in phpr)        516
        php_runtime::vm::calls::_$LT$impl$u20$php_runtime..vm..Vm$GT$::enter_callee::h62bfc3fd51c942ee  (in phpr)        332
        _platform_memmove  (in libsystem_platform.dylib)        311
        mi_malloc_aligned  (in phpr)        280
        php_runtime::vm::Vm::alloc_object::h8bae245a111e470c  (in phpr)        265
        php_runtime::vm::Vm::coerce_or_check_hint::h588a51bd98262abc  (in phpr)        242
        core::hash::BuildHasher::hash_one::h912744268b4b36e9  (in phpr)        238
        php_runtime::vm::oop::resolve_prop_access::h4e2c08e5527f51a0  (in phpr)        237
        php_runtime::coerce::coerce_to_hint::h4b8c5f3e8a1bee38  (in phpr)        232
        mi_free  (in phpr)        229
        php_runtime::vm::oop::resolve_method_runtime::h8e6d2c6baecfb715  (in phpr)        222
        php_runtime::vm::Vm::next_id::h265176b3a55533b7  (in phpr)        215
        DYLD-STUB$$memcmp  (in phpr)        211
        php_runtime::vm::Frame::with_buffers::h32bc031cac648a8a  (in phpr)        196
        _$LT$core..hash..sip..Hasher$LT$S$GT$$u20$as$u20$core..hash..Hasher$GT$::write::h05b7b71e25010fa6  (in phpr)        195
        php_types::object::Props::set::hd101f61c4d0a2c75  (in phpr)        193
        alloc::collections::btree::map::BTreeMap$LT$K$C$V$C$A$GT$::insert::h51095accc5d50457  (in phpr)        192
        php_runtime::vm::Vm::gc_release_cascade::h0a5fc69cfccc5fb9  (in phpr)        187
        php_runtime::vm::oop::_$LT$impl$u20$php_runtime..vm..Vm$GT$::magic_applies::h752ce6969d0d3174  (in phpr)        187
        php_runtime::vm::Vm::gc_note_slow::hef1d37aafca2e5c3  (in phpr)        175
        php_runtime::vm::run::concat_n_join::h73875309ce04f627  (in phpr)        174
        php_runtime::vm::Vm::recycle_frame::hb8c57ff66d3172fa  (in phpr)        171
        core::ptr::drop_in_place$LT$php_types..object..Props$GT$::h9545031391e7b4b7  (in phpr)        166
        php_runtime::vm::Vm::lazy_prop_access::hb5901fcd4ec4e0b7  (in phpr)        151
