micro-baseline: il rapporto phpr/oracle PER CATEGORIA (la spina dorsale, S-97.0)
grade=VERDICT  # R=3 ripetizioni per lato, mediana E spread pubblicati; l'effetto misurato
  e' di ordine 10x, cioe' tre ordini di grandezza sopra la risoluzione del cronometro
formato=ascii-nudo
oracle=8.5.7 jit=disable
phpr=4e268c3f61e6573d
ripetizioni=3
metodo=user CPU di /usr/bin/time -p, AL NETTO del pavimento di avvio misurato
  sullo stesso binario con uno script vuoto (i due pavimenti sono DIVERSI)
pavimento_oracle_s=0.05
pavimento_phpr_s=0.02

arith_oracle_netto_s=0.43
arith_phpr_netto_s=7.52
rapporto_arith=17.5  [derivata: companion 7.52/0.43]
arith_spread_oracle_s=0.00  arith_spread_phpr_s=0.06
prop_oracle_netto_s=0.42
prop_phpr_netto_s=5.79
rapporto_prop=13.8  [derivata: companion 5.79/0.42]
prop_spread_oracle_s=0.00  prop_spread_phpr_s=0.09
calls_oracle_netto_s=0.44
calls_phpr_netto_s=3.79
rapporto_calls=8.6  [derivata: companion 3.79/0.44]
calls_spread_oracle_s=0.03  calls_spread_phpr_s=0.04
str_oracle_netto_s=0.16
str_phpr_netto_s=1.10
rapporto_str=6.9  [derivata: companion 1.10/0.16]
str_spread_oracle_s=0.00  str_spread_phpr_s=0.00
arr_oracle_netto_s=0.29
arr_phpr_netto_s=1.43
rapporto_arr=4.9  [derivata: companion 1.43/0.29]
arr_spread_oracle_s=0.02  arr_spread_phpr_s=0.00
re_oracle_netto_s=0.36
re_phpr_netto_s=1.36
rapporto_re=3.8  [derivata: companion 1.36/0.36]
re_spread_oracle_s=0.00  re_spread_phpr_s=0.00
