PRE: ri-pin DICHIARATO (S-180): stesso sorgente del pin s175 + flag gc-idle, toolchain 1.96.0→1.98.1 (rustc 1.98.1), L-CM1 revertata; nessuna leva, nessun candidato
lock CI: presente (finestra di sessione, non lo tocco)
guardia disco: Data 22G prima di build
promozione: build ricetta di HEAD bffaaf8f = candidato pin s180 884399fc52277119 (toolchain 1.98.1)
guardia disco: Data 20G prima di batteria
promozione batteria: rc=0 (da promo-out/batteria.rc) · 1748/0/2 · inventario: baseline s125 + 2 denti (dichiarati: nessun_sorgente_rs_oltre_cap rczval_pattern_resta_nel_funnel)
promozione batteria: debug_backtrace_array_fields VERDE
promozione: churn batteria neutralizzato (build ricetta → 884399fc52277119 al byte)
promozione: PIN phpr s180 = 884399fc52277119 (smoke parità 2 modi OK, stash phpr-s180, registrato+committato). I gate del protocollo (batteria/corpus/fixture/micro) restano dovuti.
guardia disco: Data 20G prima di corpus
promozione corpus-gate: rc=0 — nomi==congelato (1412), CONTENUTO==golden, off-on zero (ZERO flip come atteso: stesso sorgente s175 + flag spento, toolchain 1.98.1)
promozione fixture chain: rc=0 (10 gate: hc1 move recv fx20 fx21 w9 preg teardown stash backtrace)
promozione gate fxce: oracle==pin BYTE-ID (12 forme class/interface/trait_exists)
promozione gate sonda-bt: pin==stash s175 BYTE-ID (contratto autoload/backtrace §3.25 invariato)
promozione gate fxrefl: pin==stash s175 BYTE-ID (contratto __reflect_* L-RF2 invariato)
promozione gate fxam: oracle==pin BYTE-ID (20 forme array_map v2, fast E pieno)
promozione gate fxaf: oracle==pin BYTE-ID (13 forme array_filter, fast E pieno)
promozione gate fxsm: oracle==pin BYTE-ID (forme string-callable, fast E pieno — presidio L-AM2)
promozione gate fxsmdiv: pin==stash s175 BYTE-ID (3 divergenze §3.26 PRE-esistenti INVARIATE)
promozione gate fxau: oracle==pin BYTE-ID (10 forme loader array-callable — presidio L-AU1)
promozione gate fxaudiv: pin==stash s175 BYTE-ID (divergenza §3.27 PRE-esistente INVARIATA)
promozione gate fxmck: oracle==pin BYTE-ID (method-call k=3/k=5 — presidio L-MCk (S-166: ==oracle))
promozione gate fxmc: pin==stash s175 BYTE-ID (method-call fast path L-MC1 (S-165) invariato)
promozione gate fxmc2: pin==stash s175 BYTE-ID (§3.28 ordine SEND_VAR_EX/dtor temp PRE-esistente INVARIATO)
promozione gate fxmc2fib: pin==stash s175 BYTE-ID (§3.29 Fiber non final PRE-esistente INVARIATO)
promozione gate fxsl1: oracle==pin BYTE-ID (presidio DIRETTO L-SL1: overflow/shift/Div/Mod/Pow/Ref/Double/stringa/null/bool/dst==l/typed-ref/IncDec limiti/CmpJmpSC 8 forme)
promozione gate fxsl1div: pin==stash s175 BYTE-ID (forme con diag §3.11/§3.13 PRE-esistenti INVARIATE)
promozione gate fxsl2: oracle==pin BYTE-ID (presidio DIRETTO L-SL2 (forme P1 in loop a 2 iterazioni = IC calda): P1 bigramma fuso e P2 BinarySTDst — overflow/shift/Div/Mod/Pow/Concat/Double/stringa/null/bool/Ref/typed int-float/readonly (anche in scope)/private/hook set/__set/ereditata/dinamica)
promozione gate fxsl2div: pin==stash s175 BYTE-ID (§3.30 default float da literal int PRE-esistente INVARIATO)
promozione gate fxsl3: oracle==pin BYTE-ID (presidio DIRETTO fetta 3 (loop a 2 = IC calda): P3 peephole $s OP= $o->x e P4 borrow unico recv==slot — overflow/shift/Div/Mod/Pow/Concat/Double/stringa/null/bool/Ref/typed-ref/__get/hook get/enum/dinamica/dst==slot/controlli negativi)
promozione gate fxsl3div: pin==stash s175 BYTE-ID (§3.32 riga del Deprecated prop dinamica PRE-esistente INVARIATA)
promozione gate fxsw1: oracle==pin BYTE-ID (presidio DIRETTO Sweep-in-op: ordine statement/distruttori dopo gli op fusi in place, forme fuori dominio (Double/null/concat/overflow/div), P3/P1/P4 con nota a monte, sweep light e finestra main, IN_DESTRUCTOR, pressione GC; back-edge fuso: for Long/Int, miss (Double/str/CmpJmpSS/const-lhs/step2/while), overflow al bordo)
promozione E2 calma CPU: tentativo 1 FALLITO (campioni: 299 104 92 315 %)
promozione E2 calma CPU: tentativo 2 FALLITO (campioni: 94 199 216 93 %)
promozione E2 calma CPU: PASS al tentativo 3 (campioni: 100 77 97 67 %)
promozione quiescenza: PASS al tentativo 1
promozione micro pin s180: rapporto_arith=2.2  [derivata: companion 0.95/0.43] rapporto_prop=2.4  [derivata: companion 1.02/0.42] rapporto_calls=4.5  [derivata: companion 1.99/0.44] rapporto_str=4.1  [derivata: companion 0.62/0.15] rapporto_arr=2.9  [derivata: companion 0.85/0.29] rapporto_re=2.5  [derivata: companion 0.91/0.36] 
conferma post-pin prop-dq (pin s180 vs stash s175, toolchain diversa, stesso sorgente): D=+2.00 rumore=0.40 segni=5/5 A=36.20 B=34.20 ns/iter (N=150000000 dal driver) (LETTURA a sola direzione: nessuna attesa, nessuna cifra attribuibile)
promozione gate ORM: fail-set per NOME == baseline (16 nomi) · Tests: 3484, Assertions: 11989, Errors: 3, Failures: 13, Skipped: 59, Incomplete: 2.
promozione gate http-kernel: 0E/0F · Tests: 1665, Assertions: 3850, PHPUnit Warnings: 2, Warnings: 5, Deprecations: 128.
promozione server: PIN server s180 = 045fe03356ee73e5 @ 7071269f (smoke OK, stashato, registrato+committato). pin phpr INVARIATO (884399fc52277119)
PROMOZIONE COMPLETA rc=0 (da promo-out/rcb): pin s180 = 884399fc52277119
