== s180 coppia WP full+media sul pin s180 MISURATO phpr=884399fc52277119 server=045fe03356ee73e5 tentativo=t21 (criteri s132/s146/s148 EREDITATI + s180-criterio-pair-t21.md: giudizio a MEDIANA per finestra, az.rev.3 S-149) ==
grade=VERDICT  # derivazione meccanica dai .time; rc autoritativo = pair-out/pair180-t21.done
# full: cpu=user+sys (etichettato); media: CANONICA=user-only + companion (az.rev. S-128 #3)
# az.rev. S-131 #3: riferimento PER CONFIGURAZIONE, ON-ONLY = canonico; firma per gamba
# az.rev. S-136 #2: lettura firma PRE-REGISTRATA: >150% med MOTORE = SPORCA (esclusa); 120-150% = ELEVATA (nel canone, annotata); <=120% pulita
quiescenza warmup: rc=0 (file: pair-out/quiesce-t21-warmup.rc)
quiescenza leg1-on: rc=0 (file: pair-out/quiesce-t21-leg1-on.rc)
quiescenza leg2-on: rc=0 (file: pair-out/quiesce-t21-leg2-on.rc)
quiescenza leg3-on: rc=0 (file: pair-out/quiesce-t21-leg3-on.rc)
quiescenza leg4-on: rc=0 (file: pair-out/quiesce-t21-leg4-on.rc)
quiescenza leg5-on: rc=0 (file: pair-out/quiesce-t21-leg5-on.rc)
quiescenza leg6-on: rc=0 (file: pair-out/quiesce-t21-leg6-on.rc)
leg1-on: ictx/s oracle=1062 phpr=53  contesa ok
  firma leg1-on: ictx%med oracle=100% phpr=94% rank_cpu_oracle=3/6 (1=piu' veloce)
leg2-on: ictx/s oracle=1066 phpr=59  contesa ok
  firma leg2-on: ictx%med oracle=100% phpr=105% rank_cpu_oracle=4/6 (1=piu' veloce)
leg3-on: ictx/s oracle=1059 phpr=55  contesa ok
  firma leg3-on: ictx%med oracle=100% phpr=97% rank_cpu_oracle=2/6 (1=piu' veloce)
leg4-on: ictx/s oracle=1062 phpr=58  contesa ok
  firma leg4-on: ictx%med oracle=100% phpr=102% rank_cpu_oracle=5/6 (1=piu' veloce)
leg5-on: ictx/s oracle=1062 phpr=56  contesa ok
  firma leg5-on: ictx%med oracle=100% phpr=98% rank_cpu_oracle=1/6 (1=piu' veloce)
leg6-on: ictx/s oracle=1053 phpr=58  contesa ok
  firma leg6-on: ictx%med oracle=99% phpr=102% rank_cpu_oracle=6/6 (1=piu' veloce)
ictx_s_mediana_oracle=1062 ictx_s_mediana_phpr=57  # PER MOTORE
gambe pulite: ['leg1-on', 'leg2-on', 'leg3-on', 'leg4-on', 'leg5-on', 'leg6-on']
leg1-on: full_oracle_cpu=444.32 full_phpr_cpu=774.66 proprio=1.743 peak_phpr_MiB=1782.5
leg2-on: full_oracle_cpu=444.37 full_phpr_cpu=781.46 proprio=1.759 peak_phpr_MiB=1775.8
leg3-on: full_oracle_cpu=444.22 full_phpr_cpu=774.56 proprio=1.744 peak_phpr_MiB=1783.8
leg4-on: full_oracle_cpu=446.88 full_phpr_cpu=775.37 proprio=1.735 peak_phpr_MiB=1766.9
leg5-on: full_oracle_cpu=443.62 full_phpr_cpu=777.09 proprio=1.752 peak_phpr_MiB=1774.8
leg6-on: full_oracle_cpu=448.68 full_phpr_cpu=775.38 proprio=1.728 peak_phpr_MiB=1783.3
replica_peak_senza_inserzione (p.5): leg1-on=1782.5 leg2-on=1775.8 leg3-on=1783.8 leg4-on=1766.9 leg5-on=1774.8 leg6-on=1783.3
replica_peak lettura: 6/6 basse (<=1825) -> livello BASSO unico (il doppio livello NON si riproduce)
matrice full (gambe PULITE) phpr(riga)/oracle(colonna):
  leg1-on/leg1-on=1.743  leg1-on/leg2-on=1.743  leg1-on/leg3-on=1.744  leg1-on/leg4-on=1.733  leg1-on/leg5-on=1.746  leg1-on/leg6-on=1.727
  leg2-on/leg1-on=1.759  leg2-on/leg2-on=1.759  leg2-on/leg3-on=1.759  leg2-on/leg4-on=1.749  leg2-on/leg5-on=1.762  leg2-on/leg6-on=1.742
  leg3-on/leg1-on=1.743  leg3-on/leg2-on=1.743  leg3-on/leg3-on=1.744  leg3-on/leg4-on=1.733  leg3-on/leg5-on=1.746  leg3-on/leg6-on=1.726
  leg4-on/leg1-on=1.745  leg4-on/leg2-on=1.745  leg4-on/leg3-on=1.745  leg4-on/leg4-on=1.735  leg4-on/leg5-on=1.748  leg4-on/leg6-on=1.728
  leg5-on/leg1-on=1.749  leg5-on/leg2-on=1.749  leg5-on/leg3-on=1.749  leg5-on/leg4-on=1.739  leg5-on/leg5-on=1.752  leg5-on/leg6-on=1.732
  leg6-on/leg1-on=1.745  leg6-on/leg2-on=1.745  leg6-on/leg3-on=1.745  leg6-on/leg4-on=1.735  leg6-on/leg5-on=1.748  leg6-on/leg6-on=1.728
full_intervallo_PULITO_misto=1.726-1.762  # companion (miscela config)
coppie_proprie_PULITE_miste=1.728-1.759 (N=6)
coppie_proprie_user_only_miste=1.741-1.763
full_on_only_coppie_proprie=1.728-1.759 (N=6) CANONICO
full_on_only_intervallo=1.726-1.762
mediana_t21=1.744 (N=6 coppie proprie ON PULITE; mediane storiche t1=1.799 t2=1.738 t3=1.789 t4=1.781 t5=1.757 t6=1.771 t7=1.795 t8=1.754 t9=1.767 t10=1.760 t11=1.765 t12=1.767 t13=1.763 t14=1.761 t15=1.746 t16=1.749 t17=1.776 t18=1.769 t19=1.772 t20=1.765)
giudizio_MEDIANA (canonico, criterio t21 p.2): COMPATIBILE (mediana in [1.738; 1.799]) — nessun claim
companion banda-unione (descrittivo): coppie in [1.722-1.823]: 6/6
banda_ON_fondata=0.030 (max-min di N=6 coppie proprie ON PULITE; unione finestre nel verdetto di sessione)
media_leg1-on: user_only_CANONICA=2.432 user+sys_companion=2.371
media_leg2-on: user_only_CANONICA=2.429 user+sys_companion=2.365
media_leg3-on: user_only_CANONICA=2.422 user+sys_companion=2.356
media_leg4-on: user_only_CANONICA=2.424 user+sys_companion=2.362
media_leg5-on: user_only_CANONICA=2.428 user+sys_companion=2.370
media_leg6-on: user_only_CANONICA=2.438 user+sys_companion=2.379
parita_leg1-on: media=OK(vuoto) full=OK(solo wp_is_stream #2)
parita_leg2-on: media=OK(vuoto) full=OK(solo wp_is_stream #2)
parita_leg3-on: media=OK(vuoto) full=OK(solo wp_is_stream #2)
parita_leg4-on: media=OK(vuoto) full=DIVERSO! ['> Tests_Fonts_WpFontCollection_GetData::test_should_error_with_invalid_json_from_url', '> Tests_Fonts_WpFontCollection_GetData::test_should_error_with_unsuccessful_response_status', '> Tests_Fonts_WpFontCollection_GetData::test_should_get_data_from_json_url with data set "font collection with all data" (\'my-collection\', array(\'My Collection\', \'My collection description\', array(array()), array()), array(\'My collection description\', array(), \'My Collection\', array(array())))', '> Tests_Fonts_WpFontCollection_GetData::test_should_get_data_from_json_url with data set "font collection with required data" (\'my-collection\', array(\'My Collection\', array(array())), array(\'\', array(), \'My Collection\', array(array())))', '> Tests_Fonts_WpFontCollection_GetData::test_should_get_data_from_json_url with data set "font collection with risky data" (\'my-collection\', array(\'My Collection<script>alert("x...cript>\', \'My collection description<scr...cript>\', array(array(array(\'Open Sans, sans-serif<script>...cript>\', \'open-sans\', \'Open Sans<script>alert("xss")</script>\', array(array(\'Open Sans\', \'normal\', \'400\', \'https://example.com/src-as-st...cript>\'), array(\'Open Sans\', \'normal\', \'400\', array(\'https://example.com/src-as-ar...cript>\', \'https://example.com/src-as-array.ttf\'))), \'potentially evil value\'), array(\'sans-serif<script>alert("xss"...cript>\'))), array(array(\'Mock col<script>alert("xss")</script>\', \'mock-col<script>alert("xss")</script>\', \'potentially evil value\')), \'potentially evil value\'), array(\'My collection description\', array(array(\'Mock col\', \'mock-colalertxss\')), \'My Collection\', array(array(array(\'"Open Sans", sans-serif\', \'open-sans\', \'Open Sans\', array(array(\'Open Sans\', \'normal\', \'400\', \'https://example.com/src-as-st...ttf?a=\'), array(\'Open Sans\', \'normal\', \'400\', array(\'https://example.com/src-as-ar...ff2?a=\', \'https://example.com/src-as-array.ttf\')))), array(\'sans-serifalertxss\')))))', "> Tests_Functions::test_wp_is_stream with data set #2 ('ftp://example.com', true)", '> Tests_HTTP_HTTP::test_wp_http_validate_url_should_validate with data set "a port considered safe by default" (\'https://example.com:8080/caniload.php\')', '> Tests_HTTP_HTTP::test_wp_http_validate_url_should_validate with data set "a port considered safe by filter" (\'https://example.com:81/caniload.php\', \'callback_custom_safe_ports\')', '> Tests_HTTP_HTTP::test_wp_http_validate_url_should_validate with data set "no port specified" (\'http://example.com/caniload.php\')', '> Tests_Image_Functions::test_wp_crop_image_with_url', '< Tests_REST_WpRestUrlDetailsController::test_allows_filtering_data_retrieved_for_a_given_url', '< Tests_REST_WpRestUrlDetailsController::test_allows_filtering_response', '< Tests_REST_WpRestUrlDetailsController::test_can_filter_http_request_args_via_filter', '< Tests_REST_WpRestUrlDetailsController::test_get_items', '< Tests_REST_WpRestUrlDetailsController::test_get_items_fails_for_unauthenticated_user', '< Tests_REST_WpRestUrlDetailsController::test_get_items_fails_for_url_which_returns_a_non_200_status_code', '< Tests_REST_WpRestUrlDetailsController::test_get_items_fails_for_url_which_returns_empty_body_for_success', '< Tests_REST_WpRestUrlDetailsController::test_get_items_fails_for_user_with_insufficient_permissions', '< Tests_REST_WpRestUrlDetailsController::test_will_return_from_cache_if_populated', '> Tests_REST_WpRestFontFacesController::test_create_item_default_theme_json_version', '> Tests_REST_WpRestFontFacesController::test_create_item_missing_parent', '> Tests_REST_WpRestFontFacesController::test_create_item_sanitize_font_face_settings with data set "comma-separated font family names" (array(\'Open Sans, Noto Sans, sans-serif\'), array(\'"Open Sans", "Noto Sans", sans-serif\'))', '> Tests_REST_WpRestFontFacesController::test_create_item_sanitize_font_face_settings with data set "multiword font family name with integer" (array(\'Libre Barcode 128 Text\'), array(\'"Libre Barcode 128 Text"\'))', '> Tests_REST_WpRestFontFacesController::test_create_item_sanitize_font_face_settings with data set "multiword font family name" (array(\'B612 Mono\'), array(\'"B612 Mono"\'))', '> Tests_REST_WpRestFontFacesController::test_create_item_sanitize_font_face_settings with data set "settings with tags, extra whitespace, new lines" (array(\'   Open   Sans</style><script...\\n    \', \'   oblique 20deg 50deg</style...\\n    \', \'   200</style><script>alert(\'...\\n    \', \'   https://example.com/</styl...      \', \'   expanded</style><script>al...\\n    \', \'   70%</style><script>alert(\'...\\n    \', \'   30%</style><script>alert(\'...\\n    \', \'   normal</style><script>aler...\\n    \', \'   "swsh" 2</style><script>al...\\n    \', \'   "xhgt" 0.7</style><script>...\\n    \', \'   10%</style><script>alert(\'...\\n    \', \'   90%</style><script>alert(\'...\\n    \', \'   U+0025-00FF, U+4??</style>...\\n    \', \'   https://example.com/</styl...      \'), array(\'"Open Sans"\', \'oblique 20deg 50deg\', \'200\', \'https://example.com//stylescr...%20%20\', \'expanded\', \'70%\', \'30%\', \'normal\', \'"swsh" 2\', \'"xhgt" 0.7\', \'10%\', \'90%\', \'U+0025-00FF, U+4??\', \'https://example.com//stylescr...%20%20\'))', '> Tests_REST_WpRestFontFacesController::test_create_item_with_all_properties', '> Tests_REST_WpRestFontFacesController::test_create_item_with_url_src', '> WP_Test_REST_Attachments_Controller::test_create_item_from_url_attaches_to_post', '> WP_Test_REST_Attachments_Controller::test_create_item_from_url_fires_rest_after_insert_attachment', '> WP_Test_REST_Attachments_Controller::test_create_item_from_url_generates_subsizes_by_default', '> WP_Test_REST_Attachments_Controller::test_create_item_from_url_rejects_non_image_extension with data set "HTML document" (\'https://example.com/page.html\')', '> WP_Test_REST_Attachments_Controller::test_create_item_from_url_rejects_non_image_extension with data set "PHP script" (\'https://example.com/evil.php\')', '> WP_Test_REST_Attachments_Controller::test_create_item_from_url_rejects_non_image_extension with data set "double extension" (\'https://example.com/photo.jpg.php\')', '> WP_Test_REST_Attachments_Controller::test_create_item_from_url_rejects_non_image_extension with data set "no extension" (\'https://example.com/image\')', '> WP_Test_REST_Attachments_Controller::test_create_item_from_url_rejects_non_image_extension with data set "video file" (\'https://example.com/clip.mp4\')', '> WP_Test_REST_Attachments_Controller::test_create_item_from_url_rejects_url_without_filename', '> WP_Test_REST_Attachments_Controller::test_create_item_from_url_returns_error_on_download_failure', '> WP_Test_REST_Attachments_Controller::test_create_item_from_url_sideloads_without_subsizes']
parita_leg5-on: media=OK(vuoto) full=OK(solo wp_is_stream #2)
parita_leg6-on: media=OK(vuoto) full=OK(solo wp_is_stream #2)
deriva_test (s148 p.4, N=6 critico 0,829): rho_A(leg,peak)=-0.086 -> nessuna firma di deriva; rho_B(peak,rapporto)=-0.143 -> accoppiamento NON confermato
sentinella language-server inizio finestra (az.rev. S-157 #4): /Applications/Antigravity /Users/francescotinti/.local/share/uv/tools/serena-agent/bin/python3 /Users/francescotinti/.rustup/toolchains/stable-aarch64-apple-darwin/bin/rust-analyzer /Users/francescotinti/.rustup/toolchains/stable-aarch64-apple-darwin/libexec/rust-analyzer-proc-macro-srv 
sentinella language-server fine finestra: /Applications/Antigravity /Users/francescotinti/.local/share/uv/tools/serena-agent/bin/python3 /Users/francescotinti/.rustup/toolchains/stable-aarch64-apple-darwin/bin/rust-analyzer /Users/francescotinti/.rustup/toolchains/stable-aarch64-apple-darwin/libexec/rust-analyzer-proc-macro-srv 
