# verdict81 — lever-arm steady means (gross churn, >= upper bound)
# generated by wp81-harness/verdict81.sh (KG-82-1) — do not hand-edit

| arm | fixture | a_calls r1/r2/r3 | spread% | a1 | a3 | b_calls | resid_c | retain |
|---|---|---|---|---|---|---|---|---|
| census | hello | 2.0/2.0/2.0 | 0.00 | 0.0 | 0.0 | 731.0 | 44.1 | 1.0 |
| census | include_gate | 2.0/2.0/2.0 | 0.00 | 0.0 | 0.0 | 767.0 | 43.1 | 3.0 |
| census | include_heavy | 2.0/2.0/2.0 | 0.00 | 0.0 | 0.0 | 27982.0 | 44.1 | 6.0 |
| census | bare | 2.0/2.0/2.0 | 0.00 | 0.0 | 0.0 | 722.0 | 41.1 | 1.0 |
| censuscli | hello | 1140.0/1140.0/1140.0 | 0.00 | 0.0 | 0.0 | na | na | na |
| censuscli | include_gate | 1176.0/1176.0/1176.0 | 0.00 | 0.0 | 0.0 | na | na | na |
| censuscli | include_heavy | 28405.0/28405.0/28405.0 | 0.00 | 0.0 | 0.0 | na | na | na |
| censuscli | bare | 1132.0/1132.0/1132.0 | 0.00 | 0.0 | 0.0 | na | na | na |

P1a PASS: hello a_calls=2.0 < 4000
P1b PASS: >=90% drop (a_calls=2.0 < 8048, KS-AH-80-4 v2)
P2  PASS: a1_calls==0 steady
P3  PASS: a3_calls==0 steady
P4  PASS: bare a_calls(HIT)=2.0 <= 200 (measured ex-post floor)
P5a PASS: resid_calls=44.1 in 44.1+-15
P5b PASS: resid_bytes=43463.0 in 43463+-5000
P6a PASS: hello b_calls=731.0 within +-5% of 730
P6b PASS: include_heavy b_calls=27982.0 within +-5% of 27982
P7a PASS: hello retain_len==1 (main park)
P7  PASS: bare retain_len==1
P7  PASS: include_gate retain_len==3
P7  PASS: include_heavy retain_len==6
P8  PASS: hello depth<=1 inflight<=1 trip==0
P8  PASS: include_gate depth<=1 inflight<=1 trip==0
P8  PASS: include_heavy depth<=1 inflight<=1 trip==0
P8  PASS: bare depth<=1 inflight<=1 trip==0
== VERDICT81 PASS (all §10 predictions) ==
