== s165-ab-mc1 mc1r5: A=fea4a2d0 MISURATO (pin s163 dallo stash) B=9838e732 MISURATO R=5 ordine ALTERNATO; giudice=mc2 N=20000000 $o->f($s,1) k=2 ArgPlace dichiarato; soglia=max(4, drop-1) + VIETO su rumore>4 (az.rev. S-164 #5, rc=8); UB dal bundle CONTATO: alloc args-Vec ≈0 (lezione AL3) + salto method_call+dispatch_instance_call ⇒ attesa/BANDA SMOKE VINCOLANTE [4;30] + emenda rev. S-161 #4; guardie missload(N=10M, presidio AL2/AU1) + arrload(N=10M, L-AU1) + strmap(N=10M, L-AM2) + arrfilter(N=10M, L-AF1) + arrmap(N=10M, L-AM1) + refl(N=10M) + hostargs(N=10M) + backtrace24(N=2,4M) + obj* + sei, comparatore STRETTO; quiescenza rc=0; rc autoritativo = ab-out/mc1r5.rc ==
sentinella language-server inizio finestra (az.rev. S-157 #4): /Applications/Antigravity /Users/francescotinti/.antigravity-ide/extensions/rust-lang.rust-analyzer-0.3.3025-darwin-arm64/server/rust-analyzer /Users/francescotinti/.local/share/uv/tools/serena-agent/bin/python3 /Users/francescotinti/.rustup/toolchains/1.96.0-aarch64-apple-darwin/libexec/rust-analyzer-proc-macro-srv /Users/francescotinti/.rustup/toolchains/stable-aarch64-apple-darwin/bin/rust-analyzer 
cat=mc2 N=20000000 floor_A=0.02 floor_B=0.02
  coppia1 [AB]: rawA=3.45 rawB=3.05
  coppia2 [BA]: rawA=3.40 rawB=3.08
  coppia3 [AB]: rawA=3.41 rawB=3.05
  coppia4 [BA]: rawA=3.41 rawB=3.06
  coppia5 [AB]: rawA=3.39 rawB=3.06
cat=missload N=10000000 floor_A=0.02 floor_B=0.03
  coppia1 [AB]: rawA=2.81 rawB=2.89
  coppia2 [BA]: rawA=2.80 rawB=2.88
  coppia3 [AB]: rawA=2.85 rawB=2.90
  coppia4 [BA]: rawA=2.82 rawB=2.86
  coppia5 [AB]: rawA=2.80 rawB=2.87
cat=arrload N=10000000 floor_A=0.02 floor_B=0.02
  coppia1 [AB]: rawA=2.95 rawB=3.04
  coppia2 [BA]: rawA=2.96 rawB=3.04
  coppia3 [AB]: rawA=2.96 rawB=3.02
  coppia4 [BA]: rawA=2.93 rawB=3.04
  coppia5 [AB]: rawA=2.94 rawB=3.02
cat=strmap N=10000000 floor_A=0.03 floor_B=0.02
  coppia1 [AB]: rawA=1.04 rawB=1.07
  coppia2 [BA]: rawA=1.04 rawB=1.03
  coppia3 [AB]: rawA=1.03 rawB=1.03
  coppia4 [BA]: rawA=1.04 rawB=1.07
  coppia5 [AB]: rawA=1.04 rawB=1.04
cat=arrfilter N=10000000 floor_A=0.02 floor_B=0.02
  coppia1 [AB]: rawA=1.80 rawB=1.83
  coppia2 [BA]: rawA=1.79 rawB=1.82
  coppia3 [AB]: rawA=1.81 rawB=1.83
  coppia4 [BA]: rawA=1.80 rawB=1.81
  coppia5 [AB]: rawA=1.80 rawB=1.82
cat=arrmap N=10000000 floor_A=0.02 floor_B=0.02
  coppia1 [AB]: rawA=1.16 rawB=1.17
  coppia2 [BA]: rawA=1.16 rawB=1.16
  coppia3 [AB]: rawA=1.17 rawB=1.17
  coppia4 [BA]: rawA=1.18 rawB=1.17
  coppia5 [AB]: rawA=1.16 rawB=1.17
cat=refl N=10000000 floor_A=0.02 floor_B=0.02
  coppia1 [AB]: rawA=3.67 rawB=3.49
  coppia2 [BA]: rawA=3.55 rawB=3.41
  coppia3 [AB]: rawA=3.55 rawB=3.45
  coppia4 [BA]: rawA=3.63 rawB=3.44
  coppia5 [AB]: rawA=3.57 rawB=3.43
cat=hostargs N=10000000 floor_A=0.02 floor_B=0.02
  coppia1 [AB]: rawA=1.99 rawB=2.02
  coppia2 [BA]: rawA=1.99 rawB=2.00
  coppia3 [AB]: rawA=1.98 rawB=2.00
  coppia4 [BA]: rawA=1.99 rawB=2.01
  coppia5 [AB]: rawA=1.98 rawB=2.00
cat=backtrace N=2400000 floor_A=0.03 floor_B=0.02
  coppia1 [AB]: rawA=1.11 rawB=1.11
  coppia2 [BA]: rawA=1.12 rawB=1.12
  coppia3 [AB]: rawA=1.12 rawB=1.10
  coppia4 [BA]: rawA=1.11 rawB=1.12
  coppia5 [AB]: rawA=1.11 rawB=1.11
cat=objdropdef N=3000000 floor_A=0.02 floor_B=0.02
  coppia1 [AB]: rawA=3.09 rawB=3.07
  coppia2 [BA]: rawA=3.08 rawB=3.07
  coppia3 [AB]: rawA=3.09 rawB=3.07
  coppia4 [BA]: rawA=3.08 rawB=3.08
  coppia5 [AB]: rawA=3.10 rawB=3.07
cat=objchurn N=3000000 floor_A=0.02 floor_B=0.02
  coppia1 [AB]: rawA=3.57 rawB=3.55
  coppia2 [BA]: rawA=3.54 rawB=3.56
  coppia3 [AB]: rawA=3.57 rawB=3.57
  coppia4 [BA]: rawA=3.56 rawB=3.60
  coppia5 [AB]: rawA=3.60 rawB=3.59
cat=objdatains N=3000000 floor_A=0.03 floor_B=0.02
  coppia1 [AB]: rawA=2.90 rawB=2.88
  coppia2 [BA]: rawA=2.89 rawB=2.87
  coppia3 [AB]: rawA=2.88 rawB=2.88
  coppia4 [BA]: rawA=2.90 rawB=2.90
  coppia5 [AB]: rawA=2.89 rawB=2.88
cat=objalloc N=3000000 floor_A=0.02 floor_B=0.02
  coppia1 [AB]: rawA=2.42 rawB=2.43
  coppia2 [BA]: rawA=2.42 rawB=2.42
  coppia3 [AB]: rawA=2.41 rawB=2.40
  coppia4 [BA]: rawA=2.42 rawB=2.40
  coppia5 [AB]: rawA=2.42 rawB=2.41
cat=objallocni N=3000000 floor_A=0.02 floor_B=0.02
  coppia1 [AB]: rawA=2.21 rawB=2.20
  coppia2 [BA]: rawA=2.22 rawB=2.23
  coppia3 [AB]: rawA=2.21 rawB=2.19
  coppia4 [BA]: rawA=2.21 rawB=2.19
  coppia5 [AB]: rawA=2.22 rawB=2.19
cat=objmap N=3000000 floor_A=0.03 floor_B=0.02
  coppia1 [AB]: rawA=0.37 rawB=0.37
  coppia2 [BA]: rawA=0.37 rawB=0.37
  coppia3 [AB]: rawA=0.37 rawB=0.37
  coppia4 [BA]: rawA=0.37 rawB=0.37
  coppia5 [AB]: rawA=0.37 rawB=0.37
cat=arith N=150000000 floor_A=0.02 floor_B=0.02
  coppia1 [AB]: rawA=7.01 rawB=7.05
  coppia2 [BA]: rawA=6.97 rawB=7.02
  coppia3 [AB]: rawA=7.03 rawB=7.08
  coppia4 [BA]: rawA=7.06 rawB=7.06
  coppia5 [AB]: rawA=7.04 rawB=7.15
cat=prop N=90000000 floor_A=0.02 floor_B=0.02
  coppia1 [AB]: rawA=6.96 rawB=6.94
  coppia2 [BA]: rawA=6.99 rawB=6.94
  coppia3 [AB]: rawA=6.98 rawB=6.97
  coppia4 [BA]: rawA=6.99 rawB=6.98
  coppia5 [AB]: rawA=6.97 rawB=6.95
cat=calls N=60000000 floor_A=0.03 floor_B=0.02
  coppia1 [AB]: rawA=6.41 rawB=6.38
  coppia2 [BA]: rawA=6.37 rawB=6.40
  coppia3 [AB]: rawA=6.38 rawB=6.41
  coppia4 [BA]: rawA=6.39 rawB=6.41
  coppia5 [AB]: rawA=6.37 rawB=6.41
cat=str N=28000000 floor_A=0.02 floor_B=0.02
  coppia1 [AB]: rawA=4.41 rawB=4.45
  coppia2 [BA]: rawA=4.43 rawB=4.47
  coppia3 [AB]: rawA=4.42 rawB=4.44
  coppia4 [BA]: rawA=4.42 rawB=4.52
  coppia5 [AB]: rawA=4.42 rawB=4.44
cat=arr N=30000000 floor_A=0.02 floor_B=0.02
  coppia1 [AB]: rawA=4.53 rawB=4.51
  coppia2 [BA]: rawA=4.54 rawB=4.55
  coppia3 [AB]: rawA=4.51 rawB=4.52
  coppia4 [BA]: rawA=4.55 rawB=4.54
  coppia5 [AB]: rawA=4.58 rawB=4.51
cat=re N=12000000 floor_A=0.02 floor_B=0.03
  coppia1 [AB]: rawA=5.62 rawB=5.53
  coppia2 [BA]: rawA=5.53 rawB=5.50
  coppia3 [AB]: rawA=5.51 rawB=5.54
  coppia4 [BA]: rawA=5.46 rawB=5.59
  coppia5 [AB]: rawA=5.49 rawB=5.52
GIUDICE mc2: A=169.5 B=152.0 ns/iter D=+17.5 soglia=4.0 (rumore drop-1: A'=1.0 B'=0.5) -> SOPRA SOGLIA
riconciliazione mc2: D_smoke=+19.0 D_R5=+17.5 |diff|=1.5 banda=4.0 -> in banda
riconciliazione UB mc2: D=+17.5 vs attesa [4.0;30.0]+rumore=1.0 -> DENTRO l'attesa [4;30] (bundle salto-funnel; alloc ≈0 per lezione AL3)
guardia missload: A=279.0 B=285.0 D=-6.0 soglia_reg=-4.0 [max(4, drop-1); rumore drop-1 A'=2.0 B'=3.0] -> REGRESSIONE
guardia arrload: A=293.0 B=302.0 D=-9.0 soglia_reg=-4.0 [max(4, drop-1); rumore drop-1 A'=2.0 B'=2.0] -> REGRESSIONE
guardia strmap: A=101.0 B=102.0 D=-1.0 soglia_reg=-4.0 [max(4, drop-1); rumore drop-1 A'=0.0 B'=4.0] -> ok
guardia arrfilter: A=178.0 B=180.0 D=-2.0 soglia_reg=-4.0 [max(4, drop-1); rumore drop-1 A'=1.0 B'=2.0] -> ok
guardia arrmap: A=114.0 B=115.0 D=-1.0 soglia_reg=-4.0 [max(4, drop-1); rumore drop-1 A'=1.0 B'=0.0] -> ok
guardia refl: A=355.0 B=342.0 D=+13.0 soglia_reg=-8.0 [max(4, drop-1); rumore drop-1 A'=8.0 B'=4.0] -> ok
guardia hostargs: A=197.0 B=198.0 D=-1.0 soglia_reg=-4.0 [max(4, drop-1); rumore drop-1 A'=1.0 B'=1.0] -> ok
guardia backtrace: A=450.0 B=454.2 D=-4.2 soglia_reg=-8.3 [max(4, drop-1); rumore drop-1 A'=4.2 B'=8.3] -> ok
guardia objdropdef: A=1023.3 B=1016.7 D=+6.7 soglia_reg=-4.0 [max(4, drop-1); rumore drop-1 A'=3.3 B'=0.0] -> ok
guardia objchurn: A=1183.3 B=1183.3 D=+0.0 soglia_reg=-13.3 [banda fondata=6.7; rumore drop-1 A'=10.0 B'=13.3] -> ok
guardia objdatains: A=953.3 B=953.3 D=+0.0 soglia_reg=-4.0 [max(4, drop-1); rumore drop-1 A'=3.3 B'=3.3] -> ok
guardia objalloc: A=800.0 B=796.7 D=+3.3 soglia_reg=-13.3 [banda fondata=13.3; rumore drop-1 A'=0.0 B'=6.7] -> ok
guardia objallocni: A=730.0 B=723.3 D=+6.7 soglia_reg=-10.0 [banda fondata=10.0; rumore drop-1 A'=3.3 B'=3.3] -> ok
guardia objmap: A=113.3 B=116.7 D=-3.3 soglia_reg=-4.0 [banda fondata=3.3; rumore drop-1 A'=0.0 B'=0.0] -> ok
guardia arith: A=46.7 B=46.9 D=-0.2 soglia_reg=-4.0 [SL=0.94; rumore drop-1 A'=0.3 B'=0.4] -> ok
guardia prop: A=77.3 B=77.0 D=+0.3 soglia_reg=-4.0 [SL=0.8; rumore drop-1 A'=0.2 B'=0.3] -> ok
guardia calls: A=105.8 B=106.5 D=-0.7 soglia_reg=-4.0 [SL=0.73; rumore drop-1 A'=0.3 B'=0.2] -> ok
guardia str: A=157.1 B=158.2 D=-1.1 soglia_reg=-4.0 [SL=2.89; rumore drop-1 A'=0.4 B'=1.1] -> ok
guardia arr: A=150.7 B=150.0 D=+0.7 soglia_reg=-4.0 [SL=2.49; rumore drop-1 A'=1.3 B'=1.0] -> ok
guardia re: A=457.5 B=458.3 D=-0.8 soglia_reg=-5.8 [SL=4.46; rumore drop-1 A'=5.8 B'=3.3] -> ok
ESITO: GUARDIA MORDE
sentinella language-server fine finestra: /Applications/Antigravity /Users/francescotinti/.antigravity-ide/extensions/rust-lang.rust-analyzer-0.3.3025-darwin-arm64/server/rust-analyzer /Users/francescotinti/.local/share/uv/tools/serena-agent/bin/python3 /Users/francescotinti/.rustup/toolchains/1.96.0-aarch64-apple-darwin/libexec/rust-analyzer-proc-macro-srv /Users/francescotinti/.rustup/toolchains/stable-aarch64-apple-darwin/bin/rust-analyzer 
