== s165-ab-mc1 mc1d: A=fea4a2d0 MISURATO (pin s163 dallo stash) B=1fd8757d MISURATO R=3 ordine ALTERNATO; giudice=mc2 N=20000000 $o->f($s,1) k=2 ArgPlace dichiarato; soglia=max(4, drop-1) + VIETO su rumore>4 (az.rev. S-164 #5, rc=8); UB dal bundle CONTATO: alloc args-Vec ≈0 (lezione AL3) + salto method_call+dispatch_instance_call ⇒ attesa/BANDA SMOKE VINCOLANTE [4;30] + emenda rev. S-161 #4; guardie missload(N=10M, presidio AL2/AU1) + arrload(N=10M, L-AU1) + strmap(N=10M, L-AM2) + arrfilter(N=10M, L-AF1) + arrmap(N=10M, L-AM1) + refl(N=10M) + hostargs(N=10M) + backtrace24(N=2,4M) + obj* + sei, comparatore STRETTO; quiescenza rc=0; rc autoritativo = ab-out/mc1d.rc ==
sentinella language-server inizio finestra (az.rev. S-157 #4): /Applications/Antigravity /Users/francescotinti/.antigravity-ide/extensions/rust-lang.rust-analyzer-0.3.3025-darwin-arm64/server/rust-analyzer /Users/francescotinti/.local/share/uv/tools/serena-agent/bin/python3 /Users/francescotinti/.rustup/toolchains/1.96.0-aarch64-apple-darwin/libexec/rust-analyzer-proc-macro-srv /Users/francescotinti/.rustup/toolchains/stable-aarch64-apple-darwin/bin/rust-analyzer 
cat=mc2 N=20000000 floor_A=0.02 floor_B=0.02
  coppia1 [AB]: rawA=3.44 rawB=3.13
  coppia2 [BA]: rawA=3.39 rawB=3.07
  coppia3 [AB]: rawA=3.42 rawB=3.14
cat=missload N=10000000 floor_A=0.02 floor_B=0.02
  coppia1 [AB]: rawA=2.80 rawB=2.83
  coppia2 [BA]: rawA=2.80 rawB=2.81
  coppia3 [AB]: rawA=2.81 rawB=2.81
cat=arrload N=10000000 floor_A=0.02 floor_B=0.02
  coppia1 [AB]: rawA=2.97 rawB=2.96
  coppia2 [BA]: rawA=2.93 rawB=2.98
  coppia3 [AB]: rawA=2.95 rawB=2.98
cat=strmap N=10000000 floor_A=0.03 floor_B=0.02
  coppia1 [AB]: rawA=1.04 rawB=1.02
  coppia2 [BA]: rawA=1.03 rawB=1.04
  coppia3 [AB]: rawA=1.04 rawB=1.03
cat=arrfilter N=10000000 floor_A=0.02 floor_B=0.02
  coppia1 [AB]: rawA=1.80 rawB=1.85
  coppia2 [BA]: rawA=1.80 rawB=1.83
  coppia3 [AB]: rawA=1.80 rawB=1.84
cat=arrmap N=10000000 floor_A=0.02 floor_B=0.02
  coppia1 [AB]: rawA=1.17 rawB=1.15
  coppia2 [BA]: rawA=1.16 rawB=1.16
  coppia3 [AB]: rawA=1.16 rawB=1.17
cat=refl N=10000000 floor_A=0.02 floor_B=0.02
  coppia1 [AB]: rawA=3.55 rawB=3.55
  coppia2 [BA]: rawA=3.55 rawB=3.56
  coppia3 [AB]: rawA=3.58 rawB=3.51
cat=hostargs N=10000000 floor_A=0.02 floor_B=0.02
  coppia1 [AB]: rawA=1.99 rawB=2.00
  coppia2 [BA]: rawA=1.99 rawB=1.99
  coppia3 [AB]: rawA=1.98 rawB=2.00
cat=backtrace N=2400000 floor_A=0.02 floor_B=0.02
  coppia1 [AB]: rawA=1.11 rawB=1.11
  coppia2 [BA]: rawA=1.11 rawB=1.12
  coppia3 [AB]: rawA=1.10 rawB=1.11
cat=objdropdef N=3000000 floor_A=0.02 floor_B=0.02
  coppia1 [AB]: rawA=3.09 rawB=3.07
  coppia2 [BA]: rawA=3.07 rawB=3.09
  coppia3 [AB]: rawA=3.09 rawB=3.08
cat=objchurn N=3000000 floor_A=0.02 floor_B=0.03
  coppia1 [AB]: rawA=3.57 rawB=3.61
  coppia2 [BA]: rawA=3.56 rawB=3.60
  coppia3 [AB]: rawA=3.56 rawB=3.57
cat=objdatains N=3000000 floor_A=0.03 floor_B=0.02
  coppia1 [AB]: rawA=2.89 rawB=2.89
  coppia2 [BA]: rawA=2.90 rawB=2.91
  coppia3 [AB]: rawA=2.89 rawB=2.90
cat=objalloc N=3000000 floor_A=0.02 floor_B=0.02
  coppia1 [AB]: rawA=2.42 rawB=2.41
  coppia2 [BA]: rawA=2.41 rawB=2.43
  coppia3 [AB]: rawA=2.42 rawB=2.42
cat=objallocni N=3000000 floor_A=0.02 floor_B=0.02
  coppia1 [AB]: rawA=2.23 rawB=2.21
  coppia2 [BA]: rawA=2.22 rawB=2.21
  coppia3 [AB]: rawA=2.22 rawB=2.21
cat=objmap N=3000000 floor_A=0.02 floor_B=0.02
  coppia1 [AB]: rawA=0.37 rawB=0.38
  coppia2 [BA]: rawA=0.37 rawB=0.38
  coppia3 [AB]: rawA=0.37 rawB=0.37
cat=arith N=150000000 floor_A=0.02 floor_B=0.03
  coppia1 [AB]: rawA=7.03 rawB=7.04
  coppia2 [BA]: rawA=7.01 rawB=7.03
  coppia3 [AB]: rawA=7.02 rawB=7.09
cat=prop N=90000000 floor_A=0.02 floor_B=0.02
  coppia1 [AB]: rawA=7.02 rawB=7.13
  coppia2 [BA]: rawA=6.99 rawB=7.16
  coppia3 [AB]: rawA=6.99 rawB=7.12
cat=calls N=60000000 floor_A=0.03 floor_B=0.03
  coppia1 [AB]: rawA=6.43 rawB=6.45
  coppia2 [BA]: rawA=6.37 rawB=6.46
  coppia3 [AB]: rawA=6.37 rawB=6.45
cat=str N=28000000 floor_A=0.02 floor_B=0.02
  coppia1 [AB]: rawA=4.43 rawB=4.43
  coppia2 [BA]: rawA=4.45 rawB=4.37
  coppia3 [AB]: rawA=4.42 rawB=4.40
cat=arr N=30000000 floor_A=0.02 floor_B=0.03
  coppia1 [AB]: rawA=4.47 rawB=4.52
  coppia2 [BA]: rawA=4.51 rawB=4.53
  coppia3 [AB]: rawA=4.51 rawB=4.53
cat=re N=12000000 floor_A=0.02 floor_B=0.02
  coppia1 [AB]: rawA=5.52 rawB=5.50
  coppia2 [BA]: rawA=5.50 rawB=5.53
  coppia3 [AB]: rawA=5.73 rawB=5.60
GIUDICE mc2: A=170.0 B=155.5 ns/iter D=+14.5 soglia=4.0 (rumore drop-1: A'=2.5 B'=3.5) -> SOPRA SOGLIA
riconciliazione UB mc2: D=+14.5 vs attesa [4.0;30.0]+rumore=3.5 -> DENTRO l'attesa [4;30] (bundle salto-funnel; alloc ≈0 per lezione AL3)
BANDA SMOKE VINCOLANTE mc2: D_smoke=+14.5 in [4.0;30.0] -> OK, si procede al R=5
guardia missload: A=278.0 B=279.0 D=-1.0 soglia_reg=-4.0 [max(4, drop-1); rumore drop-1 A'=1.0 B'=2.0] -> ok
guardia arrload: A=293.0 B=296.0 D=-3.0 soglia_reg=-4.0 [max(4, drop-1); rumore drop-1 A'=4.0 B'=2.0] -> ok
guardia strmap: A=101.0 B=101.0 D=+0.0 soglia_reg=-4.0 [max(4, drop-1); rumore drop-1 A'=1.0 B'=2.0] -> ok
guardia arrfilter: A=178.0 B=182.0 D=-4.0 soglia_reg=-4.0 [max(4, drop-1); rumore drop-1 A'=0.0 B'=2.0] -> REGRESSIONE
EMENDA rev. S-161 #4: guardia arrfilter morde allo smoke — ARBITRATO DICHIARATO DOVUTO prima del R=5 (come la banda, mai assoluzione ex post)
guardia arrmap: A=114.0 B=114.0 D=+0.0 soglia_reg=-4.0 [max(4, drop-1); rumore drop-1 A'=1.0 B'=2.0] -> ok
guardia refl: A=353.0 B=353.0 D=+0.0 soglia_reg=-5.0 [max(4, drop-1); rumore drop-1 A'=3.0 B'=5.0] -> ok
guardia hostargs: A=197.0 B=198.0 D=-1.0 soglia_reg=-4.0 [max(4, drop-1); rumore drop-1 A'=1.0 B'=1.0] -> ok
guardia backtrace: A=454.2 B=454.2 D=+0.0 soglia_reg=-4.2 [max(4, drop-1); rumore drop-1 A'=4.2 B'=4.2] -> ok
guardia objdropdef: A=1023.3 B=1020.0 D=+3.3 soglia_reg=-6.7 [max(4, drop-1); rumore drop-1 A'=6.7 B'=6.7] -> ok
guardia objchurn: A=1180.0 B=1190.0 D=-10.0 soglia_reg=-13.3 [banda fondata=6.7; rumore drop-1 A'=3.3 B'=13.3] -> ok
guardia objdatains: A=953.3 B=960.0 D=-6.7 soglia_reg=-6.7 [max(4, drop-1); rumore drop-1 A'=3.3 B'=6.7] -> ok
guardia objalloc: A=800.0 B=800.0 D=+0.0 soglia_reg=-13.3 [banda fondata=13.3; rumore drop-1 A'=3.3 B'=6.7] -> ok
guardia objallocni: A=733.3 B=730.0 D=+3.3 soglia_reg=-10.0 [banda fondata=10.0; rumore drop-1 A'=3.3 B'=0.0] -> ok
guardia objmap: A=116.7 B=120.0 D=-3.3 soglia_reg=-4.0 [banda fondata=3.3; rumore drop-1 A'=0.0 B'=3.3] -> ok
guardia arith: A=46.7 B=46.7 D=-0.1 soglia_reg=-4.0 [SL=0.94; rumore drop-1 A'=0.1 B'=0.4] -> ok
guardia prop: A=77.4 B=79.0 D=-1.6 soglia_reg=-4.0 [SL=0.8; rumore drop-1 A'=0.3 B'=0.4] -> ok
guardia calls: A=105.7 B=107.0 D=-1.3 soglia_reg=-4.0 [SL=0.73; rumore drop-1 A'=1.0 B'=0.2] -> ok
guardia str: A=157.5 B=156.4 D=+1.1 soglia_reg=-4.0 [SL=2.89; rumore drop-1 A'=1.1 B'=2.1] -> ok
guardia arr: A=149.7 B=150.0 D=-0.3 soglia_reg=-4.0 [SL=2.49; rumore drop-1 A'=1.3 B'=0.3] -> ok
guardia re: A=458.3 B=459.2 D=-0.8 soglia_reg=-19.2 [SL=4.46; rumore drop-1 A'=19.2 B'=8.3] -> ok
ESITO: GUARDIA MORDE
sentinella language-server fine finestra: /Applications/Antigravity /Users/francescotinti/.antigravity-ide/extensions/rust-lang.rust-analyzer-0.3.3025-darwin-arm64/server/rust-analyzer /Users/francescotinti/.local/share/uv/tools/serena-agent/bin/python3 /Users/francescotinti/.rustup/toolchains/1.96.0-aarch64-apple-darwin/libexec/rust-analyzer-proc-macro-srv /Users/francescotinti/.rustup/toolchains/stable-aarch64-apple-darwin/bin/rust-analyzer 
