== s165-ab-mc1 nulledit: A=fea4a2d0 MISURATO (pin s163 dallo stash) B=8ddd78c5 MISURATO R=3 ordine ALTERNATO; giudice=mc2 N=20000000 $o->f($s,1) k=2 ArgPlace dichiarato; soglia=max(4, drop-1) + VIETO su rumore>4 (az.rev. S-164 #5, rc=8); UB dal bundle CONTATO: alloc args-Vec ≈0 (lezione AL3) + salto method_call+dispatch_instance_call ⇒ attesa/BANDA SMOKE VINCOLANTE [4;30] + emenda rev. S-161 #4; guardie missload(N=10M, presidio AL2/AU1) + arrload(N=10M, L-AU1) + strmap(N=10M, L-AM2) + arrfilter(N=10M, L-AF1) + arrmap(N=10M, L-AM1) + refl(N=10M) + hostargs(N=10M) + backtrace24(N=2,4M) + obj* + sei, comparatore STRETTO; quiescenza rc=0; rc autoritativo = ab-out/nulledit.rc ==
sentinella language-server inizio finestra (az.rev. S-157 #4): /Applications/Antigravity /Users/francescotinti/.antigravity-ide/extensions/rust-lang.rust-analyzer-0.3.3025-darwin-arm64/server/rust-analyzer /Users/francescotinti/.local/share/uv/tools/serena-agent/bin/python3 /Users/francescotinti/.rustup/toolchains/1.96.0-aarch64-apple-darwin/libexec/rust-analyzer-proc-macro-srv /Users/francescotinti/.rustup/toolchains/stable-aarch64-apple-darwin/bin/rust-analyzer 
cat=mc2 N=20000000 floor_A=0.02 floor_B=0.02
  coppia1 [AB]: rawA=3.46 rawB=3.41
  coppia2 [BA]: rawA=3.45 rawB=3.38
  coppia3 [AB]: rawA=3.41 rawB=3.38
cat=missload N=10000000 floor_A=0.02 floor_B=0.03
  coppia1 [AB]: rawA=2.85 rawB=2.85
  coppia2 [BA]: rawA=2.78 rawB=2.85
  coppia3 [AB]: rawA=2.85 rawB=2.86
cat=arrload N=10000000 floor_A=0.02 floor_B=0.03
  coppia1 [AB]: rawA=2.96 rawB=3.02
  coppia2 [BA]: rawA=2.94 rawB=3.02
  coppia3 [AB]: rawA=2.96 rawB=3.00
cat=strmap N=10000000 floor_A=0.02 floor_B=0.02
  coppia1 [AB]: rawA=1.05 rawB=1.02
  coppia2 [BA]: rawA=1.04 rawB=1.03
  coppia3 [AB]: rawA=1.03 rawB=1.03
cat=arrfilter N=10000000 floor_A=0.02 floor_B=0.02
  coppia1 [AB]: rawA=1.80 rawB=1.83
  coppia2 [BA]: rawA=1.80 rawB=1.83
  coppia3 [AB]: rawA=1.79 rawB=1.83
cat=arrmap N=10000000 floor_A=0.02 floor_B=0.02
  coppia1 [AB]: rawA=1.16 rawB=1.17
  coppia2 [BA]: rawA=1.17 rawB=1.17
  coppia3 [AB]: rawA=1.17 rawB=1.17
cat=refl N=10000000 floor_A=0.02 floor_B=0.02
  coppia1 [AB]: rawA=3.56 rawB=3.58
  coppia2 [BA]: rawA=3.58 rawB=3.63
  coppia3 [AB]: rawA=3.57 rawB=3.53
cat=hostargs N=10000000 floor_A=0.02 floor_B=0.02
  coppia1 [AB]: rawA=1.98 rawB=2.00
  coppia2 [BA]: rawA=1.99 rawB=2.00
  coppia3 [AB]: rawA=1.99 rawB=2.00
cat=backtrace N=2400000 floor_A=0.02 floor_B=0.02
  coppia1 [AB]: rawA=1.12 rawB=1.11
  coppia2 [BA]: rawA=1.12 rawB=1.11
  coppia3 [AB]: rawA=1.11 rawB=1.12
cat=objdropdef N=3000000 floor_A=0.02 floor_B=0.02
  coppia1 [AB]: rawA=3.11 rawB=3.11
  coppia2 [BA]: rawA=3.08 rawB=3.11
  coppia3 [AB]: rawA=3.09 rawB=3.09
cat=objchurn N=3000000 floor_A=0.02 floor_B=0.02
  coppia1 [AB]: rawA=3.59 rawB=3.62
  coppia2 [BA]: rawA=3.54 rawB=3.57
  coppia3 [AB]: rawA=3.55 rawB=3.61
cat=objdatains N=3000000 floor_A=0.02 floor_B=0.02
  coppia1 [AB]: rawA=2.91 rawB=2.91
  coppia2 [BA]: rawA=2.89 rawB=2.94
  coppia3 [AB]: rawA=2.91 rawB=2.91
cat=objalloc N=3000000 floor_A=0.03 floor_B=0.02
  coppia1 [AB]: rawA=2.42 rawB=2.46
  coppia2 [BA]: rawA=2.42 rawB=2.43
  coppia3 [AB]: rawA=2.43 rawB=2.44
cat=objallocni N=3000000 floor_A=0.02 floor_B=0.02
  coppia1 [AB]: rawA=2.21 rawB=2.21
  coppia2 [BA]: rawA=2.21 rawB=2.21
  coppia3 [AB]: rawA=2.25 rawB=2.24
cat=objmap N=3000000 floor_A=0.02 floor_B=0.03
  coppia1 [AB]: rawA=0.37 rawB=0.37
  coppia2 [BA]: rawA=0.37 rawB=0.41
  coppia3 [AB]: rawA=0.37 rawB=0.37
cat=arith N=150000000 floor_A=0.02 floor_B=0.02
  coppia1 [AB]: rawA=7.04 rawB=7.02
  coppia2 [BA]: rawA=7.05 rawB=7.06
  coppia3 [AB]: rawA=6.99 rawB=7.10
cat=prop N=90000000 floor_A=0.02 floor_B=0.03
  coppia1 [AB]: rawA=7.02 rawB=7.00
  coppia2 [BA]: rawA=6.99 rawB=7.02
  coppia3 [AB]: rawA=6.99 rawB=6.95
cat=calls N=60000000 floor_A=0.02 floor_B=0.02
  coppia1 [AB]: rawA=6.39 rawB=6.36
  coppia2 [BA]: rawA=6.43 rawB=6.42
  coppia3 [AB]: rawA=6.42 rawB=6.37
cat=str N=28000000 floor_A=0.03 floor_B=0.03
  coppia1 [AB]: rawA=4.42 rawB=4.46
  coppia2 [BA]: rawA=4.43 rawB=4.43
  coppia3 [AB]: rawA=4.44 rawB=4.42
cat=arr N=30000000 floor_A=0.02 floor_B=0.02
  coppia1 [AB]: rawA=4.50 rawB=4.53
  coppia2 [BA]: rawA=4.50 rawB=4.50
  coppia3 [AB]: rawA=4.48 rawB=4.54
cat=re N=12000000 floor_A=0.02 floor_B=0.02
  coppia1 [AB]: rawA=5.52 rawB=5.47
  coppia2 [BA]: rawA=5.50 rawB=5.46
  coppia3 [AB]: rawA=5.48 rawB=5.47
GIUDICE mc2: A=171.5 B=168.0 ns/iter D=+3.5 soglia=4.0 (rumore drop-1: A'=2.5 B'=1.5) -> SOTTO SOGLIA
riconciliazione UB mc2: D=+3.5 vs attesa [4.0;30.0]+rumore=2.5 -> sotto soglia: nessun coeff
BANDA SMOKE VINCOLANTE mc2: D_smoke=+3.5 in [4.0;30.0] -> FUORI BANDA: rc=6, ARBITRATO census PRIMA del R=5 (criterio p.4)
guardia missload: A=283.0 B=282.0 D=+1.0 soglia_reg=-7.0 [max(4, drop-1); rumore drop-1 A'=7.0 B'=1.0] -> ok
guardia arrload: A=294.0 B=299.0 D=-5.0 soglia_reg=-4.0 [max(4, drop-1); rumore drop-1 A'=2.0 B'=2.0] -> REGRESSIONE
EMENDA rev. S-161 #4: guardia arrload morde allo smoke — ARBITRATO DICHIARATO DOVUTO prima del R=5 (come la banda, mai assoluzione ex post)
guardia strmap: A=102.0 B=101.0 D=+1.0 soglia_reg=-4.0 [max(4, drop-1); rumore drop-1 A'=2.0 B'=1.0] -> ok
guardia arrfilter: A=178.0 B=181.0 D=-3.0 soglia_reg=-4.0 [max(4, drop-1); rumore drop-1 A'=1.0 B'=0.0] -> ok
guardia arrmap: A=115.0 B=115.0 D=+0.0 soglia_reg=-4.0 [max(4, drop-1); rumore drop-1 A'=1.0 B'=0.0] -> ok
guardia refl: A=355.0 B=356.0 D=-1.0 soglia_reg=-10.0 [max(4, drop-1); rumore drop-1 A'=2.0 B'=10.0] -> ok
guardia hostargs: A=197.0 B=198.0 D=-1.0 soglia_reg=-4.0 [max(4, drop-1); rumore drop-1 A'=1.0 B'=0.0] -> ok
guardia backtrace: A=458.3 B=454.2 D=+4.2 soglia_reg=-4.2 [max(4, drop-1); rumore drop-1 A'=4.2 B'=4.2] -> ok
guardia objdropdef: A=1023.3 B=1030.0 D=-6.7 soglia_reg=-10.0 [max(4, drop-1); rumore drop-1 A'=10.0 B'=6.7] -> ok
guardia objchurn: A=1176.7 B=1196.7 D=-20.0 soglia_reg=-16.7 [banda fondata=6.7; rumore drop-1 A'=16.7 B'=16.7] -> REGRESSIONE
EMENDA rev. S-161 #4: guardia objchurn morde allo smoke — ARBITRATO DICHIARATO DOVUTO prima del R=5 (come la banda, mai assoluzione ex post)
guardia objdatains: A=963.3 B=963.3 D=+0.0 soglia_reg=-10.0 [max(4, drop-1); rumore drop-1 A'=6.7 B'=10.0] -> ok
guardia objalloc: A=796.7 B=806.7 D=-10.0 soglia_reg=-13.3 [banda fondata=13.3; rumore drop-1 A'=3.3 B'=10.0] -> ok
guardia objallocni: A=730.0 B=730.0 D=+0.0 soglia_reg=-13.3 [banda fondata=10.0; rumore drop-1 A'=13.3 B'=10.0] -> ok
guardia objmap: A=116.7 B=113.3 D=+3.3 soglia_reg=-13.3 [banda fondata=3.3; rumore drop-1 A'=0.0 B'=13.3] -> ok
guardia arith: A=46.8 B=46.9 D=-0.1 soglia_reg=-4.0 [SL=0.94; rumore drop-1 A'=0.4 B'=0.5] -> ok
guardia prop: A=77.4 B=77.4 D=+0.0 soglia_reg=-4.0 [SL=0.8; rumore drop-1 A'=0.3 B'=0.8] -> ok
guardia calls: A=106.7 B=105.8 D=+0.8 soglia_reg=-4.0 [SL=0.73; rumore drop-1 A'=0.7 B'=1.0] -> ok
guardia str: A=157.1 B=157.1 D=+0.0 soglia_reg=-4.0 [SL=2.89; rumore drop-1 A'=0.7 B'=1.4] -> ok
guardia arr: A=149.3 B=150.3 D=-1.0 soglia_reg=-4.0 [SL=2.49; rumore drop-1 A'=0.7 B'=1.3] -> ok
guardia re: A=456.7 B=454.2 D=+2.5 soglia_reg=-4.5 [SL=4.46; rumore drop-1 A'=3.3 B'=0.8] -> ok
ESITO: GUARDIA MORDE
sentinella language-server fine finestra: /Applications/Antigravity /Users/francescotinti/.antigravity-ide/extensions/rust-lang.rust-analyzer-0.3.3025-darwin-arm64/server/rust-analyzer /Users/francescotinti/.local/share/uv/tools/serena-agent/bin/python3 /Users/francescotinti/.rustup/toolchains/1.96.0-aarch64-apple-darwin/libexec/rust-analyzer-proc-macro-srv /Users/francescotinti/.rustup/toolchains/stable-aarch64-apple-darwin/bin/rust-analyzer 
