== S-171 LEVA L-SL1 «forma sigillata Long» fetta 1 — SINTESI MECCANICA (criterio s171-criterio.md p.2-3; A=pin s166 092dcff4, B=candidato 34afdc54e2f3cbe9 da commit 67d3b941, C=tetto m13 85adbfc0; giudici arith-dq N=250M E arith-e2 N=250M letti dal driver; R=5 ABAB; verdetto s171-leva4-verdetto.out rc=0) ==
dq: A=46.76 B=23.44 D=+23.32 rumore=0.32 soglia=4.00 -> NOMINATO; attesa [17;26] CENTRATA; B/oracle 2.71× (A 5.41×); statement (dq−e2) A=32.04 B=12.80 oracle=5.16
e2: A=14.72 B=10.64 D=+4.08 rumore=0.24 soglia=4.00 -> NOMINATO (a filo, 2 tick: stessa cifra del mock m8 +4.08); B/oracle 3.06× (A 4.23×)
TETTO m13 (contrasto, direzione+banda): dq C=24.48, B−C=−1.04 -> banda ≤5 «tetto riprodotto entro il match per op» (la forma GENERICA non paga il match per op oltre il rumore: attesa revisione S-170 «≈17» SMENTITA in direzione favorevole); e2 C=15.00 (m13 non tocca il loop), B−C=−4.36
KILL-1 (D_dq<10): NON scatta. Regressioni: nessuna. PROMOZIONE p.3: AMMESSA (D_dq nominata, D_e2 ≥ −rumore).
FORMA (p.1): zero unsafe; long_arith_i64/long_cmp_i64 = arm Long→Long di binary_fast VERBATIM (un match per op); store in place su dst Long; slow path #[cold] #[inline(never)] ×3 (nm: 3 simboli nuovi in B, 0 in A; 4 bl verso di essi in run_loop).
PARITÀ: A==B==C==atteso oracle su dq ed e2; dump loop B invariato (dq: CmpJmpSC·BinarySCSCDst·Sweep·IncDecSlotJmp; e2: CmpJmpSC·IncDecSlotJmp); fx-sl1 (bilaterale, 62 righe): pin==oracle byte-id E B==oracle byte-id; fx-sl1-div: pin==stash s166 byte-id E B==stash s166 byte-id (§3.11/§3.13 invariate).
DISASM bl run_loop: A 6036 -> B 5970 (Δ −66). EMENDA DICHIARATA all'attesa p.4 (+2..+4): l'attesa contava solo le chiamate ai #[cold] nuove, NON le chiamate uscite da run_loop coi corpi originali (to_zval×3, binary_value_ab×5, reg_load_slot×3, reg_store_slot, read_slot, compute_incdec/raise_diags/store_slot); Δ negativo = meccanismo dei corpi fuori linea, non inliner flippato (bl run_loop resta ordine 6000). Denti: run.rs 6917 -> 7091 (+174: helper, 3 metodi cold, commenti-leva).
TENTATIVI A/B: leva rc=9 (lock creato in pre-flight con «S-171», il copione cerca il TOKEN s171: difetto di copione curato in corsa, nessun numero letto) · leva2 rc=8 (quiescenza: pgrep -f "phpr|php-server" morde l'argv del tool-shell in attesa e del lanciatore = falso positivo classe S-170) · leva3 rc=8 (idem, lanciatore) · leva4 rc=0 con bracci via symlink neutri /private/tmp/s171-bins/{A,B,C} (mappa: A=pin, B=candidato target dedicato /private/tmp/s171-leva-tgt, C=stash phpr-s170-m13).
NOTA sull'oracle e2: la cifra e2O oscilla 0,85-0,95 s (mediana 3,48 ns/iter vs 3,3-3,6 di scoreboard): lettura, non giudizio.
== AZ.REV. S-170 (eseguite dopo l'A/B, prima della promozione) ==
#4 m8 a N=1G (s171-m8-1g-verdetto.out, rc=0; A=stash phpr-s168-m0 36d73812 == m0 S-170, B=stash phpr-s170-m8; N dal driver): e2-1g A=14.900 B=10.470 D=+4.430 rumore 0.36 -> NOMINATO oltre il tick (S-170: +4,08 a 2 tick); per-op A 7.45 B 5.24 oracle 1.64; guardia dq −5.88 registrata. Rilievo #4 CHIUSO.
#2 xctrace pin/B/m13 su dq (s171-xctrace-verdetto.out, rc=7): p-dq registrato (xc-p-dq.xml), `xctrace record` CRASHATO sul braccio B («Trace/BPT trap: 5», nessuna quota letta) e ha lasciato un ktrace da 8,4G in $DARWIN_USER_TEMP_DIR + xc-b-dq.trace (purgati alle 18:55; Data 2G→12G). INCIDENTE di sessione #1 (classe S-169: residui xctrace su fallimento — la purge del copione sta DOPO l'export, non in trap di uscita). Rilievo #2 RESTA APERTO: rieseguire quando Data ≥ 20G (un record costa ~8G di ktrace), con purge in `trap EXIT`.
== PROMOZIONE (s171-promo-verdetto.out, rc=0 al tentativo 2; tentativo 1 archiviato s171-promo-verdetto-tentativo1.out) ==
tentativo 1: batteria rc=101 = dente loc run.rs 7091 > cap 6917 (il gate ha morso la leva promossa): cap alzato a 7091 con DICHIARAZIONE nel test (REGOLE §5, come +102 S-166), commit 9ecf6f0a; nessun altro fallimento.
tentativo 2: build ricetta = b360b2933eddfe18 (≠ candidato 34afdc54 SOLO per LC_UUID+firma, 47 B in 2 cluster: identità a CONTENUTO dichiarata) · batteria rc=0 1748/0/2, inventario baseline s125 + 2 denti · re-build post-batteria al byte · PIN phpr s171 = b360b2933eddfe18 (stash phpr-s171) · corpus rc=0 nomi 1412 ×2 + golden + off↔on, ZERO flip · fixture chain 10/10 · 15 gate fixture byte-id (fx-sl1 oracle==pin; fx-sl1-div pin==stash s166) · micro R=5: arith 2.7 · prop 5.2 · calls 4.8 · str 4.1 · arr 3.2 · re 2.5 (pin s166: 5.4 · 5.5 · 4.8 · 4.2 · 3.2 · 2.5) ⇒ TAPPA ≤3× su ARITH RAGGIUNTA · conferma post-pin dq vs stash s166: D=+23.36 5/5 rumore 0.40 · ORM 3484: fail-set per NOME == baseline 16 · http-kernel 1665 0E/0F · PIN server s171 = b3ddaede545ba894 @ 7d76ef88.
DISCO durante la promozione: Data 12G → 2-3G (consumo NON del progetto: target 1,8G, temp 11M, promo-out 40M) → 6G a fine; nessun ENOSPC. Da capire in pre-flight S-172.
COPPIA WP+ORM DOVUTA: lanciata 19:27 (s171-lancio-pair.sh → s171-pair.sh t17 → s171-lancio-orm.sh → s171-orm-coppia.sh); esiti in s171-pair-verdetto-t17.out / s171-orm-coppia-verdetto.out; rc da pair-out/pair171-t17.done e orm-out/rimisura.done.
COPPIA WP t17 (s171-pair-verdetto-t17.out, rc=0, 6 gambe ON pulite): mediana_t17=1.776 in banda [1,738;1,799] -> COMPATIBILE, nessun claim (t15 1,746 · t16 1,749: +0,03 dentro banda; attesa L-SL1 su WP dichiarata SOTTO-risoluzione); full oracle ~442 s vs phpr ~787 s; media user-only 2,43-2,44; peak phpr 1724-1766 MiB; ictx/s oracle 1222 phpr 212 per motore. ORM: in corso.
COPPIA ORM (s171-orm-coppia-verdetto.out, rc=0, 22:37): rapporto net [6.980; 7.076] vs registrato [7.023; 7.053] -> COMPATIBILE; Delta_norm [-0.30; +0.25] NON giudicante (sentinella oracle 4,95 fuori banda [4,83;4,94] di un tick su una gamba, come t16: ri-fondazione banda ancora dovuta); parità ORM 16 nomi == baseline, dbal 10 stabile; gambe ictx segnalate [oracle2] a verbale. COPPIA DOVUTA al pin s171: CHIUSA (WP 1,776 in banda · ORM [6,980;7,076]).
