lock CI: presente (finestra di sessione, non lo tocco)
  cluster 0x838-0x847: LC_UUID
  cluster 0xe508b0-0xe508cf: firma
  tot 47 B in 2 cluster
promozione: identità candidato a CONTENUTO (cluster LC_UUID/firma/banner) — pin effettivo = b360b2933eddfe18 (dichiarato)
promozione batteria: rc=0 (da promo-out/batteria.rc) · 1748/0/2 · inventario: baseline s125 + 2 denti (dichiarati: nessun_sorgente_rs_oltre_cap rczval_pattern_resta_nel_funnel)
promozione batteria: debug_backtrace_array_fields VERDE
promozione: churn batteria neutralizzato (build ricetta → b360b2933eddfe18 al byte)
promozione: PIN phpr s171 = b360b2933eddfe18 (smoke parità 2 modi OK, stash phpr-s171, registrato+committato). I gate del protocollo (batteria/corpus/fixture/micro) restano dovuti.
promozione corpus-gate: rc=0 — nomi==congelato (1412), CONTENUTO==golden, off-on zero (ZERO flip come atteso, L-SL1)
promozione fixture chain: rc=0 (10 gate: hc1 move recv fx20 fx21 w9 preg teardown stash backtrace)
promozione gate fxce: oracle==pin BYTE-ID (12 forme class/interface/trait_exists)
promozione gate sonda-bt: pin==stash s166 BYTE-ID (contratto autoload/backtrace §3.25 invariato)
promozione gate fxrefl: pin==stash s166 BYTE-ID (contratto __reflect_* L-RF2 invariato)
promozione gate fxam: oracle==pin BYTE-ID (20 forme array_map v2, fast E pieno)
promozione gate fxaf: oracle==pin BYTE-ID (13 forme array_filter, fast E pieno)
promozione gate fxsm: oracle==pin BYTE-ID (forme string-callable, fast E pieno — presidio L-AM2)
promozione gate fxsmdiv: pin==stash s166 BYTE-ID (3 divergenze §3.26 PRE-esistenti INVARIATE)
promozione gate fxau: oracle==pin BYTE-ID (10 forme loader array-callable — presidio L-AU1)
promozione gate fxaudiv: pin==stash s166 BYTE-ID (divergenza §3.27 PRE-esistente INVARIATA)
promozione gate fxmck: oracle==pin BYTE-ID (method-call k=3/k=5 — presidio L-MCk (S-166: ==oracle))
promozione gate fxmc: pin==stash s166 BYTE-ID (method-call fast path L-MC1 (S-165) invariato)
promozione gate fxmc2: pin==stash s166 BYTE-ID (§3.28 ordine SEND_VAR_EX/dtor temp PRE-esistente INVARIATO)
promozione gate fxmc2fib: pin==stash s166 BYTE-ID (§3.29 Fiber non final PRE-esistente INVARIATO)
promozione gate fxsl1: oracle==pin BYTE-ID (presidio DIRETTO L-SL1: overflow/shift/Div/Mod/Pow/Ref/Double/stringa/null/bool/dst==l/typed-ref/IncDec limiti/CmpJmpSC 8 forme)
promozione gate fxsl1div: pin==stash s166 BYTE-ID (forme con diag §3.11/§3.13 PRE-esistenti INVARIATE)
promozione quiescenza: PASS al tentativo 1
promozione micro pin s171: rapporto_arith=2.7  [derivata: companion 1.17/0.43] rapporto_prop=5.2  [derivata: companion 2.18/0.42] rapporto_calls=4.8  [derivata: companion 2.09/0.44] rapporto_str=4.1  [derivata: companion 0.61/0.15] rapporto_arr=3.2  [derivata: companion 0.93/0.29] rapporto_re=2.5  [derivata: companion 0.93/0.37] 
conferma post-pin arith-dq (pin s171 vs stash s166): D=+23.36 rumore=0.40 segni=5/5 A=46.96 B=23.60 ns/iter (N=250000000 dal driver) (attesa: segno +, D nell'intorno del D_dq dell'A/B; rumore > attesa/2 ⇒ SOLO SEGNO)
promozione gate ORM: fail-set per NOME == baseline (16 nomi) · Tests: 3484, Assertions: 11989, Errors: 3, Failures: 13, Skipped: 59, Incomplete: 2.
promozione gate http-kernel: 0E/0F · Tests: 1665, Assertions: 3850, PHPUnit Warnings: 2, Warnings: 5, Deprecations: 128.
promozione server: PIN server s171 = b3ddaede545ba894 @ 7d76ef88 (smoke OK, stashato, registrato+committato). pin phpr INVARIATO (b360b2933eddfe18)
PROMOZIONE COMPLETA rc=0 (da promo-out/rcb): pin s171 = b360b2933eddfe18
