== s171 coppia WP full+media sul pin s171 MISURATO phpr=b360b2933eddfe18 server=b3ddaede545ba894 tentativo=t17 (criteri s132/s146/s148 EREDITATI + s171-criterio-pair-t17.md: giudizio a MEDIANA per finestra, az.rev.3 S-149) ==
grade=VERDICT  # derivazione meccanica dai .time; rc autoritativo = pair-out/pair171-t17.done
# full: cpu=user+sys (etichettato); media: CANONICA=user-only + companion (az.rev. S-128 #3)
# az.rev. S-131 #3: riferimento PER CONFIGURAZIONE, ON-ONLY = canonico; firma per gamba
# az.rev. S-136 #2: lettura firma PRE-REGISTRATA: >150% med MOTORE = SPORCA (esclusa); 120-150% = ELEVATA (nel canone, annotata); <=120% pulita
quiescenza warmup: rc=0 (file: pair-out/quiesce-t17-warmup.rc)
quiescenza leg1-on: rc=0 (file: pair-out/quiesce-t17-leg1-on.rc)
quiescenza leg2-on: rc=0 (file: pair-out/quiesce-t17-leg2-on.rc)
quiescenza leg3-on: rc=0 (file: pair-out/quiesce-t17-leg3-on.rc)
quiescenza leg4-on: rc=0 (file: pair-out/quiesce-t17-leg4-on.rc)
quiescenza leg5-on: rc=0 (file: pair-out/quiesce-t17-leg5-on.rc)
quiescenza leg6-on: rc=0 (file: pair-out/quiesce-t17-leg6-on.rc)
leg1-on: ictx/s oracle=1246 phpr=212  contesa ok
  firma leg1-on: ictx%med oracle=102% phpr=100% rank_cpu_oracle=6/6 (1=piu' veloce)
leg2-on: ictx/s oracle=1221 phpr=207  contesa ok
  firma leg2-on: ictx%med oracle=100% phpr=98% rank_cpu_oracle=3/6 (1=piu' veloce)
leg3-on: ictx/s oracle=1209 phpr=209  contesa ok
  firma leg3-on: ictx%med oracle=99% phpr=99% rank_cpu_oracle=1/6 (1=piu' veloce)
leg4-on: ictx/s oracle=1237 phpr=216  contesa ok
  firma leg4-on: ictx%med oracle=101% phpr=102% rank_cpu_oracle=5/6 (1=piu' veloce)
leg5-on: ictx/s oracle=1194 phpr=211  contesa ok
  firma leg5-on: ictx%med oracle=98% phpr=100% rank_cpu_oracle=2/6 (1=piu' veloce)
leg6-on: ictx/s oracle=1222 phpr=223  contesa ok
  firma leg6-on: ictx%med oracle=100% phpr=105% rank_cpu_oracle=4/6 (1=piu' veloce)
ictx_s_mediana_oracle=1222 ictx_s_mediana_phpr=212  # PER MOTORE
gambe pulite: ['leg1-on', 'leg2-on', 'leg3-on', 'leg4-on', 'leg5-on', 'leg6-on']
leg1-on: full_oracle_cpu=446.72 full_phpr_cpu=787.48 proprio=1.763 peak_phpr_MiB=1742.3
leg2-on: full_oracle_cpu=442.28 full_phpr_cpu=784.14 proprio=1.773 peak_phpr_MiB=1751.2
leg3-on: full_oracle_cpu=441.26 full_phpr_cpu=791.54 proprio=1.794 peak_phpr_MiB=1765.6
leg4-on: full_oracle_cpu=443.17 full_phpr_cpu=786.44 proprio=1.775 peak_phpr_MiB=1729.9
leg5-on: full_oracle_cpu=442.26 full_phpr_cpu=789.25 proprio=1.785 peak_phpr_MiB=1724.4
leg6-on: full_oracle_cpu=442.33 full_phpr_cpu=786.63 proprio=1.778 peak_phpr_MiB=1724.1
replica_peak_senza_inserzione (p.5): leg1-on=1742.3 leg2-on=1751.2 leg3-on=1765.6 leg4-on=1729.9 leg5-on=1724.4 leg6-on=1724.1
replica_peak lettura: 6/6 basse (<=1825) -> livello BASSO unico (il doppio livello NON si riproduce)
matrice full (gambe PULITE) phpr(riga)/oracle(colonna):
  leg1-on/leg1-on=1.763  leg1-on/leg2-on=1.781  leg1-on/leg3-on=1.785  leg1-on/leg4-on=1.777  leg1-on/leg5-on=1.781  leg1-on/leg6-on=1.780
  leg2-on/leg1-on=1.755  leg2-on/leg2-on=1.773  leg2-on/leg3-on=1.777  leg2-on/leg4-on=1.769  leg2-on/leg5-on=1.773  leg2-on/leg6-on=1.773
  leg3-on/leg1-on=1.772  leg3-on/leg2-on=1.790  leg3-on/leg3-on=1.794  leg3-on/leg4-on=1.786  leg3-on/leg5-on=1.790  leg3-on/leg6-on=1.789
  leg4-on/leg1-on=1.760  leg4-on/leg2-on=1.778  leg4-on/leg3-on=1.782  leg4-on/leg4-on=1.775  leg4-on/leg5-on=1.778  leg4-on/leg6-on=1.778
  leg5-on/leg1-on=1.767  leg5-on/leg2-on=1.785  leg5-on/leg3-on=1.789  leg5-on/leg4-on=1.781  leg5-on/leg5-on=1.785  leg5-on/leg6-on=1.784
  leg6-on/leg1-on=1.761  leg6-on/leg2-on=1.779  leg6-on/leg3-on=1.783  leg6-on/leg4-on=1.775  leg6-on/leg5-on=1.779  leg6-on/leg6-on=1.778
full_intervallo_PULITO_misto=1.755-1.794  # companion (miscela config)
coppie_proprie_PULITE_miste=1.763-1.794 (N=6)
coppie_proprie_user_only_miste=1.766-1.792
full_on_only_coppie_proprie=1.763-1.794 (N=6) CANONICO
full_on_only_intervallo=1.755-1.794
mediana_t17=1.776 (N=6 coppie proprie ON PULITE; mediane storiche t1=1.799 t2=1.738 t3=1.789 t4=1.781 t5=1.757 t6=1.771 t7=1.795 t8=1.754 t9=1.767 t10=1.760 t11=1.765 t12=1.767 t13=1.763 t14=1.761 t15=1.746 t16=1.749)
giudizio_MEDIANA (canonico, criterio t17 p.2): COMPATIBILE (mediana in [1.738; 1.799]) — nessun claim
companion banda-unione (descrittivo): coppie in [1.722-1.823]: 6/6
banda_ON_fondata=0.031 (max-min di N=6 coppie proprie ON PULITE; unione finestre nel verdetto di sessione)
media_leg1-on: user_only_CANONICA=2.443 user+sys_companion=2.416
media_leg2-on: user_only_CANONICA=2.442 user+sys_companion=2.420
media_leg3-on: user_only_CANONICA=2.435 user+sys_companion=2.395
media_leg4-on: user_only_CANONICA=2.440 user+sys_companion=2.392
media_leg5-on: user_only_CANONICA=2.434 user+sys_companion=2.410
media_leg6-on: user_only_CANONICA=2.449 user+sys_companion=2.423
parita_leg1-on: media=OK(vuoto) full=OK(solo wp_is_stream #2)
parita_leg2-on: media=OK(vuoto) full=OK(solo wp_is_stream #2)
parita_leg3-on: media=OK(vuoto) full=OK(solo wp_is_stream #2)
parita_leg4-on: media=OK(vuoto) full=OK(solo wp_is_stream #2)
parita_leg5-on: media=OK(vuoto) full=OK(solo wp_is_stream #2)
parita_leg6-on: media=OK(vuoto) full=OK(solo wp_is_stream #2)
deriva_test (s148 p.4, N=6 critico 0,829): rho_A(leg,peak)=-0.771 -> nessuna firma di deriva; rho_B(peak,rapporto)=-0.029 -> accoppiamento NON confermato
sentinella language-server inizio finestra (az.rev. S-157 #4): /Applications/Antigravity /Users/francescotinti/.local/share/uv/tools/serena-agent/bin/python3 /Users/francescotinti/.rustup/toolchains/1.96.0-aarch64-apple-darwin/libexec/rust-analyzer-proc-macro-srv /Users/francescotinti/.rustup/toolchains/stable-aarch64-apple-darwin/bin/rust-analyzer /Users/francescotinti/.rustup/toolchains/stable-aarch64-apple-darwin/libexec/rust-analyzer-proc-macro-srv 
sentinella language-server fine finestra: /Applications/Antigravity /Users/francescotinti/.local/share/uv/tools/serena-agent/bin/python3 /Users/francescotinti/.rustup/toolchains/1.96.0-aarch64-apple-darwin/libexec/rust-analyzer-proc-macro-srv /Users/francescotinti/.rustup/toolchains/stable-aarch64-apple-darwin/bin/rust-analyzer /Users/francescotinti/.rustup/toolchains/stable-aarch64-apple-darwin/libexec/rust-analyzer-proc-macro-srv 
