== s133-ab ab-ctor: A=6af6e497(pin s132) B=c87439a9 R=5 ordine ALTERNATO; giudici=objalloc+objdatains (ENTRAMBI sopra soglia); soglia=max(4, drop-1, spread-batch s132 6.7); bande fondate objchurn 13.3/objmap 10.0; UB=35.4; quiescenza rc=0 (file: ab-out/quiesce-ab-ctor.rc); rc autoritativo = ab-out/ab-ctor.rc ==
cat=objalloc N=3000000 floor_A=0.02 floor_B=0.02
  coppia1 [AB]: rawA=3.00 rawB=2.88
  coppia2 [BA]: rawA=2.96 rawB=2.80
  coppia3 [AB]: rawA=3.08 rawB=2.85
  coppia4 [BA]: rawA=2.96 rawB=2.84
  coppia5 [AB]: rawA=2.98 rawB=2.83
cat=objdatains N=3000000 floor_A=0.02 floor_B=0.02
  coppia1 [AB]: rawA=3.62 rawB=3.52
  coppia2 [BA]: rawA=3.62 rawB=3.56
  coppia3 [AB]: rawA=3.61 rawB=3.52
  coppia4 [BA]: rawA=3.62 rawB=3.55
  coppia5 [AB]: rawA=3.62 rawB=3.53
cat=objchurn N=3000000 floor_A=0.02 floor_B=0.02
  coppia1 [AB]: rawA=4.40 rawB=4.33
  coppia2 [BA]: rawA=4.36 rawB=4.31
  coppia3 [AB]: rawA=4.40 rawB=4.32
  coppia4 [BA]: rawA=4.39 rawB=4.32
  coppia5 [AB]: rawA=4.41 rawB=4.34
cat=objmap N=3000000 floor_A=0.02 floor_B=0.02
  coppia1 [AB]: rawA=0.55 rawB=0.54
  coppia2 [BA]: rawA=0.55 rawB=0.54
  coppia3 [AB]: rawA=0.54 rawB=0.54
  coppia4 [BA]: rawA=0.54 rawB=0.54
  coppia5 [AB]: rawA=0.54 rawB=0.54
cat=arith N=150000000 floor_A=0.02 floor_B=0.03
  coppia1 [AB]: rawA=7.37 rawB=7.06
  coppia2 [BA]: rawA=7.33 rawB=7.07
  coppia3 [AB]: rawA=7.39 rawB=7.12
  coppia4 [BA]: rawA=7.36 rawB=7.12
  coppia5 [AB]: rawA=7.36 rawB=7.08
cat=prop N=90000000 floor_A=0.03 floor_B=0.02
  coppia1 [AB]: rawA=7.08 rawB=6.99
  coppia2 [BA]: rawA=7.06 rawB=7.02
  coppia3 [AB]: rawA=7.06 rawB=6.95
  coppia4 [BA]: rawA=7.02 rawB=6.99
  coppia5 [AB]: rawA=7.05 rawB=6.98
cat=calls N=60000000 floor_A=0.02 floor_B=0.02
  coppia1 [AB]: rawA=6.44 rawB=6.41
  coppia2 [BA]: rawA=6.45 rawB=6.41
  coppia3 [AB]: rawA=6.47 rawB=6.41
  coppia4 [BA]: rawA=6.44 rawB=6.44
  coppia5 [AB]: rawA=6.44 rawB=6.38
cat=str N=28000000 floor_A=0.02 floor_B=0.02
  coppia1 [AB]: rawA=4.50 rawB=4.41
  coppia2 [BA]: rawA=4.46 rawB=4.43
  coppia3 [AB]: rawA=4.55 rawB=4.41
  coppia4 [BA]: rawA=4.48 rawB=4.41
  coppia5 [AB]: rawA=4.49 rawB=4.46
cat=arr N=30000000 floor_A=0.02 floor_B=0.02
  coppia1 [AB]: rawA=4.56 rawB=4.50
  coppia2 [BA]: rawA=4.53 rawB=4.49
  coppia3 [AB]: rawA=4.55 rawB=4.49
  coppia4 [BA]: rawA=4.55 rawB=4.53
  coppia5 [AB]: rawA=4.63 rawB=4.52
cat=re N=12000000 floor_A=0.03 floor_B=0.03
  coppia1 [AB]: rawA=5.53 rawB=5.50
  coppia2 [BA]: rawA=5.55 rawB=5.53
  coppia3 [AB]: rawA=5.52 rawB=5.49
  coppia4 [BA]: rawA=5.55 rawB=5.53
  coppia5 [AB]: rawA=5.55 rawB=5.51
GIUDICE objalloc: A=986.7 B=940.0 ns/iter D=+46.7 soglia=16.7 (rumore drop-1: A'=13.3 B'=16.7; spread-batch s132=6.7) -> SOPRA SOGLIA
riconciliazione objalloc: D_smoke=+36.7 D_R5=+46.7 |diff|=10.0 -> in banda
riconciliazione UB objalloc: D=+46.7 vs UB modello=35.4 -> FUORI BANDA (D>UB)
GIUDICE objdatains: A=1200.0 B=1170.0 ns/iter D=+30.0 soglia=10.0 (rumore drop-1: A'=0.0 B'=10.0; spread-batch s132=6.7) -> SOPRA SOGLIA
riconciliazione objdatains: D_smoke=+31.7 D_R5=+30.0 |diff|=1.7 -> in banda
riconciliazione UB objdatains: D=+30.0 vs UB modello=35.4 -> dentro UB
guardia objchurn: A=1460.0 B=1433.3 D=+26.7 soglia_reg=-13.3 [banda fondata=13.3] -> ok
guardia objmap: A=173.3 B=173.3 D=+0.0 soglia_reg=-10.0 [banda fondata=10.0] -> ok
guardia arith: A=48.9 B=47.0 D=+1.9 soglia_reg=-4.0 [SL=0.94] -> ok
guardia prop: A=78.1 B=77.4 D=+0.7 soglia_reg=-4.0 [SL=0.8] -> ok
guardia calls: A=107.0 B=106.5 D=+0.5 soglia_reg=-4.0 [SL=0.73] -> ok
guardia str: A=159.6 B=156.8 D=+2.9 soglia_reg=-4.0 [SL=2.89] -> ok
guardia arr: A=151.0 B=149.3 D=+1.7 soglia_reg=-4.0 [SL=2.49] -> ok
guardia re: A=460.0 B=456.7 D=+3.3 soglia_reg=-4.5 [SL=4.46] -> ok
ESITO: PROMOSSA (entrambi i giudici sopra soglia, guardie ok)
