== s153-ab3 smoke-bt2: A=f95a1067(gemello tree) B=8370c257 R=2 ordine ALTERNATO; giudice=backtrace N=150000 dichiarato; soglia=max(4, drop-1); UB falsificabile=160 (23 alloc x miheap 6.9); niente companion; guardie obj* + sei; quiescenza rc=0; rc autoritativo = ab-out/smoke-bt2.rc ==
cat=backtrace N=150000 floor_A=0.03 floor_B=0.03
  coppia1 [AB]: rawA=0.13 rawB=0.09
  coppia2 [BA]: rawA=0.13 rawB=0.09
cat=objdropdef N=3000000 floor_A=0.03 floor_B=0.02
  coppia1 [AB]: rawA=3.10 rawB=3.09
  coppia2 [BA]: rawA=3.09 rawB=3.09
cat=objchurn N=3000000 floor_A=0.03 floor_B=0.03
  coppia1 [AB]: rawA=3.55 rawB=3.54
  coppia2 [BA]: rawA=3.54 rawB=3.56
cat=objdatains N=3000000 floor_A=0.02 floor_B=0.03
  coppia1 [AB]: rawA=2.91 rawB=2.90
  coppia2 [BA]: rawA=2.92 rawB=2.90
cat=objalloc N=3000000 floor_A=0.03 floor_B=0.03
  coppia1 [AB]: rawA=2.42 rawB=2.43
  coppia2 [BA]: rawA=2.43 rawB=2.43
cat=objallocni N=3000000 floor_A=0.03 floor_B=0.03
  coppia1 [AB]: rawA=2.21 rawB=2.22
  coppia2 [BA]: rawA=2.24 rawB=2.23
cat=objmap N=3000000 floor_A=0.02 floor_B=0.02
  coppia1 [AB]: rawA=0.37 rawB=0.38
  coppia2 [BA]: rawA=0.37 rawB=0.37
cat=arith N=150000000 floor_A=0.02 floor_B=0.03
  coppia1 [AB]: rawA=7.26 rawB=7.18
  coppia2 [BA]: rawA=9.67 rawB=9.45
cat=prop N=90000000 floor_A=0.02 floor_B=0.02
  coppia1 [AB]: rawA=7.05 rawB=7.00
  coppia2 [BA]: rawA=7.06 rawB=7.00
cat=calls N=60000000 floor_A=0.02 floor_B=0.02
  coppia1 [AB]: rawA=6.41 rawB=6.43
  coppia2 [BA]: rawA=6.39 rawB=6.38
cat=str N=28000000 floor_A=0.02 floor_B=0.02
  coppia1 [AB]: rawA=4.54 rawB=4.45
  coppia2 [BA]: rawA=4.48 rawB=4.45
cat=arr N=30000000 floor_A=0.02 floor_B=0.03
  coppia1 [AB]: rawA=4.72 rawB=4.67
  coppia2 [BA]: rawA=4.67 rawB=4.67
cat=re N=12000000 floor_A=0.03 floor_B=0.03
  coppia1 [AB]: rawA=5.51 rawB=5.52
  coppia2 [BA]: rawA=5.52 rawB=5.52
GIUDICE backtrace: A=666.7 B=400.0 ns/iter D=+266.7 soglia=4.0 (rumore drop-1: A'=0.0 B'=0.0) -> SOPRA SOGLIA
riconciliazione UB backtrace: D=+266.7 vs UB=160.0+rumore=0.0 -> FUORI BANDA SOPRA (reperto a verbale, sonda dovuta)
guardia objdropdef: A=1021.7 B=1023.3 D=-1.7 soglia_reg=-4.0 [max(4, drop-1); rumore drop-1 A'=3.3 B'=0.0] -> ok
guardia objchurn: A=1171.7 B=1173.3 D=-1.7 soglia_reg=-6.7 [banda fondata=6.7; rumore drop-1 A'=3.3 B'=6.7] -> ok
guardia objdatains: A=965.0 B=956.7 D=+8.3 soglia_reg=-4.0 [max(4, drop-1); rumore drop-1 A'=3.3 B'=0.0] -> ok
guardia objalloc: A=798.3 B=800.0 D=-1.7 soglia_reg=-13.3 [banda fondata=13.3; rumore drop-1 A'=3.3 B'=0.0] -> ok
guardia objallocni: A=731.7 B=731.7 D=+0.0 soglia_reg=-10.0 [banda fondata=10.0; rumore drop-1 A'=10.0 B'=3.3] -> ok
guardia objmap: A=116.7 B=118.3 D=-1.7 soglia_reg=-4.0 [banda fondata=3.3; rumore drop-1 A'=0.0 B'=3.3] -> ok
guardia arith: A=56.3 B=55.2 D=+1.1 soglia_reg=-16.1 [SL=0.94; rumore drop-1 A'=16.1 B'=15.1] -> ok
guardia prop: A=78.2 B=77.6 D=+0.6 soglia_reg=-4.0 [SL=0.8; rumore drop-1 A'=0.1 B'=0.0] -> ok
guardia calls: A=106.3 B=106.4 D=-0.1 soglia_reg=-4.0 [SL=0.73; rumore drop-1 A'=0.3 B'=0.8] -> ok
guardia str: A=160.4 B=158.2 D=+2.1 soglia_reg=-4.0 [SL=2.89; rumore drop-1 A'=2.1 B'=0.0] -> ok
guardia arr: A=155.8 B=154.7 D=+1.2 soglia_reg=-4.0 [SL=2.49; rumore drop-1 A'=1.7 B'=0.0] -> ok
guardia re: A=457.1 B=457.5 D=-0.4 soglia_reg=-4.5 [SL=4.46; rumore drop-1 A'=0.8 B'=0.0] -> ok
ESITO: SOPRA SOGLIA (giudice ok, guardie ok)
