lock CI: presente (finestra di sessione, non lo tocco)
promozione: build ricetta riproduce il candidato 8370c257ae70cc8e
promozione batteria: rc=101 (da promo-out/batteria.rc) · 1626/1/2 · inventario: DIVERGE (nuovi='nessun_sorgente_rs_oltre_cap' spariti='arithmetic_and_var_read
array::tests::append_after_max_key_fails
array::tests::compaction_preserves_order_and_lookups
array::tests::cursor_survives_escalation
array::tests::dense_int_arrays_stay_packed
array::tests::hole_escalates
array::tests::insertion_order_survives_update_and_unset
array::tests::key_canonicalization
array::tests::keyless_index_churn_matches_model
array::tests::negative_key_escalates
array::tests::next_free_follows_max_inserted
array::tests::next_free_never_decreases
array::tests::packed_iter_rev_and_ptr_ops
array::tests::pop_then_append_stays_packed_and_reuses_key
array::tests::set_returning_displaced_equals_composite
array::tests::slot_or_vivify_equals_composite
array::tests::small_hashed_scan_mode_elides_index
array::tests::string_and_int_keys_collide_when_canonical
array::tests::string_key_escalates_preserving_order
array::tests::tombstone_reinsert_goes_to_end_like_oracle
array::tests::unset_last_without_adjust_appends_next_key
array::tests::wp58_layout_size_pins
array_element_assignment_targets
array_literal_keyed_and_keyless
assignment_creates_and_reuses_slot
break_continue_levels
by_reference_param_lowers_with_flag
casts_and_unary
closing_tag_eats_one_newline
compound_assign
conditional_function_declaration_lowers_to_declare_fn
convert::tests::bool_falsy_table
convert::tests::long_conversions
convert::tests::string_conversions
crates/php-runtime/src/vm/mod.rs - vm::gate::VmGate (line N) - compile fail
crates/php-runtime/src/vm/mod.rs - vm::gate::VmGate (line N) - compile fail
create_encode_decode_roundtrip
differential_operators_vs_oracle
do_while
dtoa::tests::echo_mode_matches_oracle
dtoa::tests::shortest_mode_matches_oracle
echo_multiple_values
echo_string_literal
error_callback_formats_va_args
exact_match_passes
exact_mismatch_fails
expected_diagnostic_is_rendered_and_matched
expectf_wildcards_match
expectregex_matches_whole_output
for_loop
foreach_value_and_key_value
function_declaration_is_hoisted_into_table
if_elseif_else
if_without_braces
inline_html
integer_overflow_promotes_to_float
isolate_contains_a_crashing_test_and_still_runs_the_rest
isset_empty_unset_lower
line_numbers_are_one_based
logical_and_coalesce
missing_expected_diagnostic_now_fails
numstr::tests::doubles
numstr::tests::leading_numeric
numstr::tests::long_overflow_to_double
numstr::tests::longs
numstr::tests::non_numeric
numstr::tests::trailing_ws_is_not_trailing_data
object::tests::deep_object_chain_drop_is_stack_bounded
object::tests::shallow_chain_keeps_exact_postorder_id_reuse
ops::tests::add_coercion_and_overflow
ops::tests::compare_threeway
ops::tests::div_modulo_int_float_and_by_zero
ops::tests::identical_is_type_strict
ops::tests::loose_eq_php8_semantics
ops::tests::pow_and_concat
ops::tests::string_increment_perl_style
palette_semantics
parse_error_is_reported
parses_named_sections_in_order
run_path_over_fixtures_dir
supported_extension_section_runs
switch_and_match_lower
ternary_full_and_short
tz::tests::default_timezone_roundtrip
tz::tests::honolulu_fixed
tz::tests::invalid_names_rejected
tz::tests::toronto_summer_winter
tz::tests::utc_zone
tz::tests::wall_fold_first_occurrence_wins
tz::tests::wall_gap_uses_pre_transition_offset
tz::tests::wall_plain
tz::tests::wall_unambiguous_near_transitions
uncaught_fatal_is_rendered_and_matched
undefined_builtin_is_skipped_not_failed
unsupported_construct_is_skipped
unsupported_extension_section_is_skipped
variadic_param_lowers_with_flag
while_loop
xsltio::xsltio_smoke::param_and_not_a_stylesheet
xsltio::xsltio_smoke::transform_roundtrip
zlibio::tests::incremental_inflate_reports_status_and_read_len
zlibio::tests::incremental_matches_one_shot_and_resets_on_reuse
zlibio::tests::multi_member_gzip_concatenates
zlibio::tests::preset_dictionary_mismatch_is_a_distinct_error
zlibio::tests::roundtrip_all_framings_and_levels
zlibio::tests::truncated_and_garbage_inputs_fail_cleanly
zstr::tests::append_grows_across_many_extends
zstr::tests::append_unique_shared_and_hash_invalidation
zstr::tests::binary_safe
zstr::tests::builder_exact_and_underfill
zstr::tests::concat2_matches_vec_path
zstr::tests::eq_by_content
zstr::tests::eq_identity_fast_path_and_ptr_api
zstr::tests::from_i64_matches_to_string
zstr::tests::hash_cached_and_nonzero
zstr::tests::short_binary_safe
zstr::tests::slice_and_vec_sources_agree
zval::tests::clone_shares_heap_payload
zval::tests::gettype_names
zval::tests::trivial_drop_seals_the_hc2_fast_out' — diff in promo-out/batteria-inv.diff)
batteria rc=101
