== s154-ab-ce1 ab-ce1b: A=2023cbb9(gemello tree) B=e634d95c R=5 ordine ALTERNATO; giudice=classexists N=10000000 dichiarato; soglia=max(4, drop-1); UB-alloc falsificabile=13.8 (2 alloc x miheap 6.9); guardie backtrace + obj* + sei; quiescenza rc=0; rc autoritativo = ab-out/ab-ce1b.rc ==
cat=classexists N=10000000 floor_A=0.03 floor_B=0.03
  coppia1 [AB]: rawA=1.14 rawB=0.92
  coppia2 [BA]: rawA=1.14 rawB=0.92
  coppia3 [AB]: rawA=1.15 rawB=0.93
  coppia4 [BA]: rawA=1.16 rawB=0.92
  coppia5 [AB]: rawA=1.14 rawB=0.92
cat=backtrace N=150000 floor_A=0.03 floor_B=0.02
  coppia1 [AB]: rawA=0.10 rawB=0.09
  coppia2 [BA]: rawA=0.09 rawB=0.09
  coppia3 [AB]: rawA=0.09 rawB=0.09
  coppia4 [BA]: rawA=0.09 rawB=0.09
  coppia5 [AB]: rawA=0.09 rawB=0.09
cat=objdropdef N=3000000 floor_A=0.03 floor_B=0.02
  coppia1 [AB]: rawA=3.10 rawB=3.10
  coppia2 [BA]: rawA=3.11 rawB=3.07
  coppia3 [AB]: rawA=3.11 rawB=3.06
  coppia4 [BA]: rawA=3.12 rawB=3.08
  coppia5 [AB]: rawA=3.14 rawB=3.09
cat=objchurn N=3000000 floor_A=0.02 floor_B=0.02
  coppia1 [AB]: rawA=3.60 rawB=3.63
  coppia2 [BA]: rawA=3.58 rawB=3.59
  coppia3 [AB]: rawA=3.59 rawB=3.56
  coppia4 [BA]: rawA=3.59 rawB=3.59
  coppia5 [AB]: rawA=3.58 rawB=3.58
cat=objdatains N=3000000 floor_A=0.02 floor_B=0.02
  coppia1 [AB]: rawA=2.90 rawB=2.90
  coppia2 [BA]: rawA=2.91 rawB=2.90
  coppia3 [AB]: rawA=2.90 rawB=2.90
  coppia4 [BA]: rawA=2.90 rawB=2.90
  coppia5 [AB]: rawA=2.92 rawB=2.87
cat=objalloc N=3000000 floor_A=0.02 floor_B=0.02
  coppia1 [AB]: rawA=2.42 rawB=2.44
  coppia2 [BA]: rawA=2.42 rawB=2.40
  coppia3 [AB]: rawA=2.47 rawB=2.42
  coppia4 [BA]: rawA=2.43 rawB=2.41
  coppia5 [AB]: rawA=2.42 rawB=2.43
cat=objallocni N=3000000 floor_A=0.02 floor_B=0.02
  coppia1 [AB]: rawA=2.23 rawB=2.21
  coppia2 [BA]: rawA=2.46 rawB=2.22
  coppia3 [AB]: rawA=2.29 rawB=2.43
  coppia4 [BA]: rawA=2.28 rawB=2.32
  coppia5 [AB]: rawA=2.29 rawB=2.25
cat=objmap N=3000000 floor_A=0.02 floor_B=0.02
  coppia1 [AB]: rawA=0.41 rawB=0.41
  coppia2 [BA]: rawA=0.39 rawB=0.41
  coppia3 [AB]: rawA=0.37 rawB=0.37
  coppia4 [BA]: rawA=0.36 rawB=0.37
  coppia5 [AB]: rawA=0.38 rawB=0.37
cat=arith N=150000000 floor_A=0.02 floor_B=0.02
  coppia1 [AB]: rawA=7.16 rawB=7.15
  coppia2 [BA]: rawA=7.09 rawB=7.15
  coppia3 [AB]: rawA=7.10 rawB=7.11
  coppia4 [BA]: rawA=7.14 rawB=7.15
  coppia5 [AB]: rawA=7.16 rawB=7.09
cat=prop N=90000000 floor_A=0.02 floor_B=0.03
  coppia1 [AB]: rawA=7.04 rawB=7.03
  coppia2 [BA]: rawA=7.02 rawB=7.06
  coppia3 [AB]: rawA=7.05 rawB=6.99
  coppia4 [BA]: rawA=7.06 rawB=7.00
  coppia5 [AB]: rawA=7.05 rawB=6.99
cat=calls N=60000000 floor_A=0.02 floor_B=0.03
  coppia1 [AB]: rawA=6.42 rawB=6.37
  coppia2 [BA]: rawA=6.40 rawB=6.37
  coppia3 [AB]: rawA=6.44 rawB=6.37
  coppia4 [BA]: rawA=6.40 rawB=6.38
  coppia5 [AB]: rawA=6.53 rawB=6.37
cat=str N=28000000 floor_A=0.02 floor_B=0.02
  coppia1 [AB]: rawA=4.45 rawB=4.43
  coppia2 [BA]: rawA=4.51 rawB=4.44
  coppia3 [AB]: rawA=4.43 rawB=4.42
  coppia4 [BA]: rawA=4.49 rawB=4.43
  coppia5 [AB]: rawA=4.45 rawB=4.47
cat=arr N=30000000 floor_A=0.02 floor_B=0.02
  coppia1 [AB]: rawA=4.59 rawB=4.58
  coppia2 [BA]: rawA=4.66 rawB=4.56
  coppia3 [AB]: rawA=4.68 rawB=4.64
  coppia4 [BA]: rawA=4.71 rawB=4.57
  coppia5 [AB]: rawA=4.63 rawB=4.60
cat=re N=12000000 floor_A=0.03 floor_B=0.02
  coppia1 [AB]: rawA=5.54 rawB=5.51
  coppia2 [BA]: rawA=5.62 rawB=5.48
  coppia3 [AB]: rawA=5.54 rawB=5.49
  coppia4 [BA]: rawA=5.55 rawB=5.49
  coppia5 [AB]: rawA=5.55 rawB=5.48
GIUDICE classexists: A=111.0 B=89.0 ns/iter D=+22.0 soglia=4.0 (rumore drop-1: A'=1.0 B'=0.0) -> SOPRA SOGLIA
riconciliazione classexists: D_smoke=+24.0 D_R5=+22.0 |diff|=2.0 banda=4.0 -> in banda
riconciliazione UB classexists: D=+22.0 vs UB=13.8+rumore=1.0 -> FUORI BANDA SOPRA (reperto a verbale, sonda dovuta)
guardia backtrace: A=400.0 B=466.7 D=-66.7 soglia_reg=-4.0 [max(4, drop-1); rumore drop-1 A'=0.0 B'=0.0] -> REGRESSIONE
guardia objdropdef: A=1026.7 B=1020.0 D=+6.7 soglia_reg=-10.0 [max(4, drop-1); rumore drop-1 A'=6.7 B'=10.0] -> ok
guardia objchurn: A=1190.0 B=1190.0 D=+0.0 soglia_reg=-10.0 [banda fondata=6.7; rumore drop-1 A'=6.7 B'=10.0] -> ok
guardia objdatains: A=960.0 B=960.0 D=+0.0 soglia_reg=-4.0 [max(4, drop-1); rumore drop-1 A'=3.3 B'=0.0] -> ok
guardia objalloc: A=800.0 B=800.0 D=+0.0 soglia_reg=-13.3 [banda fondata=13.3; rumore drop-1 A'=3.3 B'=10.0] -> ok
guardia objallocni: A=756.7 B=743.3 D=+13.3 soglia_reg=-36.7 [banda fondata=10.0; rumore drop-1 A'=20.0 B'=36.7] -> ok
guardia objmap: A=120.0 B=116.7 D=+3.3 soglia_reg=-13.3 [banda fondata=3.3; rumore drop-1 A'=10.0 B'=13.3] -> ok
guardia arith: A=47.5 B=47.5 D=-0.1 soglia_reg=-4.0 [SL=0.94; rumore drop-1 A'=0.4 B'=0.3] -> ok
guardia prop: A=78.1 B=77.4 D=+0.7 soglia_reg=-4.0 [SL=0.8; rumore drop-1 A'=0.2 B'=0.4] -> ok
guardia calls: A=106.7 B=105.7 D=+1.0 soglia_reg=-4.0 [SL=0.73; rumore drop-1 A'=0.7 B'=0.0] -> ok
guardia str: A=158.2 B=157.5 D=+0.7 soglia_reg=-4.0 [SL=2.89; rumore drop-1 A'=2.1 B'=0.7] -> ok
guardia arr: A=154.7 B=152.0 D=+2.7 soglia_reg=-4.0 [SL=2.49; rumore drop-1 A'=2.7 B'=1.3] -> ok
guardia re: A=460.0 B=455.8 D=+4.2 soglia_reg=-4.5 [SL=4.46; rumore drop-1 A'=0.8 B'=0.8] -> ok
ESITO: GUARDIA MORDE
