== s154 coppia dbal+ORM (pin s153 8370c257 vs oracle 8.5.7; criterio s154-criterio-orm.md) ==
floor_user_med3 orm: oracle=0.06 phpr=0.07 · dbal: oracle=0.06 phpr=0.19 (phpunit --version, pavimento PARZIALE dichiarato)
coppia-s154 (user CPU; pavimenti PARZIALI phpunit --version: orm o=0.060 p=0.070 · dbal o=0.060 p=0.190)
grade=VERDICT  # derivazione meccanica dai .time
orm_leg1: oracle_user=4.98 (sys=0.46) phpr_user=34.87 (sys=1.20) ratio_raw=7.002 ratio_net=7.073
orm_leg2: oracle_user=4.99 (sys=0.46) phpr_user=34.83 (sys=1.17) ratio_raw=6.980 ratio_net=7.051
orm_ictx_abs: oracle1=147 phpr1=701 oracle2=153 phpr2=1390
orm_ictx/s (gate emenda S-127): oracle1=26.9 phpr1=19.4 oracle2=28.0 phpr2=38.6  contesa ok
dbal_leg1: oracle_user=1.15 (sys=0.19) phpr_user=8.31 (sys=0.36) ratio_raw=7.226 ratio_net=7.450
dbal_leg2: oracle_user=1.15 (sys=0.20) phpr_user=8.30 (sys=0.36) ratio_raw=7.217 ratio_net=7.440
dbal_ictx_abs: oracle1=111 phpr1=159 oracle2=95 phpr2=336
dbal_ictx/s (gate emenda S-127): oracle1=82.2 phpr1=18.3 oracle2=69.9 phpr2=38.8  SEGNALATE(>1,5x med): ['oracle1']
dbal_parita': phpr_failset_stabile=True |phpr_fail|=10 |diff_vs_oracle|=10
dbal_diff_nomi: Doctrine\DBAL\Tests\Functional\PortabilityTest::testCaseConversion with data set "lower" (Doctrine\DBAL\ColumnCase Enum (LOWER), ['test_int', 'test_string', 'test_null']) | Doctrine\DBAL\Tests\Functional\PortabilityTest::testCaseConversion with data set "upper" (Doctrine\DBAL\ColumnCase Enum (UPPER), ['TEST_INT', 'TEST_STRING', 'TEST_NULL']) | Doctrine\DBAL\Tests\Functional\PortabilityTest::testCaseConversionColumnName with data set "lower" (Doctrine\DBAL\ColumnCase Enum (LOWER), ['test_int', 'test_string', 'test_null']) | Doctrine\DBAL\Tests\Functional\PortabilityTest::testCaseConversionColumnName with data set "upper" (Doctrine\DBAL\ColumnCase Enum (UPPER), ['TEST_INT', 'TEST_STRING', 'TEST_NULL']) | Doctrine\DBAL\Tests\Functional\PortabilityTest::testFetchAllNullColumn | Doctrine\DBAL\Tests\Functional\PortabilityTest::testFetchColumn with data set "int" ('Test_Int', [1, 2]) | Doctrine\DBAL\Tests\Functional\PortabilityTest::testFetchColumn with data set "string" ('Test_String', ['foo', 'foo']) | Doctrine\DBAL\Tests\Functional\PortabilityTest::testFullFetchMode | Doctrine\DBAL\Tests\Functional\PortabilityTest::testGetDatabaseName | Doctrine\DBAL\Tests\Schema\Name\Parser\GenericNameParserTest::testValidInput with data set #11 ('schéma."übermäßigkeit".`àçcên...ràctér', [Doctrine\DBAL\Schema\Name\Identifier Object (...), Doctrine\DBAL\Schema\Name\Identifier Object (...), Doctrine\DBAL\Schema\Name\Identifier Object (...), Doctrine\DBAL\Schema\Name\Identifier Object (...), Doctrine\DBAL\Schema\Name\Identifier Object (...)])
attesa-BT2: phpr_orm_net_new=[34.76; 34.80] ref=[35.52; 35.53] Delta=[+0.72; +0.77] s
attesa-BT2: DIREZIONE GIU' FUORI RUMORE (Delta_min 0.72 >= 0.293) — OLTRE l'attesa sotto-risoluzione 0,05-0,15: dichiarare
parita': orm phpr per NOME vs baseline 16 · dbal fail-set stabile tra gambe — rc=0 (0=tutte valide)
orm  oracle1: Tests: 3484, Assertions: 12003, Skipped: 59, Incomplete: 2.
orm  phpr1:   Tests: 3484, Assertions: 11989, Errors: 3, Failures: 13, Skipped: 59, Incomplete: 2.
dbal oracle1: Tests: 3929, Assertions: 5706, Skipped: 594, Incomplete: 13.
dbal phpr1:   
orm  oracle2: Tests: 3484, Assertions: 12003, Skipped: 59, Incomplete: 2.
orm  phpr2:   Tests: 3484, Assertions: 11989, Errors: 3, Failures: 13, Skipped: 59, Incomplete: 2.
dbal oracle2: Tests: 3929, Assertions: 5706, Skipped: 594, Incomplete: 13.
dbal phpr2:   
