== s154 coppia WP full+media sul pin s153 tentativo=t5 (criteri s132/s146/s148 EREDITATI + s154-criterio-pair-t5.md: giudizio a MEDIANA per finestra, az.rev.3 S-149) ==
grade=VERDICT  # derivazione meccanica dai .time; rc autoritativo = pair-out/pair154-t5.done
# full: cpu=user+sys (etichettato); media: CANONICA=user-only + companion (az.rev. S-128 #3)
# az.rev. S-131 #3: riferimento PER CONFIGURAZIONE, ON-ONLY = canonico; firma per gamba
# az.rev. S-136 #2: lettura firma PRE-REGISTRATA: >150% med MOTORE = SPORCA (esclusa); 120-150% = ELEVATA (nel canone, annotata); <=120% pulita
quiescenza warmup: rc=0 (file: pair-out/quiesce-t5-warmup.rc)
quiescenza leg1-on: rc=0 (file: pair-out/quiesce-t5-leg1-on.rc)
quiescenza leg2-on: rc=0 (file: pair-out/quiesce-t5-leg2-on.rc)
quiescenza leg3-on: rc=0 (file: pair-out/quiesce-t5-leg3-on.rc)
quiescenza leg4-on: rc=0 (file: pair-out/quiesce-t5-leg4-on.rc)
quiescenza leg5-on: rc=0 (file: pair-out/quiesce-t5-leg5-on.rc)
quiescenza leg6-on: rc=0 (file: pair-out/quiesce-t5-leg6-on.rc)
leg1-on: ictx/s oracle=1163 phpr=126  SEGNALATA(>1,5x med MOTORE)
  firma leg1-on: ictx%med oracle=102% phpr=182% rank_cpu_oracle=2/6 (1=piu' veloce)
leg2-on: ictx/s oracle=1139 phpr=66  contesa ok
  firma leg2-on: ictx%med oracle=100% phpr=95% rank_cpu_oracle=5/6 (1=piu' veloce)
leg3-on: ictx/s oracle=1136 phpr=66  contesa ok
  firma leg3-on: ictx%med oracle=99% phpr=95% rank_cpu_oracle=6/6 (1=piu' veloce)
leg4-on: ictx/s oracle=1138 phpr=63  contesa ok
  firma leg4-on: ictx%med oracle=99% phpr=90% rank_cpu_oracle=3/6 (1=piu' veloce)
leg5-on: ictx/s oracle=1206 phpr=73  contesa ok
  firma leg5-on: ictx%med oracle=105% phpr=105% rank_cpu_oracle=1/6 (1=piu' veloce)
leg6-on: ictx/s oracle=1149 phpr=74  contesa ok
  firma leg6-on: ictx%med oracle=100% phpr=107% rank_cpu_oracle=4/6 (1=piu' veloce)
ictx_s_mediana_oracle=1144 ictx_s_mediana_phpr=70  # PER MOTORE
gambe pulite: ['leg2-on', 'leg3-on', 'leg4-on', 'leg5-on', 'leg6-on']
leg1-on: full_oracle_cpu=441.36 full_phpr_cpu=782.58 proprio=1.773 peak_phpr_MiB=1756.5
leg2-on: full_oracle_cpu=442.01 full_phpr_cpu=776.63 proprio=1.757 peak_phpr_MiB=1760.0
leg3-on: full_oracle_cpu=442.07 full_phpr_cpu=777.09 proprio=1.758 peak_phpr_MiB=1774.7
leg4-on: full_oracle_cpu=441.41 full_phpr_cpu=775.17 proprio=1.756 peak_phpr_MiB=1756.4
leg5-on: full_oracle_cpu=439.12 full_phpr_cpu=776.71 proprio=1.769 peak_phpr_MiB=1780.2
leg6-on: full_oracle_cpu=441.65 full_phpr_cpu=775.99 proprio=1.757 peak_phpr_MiB=1757.4
replica_peak_senza_inserzione (p.5): leg1-on=1756.5 leg2-on=1760.0 leg3-on=1774.7 leg4-on=1756.4 leg5-on=1780.2 leg6-on=1757.4
replica_peak lettura: 6/6 basse (<=1825) -> livello BASSO unico (il doppio livello NON si riproduce)
matrice full (gambe PULITE) phpr(riga)/oracle(colonna):
  leg2-on/leg2-on=1.757  leg2-on/leg3-on=1.757  leg2-on/leg4-on=1.759  leg2-on/leg5-on=1.769  leg2-on/leg6-on=1.758
  leg3-on/leg2-on=1.758  leg3-on/leg3-on=1.758  leg3-on/leg4-on=1.760  leg3-on/leg5-on=1.770  leg3-on/leg6-on=1.760
  leg4-on/leg2-on=1.754  leg4-on/leg3-on=1.754  leg4-on/leg4-on=1.756  leg4-on/leg5-on=1.765  leg4-on/leg6-on=1.755
  leg5-on/leg2-on=1.757  leg5-on/leg3-on=1.757  leg5-on/leg4-on=1.760  leg5-on/leg5-on=1.769  leg5-on/leg6-on=1.759
  leg6-on/leg2-on=1.756  leg6-on/leg3-on=1.755  leg6-on/leg4-on=1.758  leg6-on/leg5-on=1.767  leg6-on/leg6-on=1.757
full_intervallo_PULITO_misto=1.754-1.770  # companion (miscela config)
coppie_proprie_PULITE_miste=1.756-1.769 (N=5)
coppie_proprie_user_only_miste=1.764-1.778
full_on_only_coppie_proprie=1.756-1.769 (N=5) CANONICO
full_on_only_intervallo=1.754-1.770
mediana_t5=1.757 (N=5 coppie proprie ON PULITE; mediane storiche t1=1.799 t2=1.738 t3=1.789 t4=1.781)
giudizio_MEDIANA (canonico, criterio t5 p.2): COMPATIBILE (mediana in [1.738; 1.799]) — nessun claim
companion banda-unione (descrittivo): coppie in [1.722-1.823]: 5/5
banda_ON_fondata=0.013 (max-min di N=5 coppie proprie ON PULITE; unione finestre nel verdetto di sessione)
media_leg1-on: user_only_CANONICA=2.459 user+sys_companion=2.423 (SEGNALATA)
media_leg2-on: user_only_CANONICA=2.485 user+sys_companion=2.454
media_leg3-on: user_only_CANONICA=2.457 user+sys_companion=2.410
media_leg4-on: user_only_CANONICA=2.455 user+sys_companion=2.412
media_leg5-on: user_only_CANONICA=2.461 user+sys_companion=2.429
media_leg6-on: user_only_CANONICA=2.450 user+sys_companion=2.407
parita_leg1-on: media=OK(vuoto) full=OK(solo wp_is_stream #2)
parita_leg2-on: media=OK(vuoto) full=OK(solo wp_is_stream #2)
parita_leg3-on: media=OK(vuoto) full=OK(solo wp_is_stream #2)
parita_leg4-on: media=OK(vuoto) full=OK(solo wp_is_stream #2)
parita_leg5-on: media=OK(vuoto) full=OK(solo wp_is_stream #2)
parita_leg6-on: media=OK(vuoto) full=OK(solo wp_is_stream #2)
deriva_test: gambe pulite N=5 < 6 -> SOTTO-CAMPIONATO, nessuna soglia applicata (s148 p.4)
