# s154-smoke-atteso-ce1-verifica — SECONDO ATTORE, verifica MECCANICA attesi BLIND L-CE1 (PRIMA del run)
# Fonti: s154-criterio-ce1.md, s154-smoke-atteso-ce1.md, m-classexists.php, s154-ab-ce1.sh,
# git show cea0e8f -- crates/php-runtime/src/vm/mod.rs (edit L-CE1 COMMITTATI: git diff working-tree vuoto),
# git show HEAD:mod.rs righe 15400-15450 (LcKey), 9660-9700 e 11970-11985 (contesto funzioni).

a. PASS — CE-OK 10000000 ri-derivato dal sorgente: loop letterale `for ($i = 0; $i < 10000000; $i++)`, `$acc++` a ogni class_exists($name) true; classe `Doctrine\Tests\Models\CMS\CmsUserLikeProbeEntity` DEFINITA nello stesso file (riga 5) ⇒ hit-path a ogni giro, autoloader mai invocato; echo "CE-OK $acc\n" ⇒ `CE-OK 10000000`+newline. Guardia backtrace: m-backtrace stampa 300000 (150000 iter × count=2 con limit 2, profondità 48) — derivazione s153 confermata dal sorgente wp149-harness/m-backtrace.php.
b. PASS — s154-ab-ce1.sh: src_of classexists→"$H" (wp154-harness, riga 46); php_of classexists→m-classexists.php (riga 47); n_fixed classexists→10000000 (riga 48); wp154-harness/empty.php esiste (6 B) e cmp BYTE-IDENTICO a wp149-harness/empty.php ⇒ floor coerente. Manifest copia: diff reale s153-ab3.sh↔s154-ab-ce1.sh IDENTICO a s154-ab-ce1-copia.diff; le differenze sono i SOLI adattamenti dichiarati (header, A path/hash 2023cbb9, prefisso verdetto s154, tag lock s154, src_of/php_of/n_fixed/CATS con classexists giudice e backtrace retrocesso a guardia, banner, dsmoke key, UB 160→13.8, JUDGES). Gemello A presente su disco, shasum-8 = 2023cbb9 verificato ora.
c. PASS — diff L-CE1 (commit cea0e8f, SOLO mod.rs tra i .rs: due hunk, resolve_named_class_with_autoload r.9686 + resolve_class_autoload r.11982):
   (i) PASS — stessa chiave: vecchio `bare.to_ascii_lowercase()` (per-byte ASCII, byte >127 INVARIATI); LcKey::new: ≤64 B → Stack con `s.to_ascii_lowercase()` per byte, >64 B → Heap(`name.to_ascii_lowercase()`) — stessi byte in ENTRAMBI i rami, as_slice() restituisce &buf[..n].
   (ii) PASS — ordine invariato: class_index.get(key.as_slice()) → trait_declared(key.as_slice()) → try_autoload(bare, key.as_slice()) → class_index.get(key.as_slice()) (il diff mostra la stessa sequenza, cambia solo la forma della chiave).
   (iii) PASS — miss-path percorre le stesse quattro tappe con gli stessi byte-chiave; nomi >64 B → LcKey::Heap (allocano come oggi, dichiarato al criterio p.1). Nome del giudice = 48 byte ⇒ Stack, k 2→0 coerente (via to_vec eliminato + via to_ascii_lowercase eliminato sul hit).
   (iv) PASS — nessun edit nel run_loop: `fn run_loop` NON esiste in mod.rs (verificato sul flusso di git show HEAD) e il commit tocca solo mod.rs tra i sorgenti Rust; nessuna delle due funzioni porta attributi #[inline]/#[inline(always)] (contesto sopra le firme: solo doc-comment).
   (v) PASS — firme invariate: `fn resolve_named_class_with_autoload(&mut self, args: &[Zval]) -> Result<Option<ClassId>, PhpError>` e `fn resolve_class_autoload(&mut self, name: &[u8]) -> Result<Option<ClassId>, PhpError>` — il diff tocca solo i corpi.
   (vi) PASS — ramo autoload=false: era `LcKey::new(&name).as_slice()` ed è `LcKey::new(name).as_slice()` (solo Vec→slice a monte; era GIÀ LcKey).
d. PASS — attesi coerenti col criterio: giudice classexists R=2 (invocazione dichiarata `… smoke-ce1 2`); segno D=A−B POSITIVO atteso (python: `delta = ma - mb  # + = B più veloce`, coerente con criterio p.3); early-stop a segno opposto = regola PROCEDURALE dell'operatore (lo smoke R=2 non la implementa nel runner: coerente con «prima del record R=5»); banda [8;45] dichiarata SOLO orientativa, mai cifra — compatibile con soglia max(4;rumore) e UB-alloc 13.8=2×6.9 (UB=13.8 nel python riga 80, riconciliazione «FUORI BANDA SOPRA → verbale, sonda dovuta» non invalidante = lezione S-154-sonda); guardie = backtrace + obj*6 + sei = 13 + giudice = 14 categorie (CATS del runner combaciano; bande fondate 13.3/6.7/10.0/3.3 e SL storiche presenti nel python); A=2023cbb9 gemello (gate meccanico riga 40); parità output su OGNI categoria pena STOP rc=2 (diff A/B per categoria, riga 60); rc autoritativo ab-out/smoke-ce1.rc con 0 o 4 ammessi allo smoke, verdetto s154-smoke-ce1-verdetto.out, TSV 2 righe × 14 categorie — tutti i nomi combaciano col runner.
e. PASS — nessun rischio non dichiarato trovato nel diff: byte non-ASCII trattati IDENTICAMENTE (u8/slice to_ascii_lowercase = ASCII-only in entrambe le versioni, ramo Stack e Heap); doppio strip del leading-backslash (uno nel caller, uno in resolve_class_autoload; nessuno strip doppio nel ramo autoload=false) PRE-ESISTENTE e byte-identico prima/dopo — L-CE1 non lo tocca; re-entranza autoloader: `key` e `bare` sono locali che prendono in prestito da `raw` (clone posseduto via deref_clone, non da self) ⇒ nessun conflitto di borrow con try_autoload(&mut self,…) e nessuna invalidazione possibile da codice utente (CoW sulla zval sorgente); il to_vec eliminato non era usato altrove nel caller.

NOTE NON BLOCCANTI
1. L'atteso p.3 dice «l'awk generico DEVE estrarlo»: FALSO alla lettera — il pattern awk `\$i<[0-9]+` NON matcha `$i < 10000000` (spazi attorno a <). Nessun impatto: n_fixed pinna 10000000 e l'awk non viene mai consultato per classexists (riga 57 corto-circuita su N non vuoto), come il runner stesso dichiara («n_fixed lo pinna comunque»). Se in futuro si togliesse il pin, N uscirebbe VUOTO: correggere il letterale in `$i<10000000` o l'awk.
2. Il runner NON impone meccanicamente B ≠ 2023cbb9 (verifica solo B==BEXP8): l'atteso «B hash8 dichiarato ≠ 2023cbb9» resta un vincolo procedurale — chi lancia deve dichiarare l'hash8 di B e NON passare il gemello.
3. Gli edit L-CE1 sono già COMMITTATI (cea0e8f): `git diff` sul working tree è VUOTO; questo audit è condotto su `git show cea0e8f`. Il gemello A (2023cbb9) è build del tree PRE-commit (contenuto==pin, s154-sonda S2); B va costruito dal tree a HEAD=cea0e8f e il suo hash8 dichiarato al run.
4. Criterio p.6 («L-CE1 non tocca i cammini delle guardie») accettato sulla dichiarazione: resolve_class_autoload è invocabile anche fuori da class_exists, ma nessun micro di guardia fa lookup di classe per NOME in loop; in ogni caso le guardie stesse arbitrano una eventuale regressione (è il loro mestiere).

ATTESI PROMOSSI
