== s140-ab-hc1 r5: A=fa17dabd(pin s138) B=f2708b75 R=5 SMOKE=0 ordine ALTERNATO; giudice=m-hintcall; soglia=max(4, drop-1, banda-layout 3.3); UB: D>80 FUORI MODELLO; guardie objdatains+m-dimrmw+m-diminc+sei micro, solo a R=5; quiescenza rc=0; rc autoritativo = ab-out/r5.rc ==
cat=m-hintcall N=3000000 floor_A=0.02 floor_B=0.02
  coppia1 [AB]: rawA=0.75 rawB=0.74
  coppia2 [BA]: rawA=0.75 rawB=0.75
  coppia3 [AB]: rawA=0.76 rawB=0.75
  coppia4 [BA]: rawA=0.77 rawB=0.74
  coppia5 [AB]: rawA=0.75 rawB=0.74
cat=objdatains N=3000000 floor_A=0.02 floor_B=0.02
  coppia1 [AB]: rawA=2.93 rawB=2.92
  coppia2 [BA]: rawA=2.95 rawB=2.90
  coppia3 [AB]: rawA=2.93 rawB=2.91
  coppia4 [BA]: rawA=2.91 rawB=2.91
  coppia5 [AB]: rawA=2.92 rawB=2.90
cat=m-dimrmw N=3000000 floor_A=0.02 floor_B=0.03
  coppia1 [AB]: rawA=0.46 rawB=0.46
  coppia2 [BA]: rawA=0.46 rawB=0.45
  coppia3 [AB]: rawA=0.46 rawB=0.46
  coppia4 [BA]: rawA=0.46 rawB=0.46
  coppia5 [AB]: rawA=0.46 rawB=0.46
cat=m-diminc N=3000000 floor_A=0.02 floor_B=0.02
  coppia1 [AB]: rawA=0.41 rawB=0.37
  coppia2 [BA]: rawA=0.37 rawB=0.37
  coppia3 [AB]: rawA=0.37 rawB=0.37
  coppia4 [BA]: rawA=0.37 rawB=0.38
  coppia5 [AB]: rawA=0.37 rawB=0.38
cat=arith N=150000000 floor_A=0.02 floor_B=0.03
  coppia1 [AB]: rawA=7.14 rawB=7.19
  coppia2 [BA]: rawA=7.14 rawB=7.19
  coppia3 [AB]: rawA=7.24 rawB=7.19
  coppia4 [BA]: rawA=7.16 rawB=7.19
  coppia5 [AB]: rawA=7.15 rawB=7.21
cat=prop N=90000000 floor_A=0.03 floor_B=0.02
  coppia1 [AB]: rawA=7.00 rawB=7.01
  coppia2 [BA]: rawA=7.02 rawB=6.96
  coppia3 [AB]: rawA=6.98 rawB=6.98
  coppia4 [BA]: rawA=7.00 rawB=7.10
  coppia5 [AB]: rawA=7.00 rawB=6.99
cat=calls N=60000000 floor_A=0.02 floor_B=0.02
  coppia1 [AB]: rawA=6.41 rawB=6.45
  coppia2 [BA]: rawA=6.45 rawB=6.48
  coppia3 [AB]: rawA=6.43 rawB=6.45
  coppia4 [BA]: rawA=6.42 rawB=6.48
  coppia5 [AB]: rawA=6.43 rawB=6.45
cat=str N=28000000 floor_A=0.03 floor_B=0.03
  coppia1 [AB]: rawA=4.49 rawB=4.42
  coppia2 [BA]: rawA=4.50 rawB=4.45
  coppia3 [AB]: rawA=4.43 rawB=4.41
  coppia4 [BA]: rawA=4.74 rawB=4.42
  coppia5 [AB]: rawA=4.47 rawB=4.42
cat=arr N=30000000 floor_A=0.02 floor_B=0.03
  coppia1 [AB]: rawA=4.55 rawB=4.54
  coppia2 [BA]: rawA=4.57 rawB=4.52
  coppia3 [AB]: rawA=4.62 rawB=4.54
  coppia4 [BA]: rawA=4.55 rawB=4.51
  coppia5 [AB]: rawA=4.66 rawB=4.58
cat=re N=12000000 floor_A=0.02 floor_B=0.03
  coppia1 [AB]: rawA=5.53 rawB=5.55
  coppia2 [BA]: rawA=5.54 rawB=5.59
  coppia3 [AB]: rawA=5.54 rawB=5.58
  coppia4 [BA]: rawA=5.55 rawB=5.53
  coppia5 [AB]: rawA=5.55 rawB=5.58
GIUDICE m-hintcall: A=243.3 B=240.0 ns/iter D=+3.3 soglia=4.0 (rumore drop-1: A'=3.3 B'=3.3; banda-layout=3.3) -> SOTTO SOGLIA
riconciliazione m-hintcall: D_smoke=+8.3 D_R5=+3.3 |diff|=5.0 banda=5.0 -> in banda
vs modello m-hintcall: D=+3.3 atteso 10-40 -> dentro il modello dichiarato
guardia objdatains: A=970.0 B=963.3 D=+6.7 soglia_reg=-13.3 [banda fondata=13.3; rumore drop-1 A'=6.7 B'=6.7] -> ok
guardia m-dimrmw: A=146.7 B=143.3 D=+3.3 soglia_reg=-5.0 [banda fondata=5.0; rumore drop-1 A'=0.0 B'=0.0] -> ok
guardia m-diminc: A=116.7 B=116.7 D=+0.0 soglia_reg=-5.0 [banda fondata=5.0; rumore drop-1 A'=0.0 B'=3.3] -> ok
guardia arith: A=47.5 B=47.7 D=-0.2 soglia_reg=-4.0 [SL=0.94; rumore drop-1 A'=0.1 B'=0.0] -> ok
guardia prop: A=77.4 B=77.4 D=+0.0 soglia_reg=-4.0 [SL=0.8; rumore drop-1 A'=0.2 B'=0.6] -> ok
guardia calls: A=106.8 B=107.2 D=-0.3 soglia_reg=-4.0 [SL=0.73; rumore drop-1 A'=0.3 B'=0.5] -> ok
guardia str: A=159.3 B=156.8 D=+2.5 soglia_reg=-4.0 [SL=2.89; rumore drop-1 A'=2.5 B'=0.4] -> ok
guardia arr: A=151.7 B=150.3 D=+1.3 soglia_reg=-4.0 [SL=2.49; rumore drop-1 A'=2.3 B'=1.0] -> ok
guardia re: A=460.0 B=462.5 D=-2.5 soglia_reg=-4.5 [SL=4.46; rumore drop-1 A'=1.7 B'=3.3] -> ok
ESITO: NON PROMOSSA (giudice sotto soglia)
