== s140-ab-hc1 r5t2: A=fa17dabd(pin s138) B=f2708b75 R=5 SMOKE=0 ordine ALTERNATO; giudice=m-hintcall; soglia=max(4, drop-1, banda-layout 3.3); UB: D>80 FUORI MODELLO; guardie objdatains+m-dimrmw+m-diminc+sei micro, solo a R=5; quiescenza rc=0; rc autoritativo = ab-out/r5t2.rc ==
cat=m-hintcall6 N=3000000 floor_A=0.02 floor_B=0.02
  coppia1 [AB]: rawA=1.62 rawB=1.60
  coppia2 [BA]: rawA=1.61 rawB=1.58
  coppia3 [AB]: rawA=1.63 rawB=1.59
  coppia4 [BA]: rawA=1.61 rawB=1.60
  coppia5 [AB]: rawA=1.61 rawB=1.59
cat=objdatains N=3000000 floor_A=0.02 floor_B=0.02
  coppia1 [AB]: rawA=2.92 rawB=2.89
  coppia2 [BA]: rawA=2.93 rawB=2.90
  coppia3 [AB]: rawA=2.91 rawB=2.91
  coppia4 [BA]: rawA=2.93 rawB=2.89
  coppia5 [AB]: rawA=2.94 rawB=2.88
cat=m-dimrmw N=3000000 floor_A=0.03 floor_B=0.03
  coppia1 [AB]: rawA=0.46 rawB=0.46
  coppia2 [BA]: rawA=0.46 rawB=0.46
  coppia3 [AB]: rawA=0.46 rawB=0.47
  coppia4 [BA]: rawA=0.46 rawB=0.46
  coppia5 [AB]: rawA=0.46 rawB=0.46
cat=m-diminc N=3000000 floor_A=0.03 floor_B=0.03
  coppia1 [AB]: rawA=0.37 rawB=0.38
  coppia2 [BA]: rawA=0.37 rawB=0.37
  coppia3 [AB]: rawA=0.37 rawB=0.37
  coppia4 [BA]: rawA=0.37 rawB=0.37
  coppia5 [AB]: rawA=0.37 rawB=0.38
cat=arith N=150000000 floor_A=0.02 floor_B=0.02
  coppia1 [AB]: rawA=7.17 rawB=7.20
  coppia2 [BA]: rawA=7.17 rawB=7.17
  coppia3 [AB]: rawA=7.13 rawB=7.21
  coppia4 [BA]: rawA=7.11 rawB=7.22
  coppia5 [AB]: rawA=7.21 rawB=7.15
cat=prop N=90000000 floor_A=0.03 floor_B=0.02
  coppia1 [AB]: rawA=6.98 rawB=7.03
  coppia2 [BA]: rawA=7.02 rawB=7.03
  coppia3 [AB]: rawA=7.03 rawB=7.02
  coppia4 [BA]: rawA=7.00 rawB=6.99
  coppia5 [AB]: rawA=6.99 rawB=6.99
cat=calls N=60000000 floor_A=0.02 floor_B=0.02
  coppia1 [AB]: rawA=6.58 rawB=6.45
  coppia2 [BA]: rawA=6.46 rawB=6.44
  coppia3 [AB]: rawA=6.45 rawB=6.45
  coppia4 [BA]: rawA=6.47 rawB=6.42
  coppia5 [AB]: rawA=6.44 rawB=6.46
cat=str N=28000000 floor_A=0.03 floor_B=0.03
  coppia1 [AB]: rawA=4.45 rawB=4.43
  coppia2 [BA]: rawA=4.46 rawB=4.45
  coppia3 [AB]: rawA=4.49 rawB=4.45
  coppia4 [BA]: rawA=4.51 rawB=4.42
  coppia5 [AB]: rawA=4.50 rawB=4.44
cat=arr N=30000000 floor_A=0.02 floor_B=0.03
  coppia1 [AB]: rawA=4.61 rawB=4.54
  coppia2 [BA]: rawA=4.58 rawB=4.56
  coppia3 [AB]: rawA=4.60 rawB=4.54
  coppia4 [BA]: rawA=4.66 rawB=4.56
  coppia5 [AB]: rawA=4.62 rawB=4.65
cat=re N=12000000 floor_A=0.02 floor_B=0.03
  coppia1 [AB]: rawA=5.56 rawB=5.55
  coppia2 [BA]: rawA=5.59 rawB=5.54
  coppia3 [AB]: rawA=5.55 rawB=5.53
  coppia4 [BA]: rawA=5.53 rawB=5.54
  coppia5 [AB]: rawA=5.49 rawB=5.53
GIUDICE m-hintcall6: A=530.0 B=523.3 ns/iter D=+6.7 soglia=4.0 (rumore drop-1: A'=3.3 B'=3.3; banda-layout=3.3) -> SOPRA SOGLIA
riconciliazione m-hintcall6: D_smoke=+6.7 D_R5=+6.7 |diff|=0.0 banda=5.0 -> in banda
vs modello m-hintcall6: D=+6.7 atteso 10-40 -> dentro il modello dichiarato
guardia objdatains: A=970.0 B=956.7 D=+13.3 soglia_reg=-13.3 [banda fondata=13.3; rumore drop-1 A'=6.7 B'=6.7] -> ok
guardia m-dimrmw: A=143.3 B=143.3 D=+0.0 soglia_reg=-5.0 [banda fondata=5.0; rumore drop-1 A'=0.0 B'=0.0] -> ok
guardia m-diminc: A=113.3 B=113.3 D=+0.0 soglia_reg=-5.0 [banda fondata=5.0; rumore drop-1 A'=0.0 B'=3.3] -> ok
guardia arith: A=47.7 B=47.9 D=-0.2 soglia_reg=-4.0 [SL=0.94; rumore drop-1 A'=0.5 B'=0.3] -> ok
guardia prop: A=77.4 B=77.8 D=-0.3 soglia_reg=-4.0 [SL=0.8; rumore drop-1 A'=0.4 B'=0.4] -> ok
guardia calls: A=107.3 B=107.2 D=+0.2 soglia_reg=-4.0 [SL=0.73; rumore drop-1 A'=0.5 B'=0.3] -> ok
guardia str: A=159.3 B=157.5 D=+1.8 soglia_reg=-4.0 [SL=2.89; rumore drop-1 A'=1.8 B'=0.7] -> ok
guardia arr: A=153.0 B=151.0 D=+2.0 soglia_reg=-4.0 [SL=2.49; rumore drop-1 A'=1.3 B'=0.7] -> ok
guardia re: A=460.8 B=459.2 D=+1.7 soglia_reg=-5.0 [SL=4.46; rumore drop-1 A'=5.0 B'=0.8] -> ok
ESITO: PROMOSSA (giudice sopra soglia, guardie ok)
