self-test PASS: idle parser exact on synthetic 4-line log; 5-line rejected (A-SK14)
identity: bin=318853ca3fe0ecb9 == matrix bin[union] (git=e2990b3 == matrix git) — ENFORCED; archived: /Volumes/Extreme Pro/Claude/php-rust-experiment/php-rust/wp78-harness/measure-out/axum.82f.n200.r1.matrix
== measure78 mode=axum label=82f.n200.r1 fixture=hello.php bin=318853ca3fe0ecb9 git=e2990b3 driver_sha=76e74a77e773cad2 campaign=/Volumes/Extreme Pro/Claude/php-rust-experiment/php-rust/wp82-harness/measure82-campaign.sh warmup=10 measured=200 idle_secs=10 ==
peak_rss_bytes=56180736 (whole process, time -l)
vmmap_V1=20.0M vmmap_V2=20.0M (Physical footprint)
exit_stats=VERDICT-GRADE (join line present, KL-78-4)
raw: /Volumes/Extreme Pro/Claude/php-rust-experiment/php-rust/wp78-harness/measure-out/axum.82f.n200.r1.log | vmmap: /Volumes/Extreme Pro/Claude/php-rust-experiment/php-rust/wp78-harness/measure-out/axum.82f.n200.r1.vmmap.V1/V2 | matrix: /Volumes/Extreme Pro/Claude/php-rust-experiment/php-rust/wp78-harness/measure-out/axum.82f.n200.r1.matrix | summary: /Volumes/Extreme Pro/Claude/php-rust-experiment/php-rust/wp78-harness/measure-out/axum.82f.n200.r1.summary
== measure78 done mode=axum label=82f.n200.r1 bin=318853ca3fe0ecb9 git=e2990b3 driver_sha=76e74a77e773cad2 rc=0 ==
