self-test PASS: idle parser exact on synthetic 4-line log; 5-line rejected (A-SK14)
identity: bin=86613a65fbf7a6f0 == matrix bin[union] (git=e5f2a5e == matrix git) — ENFORCED; archived: /Volumes/Extreme Pro/Claude/php-rust-experiment/php-rust/wp78-harness/measure-out/axum.83c.lever.n1000.r2.matrix
== measure78 mode=axum label=83c.lever.n1000.r2 fixture=hello.php bin=86613a65fbf7a6f0 git=e5f2a5e driver_sha=054bfae28977d999 campaign=/Volumes/Extreme Pro/Claude/php-rust-experiment/php-rust/wp83-harness/measure83-campaign.sh warmup=10 measured=1000 idle_secs=10 ==
peak_rss_bytes=56360960 (whole process, time -l)
vmmap_V1=20.1M vmmap_V2=20.2M (Physical footprint)
exit_stats=VERDICT-GRADE (join line present, KL-78-4)
raw: /Volumes/Extreme Pro/Claude/php-rust-experiment/php-rust/wp78-harness/measure-out/axum.83c.lever.n1000.r2.log | vmmap: /Volumes/Extreme Pro/Claude/php-rust-experiment/php-rust/wp78-harness/measure-out/axum.83c.lever.n1000.r2.vmmap.V1/V2 | matrix: /Volumes/Extreme Pro/Claude/php-rust-experiment/php-rust/wp78-harness/measure-out/axum.83c.lever.n1000.r2.matrix | summary: /Volumes/Extreme Pro/Claude/php-rust-experiment/php-rust/wp78-harness/measure-out/axum.83c.lever.n1000.r2.summary
== measure78 done mode=axum label=83c.lever.n1000.r2 bin=86613a65fbf7a6f0 git=e5f2a5e driver_sha=054bfae28977d999 rc=0 ==
