self-test PASS: idle parser exact on synthetic 4-line log; 5-line rejected (A-SK14)
identity: bin=8a2f3330e80f67b8 == matrix bin[census] (git=c259bc6 == matrix git) — ENFORCED; archived: /Volumes/Extreme Pro/Claude/php-rust-experiment/php-rust/wp78-harness/measure-out/census.86w.len500.matrix
== measure78 mode=census label=86w.len500 fixture=vw86_len500_aaaaaaaaaaaaaaaaaaaaaaaaaaaaaaaaaaaaaaaaaaaaaaaaaaaaaaaaaaaaaaaaaaaaaaaaaaaaaaaaaaaaaaaaaaaaaaaaaaaaaaaaaaaaaaaaaaaaaaaaaaaaaaaaaaaaaaaaaaaaaaaaaaaaaa/fccccccccccccccccccccccccccccccccccccccccccccccccccccccccccccccccccccccccccccccccccccccccccccccccccccccccccccccccccccccccccccccccccccccccccccccccccccccccccccccccccccccccccccccccccccccccccccccccccccccccccccccccccccccccccccccccccccccccccccccccccc.php bin=8a2f3330e80f67b8 git=c259bc6 driver_sha=699db00a9808489e campaign=/Volumes/Extreme Pro/Claude/php-rust-experiment/php-rust/wp86-harness/measure86-campaign.sh warmup=10 measured=30 idle_secs=10 ==
peak_rss_bytes=56295424 (whole process, time -l)
vmmap_V1=20.1M vmmap_V2=20.1M (Physical footprint)
NOTE: footprint figures from this run are NULL (KB-78-5) — counters only in /Volumes/Extreme Pro/Claude/php-rust-experiment/php-rust/wp78-harness/measure-out/census.86w.len500.census
NOTE: all census byte figures are GROSS churn, upper bound (A-DL1/A-DL10)
census_lines=40 == expected (A-PP5 OK)
OK: inflight_max <= 1 on all 40 lines
OK: a3_trip <= 0 on all 40 lines
idle: probe_self_cost calls=38 bytes=41524 | idle_window(+self) calls=38 bytes=41524 (A-AH13/A-DL5; churn-only, KL-81-3)
raw: /Volumes/Extreme Pro/Claude/php-rust-experiment/php-rust/wp78-harness/measure-out/census.86w.len500.log | vmmap: /Volumes/Extreme Pro/Claude/php-rust-experiment/php-rust/wp78-harness/measure-out/census.86w.len500.vmmap.V1/V2 | matrix: /Volumes/Extreme Pro/Claude/php-rust-experiment/php-rust/wp78-harness/measure-out/census.86w.len500.matrix | summary: /Volumes/Extreme Pro/Claude/php-rust-experiment/php-rust/wp78-harness/measure-out/census.86w.len500.summary
== measure78 done mode=census label=86w.len500 bin=8a2f3330e80f67b8 git=c259bc6 driver_sha=699db00a9808489e rc=0 ==
