== s168 xctrace sanature (pin 092dcff4; template CPU Counters; repliche R=3 p-dq/o-dq/o-mut + mutante backend memstall bilaterale) ==
p-dq-1: quote c0..c3 = 0.644 0.020 0.329 0.007 (campioni 2705)
p-dq-2: quote c0..c3 = 0.658 0.016 0.320 0.006 (campioni 1313)
p-dq-3: quote c0..c3 = 0.653 0.022 0.321 0.004 (campioni 1558)
o-dq-1: quote c0..c3 = 0.808 0.048 0.114 0.029 (campioni 864)
o-dq-2: quote c0..c3 = 0.763 0.063 0.141 0.033 (campioni 825)
o-dq-3: quote c0..c3 = 0.708 0.045 0.197 0.050 (campioni 458)
o-mut-1: quote c0..c3 = 0.826 0.007 0.138 0.030 (campioni 1017)
o-mut-2: quote c0..c3 = 0.861 0.016 0.088 0.035 (campioni 873)
o-mut-3: quote c0..c3 = 0.862 0.007 0.101 0.031 (campioni 793)
p-ms: quote c0..c3 = 0.187 0.754 0.054 0.005 (campioni 2449)
o-ms: quote c0..c3 = 0.301 0.575 0.095 0.029 (campioni 769)
REPLICHE p-dq: media±spread c0..c3 = 0.652±0.014 0.019±0.006 0.323±0.009 0.006±0.003
REPLICHE o-dq: media±spread c0..c3 = 0.760±0.100 0.052±0.018 0.151±0.082 0.037±0.021
REPLICHE o-mut: media±spread c0..c3 = 0.849±0.036 0.010±0.009 0.109±0.049 0.032±0.006
o-mut c1 vs o-dq c1: 0.010 vs 0.052 (spread 0.009/0.018) -> ANOMALIA CONFERMATA (riproducibile)
MUTANTE BACKEND phpr: Δquote memstall−dq c0..c3 = -0.464 +0.735 -0.270 -0.001 -> colonna che sale = c1
MUTANTE BACKEND oracle: Δquote memstall−dq c0..c3 = -0.459 +0.523 -0.056 -0.008 -> colonna che sale = c1
== LETTURA (S-168, sanature az.rev.2+4 S-167) ==
(1) LEGENDA FISSATA PER ESCLUSIONE: memstall (stallo backend puro, 1 miss/iter) alza SOLO c1 (+0,735 phpr, +0,523 oracle; c3 piatto) ⇒ c1 = PROCESSING/backend-stall; branchmut (S-167) alzava c1 +0,06 E c3 +0,046 ⇒ c3 = DISCARDED-indiziata (unica colonna che sale col branch e non con memstall); c2 = DELIVERY (icachemut S-167); c0 = USEFUL/retiring per esclusione (scende in OGNI mutante di stallo: icache −0,035, memstall −0,46; sale +0,03 su branchmut).
(2) CORREZIONE a S-167 (c): «c1 = mispredict» era un'ETICHETTA SBAGLIATA (c1 è stallo backend). Il verdetto «mispredict REFUTATO» REGGE per direzione sulla colonna giusta c3: phpr 0,006±0,003 vs oracle 0,037±0,021 (phpr scarta MENO); e c1: phpr 0,019 vs oracle 0,052 ⇒ phpr stalla MENO. Il tempo in più di phpr sta in c0 (useful: 0,652×46,7 ≈ 30,5 ns vs 0,760×8,64 ≈ 6,6) e c2 (delivery: 0,323×46,7 ≈ 15,1 vs 1,3) — identità aritmetica delle quote DICHIARATA (S-167 emenda), qui come firma di DIREZIONE con semantica di colonna ora fissata.
(3) REPLICHE: p-dq spread ≤0,014 (stabile); oracle spread grande (c0 ±0,10, c2 ±0,08: run da 2,2 s, 458–864 campioni) ⇒ le quote oracle valgono a ±0,1, non oltre.
(4) ANOMALIA o-mut c1 0,031→0,004 (S-167) CONFERMATA (0,052→0,010, riproducibile) e SPIEGATA: c1 è quota di stallo backend, diluita dal lavoro extra retiring del mutante; c3 oracle NON sale col branchmut (0,037→0,032) ⇒ il branchmut S-167 ((i·2654435761)>>13)&1 ha periodo ~10 (K mod 2^14 = 14769) ed è PREDICIBILE: il «morso 11,9×» di S-167 su phpr era dispatch aggiuntivo, non mispredict — mutante branch REALMENTE casuale dovuto (arith-rbranchmut.php, LCG bit 30) in S-169 prima di ogni nuova lettura di c3.
