== s135 micro-ORM POST-leva-AP1 sul pin s135 (metodo s127-criterio-submicro.md INVARIATO) ==
grade=VERDICT  # derivazione meccanica; R=5; user CPU netto-pavimento per-binario
oracle=8.5.7 phpr=6518a1e14a266d52
pavimento_oracle_s=0.05 pavimento_phpr_s=0.02
objalloc_N_iter=3000000
objalloc_oracle_netto_s=0.38 objalloc_phpr_netto_s=2.46
rapporto_objalloc=6.5  [companion 2.46/0.38]
objalloc_ns_iter: oracle=126.7 phpr=820.0 delta=+693.3
objalloc_spread_oracle_s=0.01 objalloc_spread_phpr_s=0.04
objchurn_N_iter=3000000
objchurn_oracle_netto_s=0.54 objchurn_phpr_netto_s=3.80
rapporto_objchurn=7.0  [companion 3.80/0.54]
objchurn_ns_iter: oracle=180.0 phpr=1266.7 delta=+1086.7
objchurn_spread_oracle_s=0.03 objchurn_spread_phpr_s=0.02
objmap_N_iter=3000000
objmap_oracle_netto_s=0.03 objmap_phpr_netto_s=0.35
rapporto_objmap=11.7  [companion 0.35/0.03]
objmap_ns_iter: oracle=10.0 phpr=116.7 delta=+106.7
objmap_spread_oracle_s=0.00 objmap_spread_phpr_s=0.01
objdropdef_N_iter=3000000
objdropdef_oracle_netto_s=0.41 objdropdef_phpr_netto_s=3.11
rapporto_objdropdef=7.6  [companion 3.11/0.41]
objdropdef_ns_iter: oracle=136.7 phpr=1036.7 delta=+900.0
objdropdef_spread_oracle_s=0.01 objdropdef_spread_phpr_s=0.02
objdatains_N_iter=3000000
objdatains_oracle_netto_s=0.49 objdatains_phpr_netto_s=3.18
rapporto_objdatains=6.5  [companion 3.18/0.49]
objdatains_ns_iter: oracle=163.3 phpr=1060.0 delta=+896.7
objdatains_spread_oracle_s=0.01 objdatains_spread_phpr_s=0.04
objallocni_N_iter=3000000
objallocni_oracle_netto_s=0.28 objallocni_phpr_netto_s=2.26
rapporto_objallocni=8.1  [companion 2.26/0.28]
objallocni_ns_iter: oracle=93.3 phpr=753.3 delta=+660.0
objallocni_spread_oracle_s=0.00 objallocni_spread_phpr_s=0.03
